
channel_id=11049085
book=4
i=0
1
book_id=2017192
2
3
4
5
Array
(
    [total_income] => 40
    [income] => 40
    [give_income] => 0
    [buckle_income] => 16
    [buckle_coefficient] => 0.61
)
Array
(
    [book_id] => 2017192
    [book_title] => 逆青春
    [author_name] => 酷帅流弊
    [word_count] => 604409
    [chapter_count] => 274
    [channel_id] => 11049085
    [statistics_day] => 2016-12-18
    [total_income] => 40
    [give_income] => 0
    [income] => 40
    [buckle_income] => 16
    [buckle_coefficient] => 0.61
    [createtime] => 2016-12-26 13:49:22
)
6
66
Array
(
    [id] => 5
    [book_id] => 2017192
    [book_title] => 逆青春
    [author_name] => 酷帅流弊
    [word_count] => 604409
    [chapter_count] => 274
    [channel_id] => 11049085
    [statistics_year] => 2016
    [statistics_month] => 12
    [total_income] => 40
    [give_income] => 0
    [income] => 40
    [buckle_income] => 16
    [createtime] => 2016-12-26 13:41:31
)
661
6611
Array
(
    [sum_total_income] => 40
    [sum_give_income] => 0
    [sum_income] => 40
    [sum_buckle_income] => 16
)
result=1
7
8
9
book_id=2017198
2
3
4
5
Array
(
    [total_income] => 41319
    [income] => 37931
    [give_income] => 3388
    [buckle_income] => 17768
    [buckle_coefficient] => 0.57
)
Array
(
    [book_id] => 2017198
    [book_title] => 阴婚鬼嫁
    [author_name] => 子不语
    [word_count] => 748614
    [chapter_count] => 238
    [channel_id] => 11049085
    [statistics_day] => 2016-12-18
    [total_income] => 41319
    [give_income] => 3388
    [income] => 37931
    [buckle_income] => 17768
    [buckle_coefficient] => 0.57
    [createtime] => 2016-12-26 13:49:22
)
6
66
Array
(
    [id] => 6
    [book_id] => 2017198
    [book_title] => 阴婚鬼嫁
    [author_name] => 子不语
    [word_count] => 748614
    [chapter_count] => 238
    [channel_id] => 11049085
    [statistics_year] => 2016
    [statistics_month] => 12
    [total_income] => 221253
    [give_income] => 18282
    [income] => 202971
    [buckle_income] => 87991
    [createtime] => 2016-12-26 13:41:31
)
661
6611
Array
(
    [sum_total_income] => 221253
    [sum_give_income] => 18282
    [sum_income] => 202971
    [sum_buckle_income] => 88405
)
result=1
7
8
9
book_id=2017207
2
3
4
5
Array
(
    [total_income] => 9158
    [income] => 7979
    [give_income] => 1179
    [buckle_income] => 3664
    [buckle_coefficient] => 0.6
)
Array
(
    [book_id] => 2017207
    [book_title] => 第一次亲密接触
    [author_name] => 夜宁阳本尊
    [word_count] => 1018573
    [chapter_count] => 461
    [channel_id] => 11049085
    [statistics_day] => 2016-12-18
    [total_income] => 9158
    [give_income] => 1179
    [income] => 7979
    [buckle_income] => 3664
    [buckle_coefficient] => 0.6
    [createtime] => 2016-12-26 13:49:22
)
6
66
Array
(
    [id] => 7
    [book_id] => 2017207
    [book_title] => 第一次亲密接触
    [author_name] => 夜宁阳本尊
    [word_count] => 1018573
    [chapter_count] => 461
    [channel_id] => 11049085
    [statistics_year] => 2016
    [statistics_month] => 12
    [total_income] => 9158
    [give_income] => 1179
    [income] => 7979
    [buckle_income] => 3938
    [createtime] => 2016-12-26 13:41:31
)
661
6611
Array
(
    [sum_total_income] => 9158
    [sum_give_income] => 1179
    [sum_income] => 7979
    [sum_buckle_income] => 3664
)
result=1
7
8
9
book_id=2017212
2
3
4
5
Array
(
    [total_income] => 22462
    [income] => 20764
    [give_income] => 1698
    [buckle_income] => 7862
    [buckle_coefficient] => 0.65
)
Array
(
    [book_id] => 2017212
    [book_title] => 夜色盛宴
    [author_name] => 小猪崽子
    [word_count] => 1959528
    [chapter_count] => 1066
    [channel_id] => 11049085
    [statistics_day] => 2016-12-18
    [total_income] => 22462
    [give_income] => 1698
    [income] => 20764
    [buckle_income] => 7862
    [buckle_coefficient] => 0.65
    [createtime] => 2016-12-26 13:49:23
)
6
66
Array
(
    [id] => 8
    [book_id] => 2017212
    [book_title] => 夜色盛宴
    [author_name] => 小猪崽子
    [word_count] => 1959528
    [chapter_count] => 1066
    [channel_id] => 11049085
    [statistics_year] => 2016
    [statistics_month] => 12
    [total_income] => 22462
    [give_income] => 1698
    [income] => 20764
    [buckle_income] => 7862
    [createtime] => 2016-12-26 13:41:32
)
661
6611
Array
(
    [sum_total_income] => 22462
    [sum_give_income] => 1698
    [sum_income] => 20764
    [sum_buckle_income] => 7862
)
result=1
7
8
9
channel_id=11259135
book=1
i=1
1
book_id=2018925
2
3
4
5
Array
(
    [total_income] => 149
    [income] => 149
    [give_income] => 0
    [buckle_income] => 62
    [buckle_coefficient] => 0.59
)
Array
(
    [book_id] => 2018925
    [book_title] => 那些年，我爱过的女人
    [author_name] => 马小虎
    [word_count] => 1249727
    [chapter_count] => 630
    [channel_id] => 11259135
    [statistics_day] => 2016-12-18
    [total_income] => 149
    [give_income] => 0
    [income] => 149
    [buckle_income] => 62
    [buckle_coefficient] => 0.59
    [createtime] => 2016-12-26 13:49:24
)
6
66
Array
(
    [id] => 9
    [book_id] => 2018925
    [book_title] => 那些年，我爱过的女人
    [author_name] => 马小虎
    [word_count] => 1249727
    [chapter_count] => 630
    [channel_id] => 11259135
    [statistics_year] => 2016
    [statistics_month] => 12
    [total_income] => 149
    [give_income] => 0
    [income] => 149
    [buckle_income] => 56
    [createtime] => 2016-12-26 13:41:33
)
661
6611
Array
(
    [sum_total_income] => 149
    [sum_give_income] => 0
    [sum_income] => 149
    [sum_buckle_income] => 62
)
result=1
7
8
9
channel_id=20911280
book=1
i=2
1
book_id=2013565
2
3
4
5
Array
(
    [total_income] => 13031
    [income] => 11255
    [give_income] => 1776
    [buckle_income] => 5604
    [buckle_coefficient] => 0.57
)
Array
(
    [book_id] => 2013565
    [book_title] => 女神的兼职司机
    [author_name] => 独守一座空城
    [word_count] => 1154847
    [chapter_count] => 505
    [channel_id] => 20911280
    [statistics_day] => 2016-12-18
    [total_income] => 13031
    [give_income] => 1776
    [income] => 11255
    [buckle_income] => 5604
    [buckle_coefficient] => 0.57
    [createtime] => 2016-12-26 13:49:25
)
6
66
Array
(
    [id] => 10
    [book_id] => 2013565
    [book_title] => 女神的兼职司机
    [author_name] => 独守一座空城
    [word_count] => 1154847
    [chapter_count] => 505
    [channel_id] => 20911280
    [statistics_year] => 2016
    [statistics_month] => 12
    [total_income] => 13031
    [give_income] => 1776
    [income] => 11255
    [buckle_income] => 4431
    [createtime] => 2016-12-26 13:41:33
)
661
6611
Array
(
    [sum_total_income] => 13031
    [sum_give_income] => 1776
    [sum_income] => 11255
    [sum_buckle_income] => 5604
)
result=1
7
8
9
channel_id=21014082
book=0
i=3
channel_id=40932296
book=21
i=4
1
book_id=2011666
2
3
4
5
Array
(
    [total_income] => 32700
    [income] => 27942
    [give_income] => 4758
    [buckle_income] => 13734
    [buckle_coefficient] => 0.58
)
Array
(
    [book_id] => 2011666
    [book_title] => 我的贴身校花
    [author_name] => 带玉
    [word_count] => 16208217
    [chapter_count] => 6915
    [channel_id] => 40932296
    [statistics_day] => 2016-12-18
    [total_income] => 32700
    [give_income] => 4758
    [income] => 27942
    [buckle_income] => 13734
    [buckle_coefficient] => 0.58
    [createtime] => 2016-12-26 13:49:26
)
6
66
Array
(
    [id] => 11
    [book_id] => 2011666
    [book_title] => 我的贴身校花
    [author_name] => 带玉
    [word_count] => 16208217
    [chapter_count] => 6915
    [channel_id] => 40932296
    [statistics_year] => 2016
    [statistics_month] => 12
    [total_income] => 32700
    [give_income] => 4758
    [income] => 27942
    [buckle_income] => 14388
    [createtime] => 2016-12-26 13:41:35
)
661
6611
Array
(
    [sum_total_income] => 32700
    [sum_give_income] => 4758
    [sum_income] => 27942
    [sum_buckle_income] => 13734
)
result=1
7
8
9
book_id=2011675
2
3
4
5
Array
(
    [total_income] => 15820
    [income] => 13243
    [give_income] => 2577
    [buckle_income] => 6170
    [buckle_coefficient] => 0.61
)
Array
(
    [book_id] => 2011675
    [book_title] => 绝色总裁爱上我
    [author_name] => 耀阳祖师
    [word_count] => 7314932
    [chapter_count] => 3465
    [channel_id] => 40932296
    [statistics_day] => 2016-12-18
    [total_income] => 15820
    [give_income] => 2577
    [income] => 13243
    [buckle_income] => 6170
    [buckle_coefficient] => 0.61
    [createtime] => 2016-12-26 13:49:26
)
6
66
Array
(
    [id] => 12
    [book_id] => 2011675
    [book_title] => 绝色总裁爱上我
    [author_name] => 耀阳祖师
    [word_count] => 7314932
    [chapter_count] => 3465
    [channel_id] => 40932296
    [statistics_year] => 2016
    [statistics_month] => 12
    [total_income] => 15820
    [give_income] => 2577
    [income] => 13243
    [buckle_income] => 6170
    [createtime] => 2016-12-26 13:41:35
)
661
6611
Array
(
    [sum_total_income] => 15820
    [sum_give_income] => 2577
    [sum_income] => 13243
    [sum_buckle_income] => 6170
)
result=1
7
8
9
book_id=2011799
2
3
4
5
Array
(
    [total_income] => 270
    [income] => 259
    [give_income] => 11
    [buckle_income] => 95
    [buckle_coefficient] => 0.65
)
Array
(
    [book_id] => 2011799
    [book_title] => 湘西赶尸鬼事之造畜
    [author_name] => 凝眸七弦伤
    [word_count] => 2192239
    [chapter_count] => 816
    [channel_id] => 40932296
    [statistics_day] => 2016-12-18
    [total_income] => 270
    [give_income] => 11
    [income] => 259
    [buckle_income] => 95
    [buckle_coefficient] => 0.65
    [createtime] => 2016-12-26 13:49:26
)
6
66
Array
(
    [id] => 13
    [book_id] => 2011799
    [book_title] => 湘西赶尸鬼事之造畜
    [author_name] => 凝眸七弦伤
    [word_count] => 2192239
    [chapter_count] => 816
    [channel_id] => 40932296
    [statistics_year] => 2016
    [statistics_month] => 12
    [total_income] => 270
    [give_income] => 11
    [income] => 259
    [buckle_income] => 114
    [createtime] => 2016-12-26 13:41:35
)
661
6611
Array
(
    [sum_total_income] => 270
    [sum_give_income] => 11
    [sum_income] => 259
    [sum_buckle_income] => 95
)
result=1
7
8
9
book_id=2011813
2
3
4
5
Array
(
    [total_income] => 5626
    [income] => 5098
    [give_income] => 528
    [buckle_income] => 2195
    [buckle_coefficient] => 0.61
)
Array
(
    [book_id] => 2011813
    [book_title] => 重生之校园特种兵
    [author_name] => 大盗零零七
    [word_count] => 10655813
    [chapter_count] => 5161
    [channel_id] => 40932296
    [statistics_day] => 2016-12-18
    [total_income] => 5626
    [give_income] => 528
    [income] => 5098
    [buckle_income] => 2195
    [buckle_coefficient] => 0.61
    [createtime] => 2016-12-26 13:49:26
)
6
66
Array
(
    [id] => 14
    [book_id] => 2011813
    [book_title] => 重生之校园特种兵
    [author_name] => 大盗零零七
    [word_count] => 10655813
    [chapter_count] => 5161
    [channel_id] => 40932296
    [statistics_year] => 2016
    [statistics_month] => 12
    [total_income] => 5626
    [give_income] => 528
    [income] => 5098
    [buckle_income] => 1913
    [createtime] => 2016-12-26 13:41:35
)
661
6611
Array
(
    [sum_total_income] => 5626
    [sum_give_income] => 528
    [sum_income] => 5098
    [sum_buckle_income] => 2195
)
result=1
7
8
9
book_id=2011823
2
3
4
5
Array
(
    [total_income] => 4007
    [income] => 2977
    [give_income] => 1030
    [buckle_income] => 1804
    [buckle_coefficient] => 0.55
)
Array
(
    [book_id] => 2011823
    [book_title] => 捡个杀手做老婆
    [author_name] => 花刺1913
    [word_count] => 12099074
    [chapter_count] => 5754
    [channel_id] => 40932296
    [statistics_day] => 2016-12-18
    [total_income] => 4007
    [give_income] => 1030
    [income] => 2977
    [buckle_income] => 1804
    [buckle_coefficient] => 0.55
    [createtime] => 2016-12-26 13:49:26
)
6
66
Array
(
    [id] => 15
    [book_id] => 2011823
    [book_title] => 捡个杀手做老婆
    [author_name] => 花刺1913
    [word_count] => 12099074
    [chapter_count] => 5754
    [channel_id] => 40932296
    [statistics_year] => 2016
    [statistics_month] => 12
    [total_income] => 4007
    [give_income] => 1030
    [income] => 2977
    [buckle_income] => 1403
    [createtime] => 2016-12-26 13:41:35
)
661
6611
Array
(
    [sum_total_income] => 4007
    [sum_give_income] => 1030
    [sum_income] => 2977
    [sum_buckle_income] => 1804
)
result=1
7
8
9
book_id=2011831
2
3
4
5
Array
(
    [total_income] => 33809
    [income] => 31090
    [give_income] => 2719
    [buckle_income] => 11496
    [buckle_coefficient] => 0.66
)
Array
(
    [book_id] => 2011831
    [book_title] => 天才高手在都市
    [author_name] => 冷云邪神
    [word_count] => 8511654
    [chapter_count] => 4104
    [channel_id] => 40932296
    [statistics_day] => 2016-12-18
    [total_income] => 33809
    [give_income] => 2719
    [income] => 31090
    [buckle_income] => 11496
    [buckle_coefficient] => 0.66
    [createtime] => 2016-12-26 13:49:27
)
6
66
Array
(
    [id] => 16
    [book_id] => 2011831
    [book_title] => 天才高手在都市
    [author_name] => 冷云邪神
    [word_count] => 8511654
    [chapter_count] => 4104
    [channel_id] => 40932296
    [statistics_year] => 2016
    [statistics_month] => 12
    [total_income] => 33809
    [give_income] => 2719
    [income] => 31090
    [buckle_income] => 15215
    [createtime] => 2016-12-26 13:41:36
)
661
6611
Array
(
    [sum_total_income] => 33809
    [sum_give_income] => 2719
    [sum_income] => 31090
    [sum_buckle_income] => 11496
)
result=1
7
8
9
book_id=2011835
2
3
4
5
Array
(
    [total_income] => 5458
    [income] => 5133
    [give_income] => 325
    [buckle_income] => 2238
    [buckle_coefficient] => 0.59
)
Array
(
    [book_id] => 2011835
    [book_title] => 校园绝品狂徒
    [author_name] => 柳江南
    [word_count] => 4451710
    [chapter_count] => 2206
    [channel_id] => 40932296
    [statistics_day] => 2016-12-18
    [total_income] => 5458
    [give_income] => 325
    [income] => 5133
    [buckle_income] => 2238
    [buckle_coefficient] => 0.59
    [createtime] => 2016-12-26 13:49:27
)
6
66
Array
(
    [id] => 17
    [book_id] => 2011835
    [book_title] => 校园绝品狂徒
    [author_name] => 柳江南
    [word_count] => 4451710
    [chapter_count] => 2206
    [channel_id] => 40932296
    [statistics_year] => 2016
    [statistics_month] => 12
    [total_income] => 5458
    [give_income] => 325
    [income] => 5133
    [buckle_income] => 2075
    [createtime] => 2016-12-26 13:41:36
)
661
6611
Array
(
    [sum_total_income] => 5458
    [sum_give_income] => 325
    [sum_income] => 5133
    [sum_buckle_income] => 2238
)
result=1
7
8
9
book_id=2011837
2
3
4
5
Array
(
    [total_income] => 20406
    [income] => 18699
    [give_income] => 1707
    [buckle_income] => 8775
    [buckle_coefficient] => 0.57
)
Array
(
    [book_id] => 2011837
    [book_title] => 极品护花保镖
    [author_name] => 陈佳豪
    [word_count] => 11348854
    [chapter_count] => 5537
    [channel_id] => 40932296
    [statistics_day] => 2016-12-18
    [total_income] => 20406
    [give_income] => 1707
    [income] => 18699
    [buckle_income] => 8775
    [buckle_coefficient] => 0.57
    [createtime] => 2016-12-26 13:49:27
)
6
66
Array
(
    [id] => 18
    [book_id] => 2011837
    [book_title] => 极品护花保镖
    [author_name] => 陈佳豪
    [word_count] => 11348854
    [chapter_count] => 5537
    [channel_id] => 40932296
    [statistics_year] => 2016
    [statistics_month] => 12
    [total_income] => 20406
    [give_income] => 1707
    [income] => 18699
    [buckle_income] => 8775
    [createtime] => 2016-12-26 13:41:36
)
661
6611
Array
(
    [sum_total_income] => 20406
    [sum_give_income] => 1707
    [sum_income] => 18699
    [sum_buckle_income] => 8775
)
result=1
7
8
9
book_id=2011838
2
3
4
5
Array
(
    [total_income] => 16985
    [income] => 14238
    [give_income] => 2747
    [buckle_income] => 6455
    [buckle_coefficient] => 0.62
)
Array
(
    [book_id] => 2011838
    [book_title] => 追美高手
    [author_name] => 无邪小正太
    [word_count] => 6304622
    [chapter_count] => 3095
    [channel_id] => 40932296
    [statistics_day] => 2016-12-18
    [total_income] => 16985
    [give_income] => 2747
    [income] => 14238
    [buckle_income] => 6455
    [buckle_coefficient] => 0.62
    [createtime] => 2016-12-26 13:49:28
)
6
66
Array
(
    [id] => 19
    [book_id] => 2011838
    [book_title] => 追美高手
    [author_name] => 无邪小正太
    [word_count] => 6304622
    [chapter_count] => 3095
    [channel_id] => 40932296
    [statistics_year] => 2016
    [statistics_month] => 12
    [total_income] => 16985
    [give_income] => 2747
    [income] => 14238
    [buckle_income] => 6625
    [createtime] => 2016-12-26 13:41:36
)
661
6611
Array
(
    [sum_total_income] => 16985
    [sum_give_income] => 2747
    [sum_income] => 14238
    [sum_buckle_income] => 6455
)
result=1
7
8
9
book_id=2011840
2
3
4
5
Array
(
    [total_income] => 17395
    [income] => 16123
    [give_income] => 1272
    [buckle_income] => 7306
    [buckle_coefficient] => 0.58
)
Array
(
    [book_id] => 2011840
    [book_title] => 九龙至尊
    [author_name] => 盘古
    [word_count] => 7306869
    [chapter_count] => 3739
    [channel_id] => 40932296
    [statistics_day] => 2016-12-18
    [total_income] => 17395
    [give_income] => 1272
    [income] => 16123
    [buckle_income] => 7306
    [buckle_coefficient] => 0.58
    [createtime] => 2016-12-26 13:49:28
)
6
66
Array
(
    [id] => 20
    [book_id] => 2011840
    [book_title] => 九龙至尊
    [author_name] => 盘古
    [word_count] => 7306869
    [chapter_count] => 3739
    [channel_id] => 40932296
    [statistics_year] => 2016
    [statistics_month] => 12
    [total_income] => 17395
    [give_income] => 1272
    [income] => 16123
    [buckle_income] => 7306
    [createtime] => 2016-12-26 13:41:37
)
661
6611
Array
(
    [sum_total_income] => 17395
    [sum_give_income] => 1272
    [sum_income] => 16123
    [sum_buckle_income] => 7306
)
result=1
7
8
9
book_id=2011854
2
3
4
5
Array
(
    [total_income] => 181
    [income] => 181
    [give_income] => 0
    [buckle_income] => 71
    [buckle_coefficient] => 0.61
)
Array
(
    [book_id] => 2011854
    [book_title] => 异世无冕邪皇
    [author_name] => 半块铜板
    [word_count] => 6688350
    [chapter_count] => 2177
    [channel_id] => 40932296
    [statistics_day] => 2016-12-18
    [total_income] => 181
    [give_income] => 0
    [income] => 181
    [buckle_income] => 71
    [buckle_coefficient] => 0.61
    [createtime] => 2016-12-26 13:49:28
)
6
66
Array
(
    [id] => 21
    [book_id] => 2011854
    [book_title] => 异世无冕邪皇
    [author_name] => 半块铜板
    [word_count] => 6688350
    [chapter_count] => 2177
    [channel_id] => 40932296
    [statistics_year] => 2016
    [statistics_month] => 12
    [total_income] => 181
    [give_income] => 0
    [income] => 181
    [buckle_income] => 80
    [createtime] => 2016-12-26 13:41:37
)
661
6611
Array
(
    [sum_total_income] => 181
    [sum_give_income] => 0
    [sum_income] => 181
    [sum_buckle_income] => 71
)
result=1
7
8
9
book_id=2011858
2
3
4
5
Array
(
    [total_income] => 2339
    [income] => 2034
    [give_income] => 305
    [buckle_income] => 983
    [buckle_coefficient] => 0.58
)
Array
(
    [book_id] => 2011858
    [book_title] => 战气凌霄
    [author_name] => 新闻工作者
    [word_count] => 10977325
    [chapter_count] => 3477
    [channel_id] => 40932296
    [statistics_day] => 2016-12-18
    [total_income] => 2339
    [give_income] => 305
    [income] => 2034
    [buckle_income] => 983
    [buckle_coefficient] => 0.58
    [createtime] => 2016-12-26 13:49:28
)
6
66
Array
(
    [id] => 22
    [book_id] => 2011858
    [book_title] => 战气凌霄
    [author_name] => 新闻工作者
    [word_count] => 10977325
    [chapter_count] => 3477
    [channel_id] => 40932296
    [statistics_year] => 2016
    [statistics_month] => 12
    [total_income] => 2339
    [give_income] => 305
    [income] => 2034
    [buckle_income] => 843
    [createtime] => 2016-12-26 13:41:37
)
661
6611
Array
(
    [sum_total_income] => 2339
    [sum_give_income] => 305
    [sum_income] => 2034
    [sum_buckle_income] => 983
)
result=1
7
8
9
book_id=2011862
2
3
4
5
Array
(
    [total_income] => 140
    [income] => 140
    [give_income] => 0
    [buckle_income] => 61
    [buckle_coefficient] => 0.57
)
Array
(
    [book_id] => 2011862
    [book_title] => 毒宠佣兵王妃
    [author_name] => 猫小猫
    [word_count] => 2916626
    [chapter_count] => 1412
    [channel_id] => 40932296
    [statistics_day] => 2016-12-18
    [total_income] => 140
    [give_income] => 0
    [income] => 140
    [buckle_income] => 61
    [buckle_coefficient] => 0.57
    [createtime] => 2016-12-26 13:49:28
)
6
66
Array
(
    [id] => 23
    [book_id] => 2011862
    [book_title] => 毒宠佣兵王妃
    [author_name] => 猫小猫
    [word_count] => 2916626
    [chapter_count] => 1412
    [channel_id] => 40932296
    [statistics_year] => 2016
    [statistics_month] => 12
    [total_income] => 140
    [give_income] => 0
    [income] => 140
    [buckle_income] => 59
    [createtime] => 2016-12-26 13:41:37
)
661
6611
Array
(
    [sum_total_income] => 140
    [sum_give_income] => 0
    [sum_income] => 140
    [sum_buckle_income] => 61
)
result=1
7
8
9
book_id=2011866
2
3
4
5
Array
(
    [total_income] => 25260
    [income] => 22794
    [give_income] => 2466
    [buckle_income] => 11367
    [buckle_coefficient] => 0.55
)
Array
(
    [book_id] => 2011866
    [book_title] => 我的名模总裁
    [author_name] => 龙之将皇
    [word_count] => 8900576
    [chapter_count] => 2835
    [channel_id] => 40932296
    [statistics_day] => 2016-12-18
    [total_income] => 25260
    [give_income] => 2466
    [income] => 22794
    [buckle_income] => 11367
    [buckle_coefficient] => 0.55
    [createtime] => 2016-12-26 13:49:28
)
6
66
Array
(
    [id] => 24
    [book_id] => 2011866
    [book_title] => 我的名模总裁
    [author_name] => 龙之将皇
    [word_count] => 8900576
    [chapter_count] => 2835
    [channel_id] => 40932296
    [statistics_year] => 2016
    [statistics_month] => 12
    [total_income] => 25260
    [give_income] => 2466
    [income] => 22794
    [buckle_income] => 9347
    [createtime] => 2016-12-26 13:41:38
)
661
6611
Array
(
    [sum_total_income] => 25260
    [sum_give_income] => 2466
    [sum_income] => 22794
    [sum_buckle_income] => 11367
)
result=1
7
8
9
book_id=2011870
2
3
4
5
Array
(
    [total_income] => 2393
    [income] => 2233
    [give_income] => 160
    [buckle_income] => 1006
    [buckle_coefficient] => 0.58
)
Array
(
    [book_id] => 2011870
    [book_title] => 极品狂医
    [author_name] => 北纬37度
    [word_count] => 9137027
    [chapter_count] => 3162
    [channel_id] => 40932296
    [statistics_day] => 2016-12-18
    [total_income] => 2393
    [give_income] => 160
    [income] => 2233
    [buckle_income] => 1006
    [buckle_coefficient] => 0.58
    [createtime] => 2016-12-26 13:49:28
)
6
66
Array
(
    [id] => 25
    [book_id] => 2011870
    [book_title] => 极品狂医
    [author_name] => 北纬37度
    [word_count] => 9137027
    [chapter_count] => 3162
    [channel_id] => 40932296
    [statistics_year] => 2016
    [statistics_month] => 12
    [total_income] => 2393
    [give_income] => 160
    [income] => 2233
    [buckle_income] => 814
    [createtime] => 2016-12-26 13:41:38
)
661
6611
Array
(
    [sum_total_income] => 2393
    [sum_give_income] => 160
    [sum_income] => 2233
    [sum_buckle_income] => 1006
)
result=1
7
8
9
book_id=2011928
2
3
4
5
Array
(
    [total_income] => 323
    [income] => 123
    [give_income] => 200
    [buckle_income] => 110
    [buckle_coefficient] => 0.66
)
Array
(
    [book_id] => 2011928
    [book_title] => 寂灭天尊
    [author_name] => 恋风
    [word_count] => 6226295
    [chapter_count] => 1997
    [channel_id] => 40932296
    [statistics_day] => 2016-12-18
    [total_income] => 323
    [give_income] => 200
    [income] => 123
    [buckle_income] => 110
    [buckle_coefficient] => 0.66
    [createtime] => 2016-12-26 13:49:28
)
6
66
Array
(
    [id] => 26
    [book_id] => 2011928
    [book_title] => 寂灭天尊
    [author_name] => 恋风
    [word_count] => 6226295
    [chapter_count] => 1997
    [channel_id] => 40932296
    [statistics_year] => 2016
    [statistics_month] => 12
    [total_income] => 323
    [give_income] => 200
    [income] => 123
    [buckle_income] => 123
    [createtime] => 2016-12-26 13:41:38
)
661
6611
Array
(
    [sum_total_income] => 323
    [sum_give_income] => 200
    [sum_income] => 123
    [sum_buckle_income] => 110
)
result=1
7
8
9
book_id=2012021
2
3
4
5
Array
(
    [total_income] => 484
    [income] => 484
    [give_income] => 0
    [buckle_income] => 194
    [buckle_coefficient] => 0.6
)
Array
(
    [book_id] => 2012021
    [book_title] => 最强狼少
    [author_name] => 叱咤风云
    [word_count] => 1265673
    [chapter_count] => 387
    [channel_id] => 40932296
    [statistics_day] => 2016-12-18
    [total_income] => 484
    [give_income] => 0
    [income] => 484
    [buckle_income] => 194
    [buckle_coefficient] => 0.6
    [createtime] => 2016-12-26 13:49:28
)
6
66
Array
(
    [id] => 27
    [book_id] => 2012021
    [book_title] => 最强狼少
    [author_name] => 叱咤风云
    [word_count] => 1265673
    [chapter_count] => 387
    [channel_id] => 40932296
    [statistics_year] => 2016
    [statistics_month] => 12
    [total_income] => 484
    [give_income] => 0
    [income] => 484
    [buckle_income] => 194
    [createtime] => 2016-12-26 13:41:38
)
661
6611
Array
(
    [sum_total_income] => 484
    [sum_give_income] => 0
    [sum_income] => 484
    [sum_buckle_income] => 194
)
result=1
7
8
9
book_id=2012055
2
3
4
5
Array
(
    [total_income] => 3044
    [income] => 2232
    [give_income] => 812
    [buckle_income] => 1188
    [buckle_coefficient] => 0.61
)
Array
(
    [book_id] => 2012055
    [book_title] => 特种阔少
    [author_name] => 沈哲楠
    [word_count] => 1838469
    [chapter_count] => 604
    [channel_id] => 40932296
    [statistics_day] => 2016-12-18
    [total_income] => 3044
    [give_income] => 812
    [income] => 2232
    [buckle_income] => 1188
    [buckle_coefficient] => 0.61
    [createtime] => 2016-12-26 13:49:29
)
6
66
Array
(
    [id] => 28
    [book_id] => 2012055
    [book_title] => 特种阔少
    [author_name] => 沈哲楠
    [word_count] => 1838469
    [chapter_count] => 604
    [channel_id] => 40932296
    [statistics_year] => 2016
    [statistics_month] => 12
    [total_income] => 3044
    [give_income] => 812
    [income] => 2232
    [buckle_income] => 1157
    [createtime] => 2016-12-26 13:41:38
)
661
6611
Array
(
    [sum_total_income] => 3044
    [sum_give_income] => 812
    [sum_income] => 2232
    [sum_buckle_income] => 1188
)
result=1
7
8
9
book_id=2012058
2
3
4
5
Array
(
    [total_income] => 90
    [income] => 90
    [give_income] => 0
    [buckle_income] => 40
    [buckle_coefficient] => 0.56
)
Array
(
    [book_id] => 2012058
    [book_title] => 鬼妻
    [author_name] => 曲神
    [word_count] => 1707163
    [chapter_count] => 844
    [channel_id] => 40932296
    [statistics_day] => 2016-12-18
    [total_income] => 90
    [give_income] => 0
    [income] => 90
    [buckle_income] => 40
    [buckle_coefficient] => 0.56
    [createtime] => 2016-12-26 13:49:29
)
6
66
Array
(
    [id] => 29
    [book_id] => 2012058
    [book_title] => 鬼妻
    [author_name] => 曲神
    [word_count] => 1707163
    [chapter_count] => 844
    [channel_id] => 40932296
    [statistics_year] => 2016
    [statistics_month] => 12
    [total_income] => 90
    [give_income] => 0
    [income] => 90
    [buckle_income] => 38
    [createtime] => 2016-12-26 13:41:39
)
661
6611
Array
(
    [sum_total_income] => 90
    [sum_give_income] => 0
    [sum_income] => 90
    [sum_buckle_income] => 40
)
result=1
7
8
9
book_id=2012059
2
3
4
5
Array
(
    [total_income] => 5244
    [income] => 4634
    [give_income] => 610
    [buckle_income] => 2098
    [buckle_coefficient] => 0.6
)
Array
(
    [book_id] => 2012059
    [book_title] => 校园贴心高手
    [author_name] => 火少
    [word_count] => 1986965
    [chapter_count] => 932
    [channel_id] => 40932296
    [statistics_day] => 2016-12-18
    [total_income] => 5244
    [give_income] => 610
    [income] => 4634
    [buckle_income] => 2098
    [buckle_coefficient] => 0.6
    [createtime] => 2016-12-26 13:49:29
)
6
66
Array
(
    [id] => 30
    [book_id] => 2012059
    [book_title] => 校园贴心高手
    [author_name] => 火少
    [word_count] => 1986965
    [chapter_count] => 932
    [channel_id] => 40932296
    [statistics_year] => 2016
    [statistics_month] => 12
    [total_income] => 5244
    [give_income] => 610
    [income] => 4634
    [buckle_income] => 2203
    [createtime] => 2016-12-26 13:41:39
)
661
6611
Array
(
    [sum_total_income] => 5244
    [sum_give_income] => 610
    [sum_income] => 4634
    [sum_buckle_income] => 2098
)
result=1
7
8
9
book_id=2013395
2
3
4
5
Array
(
    [total_income] => 1996
    [income] => 1622
    [give_income] => 374
    [buckle_income] => 779
    [buckle_coefficient] => 0.61
)
Array
(
    [book_id] => 2013395
    [book_title] => 绝世狂徒
    [author_name] => 风圣大鹏
    [word_count] => 3940129
    [chapter_count] => 1188
    [channel_id] => 40932296
    [statistics_day] => 2016-12-18
    [total_income] => 1996
    [give_income] => 374
    [income] => 1622
    [buckle_income] => 779
    [buckle_coefficient] => 0.61
    [createtime] => 2016-12-26 13:49:29
)
6
66
Array
(
    [id] => 31
    [book_id] => 2013395
    [book_title] => 绝世狂徒
    [author_name] => 风圣大鹏
    [word_count] => 3940129
    [chapter_count] => 1188
    [channel_id] => 40932296
    [statistics_year] => 2016
    [statistics_month] => 12
    [total_income] => 1996
    [give_income] => 374
    [income] => 1622
    [buckle_income] => 819
    [createtime] => 2016-12-26 13:41:39
)
661
6611
Array
(
    [sum_total_income] => 1996
    [sum_give_income] => 374
    [sum_income] => 1622
    [sum_buckle_income] => 779
)
result=1
7
8
9
channel_id=41007241
book=23
i=5
1
book_id=2015006
2
3
4
5
Array
(
    [total_income] => 592
    [income] => 592
    [give_income] => 0
    [buckle_income] => 237
    [buckle_coefficient] => 0.6
)
Array
(
    [book_id] => 2015006
    [book_title] => 鉴宝大宗师
    [author_name] => 不起泡的啤酒
    [word_count] => 3746388
    [chapter_count] => 1142
    [channel_id] => 41007241
    [statistics_day] => 2016-12-18
    [total_income] => 592
    [give_income] => 0
    [income] => 592
    [buckle_income] => 237
    [buckle_coefficient] => 0.6
    [createtime] => 2016-12-26 13:49:30
)
6
66
Array
(
    [id] => 32
    [book_id] => 2015006
    [book_title] => 鉴宝大宗师
    [author_name] => 不起泡的啤酒
    [word_count] => 3746388
    [chapter_count] => 1142
    [channel_id] => 41007241
    [statistics_year] => 2016
    [statistics_month] => 12
    [total_income] => 592
    [give_income] => 0
    [income] => 592
    [buckle_income] => 202
    [createtime] => 2016-12-26 13:41:40
)
661
6611
Array
(
    [sum_total_income] => 592
    [sum_give_income] => 0
    [sum_income] => 592
    [sum_buckle_income] => 237
)
result=1
7
8
9
book_id=2015009
2
3
4
5
Array
(
    [total_income] => 8836
    [income] => 8253
    [give_income] => 583
    [buckle_income] => 3181
    [buckle_coefficient] => 0.64
)
Array
(
    [book_id] => 2015009
    [book_title] => 麻辣催眠师
    [author_name] => 浅吻
    [word_count] => 3821354
    [chapter_count] => 1831
    [channel_id] => 41007241
    [statistics_day] => 2016-12-18
    [total_income] => 8836
    [give_income] => 583
    [income] => 8253
    [buckle_income] => 3181
    [buckle_coefficient] => 0.64
    [createtime] => 2016-12-26 13:49:30
)
6
66
Array
(
    [id] => 33
    [book_id] => 2015009
    [book_title] => 麻辣催眠师
    [author_name] => 浅吻
    [word_count] => 3821354
    [chapter_count] => 1831
    [channel_id] => 41007241
    [statistics_year] => 2016
    [statistics_month] => 12
    [total_income] => 8836
    [give_income] => 583
    [income] => 8253
    [buckle_income] => 3447
    [createtime] => 2016-12-26 13:41:40
)
661
6611
Array
(
    [sum_total_income] => 8836
    [sum_give_income] => 583
    [sum_income] => 8253
    [sum_buckle_income] => 3181
)
result=1
7
8
9
book_id=2015022
2
3
4
5
Array
(
    [total_income] => 75339
    [income] => 67822
    [give_income] => 7517
    [buckle_income] => 30136
    [buckle_coefficient] => 0.6
)
Array
(
    [book_id] => 2015022
    [book_title] => 护花高手在都市
    [author_name] => 心在流浪
    [word_count] => 3914769
    [chapter_count] => 1480
    [channel_id] => 41007241
    [statistics_day] => 2016-12-18
    [total_income] => 75339
    [give_income] => 7517
    [income] => 67822
    [buckle_income] => 30136
    [buckle_coefficient] => 0.6
    [createtime] => 2016-12-26 13:49:30
)
6
66
Array
(
    [id] => 1
    [book_id] => 2015022
    [book_title] => 护花高手在都市
    [author_name] => 心在流浪
    [word_count] => 3914769
    [chapter_count] => 1480
    [channel_id] => 41007241
    [statistics_year] => 2016
    [statistics_month] => 12
    [total_income] => 75354
    [give_income] => 7517
    [income] => 67837
    [buckle_income] => 33913
    [createtime] => 2016-12-26 13:41:41
)
661
6611
Array
(
    [sum_total_income] => 75354
    [sum_give_income] => 7517
    [sum_income] => 67837
    [sum_buckle_income] => 30146
)
result=1
7
8
9
book_id=2015024
2
3
4
5
Array
(
    [total_income] => 349
    [income] => 349
    [give_income] => 0
    [buckle_income] => 130
    [buckle_coefficient] => 0.63
)
Array
(
    [book_id] => 2015024
    [book_title] => 特种兵痞在校园
    [author_name] => 艾连
    [word_count] => 4038551
    [chapter_count] => 1285
    [channel_id] => 41007241
    [statistics_day] => 2016-12-18
    [total_income] => 349
    [give_income] => 0
    [income] => 349
    [buckle_income] => 130
    [buckle_coefficient] => 0.63
    [createtime] => 2016-12-26 13:49:31
)
6
66
Array
(
    [id] => 35
    [book_id] => 2015024
    [book_title] => 特种兵痞在校园
    [author_name] => 艾连
    [word_count] => 4038551
    [chapter_count] => 1285
    [channel_id] => 41007241
    [statistics_year] => 2016
    [statistics_month] => 12
    [total_income] => 349
    [give_income] => 0
    [income] => 349
    [buckle_income] => 123
    [createtime] => 2016-12-26 13:41:41
)
661
6611
Array
(
    [sum_total_income] => 349
    [sum_give_income] => 0
    [sum_income] => 349
    [sum_buckle_income] => 130
)
result=1
7
8
9
book_id=2015026
2
3
4
5
Array
(
    [total_income] => 330
    [income] => 330
    [give_income] => 0
    [buckle_income] => 136
    [buckle_coefficient] => 0.59
)
Array
(
    [book_id] => 2015026
    [book_title] => 家有萌妻
    [author_name] => 莳莳
    [word_count] => 1301149
    [chapter_count] => 611
    [channel_id] => 41007241
    [statistics_day] => 2016-12-18
    [total_income] => 330
    [give_income] => 0
    [income] => 330
    [buckle_income] => 136
    [buckle_coefficient] => 0.59
    [createtime] => 2016-12-26 13:49:31
)
6
66
Array
(
    [id] => 36
    [book_id] => 2015026
    [book_title] => 家有萌妻
    [author_name] => 莳莳
    [word_count] => 1301149
    [chapter_count] => 611
    [channel_id] => 41007241
    [statistics_year] => 2016
    [statistics_month] => 12
    [total_income] => 330
    [give_income] => 0
    [income] => 330
    [buckle_income] => 113
    [createtime] => 2016-12-26 13:41:41
)
661
6611
Array
(
    [sum_total_income] => 330
    [sum_give_income] => 0
    [sum_income] => 330
    [sum_buckle_income] => 136
)
result=1
7
8
9
book_id=2015033
2
3
4
5
Array
(
    [total_income] => 1052
    [income] => 680
    [give_income] => 372
    [buckle_income] => 400
    [buckle_coefficient] => 0.62
)
Array
(
    [book_id] => 2015033
    [book_title] => 重生之大明摄政王
    [author_name] => 晓风
    [word_count] => 2532994
    [chapter_count] => 825
    [channel_id] => 41007241
    [statistics_day] => 2016-12-18
    [total_income] => 1052
    [give_income] => 372
    [income] => 680
    [buckle_income] => 400
    [buckle_coefficient] => 0.62
    [createtime] => 2016-12-26 13:49:31
)
6
66
Array
(
    [id] => 37
    [book_id] => 2015033
    [book_title] => 重生之大明摄政王
    [author_name] => 晓风
    [word_count] => 2532994
    [chapter_count] => 825
    [channel_id] => 41007241
    [statistics_year] => 2016
    [statistics_month] => 12
    [total_income] => 1052
    [give_income] => 372
    [income] => 680
    [buckle_income] => 442
    [createtime] => 2016-12-26 13:41:41
)
661
6611
Array
(
    [sum_total_income] => 1052
    [sum_give_income] => 372
    [sum_income] => 680
    [sum_buckle_income] => 400
)
result=1
7
8
9
book_id=2015035
2
3
4
5
Array
(
    [total_income] => 2125
    [income] => 1855
    [give_income] => 270
    [buckle_income] => 914
    [buckle_coefficient] => 0.57
)
Array
(
    [book_id] => 2015035
    [book_title] => 和校花合租的日子
    [author_name] => 仙人
    [word_count] => 3093077
    [chapter_count] => 1327
    [channel_id] => 41007241
    [statistics_day] => 2016-12-18
    [total_income] => 2125
    [give_income] => 270
    [income] => 1855
    [buckle_income] => 914
    [buckle_coefficient] => 0.57
    [createtime] => 2016-12-26 13:49:31
)
6
66
Array
(
    [id] => 38
    [book_id] => 2015035
    [book_title] => 和校花合租的日子
    [author_name] => 仙人
    [word_count] => 3093077
    [chapter_count] => 1327
    [channel_id] => 41007241
    [statistics_year] => 2016
    [statistics_month] => 12
    [total_income] => 2125
    [give_income] => 270
    [income] => 1855
    [buckle_income] => 957
    [createtime] => 2016-12-26 13:41:41
)
661
6611
Array
(
    [sum_total_income] => 2125
    [sum_give_income] => 270
    [sum_income] => 1855
    [sum_buckle_income] => 914
)
result=1
7
8
9
book_id=2015037
2
3
4
5
Array
(
    [total_income] => 62961
    [income] => 53330
    [give_income] => 9631
    [buckle_income] => 27074
    [buckle_coefficient] => 0.57
)
Array
(
    [book_id] => 2015037
    [book_title] => 美女的超级保镖
    [author_name] => 日月星辰
    [word_count] => 6606598
    [chapter_count] => 3168
    [channel_id] => 41007241
    [statistics_day] => 2016-12-18
    [total_income] => 62961
    [give_income] => 9631
    [income] => 53330
    [buckle_income] => 27074
    [buckle_coefficient] => 0.57
    [createtime] => 2016-12-26 13:49:32
)
6
66
Array
(
    [id] => 39
    [book_id] => 2015037
    [book_title] => 美女的超级保镖
    [author_name] => 日月星辰
    [word_count] => 6606598
    [chapter_count] => 3168
    [channel_id] => 41007241
    [statistics_year] => 2016
    [statistics_month] => 12
    [total_income] => 62961
    [give_income] => 9631
    [income] => 53330
    [buckle_income] => 22037
    [createtime] => 2016-12-26 13:41:42
)
661
6611
Array
(
    [sum_total_income] => 62961
    [sum_give_income] => 9631
    [sum_income] => 53330
    [sum_buckle_income] => 27074
)
result=1
7
8
9
book_id=2015038
2
3
4
5
Array
(
    [total_income] => 2036
    [income] => 1734
    [give_income] => 302
    [buckle_income] => 693
    [buckle_coefficient] => 0.66
)
Array
(
    [book_id] => 2015038
    [book_title] => 超能高手在都市
    [author_name] => 落尘
    [word_count] => 4621192
    [chapter_count] => 2141
    [channel_id] => 41007241
    [statistics_day] => 2016-12-18
    [total_income] => 2036
    [give_income] => 302
    [income] => 1734
    [buckle_income] => 693
    [buckle_coefficient] => 0.66
    [createtime] => 2016-12-26 13:49:32
)
6
66
Array
(
    [id] => 40
    [book_id] => 2015038
    [book_title] => 超能高手在都市
    [author_name] => 落尘
    [word_count] => 4621192
    [chapter_count] => 2141
    [channel_id] => 41007241
    [statistics_year] => 2016
    [statistics_month] => 12
    [total_income] => 2036
    [give_income] => 302
    [income] => 1734
    [buckle_income] => 693
    [createtime] => 2016-12-26 13:41:42
)
661
6611
Array
(
    [sum_total_income] => 2036
    [sum_give_income] => 302
    [sum_income] => 1734
    [sum_buckle_income] => 693
)
result=1
7
8
9
book_id=2015042
2
3
4
5
Array
(
    [total_income] => 47733
    [income] => 43892
    [give_income] => 3841
    [buckle_income] => 19094
    [buckle_coefficient] => 0.6
)
Array
(
    [book_id] => 2015042
    [book_title] => 少年御医
    [author_name] => 银色武士装
    [word_count] => 2500398
    [chapter_count] => 775
    [channel_id] => 41007241
    [statistics_day] => 2016-12-18
    [total_income] => 47733
    [give_income] => 3841
    [income] => 43892
    [buckle_income] => 19094
    [buckle_coefficient] => 0.6
    [createtime] => 2016-12-26 13:49:32
)
6
66
Array
(
    [id] => 41
    [book_id] => 2015042
    [book_title] => 少年御医
    [author_name] => 银色武士装
    [word_count] => 2500398
    [chapter_count] => 775
    [channel_id] => 41007241
    [statistics_year] => 2016
    [statistics_month] => 12
    [total_income] => 47733
    [give_income] => 3841
    [income] => 43892
    [buckle_income] => 21480
    [createtime] => 2016-12-26 13:41:42
)
661
6611
Array
(
    [sum_total_income] => 47733
    [sum_give_income] => 3841
    [sum_income] => 43892
    [sum_buckle_income] => 19094
)
result=1
7
8
9
book_id=2015045
2
3
4
5
Array
(
    [total_income] => 111
    [income] => 111
    [give_income] => 0
    [buckle_income] => 44
    [buckle_coefficient] => 0.61
)
Array
(
    [book_id] => 2015045
    [book_title] => 天才律师
    [author_name] => 落宝金钱
    [word_count] => 4357049
    [chapter_count] => 1380
    [channel_id] => 41007241
    [statistics_day] => 2016-12-18
    [total_income] => 111
    [give_income] => 0
    [income] => 111
    [buckle_income] => 44
    [buckle_coefficient] => 0.61
    [createtime] => 2016-12-26 13:49:32
)
6
66
Array
(
    [id] => 42
    [book_id] => 2015045
    [book_title] => 天才律师
    [author_name] => 落宝金钱
    [word_count] => 4357049
    [chapter_count] => 1380
    [channel_id] => 41007241
    [statistics_year] => 2016
    [statistics_month] => 12
    [total_income] => 111
    [give_income] => 0
    [income] => 111
    [buckle_income] => 50
    [createtime] => 2016-12-26 13:41:42
)
661
6611
Array
(
    [sum_total_income] => 111
    [sum_give_income] => 0
    [sum_income] => 111
    [sum_buckle_income] => 44
)
result=1
7
8
9
book_id=2015046
2
3
4
5
Array
(
    [total_income] => 2493
    [income] => 2442
    [give_income] => 51
    [buckle_income] => 973
    [buckle_coefficient] => 0.61
)
Array
(
    [book_id] => 2015046
    [book_title] => 都市苍龙
    [author_name] => 左岸
    [word_count] => 2641587
    [chapter_count] => 876
    [channel_id] => 41007241
    [statistics_day] => 2016-12-18
    [total_income] => 2493
    [give_income] => 51
    [income] => 2442
    [buckle_income] => 973
    [buckle_coefficient] => 0.61
    [createtime] => 2016-12-26 13:49:32
)
6
66
Array
(
    [id] => 43
    [book_id] => 2015046
    [book_title] => 都市苍龙
    [author_name] => 左岸
    [word_count] => 2641587
    [chapter_count] => 876
    [channel_id] => 41007241
    [statistics_year] => 2016
    [statistics_month] => 12
    [total_income] => 2493
    [give_income] => 51
    [income] => 2442
    [buckle_income] => 973
    [createtime] => 2016-12-26 13:41:42
)
661
6611
Array
(
    [sum_total_income] => 2493
    [sum_give_income] => 51
    [sum_income] => 2442
    [sum_buckle_income] => 973
)
result=1
7
8
9
book_id=2015055
2
3
4
5
Array
(
    [total_income] => 793
    [income] => 793
    [give_income] => 0
    [buckle_income] => 334
    [buckle_coefficient] => 0.58
)
Array
(
    [book_id] => 2015055
    [book_title] => 鬼手狂医
    [author_name] => 佐墨
    [word_count] => 1418628
    [chapter_count] => 619
    [channel_id] => 41007241
    [statistics_day] => 2016-12-18
    [total_income] => 793
    [give_income] => 0
    [income] => 793
    [buckle_income] => 334
    [buckle_coefficient] => 0.58
    [createtime] => 2016-12-26 13:49:32
)
6
66
Array
(
    [id] => 44
    [book_id] => 2015055
    [book_title] => 鬼手狂医
    [author_name] => 佐墨
    [word_count] => 1418628
    [chapter_count] => 619
    [channel_id] => 41007241
    [statistics_year] => 2016
    [statistics_month] => 12
    [total_income] => 793
    [give_income] => 0
    [income] => 793
    [buckle_income] => 334
    [createtime] => 2016-12-26 13:41:42
)
661
6611
Array
(
    [sum_total_income] => 793
    [sum_give_income] => 0
    [sum_income] => 793
    [sum_buckle_income] => 334
)
result=1
7
8
9
book_id=2015057
2
3
4
5
Array
(
    [total_income] => 924
    [income] => 924
    [give_income] => 0
    [buckle_income] => 407
    [buckle_coefficient] => 0.56
)
Array
(
    [book_id] => 2015057
    [book_title] => 我的老婆是天后
    [author_name] => 九天御风
    [word_count] => 5127086
    [chapter_count] => 1625
    [channel_id] => 41007241
    [statistics_day] => 2016-12-18
    [total_income] => 924
    [give_income] => 0
    [income] => 924
    [buckle_income] => 407
    [buckle_coefficient] => 0.56
    [createtime] => 2016-12-26 13:49:33
)
6
66
Array
(
    [id] => 45
    [book_id] => 2015057
    [book_title] => 我的老婆是天后
    [author_name] => 九天御风
    [word_count] => 5127086
    [chapter_count] => 1625
    [channel_id] => 41007241
    [statistics_year] => 2016
    [statistics_month] => 12
    [total_income] => 924
    [give_income] => 0
    [income] => 924
    [buckle_income] => 315
    [createtime] => 2016-12-26 13:41:42
)
661
6611
Array
(
    [sum_total_income] => 924
    [sum_give_income] => 0
    [sum_income] => 924
    [sum_buckle_income] => 407
)
result=1
7
8
9
book_id=2015063
2
3
4
5
Array
(
    [total_income] => 870
    [income] => 870
    [give_income] => 0
    [buckle_income] => 340
    [buckle_coefficient] => 0.61
)
Array
(
    [book_id] => 2015063
    [book_title] => 蚀骨宠婚
    [author_name] => 苏如烟
    [word_count] => 3837402
    [chapter_count] => 1805
    [channel_id] => 41007241
    [statistics_day] => 2016-12-18
    [total_income] => 870
    [give_income] => 0
    [income] => 870
    [buckle_income] => 340
    [buckle_coefficient] => 0.61
    [createtime] => 2016-12-26 13:49:33
)
6
66
Array
(
    [id] => 46
    [book_id] => 2015063
    [book_title] => 蚀骨宠婚
    [author_name] => 苏如烟
    [word_count] => 3837402
    [chapter_count] => 1805
    [channel_id] => 41007241
    [statistics_year] => 2016
    [statistics_month] => 12
    [total_income] => 870
    [give_income] => 0
    [income] => 870
    [buckle_income] => 348
    [createtime] => 2016-12-26 13:41:42
)
661
6611
Array
(
    [sum_total_income] => 870
    [sum_give_income] => 0
    [sum_income] => 870
    [sum_buckle_income] => 340
)
result=1
7
8
9
book_id=2016003
2
3
4
5
Array
(
    [total_income] => 505
    [income] => 195
    [give_income] => 310
    [buckle_income] => 213
    [buckle_coefficient] => 0.58
)
Array
(
    [book_id] => 2016003
    [book_title] => 重生护花高手
    [author_name] => 朽木可雕
    [word_count] => 2010539
    [chapter_count] => 595
    [channel_id] => 41007241
    [statistics_day] => 2016-12-18
    [total_income] => 505
    [give_income] => 310
    [income] => 195
    [buckle_income] => 213
    [buckle_coefficient] => 0.58
    [createtime] => 2016-12-26 13:49:33
)
6
66
Array
(
    [id] => 47
    [book_id] => 2016003
    [book_title] => 重生护花高手
    [author_name] => 朽木可雕
    [word_count] => 2010539
    [chapter_count] => 595
    [channel_id] => 41007241
    [statistics_year] => 2016
    [statistics_month] => 12
    [total_income] => 505
    [give_income] => 310
    [income] => 195
    [buckle_income] => 208
    [createtime] => 2016-12-26 13:41:42
)
661
6611
Array
(
    [sum_total_income] => 505
    [sum_give_income] => 310
    [sum_income] => 195
    [sum_buckle_income] => 213
)
result=1
7
8
9
book_id=2016004
2
3
4
5
Array
(
    [total_income] => 9337
    [income] => 8197
    [give_income] => 1140
    [buckle_income] => 3642
    [buckle_coefficient] => 0.61
)
Array
(
    [book_id] => 2016004
    [book_title] => 天才少年
    [author_name] => 坐怀不乱
    [word_count] => 2398555
    [chapter_count] => 858
    [channel_id] => 41007241
    [statistics_day] => 2016-12-18
    [total_income] => 9337
    [give_income] => 1140
    [income] => 8197
    [buckle_income] => 3642
    [buckle_coefficient] => 0.61
    [createtime] => 2016-12-26 13:49:33
)
6
66
Array
(
    [id] => 48
    [book_id] => 2016004
    [book_title] => 天才少年
    [author_name] => 坐怀不乱
    [word_count] => 2398555
    [chapter_count] => 858
    [channel_id] => 41007241
    [statistics_year] => 2016
    [statistics_month] => 12
    [total_income] => 9337
    [give_income] => 1140
    [income] => 8197
    [buckle_income] => 3549
    [createtime] => 2016-12-26 13:41:43
)
661
6611
Array
(
    [sum_total_income] => 9337
    [sum_give_income] => 1140
    [sum_income] => 8197
    [sum_buckle_income] => 3642
)
result=1
7
8
9
book_id=2016020
2
3
4
5
Array
(
    [total_income] => 2729
    [income] => 2729
    [give_income] => 0
    [buckle_income] => 1010
    [buckle_coefficient] => 0.63
)
Array
(
    [book_id] => 2016020
    [book_title] => 怒血保镖
    [author_name] => 根号三
    [word_count] => 3059504
    [chapter_count] => 965
    [channel_id] => 41007241
    [statistics_day] => 2016-12-18
    [total_income] => 2729
    [give_income] => 0
    [income] => 2729
    [buckle_income] => 1010
    [buckle_coefficient] => 0.63
    [createtime] => 2016-12-26 13:49:33
)
6
66
Array
(
    [id] => 49
    [book_id] => 2016020
    [book_title] => 怒血保镖
    [author_name] => 根号三
    [word_count] => 3059504
    [chapter_count] => 965
    [channel_id] => 41007241
    [statistics_year] => 2016
    [statistics_month] => 12
    [total_income] => 2729
    [give_income] => 0
    [income] => 2729
    [buckle_income] => 1038
    [createtime] => 2016-12-26 13:41:43
)
661
6611
Array
(
    [sum_total_income] => 2729
    [sum_give_income] => 0
    [sum_income] => 2729
    [sum_buckle_income] => 1010
)
result=1
7
8
9
book_id=2016354
2
3
4
5
Array
(
    [total_income] => 518
    [income] => 518
    [give_income] => 0
    [buckle_income] => 182
    [buckle_coefficient] => 0.65
)
Array
(
    [book_id] => 2016354
    [book_title] => 天才医生
    [author_name] => 空余
    [word_count] => 2026604
    [chapter_count] => 603
    [channel_id] => 41007241
    [statistics_day] => 2016-12-18
    [total_income] => 518
    [give_income] => 0
    [income] => 518
    [buckle_income] => 182
    [buckle_coefficient] => 0.65
    [createtime] => 2016-12-26 13:49:33
)
6
66
Array
(
    [id] => 50
    [book_id] => 2016354
    [book_title] => 天才医生
    [author_name] => 空余
    [word_count] => 2026604
    [chapter_count] => 603
    [channel_id] => 41007241
    [statistics_year] => 2016
    [statistics_month] => 12
    [total_income] => 518
    [give_income] => 0
    [income] => 518
    [buckle_income] => 182
    [createtime] => 2016-12-26 13:41:43
)
661
6611
Array
(
    [sum_total_income] => 518
    [sum_give_income] => 0
    [sum_income] => 518
    [sum_buckle_income] => 182
)
result=1
7
8
9
book_id=2016363
2
3
4
5
Array
(
    [total_income] => 145
    [income] => 145
    [give_income] => 0
    [buckle_income] => 53
    [buckle_coefficient] => 0.64
)
Array
(
    [book_id] => 2016363
    [book_title] => 美女的贴身狂兵
    [author_name] => 千军万马
    [word_count] => 3183515
    [chapter_count] => 960
    [channel_id] => 41007241
    [statistics_day] => 2016-12-18
    [total_income] => 145
    [give_income] => 0
    [income] => 145
    [buckle_income] => 53
    [buckle_coefficient] => 0.64
    [createtime] => 2016-12-26 13:49:33
)
6
66
Array
(
    [id] => 51
    [book_id] => 2016363
    [book_title] => 美女的贴身狂兵
    [author_name] => 千军万马
    [word_count] => 3183515
    [chapter_count] => 960
    [channel_id] => 41007241
    [statistics_year] => 2016
    [statistics_month] => 12
    [total_income] => 145
    [give_income] => 0
    [income] => 145
    [buckle_income] => 50
    [createtime] => 2016-12-26 13:41:43
)
661
6611
Array
(
    [sum_total_income] => 145
    [sum_give_income] => 0
    [sum_income] => 145
    [sum_buckle_income] => 53
)
result=1
7
8
9
book_id=2016371
2
3
4
5
Array
(
    [total_income] => 133
    [income] => 51
    [give_income] => 82
    [buckle_income] => 56
    [buckle_coefficient] => 0.58
)
Array
(
    [book_id] => 2016371
    [book_title] => 我的女友是神婆
    [author_name] => 蓝天白菜
    [word_count] => 1995844
    [chapter_count] => 718
    [channel_id] => 41007241
    [statistics_day] => 2016-12-18
    [total_income] => 133
    [give_income] => 82
    [income] => 51
    [buckle_income] => 56
    [buckle_coefficient] => 0.58
    [createtime] => 2016-12-26 13:49:33
)
6
66
Array
(
    [id] => 52
    [book_id] => 2016371
    [book_title] => 我的女友是神婆
    [author_name] => 蓝天白菜
    [word_count] => 1995844
    [chapter_count] => 718
    [channel_id] => 41007241
    [statistics_year] => 2016
    [statistics_month] => 12
    [total_income] => 133
    [give_income] => 82
    [income] => 51
    [buckle_income] => 48
    [createtime] => 2016-12-26 13:41:43
)
661
6611
Array
(
    [sum_total_income] => 133
    [sum_give_income] => 82
    [sum_income] => 51
    [sum_buckle_income] => 56
)
result=1
7
8
9
book_id=2016638
2
3
4
5
Array
(
    [total_income] => 2448
    [income] => 2110
    [give_income] => 338
    [buckle_income] => 1078
    [buckle_coefficient] => 0.56
)
Array
(
    [book_id] => 2016638
    [book_title] => 超凡高手
    [author_name] => 小小大英雄
    [word_count] => 3445559
    [chapter_count] => 1138
    [channel_id] => 41007241
    [statistics_day] => 2016-12-18
    [total_income] => 2448
    [give_income] => 338
    [income] => 2110
    [buckle_income] => 1078
    [buckle_coefficient] => 0.56
    [createtime] => 2016-12-26 13:49:33
)
6
66
Array
(
    [id] => 53
    [book_id] => 2016638
    [book_title] => 超凡高手
    [author_name] => 小小大英雄
    [word_count] => 3445559
    [chapter_count] => 1138
    [channel_id] => 41007241
    [statistics_year] => 2016
    [statistics_month] => 12
    [total_income] => 2448
    [give_income] => 338
    [income] => 2110
    [buckle_income] => 931
    [createtime] => 2016-12-26 13:41:43
)
661
6611
Array
(
    [sum_total_income] => 2448
    [sum_give_income] => 338
    [sum_income] => 2110
    [sum_buckle_income] => 1078
)
result=1
7
8
9
book_id=2017252
2
3
4
5
Array
(
    [total_income] => 239
    [income] => 239
    [give_income] => 0
    [buckle_income] => 108
    [buckle_coefficient] => 0.55
)
Array
(
    [book_id] => 2017252
    [book_title] => 傲武仙尊
    [author_name] => 冰墙
    [word_count] => 1923148
    [chapter_count] => 613
    [channel_id] => 41007241
    [statistics_day] => 2016-12-18
    [total_income] => 239
    [give_income] => 0
    [income] => 239
    [buckle_income] => 108
    [buckle_coefficient] => 0.55
    [createtime] => 2016-12-26 13:49:33
)
6
66
Array
(
    [id] => 54
    [book_id] => 2017252
    [book_title] => 傲武仙尊
    [author_name] => 冰墙
    [word_count] => 1923148
    [chapter_count] => 613
    [channel_id] => 41007241
    [statistics_year] => 2016
    [statistics_month] => 12
    [total_income] => 239
    [give_income] => 0
    [income] => 239
    [buckle_income] => 103
    [createtime] => 2016-12-26 13:41:43
)
661
6611
Array
(
    [sum_total_income] => 239
    [sum_give_income] => 0
    [sum_income] => 239
    [sum_buckle_income] => 108
)
result=1
7
8
9
channel_id=80916206
book=0
i=6
channel_id=91006181
book=32
i=7
1
book_id=2014305
2
3
4
5
Array
(
    [total_income] => 2542
    [income] => 2376
    [give_income] => 166
    [buckle_income] => 1068
    [buckle_coefficient] => 0.58
)
Array
(
    [book_id] => 2014305
    [book_title] => 邪凛花都
    [author_name] => 天涯风
    [word_count] => 1425160
    [chapter_count] => 439
    [channel_id] => 91006181
    [statistics_day] => 2016-12-18
    [total_income] => 2542
    [give_income] => 166
    [income] => 2376
    [buckle_income] => 1068
    [buckle_coefficient] => 0.58
    [createtime] => 2016-12-26 13:49:34
)
6
66
Array
(
    [id] => 55
    [book_id] => 2014305
    [book_title] => 邪凛花都
    [author_name] => 天涯风
    [word_count] => 1425160
    [chapter_count] => 439
    [channel_id] => 91006181
    [statistics_year] => 2016
    [statistics_month] => 12
    [total_income] => 2542
    [give_income] => 166
    [income] => 2376
    [buckle_income] => 1017
    [createtime] => 2016-12-26 13:41:44
)
661
6611
Array
(
    [sum_total_income] => 2542
    [sum_give_income] => 166
    [sum_income] => 2376
    [sum_buckle_income] => 1068
)
result=1
7
8
9
book_id=2014382
2
3
4
5
Array
(
    [total_income] => 346
    [income] => 346
    [give_income] => 0
    [buckle_income] => 139
    [buckle_coefficient] => 0.6
)
Array
(
    [book_id] => 2014382
    [book_title] => 我的枕边有女鬼
    [author_name] => 黑色洋葱
    [word_count] => 1342112
    [chapter_count] => 470
    [channel_id] => 91006181
    [statistics_day] => 2016-12-18
    [total_income] => 346
    [give_income] => 0
    [income] => 346
    [buckle_income] => 139
    [buckle_coefficient] => 0.6
    [createtime] => 2016-12-26 13:49:34
)
6
66
Array
(
    [id] => 56
    [book_id] => 2014382
    [book_title] => 我的枕边有女鬼
    [author_name] => 黑色洋葱
    [word_count] => 1342112
    [chapter_count] => 470
    [channel_id] => 91006181
    [statistics_year] => 2016
    [statistics_month] => 12
    [total_income] => 346
    [give_income] => 0
    [income] => 346
    [buckle_income] => 132
    [createtime] => 2016-12-26 13:41:44
)
661
6611
Array
(
    [sum_total_income] => 346
    [sum_give_income] => 0
    [sum_income] => 346
    [sum_buckle_income] => 139
)
result=1
7
8
9
book_id=2014389
2
3
4
5
Array
(
    [total_income] => 8080
    [income] => 7469
    [give_income] => 611
    [buckle_income] => 2748
    [buckle_coefficient] => 0.66
)
Array
(
    [book_id] => 2014389
    [book_title] => 妇科男医师
    [author_name] => 星月天下
    [word_count] => 926105
    [chapter_count] => 344
    [channel_id] => 91006181
    [statistics_day] => 2016-12-18
    [total_income] => 8080
    [give_income] => 611
    [income] => 7469
    [buckle_income] => 2748
    [buckle_coefficient] => 0.66
    [createtime] => 2016-12-26 13:49:34
)
6
66
Array
(
    [id] => 57
    [book_id] => 2014389
    [book_title] => 妇科男医师
    [author_name] => 星月天下
    [word_count] => 926105
    [chapter_count] => 344
    [channel_id] => 91006181
    [statistics_year] => 2016
    [statistics_month] => 12
    [total_income] => 8080
    [give_income] => 611
    [income] => 7469
    [buckle_income] => 2909
    [createtime] => 2016-12-26 13:41:44
)
661
6611
Array
(
    [sum_total_income] => 8080
    [sum_give_income] => 611
    [sum_income] => 7469
    [sum_buckle_income] => 2748
)
result=1
7
8
9
book_id=2014390
2
3
4
5
Array
(
    [total_income] => 19
    [income] => 19
    [give_income] => 0
    [buckle_income] => 12
    [buckle_coefficient] => 0.42
)
Array
(
    [book_id] => 2014390
    [book_title] => 前夫，别来无恙
    [author_name] => 桑鱼小姐
    [word_count] => 1224245
    [chapter_count] => 570
    [channel_id] => 91006181
    [statistics_day] => 2016-12-18
    [total_income] => 19
    [give_income] => 0
    [income] => 19
    [buckle_income] => 12
    [buckle_coefficient] => 0.42
    [createtime] => 2016-12-26 13:49:34
)
6
66
Array
(
    [id] => 58
    [book_id] => 2014390
    [book_title] => 前夫，别来无恙
    [author_name] => 桑鱼小姐
    [word_count] => 1224245
    [chapter_count] => 570
    [channel_id] => 91006181
    [statistics_year] => 2016
    [statistics_month] => 12
    [total_income] => 19
    [give_income] => 0
    [income] => 19
    [buckle_income] => 11
    [createtime] => 2016-12-26 13:41:44
)
661
6611
Array
(
    [sum_total_income] => 19
    [sum_give_income] => 0
    [sum_income] => 19
    [sum_buckle_income] => 12
)
result=1
7
8
9
book_id=2014392
2
3
4
5
Array
(
    [total_income] => 8728
    [income] => 7919
    [give_income] => 809
    [buckle_income] => 2968
    [buckle_coefficient] => 0.66
)
Array
(
    [book_id] => 2014392
    [book_title] => 我的贴身女总裁
    [author_name] => 夏冰
    [word_count] => 1539094
    [chapter_count] => 479
    [channel_id] => 91006181
    [statistics_day] => 2016-12-18
    [total_income] => 8728
    [give_income] => 809
    [income] => 7919
    [buckle_income] => 2968
    [buckle_coefficient] => 0.66
    [createtime] => 2016-12-26 13:49:35
)
6
66
Array
(
    [id] => 59
    [book_id] => 2014392
    [book_title] => 我的贴身女总裁
    [author_name] => 夏冰
    [word_count] => 1539094
    [chapter_count] => 479
    [channel_id] => 91006181
    [statistics_year] => 2016
    [statistics_month] => 12
    [total_income] => 8728
    [give_income] => 809
    [income] => 7919
    [buckle_income] => 3754
    [createtime] => 2016-12-26 13:41:44
)
661
6611
Array
(
    [sum_total_income] => 8728
    [sum_give_income] => 809
    [sum_income] => 7919
    [sum_buckle_income] => 2968
)
result=1
7
8
9
book_id=2014394
2
3
4
5
Array
(
    [total_income] => 482
    [income] => 482
    [give_income] => 0
    [buckle_income] => 213
    [buckle_coefficient] => 0.56
)
Array
(
    [book_id] => 2014394
    [book_title] => 豪门缠婚：尤物小娇妻
    [author_name] => 抓猫的鱼
    [word_count] => 1459067
    [chapter_count] => 593
    [channel_id] => 91006181
    [statistics_day] => 2016-12-18
    [total_income] => 482
    [give_income] => 0
    [income] => 482
    [buckle_income] => 213
    [buckle_coefficient] => 0.56
    [createtime] => 2016-12-26 13:49:35
)
6
66
Array
(
    [id] => 60
    [book_id] => 2014394
    [book_title] => 豪门缠婚：尤物小娇妻
    [author_name] => 抓猫的鱼
    [word_count] => 1459067
    [chapter_count] => 593
    [channel_id] => 91006181
    [statistics_year] => 2016
    [statistics_month] => 12
    [total_income] => 482
    [give_income] => 0
    [income] => 482
    [buckle_income] => 213
    [createtime] => 2016-12-26 13:41:44
)
661
6611
Array
(
    [sum_total_income] => 482
    [sum_give_income] => 0
    [sum_income] => 482
    [sum_buckle_income] => 213
)
result=1
7
8
9
book_id=2014398
2
3
4
5
Array
(
    [total_income] => 165
    [income] => 165
    [give_income] => 0
    [buckle_income] => 70
    [buckle_coefficient] => 0.58
)
Array
(
    [book_id] => 2014398
    [book_title] => 流氓系统
    [author_name] => 钻石老板凳
    [word_count] => 946815
    [chapter_count] => 311
    [channel_id] => 91006181
    [statistics_day] => 2016-12-18
    [total_income] => 165
    [give_income] => 0
    [income] => 165
    [buckle_income] => 70
    [buckle_coefficient] => 0.58
    [createtime] => 2016-12-26 13:49:35
)
6
66
Array
(
    [id] => 61
    [book_id] => 2014398
    [book_title] => 流氓系统
    [author_name] => 钻石老板凳
    [word_count] => 946815
    [chapter_count] => 311
    [channel_id] => 91006181
    [statistics_year] => 2016
    [statistics_month] => 12
    [total_income] => 165
    [give_income] => 0
    [income] => 165
    [buckle_income] => 71
    [createtime] => 2016-12-26 13:41:44
)
661
6611
Array
(
    [sum_total_income] => 165
    [sum_give_income] => 0
    [sum_income] => 165
    [sum_buckle_income] => 70
)
result=1
7
8
9
book_id=2014401
2
3
4
5
Array
(
    [total_income] => 1054
    [income] => 1054
    [give_income] => 0
    [buckle_income] => 412
    [buckle_coefficient] => 0.61
)
Array
(
    [book_id] => 2014401
    [book_title] => 玩转娱乐圈之潜规则
    [author_name] => 潘小贤
    [word_count] => 1886799
    [chapter_count] => 516
    [channel_id] => 91006181
    [statistics_day] => 2016-12-18
    [total_income] => 1054
    [give_income] => 0
    [income] => 1054
    [buckle_income] => 412
    [buckle_coefficient] => 0.61
    [createtime] => 2016-12-26 13:49:35
)
6
66
Array
(
    [id] => 62
    [book_id] => 2014401
    [book_title] => 玩转娱乐圈之潜规则
    [author_name] => 潘小贤
    [word_count] => 1886799
    [chapter_count] => 516
    [channel_id] => 91006181
    [statistics_year] => 2016
    [statistics_month] => 12
    [total_income] => 1054
    [give_income] => 0
    [income] => 1054
    [buckle_income] => 401
    [createtime] => 2016-12-26 13:41:44
)
661
6611
Array
(
    [sum_total_income] => 1054
    [sum_give_income] => 0
    [sum_income] => 1054
    [sum_buckle_income] => 412
)
result=1
7
8
9
book_id=2014404
2
3
4
5
Array
(
    [total_income] => 8556
    [income] => 7792
    [give_income] => 764
    [buckle_income] => 3337
    [buckle_coefficient] => 0.61
)
Array
(
    [book_id] => 2014404
    [book_title] => 桃花鬼医
    [author_name] => 魅力大叔
    [word_count] => 2202738
    [chapter_count] => 597
    [channel_id] => 91006181
    [statistics_day] => 2016-12-18
    [total_income] => 8556
    [give_income] => 764
    [income] => 7792
    [buckle_income] => 3337
    [buckle_coefficient] => 0.61
    [createtime] => 2016-12-26 13:49:35
)
6
66
Array
(
    [id] => 63
    [book_id] => 2014404
    [book_title] => 桃花鬼医
    [author_name] => 魅力大叔
    [word_count] => 2202738
    [chapter_count] => 597
    [channel_id] => 91006181
    [statistics_year] => 2016
    [statistics_month] => 12
    [total_income] => 8556
    [give_income] => 764
    [income] => 7792
    [buckle_income] => 3851
    [createtime] => 2016-12-26 13:41:44
)
661
6611
Array
(
    [sum_total_income] => 8556
    [sum_give_income] => 764
    [sum_income] => 7792
    [sum_buckle_income] => 3337
)
result=1
7
8
9
book_id=2014408
2
3
4
5
Array
(
    [total_income] => 4888
    [income] => 4505
    [give_income] => 383
    [buckle_income] => 2151
    [buckle_coefficient] => 0.56
)
Array
(
    [book_id] => 2014408
    [book_title] => 超品小农民
    [author_name] => 东方邵康
    [word_count] => 1502974
    [chapter_count] => 451
    [channel_id] => 91006181
    [statistics_day] => 2016-12-18
    [total_income] => 4888
    [give_income] => 383
    [income] => 4505
    [buckle_income] => 2151
    [buckle_coefficient] => 0.56
    [createtime] => 2016-12-26 13:49:35
)
6
66
Array
(
    [id] => 64
    [book_id] => 2014408
    [book_title] => 超品小农民
    [author_name] => 东方邵康
    [word_count] => 1502974
    [chapter_count] => 451
    [channel_id] => 91006181
    [statistics_year] => 2016
    [statistics_month] => 12
    [total_income] => 4888
    [give_income] => 383
    [income] => 4505
    [buckle_income] => 1760
    [createtime] => 2016-12-26 13:41:44
)
661
6611
Array
(
    [sum_total_income] => 4888
    [sum_give_income] => 383
    [sum_income] => 4505
    [sum_buckle_income] => 2151
)
result=1
7
8
9
book_id=2014413
2
3
4
5
Array
(
    [total_income] => 3364
    [income] => 2859
    [give_income] => 505
    [buckle_income] => 1144
    [buckle_coefficient] => 0.66
)
Array
(
    [book_id] => 2014413
    [book_title] => 我的眼睛能透视
    [author_name] => 平地一声雷
    [word_count] => 812556
    [chapter_count] => 278
    [channel_id] => 91006181
    [statistics_day] => 2016-12-18
    [total_income] => 3364
    [give_income] => 505
    [income] => 2859
    [buckle_income] => 1144
    [buckle_coefficient] => 0.66
    [createtime] => 2016-12-26 13:49:36
)
6
66
Array
(
    [id] => 65
    [book_id] => 2014413
    [book_title] => 我的眼睛能透视
    [author_name] => 平地一声雷
    [word_count] => 812556
    [chapter_count] => 278
    [channel_id] => 91006181
    [statistics_year] => 2016
    [statistics_month] => 12
    [total_income] => 3364
    [give_income] => 505
    [income] => 2859
    [buckle_income] => 1279
    [createtime] => 2016-12-26 13:41:44
)
661
6611
Array
(
    [sum_total_income] => 3364
    [sum_give_income] => 505
    [sum_income] => 2859
    [sum_buckle_income] => 1144
)
result=1
7
8
9
book_id=2014422
2
3
4
5
Array
(
    [total_income] => 3016
    [income] => 3016
    [give_income] => 0
    [buckle_income] => 1267
    [buckle_coefficient] => 0.58
)
Array
(
    [book_id] => 2014422
    [book_title] => 极品百媚图
    [author_name] => 胡说大师
    [word_count] => 860224
    [chapter_count] => 417
    [channel_id] => 91006181
    [statistics_day] => 2016-12-18
    [total_income] => 3016
    [give_income] => 0
    [income] => 3016
    [buckle_income] => 1267
    [buckle_coefficient] => 0.58
    [createtime] => 2016-12-26 13:49:36
)
6
66
Array
(
    [id] => 66
    [book_id] => 2014422
    [book_title] => 极品百媚图
    [author_name] => 胡说大师
    [word_count] => 860224
    [chapter_count] => 417
    [channel_id] => 91006181
    [statistics_year] => 2016
    [statistics_month] => 12
    [total_income] => 3016
    [give_income] => 0
    [income] => 3016
    [buckle_income] => 1056
    [createtime] => 2016-12-26 13:41:45
)
661
6611
Array
(
    [sum_total_income] => 3016
    [sum_give_income] => 0
    [sum_income] => 3016
    [sum_buckle_income] => 1267
)
result=1
7
8
9
book_id=2014424
2
3
4
5
Array
(
    [total_income] => 27461
    [income] => 24907
    [give_income] => 2554
    [buckle_income] => 10985
    [buckle_coefficient] => 0.6
)
Array
(
    [book_id] => 2014424
    [book_title] => 超级全能戒指
    [author_name] => 黄河之水
    [word_count] => 888974
    [chapter_count] => 401
    [channel_id] => 91006181
    [statistics_day] => 2016-12-18
    [total_income] => 27461
    [give_income] => 2554
    [income] => 24907
    [buckle_income] => 10985
    [buckle_coefficient] => 0.6
    [createtime] => 2016-12-26 13:49:36
)
6
66
Array
(
    [id] => 67
    [book_id] => 2014424
    [book_title] => 超级全能戒指
    [author_name] => 黄河之水
    [word_count] => 888974
    [chapter_count] => 401
    [channel_id] => 91006181
    [statistics_year] => 2016
    [statistics_month] => 12
    [total_income] => 27461
    [give_income] => 2554
    [income] => 24907
    [buckle_income] => 10161
    [createtime] => 2016-12-26 13:41:45
)
661
6611
Array
(
    [sum_total_income] => 27461
    [sum_give_income] => 2554
    [sum_income] => 24907
    [sum_buckle_income] => 10985
)
result=1
7
8
9
book_id=2014425
2
3
4
5
Array
(
    [total_income] => 30
    [income] => 30
    [give_income] => 0
    [buckle_income] => 12
    [buckle_coefficient] => 0.61
)
Array
(
    [book_id] => 2014425
    [book_title] => 鬼名
    [author_name] => 青山老妖
    [word_count] => 851338
    [chapter_count] => 414
    [channel_id] => 91006181
    [statistics_day] => 2016-12-18
    [total_income] => 30
    [give_income] => 0
    [income] => 30
    [buckle_income] => 12
    [buckle_coefficient] => 0.61
    [createtime] => 2016-12-26 13:49:36
)
6
66
Array
(
    [id] => 68
    [book_id] => 2014425
    [book_title] => 鬼名
    [author_name] => 青山老妖
    [word_count] => 851338
    [chapter_count] => 414
    [channel_id] => 91006181
    [statistics_year] => 2016
    [statistics_month] => 12
    [total_income] => 30
    [give_income] => 0
    [income] => 30
    [buckle_income] => 11
    [createtime] => 2016-12-26 13:41:45
)
661
6611
Array
(
    [sum_total_income] => 30
    [sum_give_income] => 0
    [sum_income] => 30
    [sum_buckle_income] => 12
)
result=1
7
8
9
book_id=2014426
2
3
4
5
Array
(
    [total_income] => 1687
    [income] => 1687
    [give_income] => 0
    [buckle_income] => 658
    [buckle_coefficient] => 0.61
)
Array
(
    [book_id] => 2014426
    [book_title] => 凶案现场
    [author_name] => 月半墙
    [word_count] => 1078525
    [chapter_count] => 337
    [channel_id] => 91006181
    [statistics_day] => 2016-12-18
    [total_income] => 1687
    [give_income] => 0
    [income] => 1687
    [buckle_income] => 658
    [buckle_coefficient] => 0.61
    [createtime] => 2016-12-26 13:49:37
)
6
66
Array
(
    [id] => 69
    [book_id] => 2014426
    [book_title] => 凶案现场
    [author_name] => 月半墙
    [word_count] => 1078525
    [chapter_count] => 337
    [channel_id] => 91006181
    [statistics_year] => 2016
    [statistics_month] => 12
    [total_income] => 1687
    [give_income] => 0
    [income] => 1687
    [buckle_income] => 574
    [createtime] => 2016-12-26 13:41:45
)
661
6611
Array
(
    [sum_total_income] => 1687
    [sum_give_income] => 0
    [sum_income] => 1687
    [sum_buckle_income] => 658
)
result=1
7
8
9
book_id=2014437
2
3
4
5
Array
(
    [total_income] => 124
    [income] => 124
    [give_income] => 0
    [buckle_income] => 46
    [buckle_coefficient] => 0.63
)
Array
(
    [book_id] => 2014437
    [book_title] => 校花老婆爱上我
    [author_name] => 纯洁的地瓜
    [word_count] => 1260716
    [chapter_count] => 558
    [channel_id] => 91006181
    [statistics_day] => 2016-12-18
    [total_income] => 124
    [give_income] => 0
    [income] => 124
    [buckle_income] => 46
    [buckle_coefficient] => 0.63
    [createtime] => 2016-12-26 13:49:37
)
6
66
Array
(
    [id] => 70
    [book_id] => 2014437
    [book_title] => 校花老婆爱上我
    [author_name] => 纯洁的地瓜
    [word_count] => 1260716
    [chapter_count] => 558
    [channel_id] => 91006181
    [statistics_year] => 2016
    [statistics_month] => 12
    [total_income] => 124
    [give_income] => 0
    [income] => 124
    [buckle_income] => 48
    [createtime] => 2016-12-26 13:41:45
)
661
6611
Array
(
    [sum_total_income] => 124
    [sum_give_income] => 0
    [sum_income] => 124
    [sum_buckle_income] => 46
)
result=1
7
8
9
book_id=2014440
2
3
4
5
Array
(
    [total_income] => 330
    [income] => 330
    [give_income] => 0
    [buckle_income] => 129
    [buckle_coefficient] => 0.61
)
Array
(
    [book_id] => 2014440
    [book_title] => 娇辣警花爱上我
    [author_name] => 冰皇傲天
    [word_count] => 1615226
    [chapter_count] => 543
    [channel_id] => 91006181
    [statistics_day] => 2016-12-18
    [total_income] => 330
    [give_income] => 0
    [income] => 330
    [buckle_income] => 129
    [buckle_coefficient] => 0.61
    [createtime] => 2016-12-26 13:49:37
)
6
66
Array
(
    [id] => 71
    [book_id] => 2014440
    [book_title] => 娇辣警花爱上我
    [author_name] => 冰皇傲天
    [word_count] => 1615226
    [chapter_count] => 543
    [channel_id] => 91006181
    [statistics_year] => 2016
    [statistics_month] => 12
    [total_income] => 330
    [give_income] => 0
    [income] => 330
    [buckle_income] => 116
    [createtime] => 2016-12-26 13:41:45
)
661
6611
Array
(
    [sum_total_income] => 330
    [sum_give_income] => 0
    [sum_income] => 330
    [sum_buckle_income] => 129
)
result=1
7
8
9
book_id=2014441
2
3
4
5
Array
(
    [total_income] => 3371
    [income] => 2562
    [give_income] => 809
    [buckle_income] => 1147
    [buckle_coefficient] => 0.66
)
Array
(
    [book_id] => 2014441
    [book_title] => 风水大师混官场
    [author_name] => 鬼鬼
    [word_count] => 1372460
    [chapter_count] => 673
    [channel_id] => 91006181
    [statistics_day] => 2016-12-18
    [total_income] => 3371
    [give_income] => 809
    [income] => 2562
    [buckle_income] => 1147
    [buckle_coefficient] => 0.66
    [createtime] => 2016-12-26 13:49:37
)
6
66
Array
(
    [id] => 72
    [book_id] => 2014441
    [book_title] => 风水大师混官场
    [author_name] => 鬼鬼
    [word_count] => 1372460
    [chapter_count] => 673
    [channel_id] => 91006181
    [statistics_year] => 2016
    [statistics_month] => 12
    [total_income] => 3371
    [give_income] => 809
    [income] => 2562
    [buckle_income] => 1147
    [createtime] => 2016-12-26 13:41:45
)
661
6611
Array
(
    [sum_total_income] => 3371
    [sum_give_income] => 809
    [sum_income] => 2562
    [sum_buckle_income] => 1147
)
result=1
7
8
9
book_id=2014446
2
3
4
5
Array
(
    [total_income] => 1615
    [income] => 1615
    [give_income] => 0
    [buckle_income] => 695
    [buckle_coefficient] => 0.57
)
Array
(
    [book_id] => 2014446
    [book_title] => 湘西诡闻录
    [author_name] => 农夫仙拳
    [word_count] => 1587213
    [chapter_count] => 481
    [channel_id] => 91006181
    [statistics_day] => 2016-12-18
    [total_income] => 1615
    [give_income] => 0
    [income] => 1615
    [buckle_income] => 695
    [buckle_coefficient] => 0.57
    [createtime] => 2016-12-26 13:49:37
)
6
66
Array
(
    [id] => 73
    [book_id] => 2014446
    [book_title] => 湘西诡闻录
    [author_name] => 农夫仙拳
    [word_count] => 1587213
    [chapter_count] => 481
    [channel_id] => 91006181
    [statistics_year] => 2016
    [statistics_month] => 12
    [total_income] => 1615
    [give_income] => 0
    [income] => 1615
    [buckle_income] => 614
    [createtime] => 2016-12-26 13:41:45
)
661
6611
Array
(
    [sum_total_income] => 1615
    [sum_give_income] => 0
    [sum_income] => 1615
    [sum_buckle_income] => 695
)
result=1
7
8
9
book_id=2014449
2
3
4
5
Array
(
    [total_income] => 42212
    [income] => 38115
    [give_income] => 4097
    [buckle_income] => 18996
    [buckle_coefficient] => 0.55
)
Array
(
    [book_id] => 2014449
    [book_title] => 妇科小村医
    [author_name] => 静待成魔
    [word_count] => 1356299
    [chapter_count] => 465
    [channel_id] => 91006181
    [statistics_day] => 2016-12-18
    [total_income] => 42212
    [give_income] => 4097
    [income] => 38115
    [buckle_income] => 18996
    [buckle_coefficient] => 0.55
    [createtime] => 2016-12-26 13:49:37
)
6
66
Array
(
    [id] => 74
    [book_id] => 2014449
    [book_title] => 妇科小村医
    [author_name] => 静待成魔
    [word_count] => 1356299
    [chapter_count] => 465
    [channel_id] => 91006181
    [statistics_year] => 2016
    [statistics_month] => 12
    [total_income] => 42212
    [give_income] => 4097
    [income] => 38115
    [buckle_income] => 16885
    [createtime] => 2016-12-26 13:41:46
)
661
6611
Array
(
    [sum_total_income] => 42212
    [sum_give_income] => 4097
    [sum_income] => 38115
    [sum_buckle_income] => 18996
)
result=1
7
8
9
book_id=2014453
2
3
4
5
Array
(
    [total_income] => 805
    [income] => 641
    [give_income] => 164
    [buckle_income] => 339
    [buckle_coefficient] => 0.58
)
Array
(
    [book_id] => 2014453
    [book_title] => 珠宝大亨追美记
    [author_name] => 拈花一笑
    [word_count] => 1117773
    [chapter_count] => 337
    [channel_id] => 91006181
    [statistics_day] => 2016-12-18
    [total_income] => 805
    [give_income] => 164
    [income] => 641
    [buckle_income] => 339
    [buckle_coefficient] => 0.58
    [createtime] => 2016-12-26 13:49:38
)
6
66
Array
(
    [id] => 75
    [book_id] => 2014453
    [book_title] => 珠宝大亨追美记
    [author_name] => 拈花一笑
    [word_count] => 1117773
    [chapter_count] => 337
    [channel_id] => 91006181
    [statistics_year] => 2016
    [statistics_month] => 12
    [total_income] => 805
    [give_income] => 164
    [income] => 641
    [buckle_income] => 339
    [createtime] => 2016-12-26 13:41:46
)
661
6611
Array
(
    [sum_total_income] => 805
    [sum_give_income] => 164
    [sum_income] => 641
    [sum_buckle_income] => 339
)
result=1
7
8
9
book_id=2014457
2
3
4
5
Array
(
    [total_income] => 7210
    [income] => 6257
    [give_income] => 953
    [buckle_income] => 2957
    [buckle_coefficient] => 0.59
)
Array
(
    [book_id] => 2014457
    [book_title] => 随身带着一亩地
    [author_name] => 我吃大玉米
    [word_count] => 3449500
    [chapter_count] => 1338
    [channel_id] => 91006181
    [statistics_day] => 2016-12-18
    [total_income] => 7210
    [give_income] => 953
    [income] => 6257
    [buckle_income] => 2957
    [buckle_coefficient] => 0.59
    [createtime] => 2016-12-26 13:49:38
)
6
66
Array
(
    [id] => 76
    [book_id] => 2014457
    [book_title] => 随身带着一亩地
    [author_name] => 我吃大玉米
    [word_count] => 3449500
    [chapter_count] => 1338
    [channel_id] => 91006181
    [statistics_year] => 2016
    [statistics_month] => 12
    [total_income] => 7210
    [give_income] => 953
    [income] => 6257
    [buckle_income] => 2740
    [createtime] => 2016-12-26 13:41:46
)
661
6611
Array
(
    [sum_total_income] => 7210
    [sum_give_income] => 953
    [sum_income] => 6257
    [sum_buckle_income] => 2957
)
result=1
7
8
9
book_id=2014460
2
3
4
5
Array
(
    [total_income] => 31393
    [income] => 28375
    [give_income] => 3018
    [buckle_income] => 11930
    [buckle_coefficient] => 0.62
)
Array
(
    [book_id] => 2014460
    [book_title] => 桃运民工
    [author_name] => 狐大仙森
    [word_count] => 3521081
    [chapter_count] => 1104
    [channel_id] => 91006181
    [statistics_day] => 2016-12-18
    [total_income] => 31393
    [give_income] => 3018
    [income] => 28375
    [buckle_income] => 11930
    [buckle_coefficient] => 0.62
    [createtime] => 2016-12-26 13:49:38
)
6
66
Array
(
    [id] => 77
    [book_id] => 2014460
    [book_title] => 桃运民工
    [author_name] => 狐大仙森
    [word_count] => 3521081
    [chapter_count] => 1104
    [channel_id] => 91006181
    [statistics_year] => 2016
    [statistics_month] => 12
    [total_income] => 31393
    [give_income] => 3018
    [income] => 28375
    [buckle_income] => 10674
    [createtime] => 2016-12-26 13:41:46
)
661
6611
Array
(
    [sum_total_income] => 31393
    [sum_give_income] => 3018
    [sum_income] => 28375
    [sum_buckle_income] => 11930
)
result=1
7
8
9
book_id=2014462
2
3
4
5
Array
(
    [total_income] => 73397
    [income] => 67069
    [give_income] => 6328
    [buckle_income] => 28625
    [buckle_coefficient] => 0.61
)
Array
(
    [book_id] => 2014462
    [book_title] => 山村如此多娇
    [author_name] => 云熙堂
    [word_count] => 2215957
    [chapter_count] => 883
    [channel_id] => 91006181
    [statistics_day] => 2016-12-18
    [total_income] => 73397
    [give_income] => 6328
    [income] => 67069
    [buckle_income] => 28625
    [buckle_coefficient] => 0.61
    [createtime] => 2016-12-26 13:49:40
)
6
66
Array
(
    [id] => 78
    [book_id] => 2014462
    [book_title] => 山村如此多娇
    [author_name] => 云熙堂
    [word_count] => 2215957
    [chapter_count] => 883
    [channel_id] => 91006181
    [statistics_year] => 2016
    [statistics_month] => 12
    [total_income] => 73397
    [give_income] => 6328
    [income] => 67069
    [buckle_income] => 27891
    [createtime] => 2016-12-26 13:41:47
)
661
6611
Array
(
    [sum_total_income] => 73397
    [sum_give_income] => 6328
    [sum_income] => 67069
    [sum_buckle_income] => 28625
)
result=1
7
8
9
book_id=2014467
2
3
4
5
Array
(
    [total_income] => 51060
    [income] => 46027
    [give_income] => 5033
    [buckle_income] => 17871
    [buckle_coefficient] => 0.65
)
Array
(
    [book_id] => 2014467
    [book_title] => 亡灵禁地
    [author_name] => 农夫仙拳
    [word_count] => 2316099
    [chapter_count] => 758
    [channel_id] => 91006181
    [statistics_day] => 2016-12-18
    [total_income] => 51060
    [give_income] => 5033
    [income] => 46027
    [buckle_income] => 17871
    [buckle_coefficient] => 0.65
    [createtime] => 2016-12-26 13:49:40
)
6
66
Array
(
    [id] => 79
    [book_id] => 2014467
    [book_title] => 亡灵禁地
    [author_name] => 农夫仙拳
    [word_count] => 2316099
    [chapter_count] => 758
    [channel_id] => 91006181
    [statistics_year] => 2016
    [statistics_month] => 12
    [total_income] => 51060
    [give_income] => 5033
    [income] => 46027
    [buckle_income] => 21446
    [createtime] => 2016-12-26 13:41:47
)
661
6611
Array
(
    [sum_total_income] => 51060
    [sum_give_income] => 5033
    [sum_income] => 46027
    [sum_buckle_income] => 17871
)
result=1
7
8
9
book_id=2014468
2
3
4
5
Array
(
    [total_income] => 314
    [income] => 314
    [give_income] => 0
    [buckle_income] => 129
    [buckle_coefficient] => 0.59
)
Array
(
    [book_id] => 2014468
    [book_title] => 与女神合租的日子
    [author_name] => 狂拽炫酷
    [word_count] => 1166830
    [chapter_count] => 527
    [channel_id] => 91006181
    [statistics_day] => 2016-12-18
    [total_income] => 314
    [give_income] => 0
    [income] => 314
    [buckle_income] => 129
    [buckle_coefficient] => 0.59
    [createtime] => 2016-12-26 13:49:41
)
6
66
Array
(
    [id] => 80
    [book_id] => 2014468
    [book_title] => 与女神合租的日子
    [author_name] => 狂拽炫酷
    [word_count] => 1166830
    [chapter_count] => 527
    [channel_id] => 91006181
    [statistics_year] => 2016
    [statistics_month] => 12
    [total_income] => 314
    [give_income] => 0
    [income] => 314
    [buckle_income] => 123
    [createtime] => 2016-12-26 13:41:47
)
661
6611
Array
(
    [sum_total_income] => 314
    [sum_give_income] => 0
    [sum_income] => 314
    [sum_buckle_income] => 129
)
result=1
7
8
9
book_id=2014471
2
3
4
5
Array
(
    [total_income] => 4516
    [income] => 4156
    [give_income] => 360
    [buckle_income] => 1807
    [buckle_coefficient] => 0.6
)
Array
(
    [book_id] => 2014471
    [book_title] => 合租美女
    [author_name] => 醉夜偶艳
    [word_count] => 5301531
    [chapter_count] => 1693
    [channel_id] => 91006181
    [statistics_day] => 2016-12-18
    [total_income] => 4516
    [give_income] => 360
    [income] => 4156
    [buckle_income] => 1807
    [buckle_coefficient] => 0.6
    [createtime] => 2016-12-26 13:49:41
)
6
66
Array
(
    [id] => 81
    [book_id] => 2014471
    [book_title] => 合租美女
    [author_name] => 醉夜偶艳
    [word_count] => 5301531
    [chapter_count] => 1693
    [channel_id] => 91006181
    [statistics_year] => 2016
    [statistics_month] => 12
    [total_income] => 4516
    [give_income] => 360
    [income] => 4156
    [buckle_income] => 1762
    [createtime] => 2016-12-26 13:41:47
)
661
6611
Array
(
    [sum_total_income] => 4516
    [sum_give_income] => 360
    [sum_income] => 4156
    [sum_buckle_income] => 1807
)
result=1
7
8
9
book_id=2014472
2
3
4
5
Array
(
    [total_income] => 49
    [income] => 49
    [give_income] => 0
    [buckle_income] => 19
    [buckle_coefficient] => 0.62
)
Array
(
    [book_id] => 2014472
    [book_title] => 荒宅怨灵
    [author_name] => 单细胞
    [word_count] => 1189792
    [chapter_count] => 376
    [channel_id] => 91006181
    [statistics_day] => 2016-12-18
    [total_income] => 49
    [give_income] => 0
    [income] => 49
    [buckle_income] => 19
    [buckle_coefficient] => 0.62
    [createtime] => 2016-12-26 13:49:41
)
6
66
Array
(
    [id] => 82
    [book_id] => 2014472
    [book_title] => 荒宅怨灵
    [author_name] => 单细胞
    [word_count] => 1189792
    [chapter_count] => 376
    [channel_id] => 91006181
    [statistics_year] => 2016
    [statistics_month] => 12
    [total_income] => 49
    [give_income] => 0
    [income] => 49
    [buckle_income] => 22
    [createtime] => 2016-12-26 13:41:47
)
661
6611
Array
(
    [sum_total_income] => 49
    [sum_give_income] => 0
    [sum_income] => 49
    [sum_buckle_income] => 19
)
result=1
7
8
9
book_id=2014475
2
3
4
5
Array
(
    [total_income] => 215
    [income] => 0
    [give_income] => 215
    [buckle_income] => 82
    [buckle_coefficient] => 0.62
)
Array
(
    [book_id] => 2014475
    [book_title] => 打工奇谈
    [author_name] => 一口黑锅
    [word_count] => 1341173
    [chapter_count] => 433
    [channel_id] => 91006181
    [statistics_day] => 2016-12-18
    [total_income] => 215
    [give_income] => 215
    [income] => 0
    [buckle_income] => 82
    [buckle_coefficient] => 0.62
    [createtime] => 2016-12-26 13:49:41
)
6
66
Array
(
    [id] => 83
    [book_id] => 2014475
    [book_title] => 打工奇谈
    [author_name] => 一口黑锅
    [word_count] => 1341173
    [chapter_count] => 433
    [channel_id] => 91006181
    [statistics_year] => 2016
    [statistics_month] => 12
    [total_income] => 215
    [give_income] => 215
    [income] => 0
    [buckle_income] => 91
    [createtime] => 2016-12-26 13:41:47
)
661
6611
Array
(
    [sum_total_income] => 215
    [sum_give_income] => 215
    [sum_income] => 0
    [sum_buckle_income] => 82
)
result=1
7
8
9
book_id=2014482
2
3
4
5
Array
(
    [total_income] => 802
    [income] => 802
    [give_income] => 0
    [buckle_income] => 305
    [buckle_coefficient] => 0.62
)
Array
(
    [book_id] => 2014482
    [book_title] => 邪魅总裁：你只配代孕
    [author_name] => 漫妖娆
    [word_count] => 1686473
    [chapter_count] => 623
    [channel_id] => 91006181
    [statistics_day] => 2016-12-18
    [total_income] => 802
    [give_income] => 0
    [income] => 802
    [buckle_income] => 305
    [buckle_coefficient] => 0.62
    [createtime] => 2016-12-26 13:49:41
)
6
66
Array
(
    [id] => 84
    [book_id] => 2014482
    [book_title] => 邪魅总裁：你只配代孕
    [author_name] => 漫妖娆
    [word_count] => 1686473
    [chapter_count] => 623
    [channel_id] => 91006181
    [statistics_year] => 2016
    [statistics_month] => 12
    [total_income] => 802
    [give_income] => 0
    [income] => 802
    [buckle_income] => 345
    [createtime] => 2016-12-26 13:41:47
)
661
6611
Array
(
    [sum_total_income] => 802
    [sum_give_income] => 0
    [sum_income] => 802
    [sum_buckle_income] => 305
)
result=1
7
8
9
book_id=2014483
2
3
4
5
Array
(
    [total_income] => 13213
    [income] => 12293
    [give_income] => 920
    [buckle_income] => 5021
    [buckle_coefficient] => 0.62
)
Array
(
    [book_id] => 2014483
    [book_title] => 花手赌圣
    [author_name] => 玄同
    [word_count] => 2005153
    [chapter_count] => 929
    [channel_id] => 91006181
    [statistics_day] => 2016-12-18
    [total_income] => 13213
    [give_income] => 920
    [income] => 12293
    [buckle_income] => 5021
    [buckle_coefficient] => 0.62
    [createtime] => 2016-12-26 13:49:42
)
6
66
Array
(
    [id] => 85
    [book_id] => 2014483
    [book_title] => 花手赌圣
    [author_name] => 玄同
    [word_count] => 2005153
    [chapter_count] => 929
    [channel_id] => 91006181
    [statistics_year] => 2016
    [statistics_month] => 12
    [total_income] => 13213
    [give_income] => 920
    [income] => 12293
    [buckle_income] => 5286
    [createtime] => 2016-12-26 13:41:48
)
661
6611
Array
(
    [sum_total_income] => 13213
    [sum_give_income] => 920
    [sum_income] => 12293
    [sum_buckle_income] => 5021
)
result=1
7
8
9
book_id=2014488
2
3
4
5
Array
(
    [total_income] => 72
    [income] => 72
    [give_income] => 0
    [buckle_income] => 25
    [buckle_coefficient] => 0.66
)
Array
(
    [book_id] => 2014488
    [book_title] => 花都逍遥游
    [author_name] => 感冒小宝
    [word_count] => 804901
    [chapter_count] => 236
    [channel_id] => 91006181
    [statistics_day] => 2016-12-18
    [total_income] => 72
    [give_income] => 0
    [income] => 72
    [buckle_income] => 25
    [buckle_coefficient] => 0.66
    [createtime] => 2016-12-26 13:49:42
)
6
66
Array
(
    [id] => 86
    [book_id] => 2014488
    [book_title] => 花都逍遥游
    [author_name] => 感冒小宝
    [word_count] => 804901
    [chapter_count] => 236
    [channel_id] => 91006181
    [statistics_year] => 2016
    [statistics_month] => 12
    [total_income] => 72
    [give_income] => 0
    [income] => 72
    [buckle_income] => 26
    [createtime] => 2016-12-26 13:41:48
)
661
6611
Array
(
    [sum_total_income] => 72
    [sum_give_income] => 0
    [sum_income] => 72
    [sum_buckle_income] => 25
)
result=1
7
8
9
channel_id=91029277
book=0
i=8
channel_id=91033284
book=2
i=9
1
book_id=2015757
2
3
4
5
Array
(
    [total_income] => 4894
    [income] => 3815
    [give_income] => 1079
    [buckle_income] => 2203
    [buckle_coefficient] => 0.55
)
Array
(
    [book_id] => 2015757
    [book_title] => 透视之瞳
    [author_name] => 旸谷
    [word_count] => 1823137
    [chapter_count] => 888
    [channel_id] => 91033284
    [statistics_day] => 2016-12-18
    [total_income] => 4894
    [give_income] => 1079
    [income] => 3815
    [buckle_income] => 2203
    [buckle_coefficient] => 0.55
    [createtime] => 2016-12-26 13:49:42
)
6
66
Array
(
    [id] => 87
    [book_id] => 2015757
    [book_title] => 透视之瞳
    [author_name] => 旸谷
    [word_count] => 1823137
    [chapter_count] => 888
    [channel_id] => 91033284
    [statistics_year] => 2016
    [statistics_month] => 12
    [total_income] => 4894
    [give_income] => 1079
    [income] => 3815
    [buckle_income] => 1762
    [createtime] => 2016-12-26 13:41:48
)
661
6611
Array
(
    [sum_total_income] => 4894
    [sum_give_income] => 1079
    [sum_income] => 3815
    [sum_buckle_income] => 2203
)
result=1
7
8
9
book_id=2015785
2
3
4
5
Array
(
    [total_income] => 466
    [income] => 466
    [give_income] => 0
    [buckle_income] => 178
    [buckle_coefficient] => 0.62
)
Array
(
    [book_id] => 2015785
    [book_title] => 美女的超级高手
    [author_name] => 陌上花开
    [word_count] => 3589742
    [chapter_count] => 1643
    [channel_id] => 91033284
    [statistics_day] => 2016-12-18
    [total_income] => 466
    [give_income] => 0
    [income] => 466
    [buckle_income] => 178
    [buckle_coefficient] => 0.62
    [createtime] => 2016-12-26 13:49:42
)
6
66
Array
(
    [id] => 88
    [book_id] => 2015785
    [book_title] => 美女的超级高手
    [author_name] => 陌上花开
    [word_count] => 3589742
    [chapter_count] => 1643
    [channel_id] => 91033284
    [statistics_year] => 2016
    [statistics_month] => 12
    [total_income] => 466
    [give_income] => 0
    [income] => 466
    [buckle_income] => 196
    [createtime] => 2016-12-26 13:41:48
)
661
6611
Array
(
    [sum_total_income] => 466
    [sum_give_income] => 0
    [sum_income] => 466
    [sum_buckle_income] => 178
)
result=1
7
8
9
channel_id=91104074
book=1
i=10
1
book_id=2016697
2
3
4
5
Array
(
    [total_income] => 428
    [income] => 428
    [give_income] => 0
    [buckle_income] => 155
    [buckle_coefficient] => 0.64
)
Array
(
    [book_id] => 2016697
    [book_title] => 腹黑萌宝俏娘亲
    [author_name] => 阿妆
    [word_count] => 938203
    [chapter_count] => 301
    [channel_id] => 91104074
    [statistics_day] => 2016-12-18
    [total_income] => 428
    [give_income] => 0
    [income] => 428
    [buckle_income] => 155
    [buckle_coefficient] => 0.64
    [createtime] => 2016-12-26 13:49:42
)
6
66
Array
(
    [id] => 89
    [book_id] => 2016697
    [book_title] => 腹黑萌宝俏娘亲
    [author_name] => 阿妆
    [word_count] => 938203
    [chapter_count] => 301
    [channel_id] => 91104074
    [statistics_year] => 2016
    [statistics_month] => 12
    [total_income] => 428
    [give_income] => 0
    [income] => 428
    [buckle_income] => 159
    [createtime] => 2016-12-26 13:41:48
)
661
6611
Array
(
    [sum_total_income] => 428
    [sum_give_income] => 0
    [sum_income] => 428
    [sum_buckle_income] => 155
)
result=1
7
8
9
channel_id=91200264
book=0
i=11
channel_id=0
book=241
i=12
1
book_id=311
2
3
4
5
Array
(
    [total_income] => 21
    [income] => 21
    [give_income] => 0
    [buckle_income] => 15
    [buckle_coefficient] => 0.33
)
Array
(
    [book_id] => 311
    [book_title] => 兽之幻想
    [author_name] => 月色花前酒
    [word_count] => 171169
    [chapter_count] => 82
    [channel_id] => 0
    [statistics_day] => 2016-12-18
    [total_income] => 21
    [give_income] => 0
    [income] => 21
    [buckle_income] => 15
    [buckle_coefficient] => 0.33
    [createtime] => 2016-12-26 13:49:50
)
6
66
Array
(
    [id] => 90
    [book_id] => 311
    [book_title] => 兽之幻想
    [author_name] => 月色花前酒
    [word_count] => 171169
    [chapter_count] => 82
    [channel_id] => 0
    [statistics_year] => 2016
    [statistics_month] => 12
    [total_income] => 21
    [give_income] => 0
    [income] => 21
    [buckle_income] => 15
    [createtime] => 2016-12-26 13:41:56
)
661
6611
Array
(
    [sum_total_income] => 21
    [sum_give_income] => 0
    [sum_income] => 21
    [sum_buckle_income] => 15
)
result=1
7
8
9
book_id=11898
2
3
4
5
Array
(
    [total_income] => 1060
    [income] => 1060
    [give_income] => 0
    [buckle_income] => 393
    [buckle_coefficient] => 0.63
)
Array
(
    [book_id] => 11898
    [book_title] => 邪路英雄
    [author_name] => 深海游龙
    [word_count] => 1090448
    [chapter_count] => 408
    [channel_id] => 0
    [statistics_day] => 2016-12-18
    [total_income] => 1060
    [give_income] => 0
    [income] => 1060
    [buckle_income] => 393
    [buckle_coefficient] => 0.63
    [createtime] => 2016-12-26 13:49:51
)
6
66
Array
(
    [id] => 91
    [book_id] => 11898
    [book_title] => 邪路英雄
    [author_name] => 深海游龙
    [word_count] => 1090448
    [chapter_count] => 408
    [channel_id] => 0
    [statistics_year] => 2016
    [statistics_month] => 12
    [total_income] => 1060
    [give_income] => 0
    [income] => 1060
    [buckle_income] => 435
    [createtime] => 2016-12-26 13:41:56
)
661
6611
Array
(
    [sum_total_income] => 1060
    [sum_give_income] => 0
    [sum_income] => 1060
    [sum_buckle_income] => 393
)
result=1
7
8
9
book_id=12881
2
3
4
5
Array
(
    [total_income] => 5045
    [income] => 5045
    [give_income] => 0
    [buckle_income] => 2271
    [buckle_coefficient] => 0.55
)
Array
(
    [book_id] => 12881
    [book_title] => 美女图
    [author_name] => 我是多余人
    [word_count] => 6875897
    [chapter_count] => 2528
    [channel_id] => 0
    [statistics_day] => 2016-12-18
    [total_income] => 5045
    [give_income] => 0
    [income] => 5045
    [buckle_income] => 2271
    [buckle_coefficient] => 0.55
    [createtime] => 2016-12-26 13:49:51
)
6
66
Array
(
    [id] => 92
    [book_id] => 12881
    [book_title] => 美女图
    [author_name] => 我是多余人
    [word_count] => 6875897
    [chapter_count] => 2528
    [channel_id] => 0
    [statistics_year] => 2016
    [statistics_month] => 12
    [total_income] => 5045
    [give_income] => 0
    [income] => 5045
    [buckle_income] => 1716
    [createtime] => 2016-12-26 13:41:57
)
661
6611
Array
(
    [sum_total_income] => 5045
    [sum_give_income] => 0
    [sum_income] => 5045
    [sum_buckle_income] => 2271
)
result=1
7
8
9
book_id=15556
2
3
4
5
Array
(
    [total_income] => 67
    [income] => 55
    [give_income] => 12
    [buckle_income] => 27
    [buckle_coefficient] => 0.61
)
Array
(
    [book_id] => 15556
    [book_title] => 害羞的王者
    [author_name] => 海南小小蟋蟀
    [word_count] => 1048503
    [chapter_count] => 408
    [channel_id] => 0
    [statistics_day] => 2016-12-18
    [total_income] => 67
    [give_income] => 12
    [income] => 55
    [buckle_income] => 27
    [buckle_coefficient] => 0.61
    [createtime] => 2016-12-26 13:49:51
)
6
66
Array
(
    [id] => 93
    [book_id] => 15556
    [book_title] => 害羞的王者
    [author_name] => 海南小小蟋蟀
    [word_count] => 1048503
    [chapter_count] => 408
    [channel_id] => 0
    [statistics_year] => 2016
    [statistics_month] => 12
    [total_income] => 67
    [give_income] => 12
    [income] => 55
    [buckle_income] => 26
    [createtime] => 2016-12-26 13:41:57
)
661
6611
Array
(
    [sum_total_income] => 67
    [sum_give_income] => 12
    [sum_income] => 55
    [sum_buckle_income] => 27
)
result=1
7
8
9
book_id=15684
2
3
4
5
Array
(
    [total_income] => 12775
    [income] => 11697
    [give_income] => 1078
    [buckle_income] => 5494
    [buckle_coefficient] => 0.57
)
Array
(
    [book_id] => 15684
    [book_title] => 都市第一混
    [author_name] => 飘逸居士
    [word_count] => 1093140
    [chapter_count] => 487
    [channel_id] => 0
    [statistics_day] => 2016-12-18
    [total_income] => 12775
    [give_income] => 1078
    [income] => 11697
    [buckle_income] => 5494
    [buckle_coefficient] => 0.57
    [createtime] => 2016-12-26 13:49:51
)
6
66
Array
(
    [id] => 94
    [book_id] => 15684
    [book_title] => 都市第一混
    [author_name] => 飘逸居士
    [word_count] => 1093140
    [chapter_count] => 487
    [channel_id] => 0
    [statistics_year] => 2016
    [statistics_month] => 12
    [total_income] => 12775
    [give_income] => 1078
    [income] => 11697
    [buckle_income] => 5110
    [createtime] => 2016-12-26 13:41:57
)
661
6611
Array
(
    [sum_total_income] => 12775
    [sum_give_income] => 1078
    [sum_income] => 11697
    [sum_buckle_income] => 5494
)
result=1
7
8
9
book_id=19345
2
3
4
5
Array
(
    [total_income] => 24
    [income] => 24
    [give_income] => 0
    [buckle_income] => 11
    [buckle_coefficient] => 0.56
)
Array
(
    [book_id] => 19345
    [book_title] => 打工妹杨兰的爱情故事
    [author_name] => 秋水伊人1
    [word_count] => 1107202
    [chapter_count] => 452
    [channel_id] => 0
    [statistics_day] => 2016-12-18
    [total_income] => 24
    [give_income] => 0
    [income] => 24
    [buckle_income] => 11
    [buckle_coefficient] => 0.56
    [createtime] => 2016-12-26 13:49:51
)
6
66
Array
(
    [id] => 95
    [book_id] => 19345
    [book_title] => 打工妹杨兰的爱情故事
    [author_name] => 秋水伊人1
    [word_count] => 1107202
    [chapter_count] => 452
    [channel_id] => 0
    [statistics_year] => 2016
    [statistics_month] => 12
    [total_income] => 24
    [give_income] => 0
    [income] => 24
    [buckle_income] => 9
    [createtime] => 2016-12-26 13:41:57
)
661
6611
Array
(
    [sum_total_income] => 24
    [sum_give_income] => 0
    [sum_income] => 24
    [sum_buckle_income] => 11
)
result=1
7
8
9
book_id=20717
2
3
4
5
Array
(
    [total_income] => 17388
    [income] => 16089
    [give_income] => 1299
    [buckle_income] => 6782
    [buckle_coefficient] => 0.61
)
Array
(
    [book_id] => 20717
    [book_title] => 极品纨绔
    [author_name] => 左妻右妾
    [word_count] => 3573297
    [chapter_count] => 1162
    [channel_id] => 0
    [statistics_day] => 2016-12-18
    [total_income] => 17388
    [give_income] => 1299
    [income] => 16089
    [buckle_income] => 6782
    [buckle_coefficient] => 0.61
    [createtime] => 2016-12-26 13:49:51
)
6
66
Array
(
    [id] => 96
    [book_id] => 20717
    [book_title] => 极品纨绔
    [author_name] => 左妻右妾
    [word_count] => 3573297
    [chapter_count] => 1162
    [channel_id] => 0
    [statistics_year] => 2016
    [statistics_month] => 12
    [total_income] => 17388
    [give_income] => 1299
    [income] => 16089
    [buckle_income] => 7477
    [createtime] => 2016-12-26 13:41:57
)
661
6611
Array
(
    [sum_total_income] => 17388
    [sum_give_income] => 1299
    [sum_income] => 16089
    [sum_buckle_income] => 6782
)
result=1
7
8
9
book_id=20721
2
3
4
5
Array
(
    [total_income] => 35
    [income] => 0
    [give_income] => 35
    [buckle_income] => 14
    [buckle_coefficient] => 0.61
)
Array
(
    [book_id] => 20721
    [book_title] => 穿越时空再续情缘
    [author_name] => 楓之幻想
    [word_count] => 1854280
    [chapter_count] => 888
    [channel_id] => 0
    [statistics_day] => 2016-12-18
    [total_income] => 35
    [give_income] => 35
    [income] => 0
    [buckle_income] => 14
    [buckle_coefficient] => 0.61
    [createtime] => 2016-12-26 13:49:51
)
6
66
Array
(
    [id] => 97
    [book_id] => 20721
    [book_title] => 穿越时空再续情缘
    [author_name] => 楓之幻想
    [word_count] => 1854280
    [chapter_count] => 888
    [channel_id] => 0
    [statistics_year] => 2016
    [statistics_month] => 12
    [total_income] => 35
    [give_income] => 35
    [income] => 0
    [buckle_income] => 15
    [createtime] => 2016-12-26 13:41:57
)
661
6611
Array
(
    [sum_total_income] => 35
    [sum_give_income] => 35
    [sum_income] => 0
    [sum_buckle_income] => 14
)
result=1
7
8
9
book_id=21616
2
3
4
5
Array
(
    [total_income] => 32401
    [income] => 30420
    [give_income] => 1981
    [buckle_income] => 12313
    [buckle_coefficient] => 0.62
)
Array
(
    [book_id] => 21616
    [book_title] => 极品戒指
    [author_name] => 不是蚊子
    [word_count] => 5525581
    [chapter_count] => 1804
    [channel_id] => 0
    [statistics_day] => 2016-12-18
    [total_income] => 32401
    [give_income] => 1981
    [income] => 30420
    [buckle_income] => 12313
    [buckle_coefficient] => 0.62
    [createtime] => 2016-12-26 13:49:52
)
6
66
Array
(
    [id] => 98
    [book_id] => 21616
    [book_title] => 极品戒指
    [author_name] => 不是蚊子
    [word_count] => 5525581
    [chapter_count] => 1804
    [channel_id] => 0
    [statistics_year] => 2016
    [statistics_month] => 12
    [total_income] => 32401
    [give_income] => 1981
    [income] => 30420
    [buckle_income] => 12961
    [createtime] => 2016-12-26 13:41:57
)
661
6611
Array
(
    [sum_total_income] => 32401
    [sum_give_income] => 1981
    [sum_income] => 30420
    [sum_buckle_income] => 12313
)
result=1
7
8
9
book_id=23860
2
3
4
5
Array
(
    [total_income] => 388
    [income] => 388
    [give_income] => 0
    [buckle_income] => 175
    [buckle_coefficient] => 0.55
)
Array
(
    [book_id] => 23860
    [book_title] => 九阳邪君
    [author_name] => 小妖
    [word_count] => 3921190
    [chapter_count] => 1461
    [channel_id] => 0
    [statistics_day] => 2016-12-18
    [total_income] => 388
    [give_income] => 0
    [income] => 388
    [buckle_income] => 175
    [buckle_coefficient] => 0.55
    [createtime] => 2016-12-26 13:49:52
)
6
66
Array
(
    [id] => 99
    [book_id] => 23860
    [book_title] => 九阳邪君
    [author_name] => 小妖
    [word_count] => 3921190
    [chapter_count] => 1461
    [channel_id] => 0
    [statistics_year] => 2016
    [statistics_month] => 12
    [total_income] => 388
    [give_income] => 0
    [income] => 388
    [buckle_income] => 171
    [createtime] => 2016-12-26 13:41:57
)
661
6611
Array
(
    [sum_total_income] => 388
    [sum_give_income] => 0
    [sum_income] => 388
    [sum_buckle_income] => 175
)
result=1
7
8
9
book_id=25056
2
3
4
5
Array
(
    [total_income] => 2181
    [income] => 2181
    [give_income] => 0
    [buckle_income] => 982
    [buckle_coefficient] => 0.55
)
Array
(
    [book_id] => 25056
    [book_title] => 皇后很萌很倾城
    [author_name] => 一缕相思
    [word_count] => 516017
    [chapter_count] => 238
    [channel_id] => 0
    [statistics_day] => 2016-12-18
    [total_income] => 2181
    [give_income] => 0
    [income] => 2181
    [buckle_income] => 982
    [buckle_coefficient] => 0.55
    [createtime] => 2016-12-26 13:49:52
)
6
66
Array
(
    [id] => 100
    [book_id] => 25056
    [book_title] => 皇后很萌很倾城
    [author_name] => 一缕相思
    [word_count] => 516017
    [chapter_count] => 238
    [channel_id] => 0
    [statistics_year] => 2016
    [statistics_month] => 12
    [total_income] => 2181
    [give_income] => 0
    [income] => 2181
    [buckle_income] => 895
    [createtime] => 2016-12-26 13:41:58
)
661
6611
Array
(
    [sum_total_income] => 2181
    [sum_give_income] => 0
    [sum_income] => 2181
    [sum_buckle_income] => 982
)
result=1
7
8
9
book_id=25404
2
3
4
5
Array
(
    [total_income] => 227
    [income] => 227
    [give_income] => 0
    [buckle_income] => 96
    [buckle_coefficient] => 0.58
)
Array
(
    [book_id] => 25404
    [book_title] => 抗战之红色军神
    [author_name] => 心上雪
    [word_count] => 1320181
    [chapter_count] => 424
    [channel_id] => 0
    [statistics_day] => 2016-12-18
    [total_income] => 227
    [give_income] => 0
    [income] => 227
    [buckle_income] => 96
    [buckle_coefficient] => 0.58
    [createtime] => 2016-12-26 13:49:52
)
6
66
Array
(
    [id] => 101
    [book_id] => 25404
    [book_title] => 抗战之红色军神
    [author_name] => 心上雪
    [word_count] => 1320181
    [chapter_count] => 424
    [channel_id] => 0
    [statistics_year] => 2016
    [statistics_month] => 12
    [total_income] => 227
    [give_income] => 0
    [income] => 227
    [buckle_income] => 100
    [createtime] => 2016-12-26 13:41:58
)
661
6611
Array
(
    [sum_total_income] => 227
    [sum_give_income] => 0
    [sum_income] => 227
    [sum_buckle_income] => 96
)
result=1
7
8
9
book_id=25415
2
3
4
5
Array
(
    [total_income] => 59929
    [income] => 55491
    [give_income] => 4438
    [buckle_income] => 22774
    [buckle_coefficient] => 0.62
)
Array
(
    [book_id] => 25415
    [book_title] => 贴身保安
    [author_name] => 深海游龙
    [word_count] => 5254889
    [chapter_count] => 1722
    [channel_id] => 0
    [statistics_day] => 2016-12-18
    [total_income] => 59929
    [give_income] => 4438
    [income] => 55491
    [buckle_income] => 22774
    [buckle_coefficient] => 0.62
    [createtime] => 2016-12-26 13:49:53
)
6
66
Array
(
    [id] => 102
    [book_id] => 25415
    [book_title] => 贴身保安
    [author_name] => 深海游龙
    [word_count] => 5254889
    [chapter_count] => 1722
    [channel_id] => 0
    [statistics_year] => 2016
    [statistics_month] => 12
    [total_income] => 59929
    [give_income] => 4438
    [income] => 55491
    [buckle_income] => 26969
    [createtime] => 2016-12-26 13:41:58
)
661
6611
Array
(
    [sum_total_income] => 59929
    [sum_give_income] => 4438
    [sum_income] => 55491
    [sum_buckle_income] => 22774
)
result=1
7
8
9
book_id=26064
2
3
4
5
Array
(
    [total_income] => 181
    [income] => 181
    [give_income] => 0
    [buckle_income] => 62
    [buckle_coefficient] => 0.66
)
Array
(
    [book_id] => 26064
    [book_title] => 极品眼镜
    [author_name] => 福月
    [word_count] => 671262
    [chapter_count] => 225
    [channel_id] => 0
    [statistics_day] => 2016-12-18
    [total_income] => 181
    [give_income] => 0
    [income] => 181
    [buckle_income] => 62
    [buckle_coefficient] => 0.66
    [createtime] => 2016-12-26 13:49:53
)
6
66
Array
(
    [id] => 103
    [book_id] => 26064
    [book_title] => 极品眼镜
    [author_name] => 福月
    [word_count] => 671262
    [chapter_count] => 225
    [channel_id] => 0
    [statistics_year] => 2016
    [statistics_month] => 12
    [total_income] => 181
    [give_income] => 0
    [income] => 181
    [buckle_income] => 77
    [createtime] => 2016-12-26 13:41:58
)
661
6611
Array
(
    [sum_total_income] => 181
    [sum_give_income] => 0
    [sum_income] => 181
    [sum_buckle_income] => 62
)
result=1
7
8
9
book_id=26985
2
3
4
5
Array
(
    [total_income] => 1445
    [income] => 1428
    [give_income] => 17
    [buckle_income] => 564
    [buckle_coefficient] => 0.61
)
Array
(
    [book_id] => 26985
    [book_title] => 美女的花心护卫
    [author_name] => 风岚
    [word_count] => 3024837
    [chapter_count] => 981
    [channel_id] => 0
    [statistics_day] => 2016-12-18
    [total_income] => 1445
    [give_income] => 17
    [income] => 1428
    [buckle_income] => 564
    [buckle_coefficient] => 0.61
    [createtime] => 2016-12-26 13:49:53
)
6
66
Array
(
    [id] => 104
    [book_id] => 26985
    [book_title] => 美女的花心护卫
    [author_name] => 风岚
    [word_count] => 3024837
    [chapter_count] => 981
    [channel_id] => 0
    [statistics_year] => 2016
    [statistics_month] => 12
    [total_income] => 1445
    [give_income] => 17
    [income] => 1428
    [buckle_income] => 521
    [createtime] => 2016-12-26 13:41:59
)
661
6611
Array
(
    [sum_total_income] => 1445
    [sum_give_income] => 17
    [sum_income] => 1428
    [sum_buckle_income] => 564
)
result=1
7
8
9
book_id=27464
2
3
4
5
Array
(
    [total_income] => 694
    [income] => 694
    [give_income] => 0
    [buckle_income] => 257
    [buckle_coefficient] => 0.63
)
Array
(
    [book_id] => 27464
    [book_title] => 超级囚徒
    [author_name] => 码字小神
    [word_count] => 2166001
    [chapter_count] => 700
    [channel_id] => 0
    [statistics_day] => 2016-12-18
    [total_income] => 694
    [give_income] => 0
    [income] => 694
    [buckle_income] => 257
    [buckle_coefficient] => 0.63
    [createtime] => 2016-12-26 13:49:53
)
6
66
Array
(
    [id] => 105
    [book_id] => 27464
    [book_title] => 超级囚徒
    [author_name] => 码字小神
    [word_count] => 2166001
    [chapter_count] => 700
    [channel_id] => 0
    [statistics_year] => 2016
    [statistics_month] => 12
    [total_income] => 694
    [give_income] => 0
    [income] => 694
    [buckle_income] => 278
    [createtime] => 2016-12-26 13:41:59
)
661
6611
Array
(
    [sum_total_income] => 694
    [sum_give_income] => 0
    [sum_income] => 694
    [sum_buckle_income] => 257
)
result=1
7
8
9
book_id=27482
2
3
4
5
Array
(
    [total_income] => 154635
    [income] => 138290
    [give_income] => 16345
    [buckle_income] => 64947
    [buckle_coefficient] => 0.58
)
Array
(
    [book_id] => 27482
    [book_title] => 超级保安
    [author_name] => 杨老三
    [word_count] => 2233005
    [chapter_count] => 722
    [channel_id] => 0
    [statistics_day] => 2016-12-18
    [total_income] => 154635
    [give_income] => 16345
    [income] => 138290
    [buckle_income] => 64947
    [buckle_coefficient] => 0.58
    [createtime] => 2016-12-26 13:49:54
)
6
66
Array
(
    [id] => 106
    [book_id] => 27482
    [book_title] => 超级保安
    [author_name] => 杨老三
    [word_count] => 2233005
    [chapter_count] => 722
    [channel_id] => 0
    [statistics_year] => 2016
    [statistics_month] => 12
    [total_income] => 154635
    [give_income] => 16345
    [income] => 138290
    [buckle_income] => 58762
    [createtime] => 2016-12-26 13:41:59
)
661
6611
Array
(
    [sum_total_income] => 154635
    [sum_give_income] => 16345
    [sum_income] => 138290
    [sum_buckle_income] => 64947
)
result=1
7
8
9
book_id=27631
2
3
4
5
Array
(
    [total_income] => 29751
    [income] => 26003
    [give_income] => 3748
    [buckle_income] => 10413
    [buckle_coefficient] => 0.65
)
Array
(
    [book_id] => 27631
    [book_title] => 我的美女姐妹花
    [author_name] => 宁道远
    [word_count] => 2942611
    [chapter_count] => 962
    [channel_id] => 0
    [statistics_day] => 2016-12-18
    [total_income] => 29751
    [give_income] => 3748
    [income] => 26003
    [buckle_income] => 10413
    [buckle_coefficient] => 0.65
    [createtime] => 2016-12-26 13:49:54
)
6
66
Array
(
    [id] => 107
    [book_id] => 27631
    [book_title] => 我的美女姐妹花
    [author_name] => 宁道远
    [word_count] => 2942611
    [chapter_count] => 962
    [channel_id] => 0
    [statistics_year] => 2016
    [statistics_month] => 12
    [total_income] => 29751
    [give_income] => 3748
    [income] => 26003
    [buckle_income] => 12198
    [createtime] => 2016-12-26 13:41:59
)
661
6611
Array
(
    [sum_total_income] => 29751
    [sum_give_income] => 3748
    [sum_income] => 26003
    [sum_buckle_income] => 10413
)
result=1
7
8
9
book_id=27666
2
3
4
5
Array
(
    [total_income] => 1691
    [income] => 1691
    [give_income] => 0
    [buckle_income] => 694
    [buckle_coefficient] => 0.59
)
Array
(
    [book_id] => 27666
    [book_title] => 冰山首席PK替嫁新娘
    [author_name] => 四舍五入
    [word_count] => 2174163
    [chapter_count] => 704
    [channel_id] => 0
    [statistics_day] => 2016-12-18
    [total_income] => 1691
    [give_income] => 0
    [income] => 1691
    [buckle_income] => 694
    [buckle_coefficient] => 0.59
    [createtime] => 2016-12-26 13:49:54
)
6
66
Array
(
    [id] => 108
    [book_id] => 27666
    [book_title] => 冰山首席PK替嫁新娘
    [author_name] => 四舍五入
    [word_count] => 2174163
    [chapter_count] => 704
    [channel_id] => 0
    [statistics_year] => 2016
    [statistics_month] => 12
    [total_income] => 1691
    [give_income] => 0
    [income] => 1691
    [buckle_income] => 677
    [createtime] => 2016-12-26 13:42:00
)
661
6611
Array
(
    [sum_total_income] => 1691
    [sum_give_income] => 0
    [sum_income] => 1691
    [sum_buckle_income] => 694
)
result=1
7
8
9
book_id=27898
2
3
4
5
Array
(
    [total_income] => 22207
    [income] => 20184
    [give_income] => 2023
    [buckle_income] => 7995
    [buckle_coefficient] => 0.64
)
Array
(
    [book_id] => 27898
    [book_title] => 巨枭
    [author_name] => 步非凡
    [word_count] => 1827344
    [chapter_count] => 561
    [channel_id] => 0
    [statistics_day] => 2016-12-18
    [total_income] => 22207
    [give_income] => 2023
    [income] => 20184
    [buckle_income] => 7995
    [buckle_coefficient] => 0.64
    [createtime] => 2016-12-26 13:49:54
)
6
66
Array
(
    [id] => 109
    [book_id] => 27898
    [book_title] => 巨枭
    [author_name] => 步非凡
    [word_count] => 1827344
    [chapter_count] => 561
    [channel_id] => 0
    [statistics_year] => 2016
    [statistics_month] => 12
    [total_income] => 22207
    [give_income] => 2023
    [income] => 20184
    [buckle_income] => 9550
    [createtime] => 2016-12-26 13:42:00
)
661
6611
Array
(
    [sum_total_income] => 22207
    [sum_give_income] => 2023
    [sum_income] => 20184
    [sum_buckle_income] => 7995
)
result=1
7
8
9
book_id=28192
2
3
4
5
Array
(
    [total_income] => 591
    [income] => 431
    [give_income] => 160
    [buckle_income] => 219
    [buckle_coefficient] => 0.63
)
Array
(
    [book_id] => 28192
    [book_title] => 少年魔神
    [author_name] => 周大少
    [word_count] => 5137462
    [chapter_count] => 1634
    [channel_id] => 0
    [statistics_day] => 2016-12-18
    [total_income] => 591
    [give_income] => 160
    [income] => 431
    [buckle_income] => 219
    [buckle_coefficient] => 0.63
    [createtime] => 2016-12-26 13:49:55
)
6
66
Array
(
    [id] => 110
    [book_id] => 28192
    [book_title] => 少年魔神
    [author_name] => 周大少
    [word_count] => 5137462
    [chapter_count] => 1634
    [channel_id] => 0
    [statistics_year] => 2016
    [statistics_month] => 12
    [total_income] => 591
    [give_income] => 160
    [income] => 431
    [buckle_income] => 225
    [createtime] => 2016-12-26 13:42:00
)
661
6611
Array
(
    [sum_total_income] => 591
    [sum_give_income] => 160
    [sum_income] => 431
    [sum_buckle_income] => 219
)
result=1
7
8
9
book_id=28332
2
3
4
5
Array
(
    [total_income] => 12286
    [income] => 9550
    [give_income] => 2736
    [buckle_income] => 4546
    [buckle_coefficient] => 0.63
)
Array
(
    [book_id] => 28332
    [book_title] => 都市寻美记
    [author_name] => 忘记一些
    [word_count] => 2502407
    [chapter_count] => 772
    [channel_id] => 0
    [statistics_day] => 2016-12-18
    [total_income] => 12286
    [give_income] => 2736
    [income] => 9550
    [buckle_income] => 4546
    [buckle_coefficient] => 0.63
    [createtime] => 2016-12-26 13:49:55
)
6
66
Array
(
    [id] => 111
    [book_id] => 28332
    [book_title] => 都市寻美记
    [author_name] => 忘记一些
    [word_count] => 2502407
    [chapter_count] => 772
    [channel_id] => 0
    [statistics_year] => 2016
    [statistics_month] => 12
    [total_income] => 12286
    [give_income] => 2736
    [income] => 9550
    [buckle_income] => 4178
    [createtime] => 2016-12-26 13:42:00
)
661
6611
Array
(
    [sum_total_income] => 12286
    [sum_give_income] => 2736
    [sum_income] => 9550
    [sum_buckle_income] => 4546
)
result=1
7
8
9
book_id=28983
2
3
4
5
Array
(
    [total_income] => 19111
    [income] => 17008
    [give_income] => 2103
    [buckle_income] => 8027
    [buckle_coefficient] => 0.58
)
Array
(
    [book_id] => 28983
    [book_title] => 一夜欢恋：霸上恶首席
    [author_name] => 七喜丸子
    [word_count] => 1476805
    [chapter_count] => 467
    [channel_id] => 0
    [statistics_day] => 2016-12-18
    [total_income] => 19111
    [give_income] => 2103
    [income] => 17008
    [buckle_income] => 8027
    [buckle_coefficient] => 0.58
    [createtime] => 2016-12-26 13:49:55
)
6
66
Array
(
    [id] => 112
    [book_id] => 28983
    [book_title] => 一夜欢恋：霸上恶首席
    [author_name] => 七喜丸子
    [word_count] => 1476805
    [chapter_count] => 467
    [channel_id] => 0
    [statistics_year] => 2016
    [statistics_month] => 12
    [total_income] => 19111
    [give_income] => 2103
    [income] => 17008
    [buckle_income] => 6880
    [createtime] => 2016-12-26 13:42:00
)
661
6611
Array
(
    [sum_total_income] => 19111
    [sum_give_income] => 2103
    [sum_income] => 17008
    [sum_buckle_income] => 8027
)
result=1
7
8
9
book_id=29487
2
3
4
5
Array
(
    [total_income] => 581
    [income] => 581
    [give_income] => 0
    [buckle_income] => 239
    [buckle_coefficient] => 0.59
)
Array
(
    [book_id] => 29487
    [book_title] => 我的妖孽小姨子
    [author_name] => 怒马照云
    [word_count] => 1807159
    [chapter_count] => 567
    [channel_id] => 0
    [statistics_day] => 2016-12-18
    [total_income] => 581
    [give_income] => 0
    [income] => 581
    [buckle_income] => 239
    [buckle_coefficient] => 0.59
    [createtime] => 2016-12-26 13:49:55
)
6
66
Array
(
    [id] => 113
    [book_id] => 29487
    [book_title] => 我的妖孽小姨子
    [author_name] => 怒马照云
    [word_count] => 1807159
    [chapter_count] => 567
    [channel_id] => 0
    [statistics_year] => 2016
    [statistics_month] => 12
    [total_income] => 581
    [give_income] => 0
    [income] => 581
    [buckle_income] => 204
    [createtime] => 2016-12-26 13:42:00
)
661
6611
Array
(
    [sum_total_income] => 581
    [sum_give_income] => 0
    [sum_income] => 581
    [sum_buckle_income] => 239
)
result=1
7
8
9
book_id=29786
2
3
4
5
Array
(
    [total_income] => 9933
    [income] => 8630
    [give_income] => 1303
    [buckle_income] => 4073
    [buckle_coefficient] => 0.59
)
Array
(
    [book_id] => 29786
    [book_title] => 美女公寓
    [author_name] => 明日复明日
    [word_count] => 5244184
    [chapter_count] => 1707
    [channel_id] => 0
    [statistics_day] => 2016-12-18
    [total_income] => 9933
    [give_income] => 1303
    [income] => 8630
    [buckle_income] => 4073
    [buckle_coefficient] => 0.59
    [createtime] => 2016-12-26 13:49:55
)
6
66
Array
(
    [id] => 114
    [book_id] => 29786
    [book_title] => 美女公寓
    [author_name] => 明日复明日
    [word_count] => 5244184
    [chapter_count] => 1707
    [channel_id] => 0
    [statistics_year] => 2016
    [statistics_month] => 12
    [total_income] => 9933
    [give_income] => 1303
    [income] => 8630
    [buckle_income] => 4172
    [createtime] => 2016-12-26 13:42:00
)
661
6611
Array
(
    [sum_total_income] => 9933
    [sum_give_income] => 1303
    [sum_income] => 8630
    [sum_buckle_income] => 4073
)
result=1
7
8
9
book_id=29983
2
3
4
5
Array
(
    [total_income] => 157
    [income] => 157
    [give_income] => 0
    [buckle_income] => 54
    [buckle_coefficient] => 0.66
)
Array
(
    [book_id] => 29983
    [book_title] => 野蛮合租
    [author_name] => 一丝不苟
    [word_count] => 2106695
    [chapter_count] => 682
    [channel_id] => 0
    [statistics_day] => 2016-12-18
    [total_income] => 157
    [give_income] => 0
    [income] => 157
    [buckle_income] => 54
    [buckle_coefficient] => 0.66
    [createtime] => 2016-12-26 13:49:55
)
6
66
Array
(
    [id] => 115
    [book_id] => 29983
    [book_title] => 野蛮合租
    [author_name] => 一丝不苟
    [word_count] => 2106695
    [chapter_count] => 682
    [channel_id] => 0
    [statistics_year] => 2016
    [statistics_month] => 12
    [total_income] => 157
    [give_income] => 0
    [income] => 157
    [buckle_income] => 54
    [createtime] => 2016-12-26 13:42:00
)
661
6611
Array
(
    [sum_total_income] => 157
    [sum_give_income] => 0
    [sum_income] => 157
    [sum_buckle_income] => 54
)
result=1
7
8
9
book_id=30354
2
3
4
5
Array
(
    [total_income] => 1364
    [income] => 1304
    [give_income] => 60
    [buckle_income] => 464
    [buckle_coefficient] => 0.66
)
Array
(
    [book_id] => 30354
    [book_title] => 只手遮天
    [author_name] => 东航
    [word_count] => 1358694
    [chapter_count] => 438
    [channel_id] => 0
    [statistics_day] => 2016-12-18
    [total_income] => 1364
    [give_income] => 60
    [income] => 1304
    [buckle_income] => 464
    [buckle_coefficient] => 0.66
    [createtime] => 2016-12-26 13:49:55
)
6
66
Array
(
    [id] => 116
    [book_id] => 30354
    [book_title] => 只手遮天
    [author_name] => 东航
    [word_count] => 1358694
    [chapter_count] => 438
    [channel_id] => 0
    [statistics_year] => 2016
    [statistics_month] => 12
    [total_income] => 1364
    [give_income] => 60
    [income] => 1304
    [buckle_income] => 573
    [createtime] => 2016-12-26 13:42:00
)
661
6611
Array
(
    [sum_total_income] => 1364
    [sum_give_income] => 60
    [sum_income] => 1304
    [sum_buckle_income] => 464
)
result=1
7
8
9
book_id=30378
2
3
4
5
Array
(
    [total_income] => 1380
    [income] => 816
    [give_income] => 564
    [buckle_income] => 580
    [buckle_coefficient] => 0.58
)
Array
(
    [book_id] => 30378
    [book_title] => 天命邪君
    [author_name] => 紫衣封侯
    [word_count] => 1245680
    [chapter_count] => 395
    [channel_id] => 0
    [statistics_day] => 2016-12-18
    [total_income] => 1380
    [give_income] => 564
    [income] => 816
    [buckle_income] => 580
    [buckle_coefficient] => 0.58
    [createtime] => 2016-12-26 13:49:55
)
6
66
Array
(
    [id] => 117
    [book_id] => 30378
    [book_title] => 天命邪君
    [author_name] => 紫衣封侯
    [word_count] => 1245680
    [chapter_count] => 395
    [channel_id] => 0
    [statistics_year] => 2016
    [statistics_month] => 12
    [total_income] => 1380
    [give_income] => 564
    [income] => 816
    [buckle_income] => 608
    [createtime] => 2016-12-26 13:42:01
)
661
6611
Array
(
    [sum_total_income] => 1380
    [sum_give_income] => 564
    [sum_income] => 816
    [sum_buckle_income] => 580
)
result=1
7
8
9
book_id=30741
2
3
4
5
Array
(
    [total_income] => 44
    [income] => 44
    [give_income] => 0
    [buckle_income] => 20
    [buckle_coefficient] => 0.55
)
Array
(
    [book_id] => 30741
    [book_title] => 野店
    [author_name] => 闻松听涛
    [word_count] => 2262234
    [chapter_count] => 728
    [channel_id] => 0
    [statistics_day] => 2016-12-18
    [total_income] => 44
    [give_income] => 0
    [income] => 44
    [buckle_income] => 20
    [buckle_coefficient] => 0.55
    [createtime] => 2016-12-26 13:49:55
)
6
66
Array
(
    [id] => 118
    [book_id] => 30741
    [book_title] => 野店
    [author_name] => 闻松听涛
    [word_count] => 2262234
    [chapter_count] => 728
    [channel_id] => 0
    [statistics_year] => 2016
    [statistics_month] => 12
    [total_income] => 44
    [give_income] => 0
    [income] => 44
    [buckle_income] => 17
    [createtime] => 2016-12-26 13:42:01
)
661
6611
Array
(
    [sum_total_income] => 44
    [sum_give_income] => 0
    [sum_income] => 44
    [sum_buckle_income] => 20
)
result=1
7
8
9
book_id=30997
2
3
4
5
Array
(
    [total_income] => 22682
    [income] => 20984
    [give_income] => 1698
    [buckle_income] => 8846
    [buckle_coefficient] => 0.61
)
Array
(
    [book_id] => 30997
    [book_title] => 御用特工
    [author_name] => 花生是米
    [word_count] => 5664525
    [chapter_count] => 2038
    [channel_id] => 0
    [statistics_day] => 2016-12-18
    [total_income] => 22682
    [give_income] => 1698
    [income] => 20984
    [buckle_income] => 8846
    [buckle_coefficient] => 0.61
    [createtime] => 2016-12-26 13:49:56
)
6
66
Array
(
    [id] => 119
    [book_id] => 30997
    [book_title] => 御用特工
    [author_name] => 花生是米
    [word_count] => 5664525
    [chapter_count] => 2038
    [channel_id] => 0
    [statistics_year] => 2016
    [statistics_month] => 12
    [total_income] => 22682
    [give_income] => 1698
    [income] => 20984
    [buckle_income] => 8620
    [createtime] => 2016-12-26 13:42:01
)
661
6611
Array
(
    [sum_total_income] => 22682
    [sum_give_income] => 1698
    [sum_income] => 20984
    [sum_buckle_income] => 8846
)
result=1
7
8
9
book_id=31272
2
3
4
5
Array
(
    [total_income] => 959
    [income] => 959
    [give_income] => 0
    [buckle_income] => 432
    [buckle_coefficient] => 0.55
)
Array
(
    [book_id] => 31272
    [book_title] => 养个猫妖当老婆
    [author_name] => 茶楼小二
    [word_count] => 1650518
    [chapter_count] => 534
    [channel_id] => 0
    [statistics_day] => 2016-12-18
    [total_income] => 959
    [give_income] => 0
    [income] => 959
    [buckle_income] => 432
    [buckle_coefficient] => 0.55
    [createtime] => 2016-12-26 13:49:56
)
6
66
Array
(
    [id] => 120
    [book_id] => 31272
    [book_title] => 养个猫妖当老婆
    [author_name] => 茶楼小二
    [word_count] => 1650518
    [chapter_count] => 534
    [channel_id] => 0
    [statistics_year] => 2016
    [statistics_month] => 12
    [total_income] => 959
    [give_income] => 0
    [income] => 959
    [buckle_income] => 346
    [createtime] => 2016-12-26 13:42:01
)
661
6611
Array
(
    [sum_total_income] => 959
    [sum_give_income] => 0
    [sum_income] => 959
    [sum_buckle_income] => 432
)
result=1
7
8
9
book_id=31666
2
3
4
5
Array
(
    [total_income] => 1359
    [income] => 975
    [give_income] => 384
    [buckle_income] => 612
    [buckle_coefficient] => 0.55
)
Array
(
    [book_id] => 31666
    [book_title] => 魔仙弑神
    [author_name] => 冷光月
    [word_count] => 3859190
    [chapter_count] => 1253
    [channel_id] => 0
    [statistics_day] => 2016-12-18
    [total_income] => 1359
    [give_income] => 384
    [income] => 975
    [buckle_income] => 612
    [buckle_coefficient] => 0.55
    [createtime] => 2016-12-26 13:49:56
)
6
66
Array
(
    [id] => 121
    [book_id] => 31666
    [book_title] => 魔仙弑神
    [author_name] => 冷光月
    [word_count] => 3859190
    [chapter_count] => 1253
    [channel_id] => 0
    [statistics_year] => 2016
    [statistics_month] => 12
    [total_income] => 1359
    [give_income] => 384
    [income] => 975
    [buckle_income] => 503
    [createtime] => 2016-12-26 13:42:01
)
661
6611
Array
(
    [sum_total_income] => 1359
    [sum_give_income] => 384
    [sum_income] => 975
    [sum_buckle_income] => 612
)
result=1
7
8
9
book_id=31769
2
3
4
5
Array
(
    [total_income] => 9654
    [income] => 8558
    [give_income] => 1096
    [buckle_income] => 4055
    [buckle_coefficient] => 0.58
)
Array
(
    [book_id] => 31769
    [book_title] => 神控天下
    [author_name] => 我本纯洁
    [word_count] => 5418640
    [chapter_count] => 1746
    [channel_id] => 0
    [statistics_day] => 2016-12-18
    [total_income] => 9654
    [give_income] => 1096
    [income] => 8558
    [buckle_income] => 4055
    [buckle_coefficient] => 0.58
    [createtime] => 2016-12-26 13:49:56
)
6
66
Array
(
    [id] => 122
    [book_id] => 31769
    [book_title] => 神控天下
    [author_name] => 我本纯洁
    [word_count] => 5418640
    [chapter_count] => 1746
    [channel_id] => 0
    [statistics_year] => 2016
    [statistics_month] => 12
    [total_income] => 9654
    [give_income] => 1096
    [income] => 8558
    [buckle_income] => 4345
    [createtime] => 2016-12-26 13:42:01
)
661
6611
Array
(
    [sum_total_income] => 9654
    [sum_give_income] => 1096
    [sum_income] => 8558
    [sum_buckle_income] => 4055
)
result=1
7
8
9
book_id=37234
2
3
4
5
Array
(
    [total_income] => 16
    [income] => 16
    [give_income] => 0
    [buckle_income] => 11
    [buckle_coefficient] => 0.34
)
Array
(
    [book_id] => 37234
    [book_title] => 灵怪笔录
    [author_name] => 染血鬼手
    [word_count] => 1962544
    [chapter_count] => 704
    [channel_id] => 0
    [statistics_day] => 2016-12-18
    [total_income] => 16
    [give_income] => 0
    [income] => 16
    [buckle_income] => 11
    [buckle_coefficient] => 0.34
    [createtime] => 2016-12-26 13:49:56
)
6
66
Array
(
    [id] => 123
    [book_id] => 37234
    [book_title] => 灵怪笔录
    [author_name] => 染血鬼手
    [word_count] => 1962544
    [chapter_count] => 704
    [channel_id] => 0
    [statistics_year] => 2016
    [statistics_month] => 12
    [total_income] => 16
    [give_income] => 0
    [income] => 16
    [buckle_income] => 10
    [createtime] => 2016-12-26 13:42:01
)
661
6611
Array
(
    [sum_total_income] => 16
    [sum_give_income] => 0
    [sum_income] => 16
    [sum_buckle_income] => 11
)
result=1
7
8
9
book_id=37501
2
3
4
5
Array
(
    [total_income] => 1927
    [income] => 1927
    [give_income] => 0
    [buckle_income] => 733
    [buckle_coefficient] => 0.62
)
Array
(
    [book_id] => 37501
    [book_title] => 贴身妖孽
    [author_name] => 唐箫
    [word_count] => 2273678
    [chapter_count] => 730
    [channel_id] => 0
    [statistics_day] => 2016-12-18
    [total_income] => 1927
    [give_income] => 0
    [income] => 1927
    [buckle_income] => 733
    [buckle_coefficient] => 0.62
    [createtime] => 2016-12-26 13:49:56
)
6
66
Array
(
    [id] => 124
    [book_id] => 37501
    [book_title] => 贴身妖孽
    [author_name] => 唐箫
    [word_count] => 2273678
    [chapter_count] => 730
    [channel_id] => 0
    [statistics_year] => 2016
    [statistics_month] => 12
    [total_income] => 1927
    [give_income] => 0
    [income] => 1927
    [buckle_income] => 810
    [createtime] => 2016-12-26 13:42:01
)
661
6611
Array
(
    [sum_total_income] => 1927
    [sum_give_income] => 0
    [sum_income] => 1927
    [sum_buckle_income] => 733
)
result=1
7
8
9
book_id=37882
2
3
4
5
Array
(
    [total_income] => 304
    [income] => 304
    [give_income] => 0
    [buckle_income] => 119
    [buckle_coefficient] => 0.61
)
Array
(
    [book_id] => 37882
    [book_title] => 血狼
    [author_name] => 我爱123
    [word_count] => 1203725
    [chapter_count] => 366
    [channel_id] => 0
    [statistics_day] => 2016-12-18
    [total_income] => 304
    [give_income] => 0
    [income] => 304
    [buckle_income] => 119
    [buckle_coefficient] => 0.61
    [createtime] => 2016-12-26 13:49:56
)
6
66
Array
(
    [id] => 125
    [book_id] => 37882
    [book_title] => 血狼
    [author_name] => 我爱123
    [word_count] => 1203725
    [chapter_count] => 366
    [channel_id] => 0
    [statistics_year] => 2016
    [statistics_month] => 12
    [total_income] => 304
    [give_income] => 0
    [income] => 304
    [buckle_income] => 119
    [createtime] => 2016-12-26 13:42:01
)
661
6611
Array
(
    [sum_total_income] => 304
    [sum_give_income] => 0
    [sum_income] => 304
    [sum_buckle_income] => 119
)
result=1
7
8
9
book_id=38438
2
3
4
5
Array
(
    [total_income] => 361
    [income] => 226
    [give_income] => 135
    [buckle_income] => 152
    [buckle_coefficient] => 0.58
)
Array
(
    [book_id] => 38438
    [book_title] => 狂仙弑神
    [author_name] => 泪似雨
    [word_count] => 1825576
    [chapter_count] => 594
    [channel_id] => 0
    [statistics_day] => 2016-12-18
    [total_income] => 361
    [give_income] => 135
    [income] => 226
    [buckle_income] => 152
    [buckle_coefficient] => 0.58
    [createtime] => 2016-12-26 13:49:57
)
6
66
Array
(
    [id] => 126
    [book_id] => 38438
    [book_title] => 狂仙弑神
    [author_name] => 泪似雨
    [word_count] => 1825576
    [chapter_count] => 594
    [channel_id] => 0
    [statistics_year] => 2016
    [statistics_month] => 12
    [total_income] => 361
    [give_income] => 135
    [income] => 226
    [buckle_income] => 141
    [createtime] => 2016-12-26 13:42:02
)
661
6611
Array
(
    [sum_total_income] => 361
    [sum_give_income] => 135
    [sum_income] => 226
    [sum_buckle_income] => 152
)
result=1
7
8
9
book_id=38756
2
3
4
5
Array
(
    [total_income] => 2581
    [income] => 1895
    [give_income] => 686
    [buckle_income] => 1136
    [buckle_coefficient] => 0.56
)
Array
(
    [book_id] => 38756
    [book_title] => 楼兰诅咒
    [author_name] => 千羽兮
    [word_count] => 1097023
    [chapter_count] => 350
    [channel_id] => 0
    [statistics_day] => 2016-12-18
    [total_income] => 2581
    [give_income] => 686
    [income] => 1895
    [buckle_income] => 1136
    [buckle_coefficient] => 0.56
    [createtime] => 2016-12-26 13:49:57
)
6
66
Array
(
    [id] => 127
    [book_id] => 38756
    [book_title] => 楼兰诅咒
    [author_name] => 千羽兮
    [word_count] => 1097023
    [chapter_count] => 350
    [channel_id] => 0
    [statistics_year] => 2016
    [statistics_month] => 12
    [total_income] => 2581
    [give_income] => 686
    [income] => 1895
    [buckle_income] => 1007
    [createtime] => 2016-12-26 13:42:02
)
661
6611
Array
(
    [sum_total_income] => 2581
    [sum_give_income] => 686
    [sum_income] => 1895
    [sum_buckle_income] => 1136
)
result=1
7
8
9
book_id=40058
2
3
4
5
Array
(
    [total_income] => 2845
    [income] => 2785
    [give_income] => 60
    [buckle_income] => 1281
    [buckle_coefficient] => 0.55
)
Array
(
    [book_id] => 40058
    [book_title] => 校花的极品保镖
    [author_name] => 军用刺刀
    [word_count] => 862585
    [chapter_count] => 282
    [channel_id] => 0
    [statistics_day] => 2016-12-18
    [total_income] => 2845
    [give_income] => 60
    [income] => 2785
    [buckle_income] => 1281
    [buckle_coefficient] => 0.55
    [createtime] => 2016-12-26 13:49:57
)
6
66
Array
(
    [id] => 128
    [book_id] => 40058
    [book_title] => 校花的极品保镖
    [author_name] => 军用刺刀
    [word_count] => 862585
    [chapter_count] => 282
    [channel_id] => 0
    [statistics_year] => 2016
    [statistics_month] => 12
    [total_income] => 2845
    [give_income] => 60
    [income] => 2785
    [buckle_income] => 996
    [createtime] => 2016-12-26 13:42:02
)
661
6611
Array
(
    [sum_total_income] => 2845
    [sum_give_income] => 60
    [sum_income] => 2785
    [sum_buckle_income] => 1281
)
result=1
7
8
9
book_id=42360
2
3
4
5
Array
(
    [total_income] => 6945
    [income] => 6199
    [give_income] => 746
    [buckle_income] => 2431
    [buckle_coefficient] => 0.65
)
Array
(
    [book_id] => 42360
    [book_title] => 医世无双
    [author_name] => 夏一流
    [word_count] => 4315367
    [chapter_count] => 1493
    [channel_id] => 0
    [statistics_day] => 2016-12-18
    [total_income] => 6945
    [give_income] => 746
    [income] => 6199
    [buckle_income] => 2431
    [buckle_coefficient] => 0.65
    [createtime] => 2016-12-26 13:49:57
)
6
66
Array
(
    [id] => 129
    [book_id] => 42360
    [book_title] => 医世无双
    [author_name] => 夏一流
    [word_count] => 4315367
    [chapter_count] => 1493
    [channel_id] => 0
    [statistics_year] => 2016
    [statistics_month] => 12
    [total_income] => 6945
    [give_income] => 746
    [income] => 6199
    [buckle_income] => 3126
    [createtime] => 2016-12-26 13:42:02
)
661
6611
Array
(
    [sum_total_income] => 6945
    [sum_give_income] => 746
    [sum_income] => 6199
    [sum_buckle_income] => 2431
)
result=1
7
8
9
book_id=43896
2
3
4
5
Array
(
    [total_income] => 11103
    [income] => 10176
    [give_income] => 927
    [buckle_income] => 4775
    [buckle_coefficient] => 0.57
)
Array
(
    [book_id] => 43896
    [book_title] => 我的美女养成计划
    [author_name] => 一言生死与卿同
    [word_count] => 976172
    [chapter_count] => 314
    [channel_id] => 0
    [statistics_day] => 2016-12-18
    [total_income] => 11103
    [give_income] => 927
    [income] => 10176
    [buckle_income] => 4775
    [buckle_coefficient] => 0.57
    [createtime] => 2016-12-26 13:49:57
)
6
66
Array
(
    [id] => 130
    [book_id] => 43896
    [book_title] => 我的美女养成计划
    [author_name] => 一言生死与卿同
    [word_count] => 976172
    [chapter_count] => 314
    [channel_id] => 0
    [statistics_year] => 2016
    [statistics_month] => 12
    [total_income] => 11103
    [give_income] => 927
    [income] => 10176
    [buckle_income] => 4109
    [createtime] => 2016-12-26 13:42:02
)
661
6611
Array
(
    [sum_total_income] => 11103
    [sum_give_income] => 927
    [sum_income] => 10176
    [sum_buckle_income] => 4775
)
result=1
7
8
9
book_id=45010
2
3
4
5
Array
(
    [total_income] => 13405
    [income] => 12460
    [give_income] => 945
    [buckle_income] => 6033
    [buckle_coefficient] => 0.55
)
Array
(
    [book_id] => 45010
    [book_title] => 极品老板娘
    [author_name] => 杨老三
    [word_count] => 3522225
    [chapter_count] => 1211
    [channel_id] => 0
    [statistics_day] => 2016-12-18
    [total_income] => 13405
    [give_income] => 945
    [income] => 12460
    [buckle_income] => 6033
    [buckle_coefficient] => 0.55
    [createtime] => 2016-12-26 13:49:57
)
6
66
Array
(
    [id] => 131
    [book_id] => 45010
    [book_title] => 极品老板娘
    [author_name] => 杨老三
    [word_count] => 3522225
    [chapter_count] => 1211
    [channel_id] => 0
    [statistics_year] => 2016
    [statistics_month] => 12
    [total_income] => 13405
    [give_income] => 945
    [income] => 12460
    [buckle_income] => 5631
    [createtime] => 2016-12-26 13:42:02
)
661
6611
Array
(
    [sum_total_income] => 13405
    [sum_give_income] => 945
    [sum_income] => 12460
    [sum_buckle_income] => 6033
)
result=1
7
8
9
book_id=46868
2
3
4
5
Array
(
    [total_income] => 185
    [income] => 25
    [give_income] => 160
    [buckle_income] => 80
    [buckle_coefficient] => 0.57
)
Array
(
    [book_id] => 46868
    [book_title] => 盛宠小辣妈
    [author_name] => 七喜丸子
    [word_count] => 900805
    [chapter_count] => 462
    [channel_id] => 0
    [statistics_day] => 2016-12-18
    [total_income] => 185
    [give_income] => 160
    [income] => 25
    [buckle_income] => 80
    [buckle_coefficient] => 0.57
    [createtime] => 2016-12-26 13:49:57
)
6
66
Array
(
    [id] => 132
    [book_id] => 46868
    [book_title] => 盛宠小辣妈
    [author_name] => 七喜丸子
    [word_count] => 900805
    [chapter_count] => 462
    [channel_id] => 0
    [statistics_year] => 2016
    [statistics_month] => 12
    [total_income] => 185
    [give_income] => 160
    [income] => 25
    [buckle_income] => 80
    [createtime] => 2016-12-26 13:42:02
)
661
6611
Array
(
    [sum_total_income] => 185
    [sum_give_income] => 160
    [sum_income] => 25
    [sum_buckle_income] => 80
)
result=1
7
8
9
book_id=46983
2
3
4
5
Array
(
    [total_income] => 2757
    [income] => 2341
    [give_income] => 416
    [buckle_income] => 993
    [buckle_coefficient] => 0.64
)
Array
(
    [book_id] => 46983
    [book_title] => 偷心攻略
    [author_name] => 粘叶不湿身
    [word_count] => 1367768
    [chapter_count] => 407
    [channel_id] => 0
    [statistics_day] => 2016-12-18
    [total_income] => 2757
    [give_income] => 416
    [income] => 2341
    [buckle_income] => 993
    [buckle_coefficient] => 0.64
    [createtime] => 2016-12-26 13:49:57
)
6
66
Array
(
    [id] => 133
    [book_id] => 46983
    [book_title] => 偷心攻略
    [author_name] => 粘叶不湿身
    [word_count] => 1367768
    [chapter_count] => 407
    [channel_id] => 0
    [statistics_year] => 2016
    [statistics_month] => 12
    [total_income] => 2757
    [give_income] => 416
    [income] => 2341
    [buckle_income] => 1021
    [createtime] => 2016-12-26 13:42:02
)
661
6611
Array
(
    [sum_total_income] => 2757
    [sum_give_income] => 416
    [sum_income] => 2341
    [sum_buckle_income] => 993
)
result=1
7
8
9
book_id=47062
2
3
4
5
Array
(
    [total_income] => 561
    [income] => 561
    [give_income] => 0
    [buckle_income] => 253
    [buckle_coefficient] => 0.55
)
Array
(
    [book_id] => 47062
    [book_title] => 本宫很狂很低调
    [author_name] => 盛瑟王子
    [word_count] => 1300695
    [chapter_count] => 549
    [channel_id] => 0
    [statistics_day] => 2016-12-18
    [total_income] => 561
    [give_income] => 0
    [income] => 561
    [buckle_income] => 253
    [buckle_coefficient] => 0.55
    [createtime] => 2016-12-26 13:49:57
)
6
66
Array
(
    [id] => 134
    [book_id] => 47062
    [book_title] => 本宫很狂很低调
    [author_name] => 盛瑟王子
    [word_count] => 1300695
    [chapter_count] => 549
    [channel_id] => 0
    [statistics_year] => 2016
    [statistics_month] => 12
    [total_income] => 561
    [give_income] => 0
    [income] => 561
    [buckle_income] => 219
    [createtime] => 2016-12-26 13:42:02
)
661
6611
Array
(
    [sum_total_income] => 561
    [sum_give_income] => 0
    [sum_income] => 561
    [sum_buckle_income] => 253
)
result=1
7
8
9
book_id=47398
2
3
4
5
Array
(
    [total_income] => 18998
    [income] => 17569
    [give_income] => 1429
    [buckle_income] => 7030
    [buckle_coefficient] => 0.63
)
Array
(
    [book_id] => 47398
    [book_title] => 妙手狂医
    [author_name] => 大肚鱼
    [word_count] => 5378544
    [chapter_count] => 1726
    [channel_id] => 0
    [statistics_day] => 2016-12-18
    [total_income] => 18998
    [give_income] => 1429
    [income] => 17569
    [buckle_income] => 7030
    [buckle_coefficient] => 0.63
    [createtime] => 2016-12-26 13:49:58
)
6
66
Array
(
    [id] => 135
    [book_id] => 47398
    [book_title] => 妙手狂医
    [author_name] => 大肚鱼
    [word_count] => 5378544
    [chapter_count] => 1726
    [channel_id] => 0
    [statistics_year] => 2016
    [statistics_month] => 12
    [total_income] => 18998
    [give_income] => 1429
    [income] => 17569
    [buckle_income] => 6460
    [createtime] => 2016-12-26 13:42:03
)
661
6611
Array
(
    [sum_total_income] => 18998
    [sum_give_income] => 1429
    [sum_income] => 17569
    [sum_buckle_income] => 7030
)
result=1
7
8
9
book_id=48522
2
3
4
5
Array
(
    [total_income] => 13346
    [income] => 11606
    [give_income] => 1740
    [buckle_income] => 5205
    [buckle_coefficient] => 0.61
)
Array
(
    [book_id] => 48522
    [book_title] => 凤唳九天
    [author_name] => 晓云
    [word_count] => 1573469
    [chapter_count] => 666
    [channel_id] => 0
    [statistics_day] => 2016-12-18
    [total_income] => 13346
    [give_income] => 1740
    [income] => 11606
    [buckle_income] => 5205
    [buckle_coefficient] => 0.61
    [createtime] => 2016-12-26 13:49:58
)
6
66
Array
(
    [id] => 136
    [book_id] => 48522
    [book_title] => 凤唳九天
    [author_name] => 晓云
    [word_count] => 1573469
    [chapter_count] => 666
    [channel_id] => 0
    [statistics_year] => 2016
    [statistics_month] => 12
    [total_income] => 13346
    [give_income] => 1740
    [income] => 11606
    [buckle_income] => 5739
    [createtime] => 2016-12-26 13:42:03
)
661
6611
Array
(
    [sum_total_income] => 13346
    [sum_give_income] => 1740
    [sum_income] => 11606
    [sum_buckle_income] => 5205
)
result=1
7
8
9
book_id=48826
2
3
4
5
Array
(
    [total_income] => 610
    [income] => 520
    [give_income] => 90
    [buckle_income] => 257
    [buckle_coefficient] => 0.58
)
Array
(
    [book_id] => 48826
    [book_title] => 都市特种兵
    [author_name] => 无冬夜
    [word_count] => 5926348
    [chapter_count] => 2177
    [channel_id] => 0
    [statistics_day] => 2016-12-18
    [total_income] => 610
    [give_income] => 90
    [income] => 520
    [buckle_income] => 257
    [buckle_coefficient] => 0.58
    [createtime] => 2016-12-26 13:49:58
)
6
66
Array
(
    [id] => 137
    [book_id] => 48826
    [book_title] => 都市特种兵
    [author_name] => 无冬夜
    [word_count] => 5926348
    [chapter_count] => 2177
    [channel_id] => 0
    [statistics_year] => 2016
    [statistics_month] => 12
    [total_income] => 610
    [give_income] => 90
    [income] => 520
    [buckle_income] => 263
    [createtime] => 2016-12-26 13:42:03
)
661
6611
Array
(
    [sum_total_income] => 610
    [sum_give_income] => 90
    [sum_income] => 520
    [sum_buckle_income] => 257
)
result=1
7
8
9
book_id=49451
2
3
4
5
Array
(
    [total_income] => 9708
    [income] => 7864
    [give_income] => 1844
    [buckle_income] => 3787
    [buckle_coefficient] => 0.61
)
Array
(
    [book_id] => 49451
    [book_title] => 暗夜绝宠
    [author_name] => 齐成琨
    [word_count] => 1153586
    [chapter_count] => 532
    [channel_id] => 0
    [statistics_day] => 2016-12-18
    [total_income] => 9708
    [give_income] => 1844
    [income] => 7864
    [buckle_income] => 3787
    [buckle_coefficient] => 0.61
    [createtime] => 2016-12-26 13:49:58
)
6
66
Array
(
    [id] => 138
    [book_id] => 49451
    [book_title] => 暗夜绝宠
    [author_name] => 齐成琨
    [word_count] => 1153586
    [chapter_count] => 532
    [channel_id] => 0
    [statistics_year] => 2016
    [statistics_month] => 12
    [total_income] => 9708
    [give_income] => 1844
    [income] => 7864
    [buckle_income] => 3981
    [createtime] => 2016-12-26 13:42:03
)
661
6611
Array
(
    [sum_total_income] => 9708
    [sum_give_income] => 1844
    [sum_income] => 7864
    [sum_buckle_income] => 3787
)
result=1
7
8
9
book_id=50260
2
3
4
5
Array
(
    [total_income] => 19381
    [income] => 17745
    [give_income] => 1636
    [buckle_income] => 6784
    [buckle_coefficient] => 0.65
)
Array
(
    [book_id] => 50260
    [book_title] => 步步青云
    [author_name] => 飘逸居士
    [word_count] => 3142546
    [chapter_count] => 1163
    [channel_id] => 0
    [statistics_day] => 2016-12-18
    [total_income] => 19381
    [give_income] => 1636
    [income] => 17745
    [buckle_income] => 6784
    [buckle_coefficient] => 0.65
    [createtime] => 2016-12-26 13:49:58
)
6
66
Array
(
    [id] => 139
    [book_id] => 50260
    [book_title] => 步步青云
    [author_name] => 飘逸居士
    [word_count] => 3142546
    [chapter_count] => 1163
    [channel_id] => 0
    [statistics_year] => 2016
    [statistics_month] => 12
    [total_income] => 19381
    [give_income] => 1636
    [income] => 17745
    [buckle_income] => 7365
    [createtime] => 2016-12-26 13:42:03
)
661
6611
Array
(
    [sum_total_income] => 19381
    [sum_give_income] => 1636
    [sum_income] => 17745
    [sum_buckle_income] => 6784
)
result=1
7
8
9
book_id=50701
2
3
4
5
Array
(
    [total_income] => 1301
    [income] => 1301
    [give_income] => 0
    [buckle_income] => 573
    [buckle_coefficient] => 0.56
)
Array
(
    [book_id] => 50701
    [book_title] => 枕上婚爱
    [author_name] => 微凉
    [word_count] => 2051551
    [chapter_count] => 621
    [channel_id] => 0
    [statistics_day] => 2016-12-18
    [total_income] => 1301
    [give_income] => 0
    [income] => 1301
    [buckle_income] => 573
    [buckle_coefficient] => 0.56
    [createtime] => 2016-12-26 13:49:59
)
6
66
Array
(
    [id] => 140
    [book_id] => 50701
    [book_title] => 枕上婚爱
    [author_name] => 微凉
    [word_count] => 2051551
    [chapter_count] => 621
    [channel_id] => 0
    [statistics_year] => 2016
    [statistics_month] => 12
    [total_income] => 1301
    [give_income] => 0
    [income] => 1301
    [buckle_income] => 534
    [createtime] => 2016-12-26 13:42:03
)
661
6611
Array
(
    [sum_total_income] => 1301
    [sum_give_income] => 0
    [sum_income] => 1301
    [sum_buckle_income] => 573
)
result=1
7
8
9
book_id=50764
2
3
4
5
Array
(
    [total_income] => 5902
    [income] => 4950
    [give_income] => 952
    [buckle_income] => 2479
    [buckle_coefficient] => 0.58
)
Array
(
    [book_id] => 50764
    [book_title] => 凤霸天下：狼皇警妃
    [author_name] => 紫苏1
    [word_count] => 738021
    [chapter_count] => 221
    [channel_id] => 0
    [statistics_day] => 2016-12-18
    [total_income] => 5902
    [give_income] => 952
    [income] => 4950
    [buckle_income] => 2479
    [buckle_coefficient] => 0.58
    [createtime] => 2016-12-26 13:49:59
)
6
66
Array
(
    [id] => 141
    [book_id] => 50764
    [book_title] => 凤霸天下：狼皇警妃
    [author_name] => 紫苏1
    [word_count] => 738021
    [chapter_count] => 221
    [channel_id] => 0
    [statistics_year] => 2016
    [statistics_month] => 12
    [total_income] => 5902
    [give_income] => 952
    [income] => 4950
    [buckle_income] => 2007
    [createtime] => 2016-12-26 13:42:04
)
661
6611
Array
(
    [sum_total_income] => 5902
    [sum_give_income] => 952
    [sum_income] => 4950
    [sum_buckle_income] => 2479
)
result=1
7
8
9
book_id=51564
2
3
4
5
Array
(
    [total_income] => 2652
    [income] => 2652
    [give_income] => 0
    [buckle_income] => 1008
    [buckle_coefficient] => 0.62
)
Array
(
    [book_id] => 51564
    [book_title] => 女总裁的全能保镖
    [author_name] => 桃子卖没了
    [word_count] => 1599549
    [chapter_count] => 501
    [channel_id] => 0
    [statistics_day] => 2016-12-18
    [total_income] => 2652
    [give_income] => 0
    [income] => 2652
    [buckle_income] => 1008
    [buckle_coefficient] => 0.62
    [createtime] => 2016-12-26 13:49:59
)
6
66
Array
(
    [id] => 142
    [book_id] => 51564
    [book_title] => 女总裁的全能保镖
    [author_name] => 桃子卖没了
    [word_count] => 1599549
    [chapter_count] => 501
    [channel_id] => 0
    [statistics_year] => 2016
    [statistics_month] => 12
    [total_income] => 2652
    [give_income] => 0
    [income] => 2652
    [buckle_income] => 1008
    [createtime] => 2016-12-26 13:42:04
)
661
6611
Array
(
    [sum_total_income] => 2652
    [sum_give_income] => 0
    [sum_income] => 2652
    [sum_buckle_income] => 1008
)
result=1
7
8
9
book_id=52572
2
3
4
5
Array
(
    [total_income] => 53400
    [income] => 48089
    [give_income] => 5311
    [buckle_income] => 21360
    [buckle_coefficient] => 0.6
)
Array
(
    [book_id] => 52572
    [book_title] => 绝品透视
    [author_name] => 小妖
    [word_count] => 4110776
    [chapter_count] => 1478
    [channel_id] => 0
    [statistics_day] => 2016-12-18
    [total_income] => 53400
    [give_income] => 5311
    [income] => 48089
    [buckle_income] => 21360
    [buckle_coefficient] => 0.6
    [createtime] => 2016-12-26 13:50:00
)
6
66
Array
(
    [id] => 143
    [book_id] => 52572
    [book_title] => 绝品透视
    [author_name] => 小妖
    [word_count] => 4110776
    [chapter_count] => 1478
    [channel_id] => 0
    [statistics_year] => 2016
    [statistics_month] => 12
    [total_income] => 53400
    [give_income] => 5311
    [income] => 48089
    [buckle_income] => 22963
    [createtime] => 2016-12-26 13:42:05
)
661
6611
Array
(
    [sum_total_income] => 53400
    [sum_give_income] => 5311
    [sum_income] => 48089
    [sum_buckle_income] => 21360
)
result=1
7
8
9
book_id=52622
2
3
4
5
Array
(
    [total_income] => 10096
    [income] => 8116
    [give_income] => 1980
    [buckle_income] => 3837
    [buckle_coefficient] => 0.62
)
Array
(
    [book_id] => 52622
    [book_title] => 顾少的二婚新娘
    [author_name] => 南洛
    [word_count] => 708053
    [chapter_count] => 319
    [channel_id] => 0
    [statistics_day] => 2016-12-18
    [total_income] => 10096
    [give_income] => 1980
    [income] => 8116
    [buckle_income] => 3837
    [buckle_coefficient] => 0.62
    [createtime] => 2016-12-26 13:50:00
)
6
66
Array
(
    [id] => 144
    [book_id] => 52622
    [book_title] => 顾少的二婚新娘
    [author_name] => 南洛
    [word_count] => 708053
    [chapter_count] => 319
    [channel_id] => 0
    [statistics_year] => 2016
    [statistics_month] => 12
    [total_income] => 10096
    [give_income] => 1980
    [income] => 8116
    [buckle_income] => 3534
    [createtime] => 2016-12-26 13:42:05
)
661
6611
Array
(
    [sum_total_income] => 10096
    [sum_give_income] => 1980
    [sum_income] => 8116
    [sum_buckle_income] => 3837
)
result=1
7
8
9
book_id=53049
2
3
4
5
Array
(
    [total_income] => 739
    [income] => 650
    [give_income] => 89
    [buckle_income] => 252
    [buckle_coefficient] => 0.66
)
Array
(
    [book_id] => 53049
    [book_title] => 护花强男
    [author_name] => 风中的阳光
    [word_count] => 299491
    [chapter_count] => 103
    [channel_id] => 0
    [statistics_day] => 2016-12-18
    [total_income] => 739
    [give_income] => 89
    [income] => 650
    [buckle_income] => 252
    [buckle_coefficient] => 0.66
    [createtime] => 2016-12-26 13:50:00
)
6
66
Array
(
    [id] => 145
    [book_id] => 53049
    [book_title] => 护花强男
    [author_name] => 风中的阳光
    [word_count] => 299491
    [chapter_count] => 103
    [channel_id] => 0
    [statistics_year] => 2016
    [statistics_month] => 12
    [total_income] => 739
    [give_income] => 89
    [income] => 650
    [buckle_income] => 252
    [createtime] => 2016-12-26 13:42:05
)
661
6611
Array
(
    [sum_total_income] => 739
    [sum_give_income] => 89
    [sum_income] => 650
    [sum_buckle_income] => 252
)
result=1
7
8
9
book_id=53061
2
3
4
5
Array
(
    [total_income] => 1403
    [income] => 1403
    [give_income] => 0
    [buckle_income] => 576
    [buckle_coefficient] => 0.59
)
Array
(
    [book_id] => 53061
    [book_title] => 试爱萌妻
    [author_name] => 秋如水
    [word_count] => 1614741
    [chapter_count] => 708
    [channel_id] => 0
    [statistics_day] => 2016-12-18
    [total_income] => 1403
    [give_income] => 0
    [income] => 1403
    [buckle_income] => 576
    [buckle_coefficient] => 0.59
    [createtime] => 2016-12-26 13:50:00
)
6
66
Array
(
    [id] => 146
    [book_id] => 53061
    [book_title] => 试爱萌妻
    [author_name] => 秋如水
    [word_count] => 1614741
    [chapter_count] => 708
    [channel_id] => 0
    [statistics_year] => 2016
    [statistics_month] => 12
    [total_income] => 1403
    [give_income] => 0
    [income] => 1403
    [buckle_income] => 618
    [createtime] => 2016-12-26 13:42:05
)
661
6611
Array
(
    [sum_total_income] => 1403
    [sum_give_income] => 0
    [sum_income] => 1403
    [sum_buckle_income] => 576
)
result=1
7
8
9
book_id=53078
2
3
4
5
Array
(
    [total_income] => 3589
    [income] => 3208
    [give_income] => 381
    [buckle_income] => 1364
    [buckle_coefficient] => 0.62
)
Array
(
    [book_id] => 53078
    [book_title] => 驭兽魔后
    [author_name] => 冰山
    [word_count] => 1884674
    [chapter_count] => 860
    [channel_id] => 0
    [statistics_day] => 2016-12-18
    [total_income] => 3589
    [give_income] => 381
    [income] => 3208
    [buckle_income] => 1364
    [buckle_coefficient] => 0.62
    [createtime] => 2016-12-26 13:50:00
)
6
66
Array
(
    [id] => 147
    [book_id] => 53078
    [book_title] => 驭兽魔后
    [author_name] => 冰山
    [word_count] => 1884674
    [chapter_count] => 860
    [channel_id] => 0
    [statistics_year] => 2016
    [statistics_month] => 12
    [total_income] => 3589
    [give_income] => 381
    [income] => 3208
    [buckle_income] => 1544
    [createtime] => 2016-12-26 13:42:05
)
661
6611
Array
(
    [sum_total_income] => 3589
    [sum_give_income] => 381
    [sum_income] => 3208
    [sum_buckle_income] => 1364
)
result=1
7
8
9
book_id=53301
2
3
4
5
Array
(
    [total_income] => 2966
    [income] => 2584
    [give_income] => 382
    [buckle_income] => 1246
    [buckle_coefficient] => 0.58
)
Array
(
    [book_id] => 53301
    [book_title] => 我的老婆是女神
    [author_name] => 不吃苹果不健康
    [word_count] => 1846384
    [chapter_count] => 596
    [channel_id] => 0
    [statistics_day] => 2016-12-18
    [total_income] => 2966
    [give_income] => 382
    [income] => 2584
    [buckle_income] => 1246
    [buckle_coefficient] => 0.58
    [createtime] => 2016-12-26 13:50:00
)
6
66
Array
(
    [id] => 148
    [book_id] => 53301
    [book_title] => 我的老婆是女神
    [author_name] => 不吃苹果不健康
    [word_count] => 1846384
    [chapter_count] => 596
    [channel_id] => 0
    [statistics_year] => 2016
    [statistics_month] => 12
    [total_income] => 2966
    [give_income] => 382
    [income] => 2584
    [buckle_income] => 1335
    [createtime] => 2016-12-26 13:42:05
)
661
6611
Array
(
    [sum_total_income] => 2966
    [sum_give_income] => 382
    [sum_income] => 2584
    [sum_buckle_income] => 1246
)
result=1
7
8
9
book_id=53785
2
3
4
5
Array
(
    [total_income] => 1536
    [income] => 1536
    [give_income] => 0
    [buckle_income] => 630
    [buckle_coefficient] => 0.59
)
Array
(
    [book_id] => 53785
    [book_title] => 一品妖后
    [author_name] => 我心狂
    [word_count] => 971297
    [chapter_count] => 400
    [channel_id] => 0
    [statistics_day] => 2016-12-18
    [total_income] => 1536
    [give_income] => 0
    [income] => 1536
    [buckle_income] => 630
    [buckle_coefficient] => 0.59
    [createtime] => 2016-12-26 13:50:00
)
6
66
Array
(
    [id] => 149
    [book_id] => 53785
    [book_title] => 一品妖后
    [author_name] => 我心狂
    [word_count] => 971297
    [chapter_count] => 400
    [channel_id] => 0
    [statistics_year] => 2016
    [statistics_month] => 12
    [total_income] => 1536
    [give_income] => 0
    [income] => 1536
    [buckle_income] => 553
    [createtime] => 2016-12-26 13:42:06
)
661
6611
Array
(
    [sum_total_income] => 1536
    [sum_give_income] => 0
    [sum_income] => 1536
    [sum_buckle_income] => 630
)
result=1
7
8
9
book_id=54031
2
3
4
5
Array
(
    [total_income] => 27426
    [income] => 23842
    [give_income] => 3584
    [buckle_income] => 11794
    [buckle_coefficient] => 0.57
)
Array
(
    [book_id] => 54031
    [book_title] => 天才侍卫
    [author_name] => 弓楚
    [word_count] => 2835920
    [chapter_count] => 893
    [channel_id] => 0
    [statistics_day] => 2016-12-18
    [total_income] => 27426
    [give_income] => 3584
    [income] => 23842
    [buckle_income] => 11794
    [buckle_coefficient] => 0.57
    [createtime] => 2016-12-26 13:50:01
)
6
66
Array
(
    [id] => 150
    [book_id] => 54031
    [book_title] => 天才侍卫
    [author_name] => 弓楚
    [word_count] => 2835920
    [chapter_count] => 893
    [channel_id] => 0
    [statistics_year] => 2016
    [statistics_month] => 12
    [total_income] => 27426
    [give_income] => 3584
    [income] => 23842
    [buckle_income] => 9874
    [createtime] => 2016-12-26 13:42:06
)
661
6611
Array
(
    [sum_total_income] => 27426
    [sum_give_income] => 3584
    [sum_income] => 23842
    [sum_buckle_income] => 11794
)
result=1
7
8
9
book_id=54185
2
3
4
5
Array
(
    [total_income] => 969
    [income] => 969
    [give_income] => 0
    [buckle_income] => 398
    [buckle_coefficient] => 0.59
)
Array
(
    [book_id] => 54185
    [book_title] => 猎爱失忆小宠儿
    [author_name] => 天街一号
    [word_count] => 1627730
    [chapter_count] => 510
    [channel_id] => 0
    [statistics_day] => 2016-12-18
    [total_income] => 969
    [give_income] => 0
    [income] => 969
    [buckle_income] => 398
    [buckle_coefficient] => 0.59
    [createtime] => 2016-12-26 13:50:01
)
6
66
Array
(
    [id] => 151
    [book_id] => 54185
    [book_title] => 猎爱失忆小宠儿
    [author_name] => 天街一号
    [word_count] => 1627730
    [chapter_count] => 510
    [channel_id] => 0
    [statistics_year] => 2016
    [statistics_month] => 12
    [total_income] => 969
    [give_income] => 0
    [income] => 969
    [buckle_income] => 340
    [createtime] => 2016-12-26 13:42:06
)
661
6611
Array
(
    [sum_total_income] => 969
    [sum_give_income] => 0
    [sum_income] => 969
    [sum_buckle_income] => 398
)
result=1
7
8
9
book_id=54740
2
3
4
5
Array
(
    [total_income] => 13256
    [income] => 11266
    [give_income] => 1990
    [buckle_income] => 5303
    [buckle_coefficient] => 0.6
)
Array
(
    [book_id] => 54740
    [book_title] => 贴身兵王
    [author_name] => 快乐的茄子
    [word_count] => 721909
    [chapter_count] => 240
    [channel_id] => 0
    [statistics_day] => 2016-12-18
    [total_income] => 13256
    [give_income] => 1990
    [income] => 11266
    [buckle_income] => 5303
    [buckle_coefficient] => 0.6
    [createtime] => 2016-12-26 13:50:01
)
6
66
Array
(
    [id] => 152
    [book_id] => 54740
    [book_title] => 贴身兵王
    [author_name] => 快乐的茄子
    [word_count] => 721909
    [chapter_count] => 240
    [channel_id] => 0
    [statistics_year] => 2016
    [statistics_month] => 12
    [total_income] => 13256
    [give_income] => 1990
    [income] => 11266
    [buckle_income] => 5170
    [createtime] => 2016-12-26 13:42:06
)
661
6611
Array
(
    [sum_total_income] => 13256
    [sum_give_income] => 1990
    [sum_income] => 11266
    [sum_buckle_income] => 5303
)
result=1
7
8
9
book_id=55568
2
3
4
5
Array
(
    [total_income] => 2403
    [income] => 2403
    [give_income] => 0
    [buckle_income] => 962
    [buckle_coefficient] => 0.6
)
Array
(
    [book_id] => 55568
    [book_title] => 早安，小逃妻
    [author_name] => 悠悠古哥
    [word_count] => 1404581
    [chapter_count] => 456
    [channel_id] => 0
    [statistics_day] => 2016-12-18
    [total_income] => 2403
    [give_income] => 0
    [income] => 2403
    [buckle_income] => 962
    [buckle_coefficient] => 0.6
    [createtime] => 2016-12-26 13:50:01
)
6
66
Array
(
    [id] => 153
    [book_id] => 55568
    [book_title] => 早安，小逃妻
    [author_name] => 悠悠古哥
    [word_count] => 1404581
    [chapter_count] => 456
    [channel_id] => 0
    [statistics_year] => 2016
    [statistics_month] => 12
    [total_income] => 2403
    [give_income] => 0
    [income] => 2403
    [buckle_income] => 866
    [createtime] => 2016-12-26 13:42:06
)
661
6611
Array
(
    [sum_total_income] => 2403
    [sum_give_income] => 0
    [sum_income] => 2403
    [sum_buckle_income] => 962
)
result=1
7
8
9
book_id=57300
2
3
4
5
Array
(
    [total_income] => 21646
    [income] => 18583
    [give_income] => 3063
    [buckle_income] => 8659
    [buckle_coefficient] => 0.6
)
Array
(
    [book_id] => 57300
    [book_title] => 错宠天价名媛
    [author_name] => 惜纯璐
    [word_count] => 810902
    [chapter_count] => 234
    [channel_id] => 0
    [statistics_day] => 2016-12-18
    [total_income] => 21646
    [give_income] => 3063
    [income] => 18583
    [buckle_income] => 8659
    [buckle_coefficient] => 0.6
    [createtime] => 2016-12-26 13:50:01
)
6
66
Array
(
    [id] => 154
    [book_id] => 57300
    [book_title] => 错宠天价名媛
    [author_name] => 惜纯璐
    [word_count] => 810902
    [chapter_count] => 234
    [channel_id] => 0
    [statistics_year] => 2016
    [statistics_month] => 12
    [total_income] => 21646
    [give_income] => 3063
    [income] => 18583
    [buckle_income] => 8226
    [createtime] => 2016-12-26 13:42:06
)
661
6611
Array
(
    [sum_total_income] => 21646
    [sum_give_income] => 3063
    [sum_income] => 18583
    [sum_buckle_income] => 8659
)
result=1
7
8
9
book_id=57355
2
3
4
5
Array
(
    [total_income] => 117703
    [income] => 109544
    [give_income] => 8159
    [buckle_income] => 51790
    [buckle_coefficient] => 0.56
)
Array
(
    [book_id] => 57355
    [book_title] => 极品辣妈好v5
    [author_name] => 齐成琨
    [word_count] => 2224154
    [chapter_count] => 1074
    [channel_id] => 0
    [statistics_day] => 2016-12-18
    [total_income] => 117703
    [give_income] => 8159
    [income] => 109544
    [buckle_income] => 51790
    [buckle_coefficient] => 0.56
    [createtime] => 2016-12-26 13:50:02
)
6
66
Array
(
    [id] => 155
    [book_id] => 57355
    [book_title] => 极品辣妈好v5
    [author_name] => 齐成琨
    [word_count] => 2224154
    [chapter_count] => 1074
    [channel_id] => 0
    [statistics_year] => 2016
    [statistics_month] => 12
    [total_income] => 117703
    [give_income] => 8159
    [income] => 109544
    [buckle_income] => 42374
    [createtime] => 2016-12-26 13:42:07
)
661
6611
Array
(
    [sum_total_income] => 117703
    [sum_give_income] => 8159
    [sum_income] => 109544
    [sum_buckle_income] => 51790
)
result=1
7
8
9
book_id=58902
2
3
4
5
Array
(
    [total_income] => 15287
    [income] => 14097
    [give_income] => 1190
    [buckle_income] => 5198
    [buckle_coefficient] => 0.66
)
Array
(
    [book_id] => 58902
    [book_title] => 桃花宝典
    [author_name] => 未苍
    [word_count] => 1998927
    [chapter_count] => 645
    [channel_id] => 0
    [statistics_day] => 2016-12-18
    [total_income] => 15287
    [give_income] => 1190
    [income] => 14097
    [buckle_income] => 5198
    [buckle_coefficient] => 0.66
    [createtime] => 2016-12-26 13:50:02
)
6
66
Array
(
    [id] => 156
    [book_id] => 58902
    [book_title] => 桃花宝典
    [author_name] => 未苍
    [word_count] => 1998927
    [chapter_count] => 645
    [channel_id] => 0
    [statistics_year] => 2016
    [statistics_month] => 12
    [total_income] => 15287
    [give_income] => 1190
    [income] => 14097
    [buckle_income] => 6268
    [createtime] => 2016-12-26 13:42:07
)
661
6611
Array
(
    [sum_total_income] => 15287
    [sum_give_income] => 1190
    [sum_income] => 14097
    [sum_buckle_income] => 5198
)
result=1
7
8
9
book_id=59825
2
3
4
5
Array
(
    [total_income] => 6228
    [income] => 5935
    [give_income] => 293
    [buckle_income] => 2243
    [buckle_coefficient] => 0.64
)
Array
(
    [book_id] => 59825
    [book_title] => 薄情前夫太嚣张
    [author_name] => 卓三柳
    [word_count] => 1167826
    [chapter_count] => 387
    [channel_id] => 0
    [statistics_day] => 2016-12-18
    [total_income] => 6228
    [give_income] => 293
    [income] => 5935
    [buckle_income] => 2243
    [buckle_coefficient] => 0.64
    [createtime] => 2016-12-26 13:50:03
)
6
66
Array
(
    [id] => 157
    [book_id] => 59825
    [book_title] => 薄情前夫太嚣张
    [author_name] => 卓三柳
    [word_count] => 1167826
    [chapter_count] => 387
    [channel_id] => 0
    [statistics_year] => 2016
    [statistics_month] => 12
    [total_income] => 6228
    [give_income] => 293
    [income] => 5935
    [buckle_income] => 2679
    [createtime] => 2016-12-26 13:42:08
)
661
6611
Array
(
    [sum_total_income] => 6228
    [sum_give_income] => 293
    [sum_income] => 5935
    [sum_buckle_income] => 2243
)
result=1
7
8
9
book_id=61245
2
3
4
5
Array
(
    [total_income] => 7383
    [income] => 6258
    [give_income] => 1125
    [buckle_income] => 3175
    [buckle_coefficient] => 0.57
)
Array
(
    [book_id] => 61245
    [book_title] => 寰宇强少
    [author_name] => 我打出租车
    [word_count] => 1025500
    [chapter_count] => 434
    [channel_id] => 0
    [statistics_day] => 2016-12-18
    [total_income] => 7383
    [give_income] => 1125
    [income] => 6258
    [buckle_income] => 3175
    [buckle_coefficient] => 0.57
    [createtime] => 2016-12-26 13:50:03
)
6
66
Array
(
    [id] => 158
    [book_id] => 61245
    [book_title] => 寰宇强少
    [author_name] => 我打出租车
    [word_count] => 1025500
    [chapter_count] => 434
    [channel_id] => 0
    [statistics_year] => 2016
    [statistics_month] => 12
    [total_income] => 7383
    [give_income] => 1125
    [income] => 6258
    [buckle_income] => 3028
    [createtime] => 2016-12-26 13:42:08
)
661
6611
Array
(
    [sum_total_income] => 7383
    [sum_give_income] => 1125
    [sum_income] => 6258
    [sum_buckle_income] => 3175
)
result=1
7
8
9
book_id=62936
2
3
4
5
Array
(
    [total_income] => 1258
    [income] => 1258
    [give_income] => 0
    [buckle_income] => 567
    [buckle_coefficient] => 0.55
)
Array
(
    [book_id] => 62936
    [book_title] => 傲娇甜心太难宠
    [author_name] => 微凉
    [word_count] => 1835837
    [chapter_count] => 838
    [channel_id] => 0
    [statistics_day] => 2016-12-18
    [total_income] => 1258
    [give_income] => 0
    [income] => 1258
    [buckle_income] => 567
    [buckle_coefficient] => 0.55
    [createtime] => 2016-12-26 13:50:03
)
6
66
Array
(
    [id] => 159
    [book_id] => 62936
    [book_title] => 傲娇甜心太难宠
    [author_name] => 微凉
    [word_count] => 1835837
    [chapter_count] => 838
    [channel_id] => 0
    [statistics_year] => 2016
    [statistics_month] => 12
    [total_income] => 1258
    [give_income] => 0
    [income] => 1258
    [buckle_income] => 541
    [createtime] => 2016-12-26 13:42:08
)
661
6611
Array
(
    [sum_total_income] => 1258
    [sum_give_income] => 0
    [sum_income] => 1258
    [sum_buckle_income] => 567
)
result=1
7
8
9
book_id=63349
2
3
4
5
Array
(
    [total_income] => 32
    [income] => 32
    [give_income] => 0
    [buckle_income] => 13
    [buckle_coefficient] => 0.62
)
Array
(
    [book_id] => 63349
    [book_title] => 最强护卫
    [author_name] => 玄幻豆豆
    [word_count] => 1641173
    [chapter_count] => 491
    [channel_id] => 0
    [statistics_day] => 2016-12-18
    [total_income] => 32
    [give_income] => 0
    [income] => 32
    [buckle_income] => 13
    [buckle_coefficient] => 0.62
    [createtime] => 2016-12-26 13:50:03
)
6
66
Array
(
    [id] => 160
    [book_id] => 63349
    [book_title] => 最强护卫
    [author_name] => 玄幻豆豆
    [word_count] => 1641173
    [chapter_count] => 491
    [channel_id] => 0
    [statistics_year] => 2016
    [statistics_month] => 12
    [total_income] => 32
    [give_income] => 0
    [income] => 32
    [buckle_income] => 14
    [createtime] => 2016-12-26 13:42:08
)
661
6611
Array
(
    [sum_total_income] => 32
    [sum_give_income] => 0
    [sum_income] => 32
    [sum_buckle_income] => 13
)
result=1
7
8
9
book_id=64147
2
3
4
5
Array
(
    [total_income] => 209
    [income] => 209
    [give_income] => 0
    [buckle_income] => 84
    [buckle_coefficient] => 0.6
)
Array
(
    [book_id] => 64147
    [book_title] => 暗影特工
    [author_name] => 韦小鸨
    [word_count] => 1058137
    [chapter_count] => 364
    [channel_id] => 0
    [statistics_day] => 2016-12-18
    [total_income] => 209
    [give_income] => 0
    [income] => 209
    [buckle_income] => 84
    [buckle_coefficient] => 0.6
    [createtime] => 2016-12-26 13:50:03
)
6
66
Array
(
    [id] => 161
    [book_id] => 64147
    [book_title] => 暗影特工
    [author_name] => 韦小鸨
    [word_count] => 1058137
    [chapter_count] => 364
    [channel_id] => 0
    [statistics_year] => 2016
    [statistics_month] => 12
    [total_income] => 209
    [give_income] => 0
    [income] => 209
    [buckle_income] => 95
    [createtime] => 2016-12-26 13:42:08
)
661
6611
Array
(
    [sum_total_income] => 209
    [sum_give_income] => 0
    [sum_income] => 209
    [sum_buckle_income] => 84
)
result=1
7
8
9
book_id=64250
2
3
4
5
Array
(
    [total_income] => 21
    [income] => 21
    [give_income] => 0
    [buckle_income] => 15
    [buckle_coefficient] => 0.33
)
Array
(
    [book_id] => 64250
    [book_title] => 三世姻缘
    [author_name] => 妖娆玉妃
    [word_count] => 237976
    [chapter_count] => 57
    [channel_id] => 0
    [statistics_day] => 2016-12-18
    [total_income] => 21
    [give_income] => 0
    [income] => 21
    [buckle_income] => 15
    [buckle_coefficient] => 0.33
    [createtime] => 2016-12-26 13:50:03
)
6
66
Array
(
    [id] => 162
    [book_id] => 64250
    [book_title] => 三世姻缘
    [author_name] => 妖娆玉妃
    [word_count] => 237976
    [chapter_count] => 57
    [channel_id] => 0
    [statistics_year] => 2016
    [statistics_month] => 12
    [total_income] => 21
    [give_income] => 0
    [income] => 21
    [buckle_income] => 14
    [createtime] => 2016-12-26 13:42:08
)
661
6611
Array
(
    [sum_total_income] => 21
    [sum_give_income] => 0
    [sum_income] => 21
    [sum_buckle_income] => 15
)
result=1
7
8
9
book_id=65104
2
3
4
5
Array
(
    [total_income] => 23719
    [income] => 21186
    [give_income] => 2533
    [buckle_income] => 8539
    [buckle_coefficient] => 0.64
)
Array
(
    [book_id] => 65104
    [book_title] => 修真高手混都市
    [author_name] => 左妻右妾
    [word_count] => 1527551
    [chapter_count] => 582
    [channel_id] => 0
    [statistics_day] => 2016-12-18
    [total_income] => 23719
    [give_income] => 2533
    [income] => 21186
    [buckle_income] => 8539
    [buckle_coefficient] => 0.64
    [createtime] => 2016-12-26 13:50:03
)
6
66
Array
(
    [id] => 163
    [book_id] => 65104
    [book_title] => 修真高手混都市
    [author_name] => 左妻右妾
    [word_count] => 1527551
    [chapter_count] => 582
    [channel_id] => 0
    [statistics_year] => 2016
    [statistics_month] => 12
    [total_income] => 23719
    [give_income] => 2533
    [income] => 21186
    [buckle_income] => 9488
    [createtime] => 2016-12-26 13:42:08
)
661
6611
Array
(
    [sum_total_income] => 23719
    [sum_give_income] => 2533
    [sum_income] => 21186
    [sum_buckle_income] => 8539
)
result=1
7
8
9
book_id=66939
2
3
4
5
Array
(
    [total_income] => 31935
    [income] => 29354
    [give_income] => 2581
    [buckle_income] => 13733
    [buckle_coefficient] => 0.57
)
Array
(
    [book_id] => 66939
    [book_title] => 我的老婆是妖精
    [author_name] => 潘小贤
    [word_count] => 997094
    [chapter_count] => 295
    [channel_id] => 0
    [statistics_day] => 2016-12-18
    [total_income] => 31935
    [give_income] => 2581
    [income] => 29354
    [buckle_income] => 13733
    [buckle_coefficient] => 0.57
    [createtime] => 2016-12-26 13:50:03
)
6
66
Array
(
    [id] => 164
    [book_id] => 66939
    [book_title] => 我的老婆是妖精
    [author_name] => 潘小贤
    [word_count] => 997094
    [chapter_count] => 295
    [channel_id] => 0
    [statistics_year] => 2016
    [statistics_month] => 12
    [total_income] => 31935
    [give_income] => 2581
    [income] => 29354
    [buckle_income] => 11497
    [createtime] => 2016-12-26 13:42:08
)
661
6611
Array
(
    [sum_total_income] => 31935
    [sum_give_income] => 2581
    [sum_income] => 29354
    [sum_buckle_income] => 13733
)
result=1
7
8
9
book_id=67004
2
3
4
5
Array
(
    [total_income] => 2221
    [income] => 1932
    [give_income] => 289
    [buckle_income] => 1000
    [buckle_coefficient] => 0.55
)
Array
(
    [book_id] => 67004
    [book_title] => 最强教师
    [author_name] => 生花妙笔
    [word_count] => 3938684
    [chapter_count] => 1424
    [channel_id] => 0
    [statistics_day] => 2016-12-18
    [total_income] => 2221
    [give_income] => 289
    [income] => 1932
    [buckle_income] => 1000
    [buckle_coefficient] => 0.55
    [createtime] => 2016-12-26 13:50:03
)
6
66
Array
(
    [id] => 165
    [book_id] => 67004
    [book_title] => 最强教师
    [author_name] => 生花妙笔
    [word_count] => 3938684
    [chapter_count] => 1424
    [channel_id] => 0
    [statistics_year] => 2016
    [statistics_month] => 12
    [total_income] => 2221
    [give_income] => 289
    [income] => 1932
    [buckle_income] => 1000
    [createtime] => 2016-12-26 13:42:08
)
661
6611
Array
(
    [sum_total_income] => 2221
    [sum_give_income] => 289
    [sum_income] => 1932
    [sum_buckle_income] => 1000
)
result=1
7
8
9
book_id=67296
2
3
4
5
Array
(
    [total_income] => 539070
    [income] => 437319
    [give_income] => 101751
    [buckle_income] => 215628
    [buckle_coefficient] => 0.6
)
Array
(
    [book_id] => 67296
    [book_title] => 小溪村的诱惑
    [author_name] => 青椒豆腐
    [word_count] => 2633964
    [chapter_count] => 822
    [channel_id] => 0
    [statistics_day] => 2016-12-18
    [total_income] => 539070
    [give_income] => 101751
    [income] => 437319
    [buckle_income] => 215628
    [buckle_coefficient] => 0.6
    [createtime] => 2016-12-26 13:50:06
)
6
66
Array
(
    [id] => 166
    [book_id] => 67296
    [book_title] => 小溪村的诱惑
    [author_name] => 青椒豆腐
    [word_count] => 2633964
    [chapter_count] => 822
    [channel_id] => 0
    [statistics_year] => 2016
    [statistics_month] => 12
    [total_income] => 539070
    [give_income] => 101751
    [income] => 437319
    [buckle_income] => 221019
    [createtime] => 2016-12-26 13:42:11
)
661
6611
Array
(
    [sum_total_income] => 539070
    [sum_give_income] => 101751
    [sum_income] => 437319
    [sum_buckle_income] => 215628
)
result=1
7
8
9
book_id=68375
2
3
4
5
Array
(
    [total_income] => 216
    [income] => 216
    [give_income] => 0
    [buckle_income] => 78
    [buckle_coefficient] => 0.64
)
Array
(
    [book_id] => 68375
    [book_title] => 古武狂少
    [author_name] => 疯狂小牛
    [word_count] => 1050258
    [chapter_count] => 340
    [channel_id] => 0
    [statistics_day] => 2016-12-18
    [total_income] => 216
    [give_income] => 0
    [income] => 216
    [buckle_income] => 78
    [buckle_coefficient] => 0.64
    [createtime] => 2016-12-26 13:50:06
)
6
66
Array
(
    [id] => 167
    [book_id] => 68375
    [book_title] => 古武狂少
    [author_name] => 疯狂小牛
    [word_count] => 1050258
    [chapter_count] => 340
    [channel_id] => 0
    [statistics_year] => 2016
    [statistics_month] => 12
    [total_income] => 216
    [give_income] => 0
    [income] => 216
    [buckle_income] => 74
    [createtime] => 2016-12-26 13:42:11
)
661
6611
Array
(
    [sum_total_income] => 216
    [sum_give_income] => 0
    [sum_income] => 216
    [sum_buckle_income] => 78
)
result=1
7
8
9
book_id=69127
2
3
4
5
Array
(
    [total_income] => 53
    [income] => 53
    [give_income] => 0
    [buckle_income] => 23
    [buckle_coefficient] => 0.58
)
Array
(
    [book_id] => 69127
    [book_title] => 花都杀神
    [author_name] => 沉默-羔羊
    [word_count] => 1634938
    [chapter_count] => 586
    [channel_id] => 0
    [statistics_day] => 2016-12-18
    [total_income] => 53
    [give_income] => 0
    [income] => 53
    [buckle_income] => 23
    [buckle_coefficient] => 0.58
    [createtime] => 2016-12-26 13:50:07
)
6
66
Array
(
    [id] => 168
    [book_id] => 69127
    [book_title] => 花都杀神
    [author_name] => 沉默-羔羊
    [word_count] => 1634938
    [chapter_count] => 586
    [channel_id] => 0
    [statistics_year] => 2016
    [statistics_month] => 12
    [total_income] => 53
    [give_income] => 0
    [income] => 53
    [buckle_income] => 23
    [createtime] => 2016-12-26 13:42:12
)
661
6611
Array
(
    [sum_total_income] => 53
    [sum_give_income] => 0
    [sum_income] => 53
    [sum_buckle_income] => 23
)
result=1
7
8
9
book_id=70044
2
3
4
5
Array
(
    [total_income] => 1373
    [income] => 1373
    [give_income] => 0
    [buckle_income] => 618
    [buckle_coefficient] => 0.55
)
Array
(
    [book_id] => 70044
    [book_title] => 无双狂龙
    [author_name] => 亦童
    [word_count] => 903879
    [chapter_count] => 304
    [channel_id] => 0
    [statistics_day] => 2016-12-18
    [total_income] => 1373
    [give_income] => 0
    [income] => 1373
    [buckle_income] => 618
    [buckle_coefficient] => 0.55
    [createtime] => 2016-12-26 13:50:07
)
6
66
Array
(
    [id] => 169
    [book_id] => 70044
    [book_title] => 无双狂龙
    [author_name] => 亦童
    [word_count] => 903879
    [chapter_count] => 304
    [channel_id] => 0
    [statistics_year] => 2016
    [statistics_month] => 12
    [total_income] => 1373
    [give_income] => 0
    [income] => 1373
    [buckle_income] => 495
    [createtime] => 2016-12-26 13:42:12
)
661
6611
Array
(
    [sum_total_income] => 1373
    [sum_give_income] => 0
    [sum_income] => 1373
    [sum_buckle_income] => 618
)
result=1
7
8
9
book_id=70154
2
3
4
5
Array
(
    [total_income] => 810
    [income] => 810
    [give_income] => 0
    [buckle_income] => 300
    [buckle_coefficient] => 0.63
)
Array
(
    [book_id] => 70154
    [book_title] => 袅凤有毒
    [author_name] => 怪味腰果
    [word_count] => 954592
    [chapter_count] => 304
    [channel_id] => 0
    [statistics_day] => 2016-12-18
    [total_income] => 810
    [give_income] => 0
    [income] => 810
    [buckle_income] => 300
    [buckle_coefficient] => 0.63
    [createtime] => 2016-12-26 13:50:07
)
6
66
Array
(
    [id] => 170
    [book_id] => 70154
    [book_title] => 袅凤有毒
    [author_name] => 怪味腰果
    [word_count] => 954592
    [chapter_count] => 304
    [channel_id] => 0
    [statistics_year] => 2016
    [statistics_month] => 12
    [total_income] => 810
    [give_income] => 0
    [income] => 810
    [buckle_income] => 308
    [createtime] => 2016-12-26 13:42:12
)
661
6611
Array
(
    [sum_total_income] => 810
    [sum_give_income] => 0
    [sum_income] => 810
    [sum_buckle_income] => 300
)
result=1
7
8
9
book_id=70159
2
3
4
5
Array
(
    [total_income] => 40056
    [income] => 35714
    [give_income] => 4342
    [buckle_income] => 16023
    [buckle_coefficient] => 0.6
)
Array
(
    [book_id] => 70159
    [book_title] => 善良的小姨子
    [author_name] => 苦哈哈
    [word_count] => 4007844
    [chapter_count] => 1307
    [channel_id] => 0
    [statistics_day] => 2016-12-18
    [total_income] => 40056
    [give_income] => 4342
    [income] => 35714
    [buckle_income] => 16023
    [buckle_coefficient] => 0.6
    [createtime] => 2016-12-26 13:50:07
)
6
66
Array
(
    [id] => 171
    [book_id] => 70159
    [book_title] => 善良的小姨子
    [author_name] => 苦哈哈
    [word_count] => 4007844
    [chapter_count] => 1307
    [channel_id] => 0
    [statistics_year] => 2016
    [statistics_month] => 12
    [total_income] => 40056
    [give_income] => 4342
    [income] => 35714
    [buckle_income] => 15222
    [createtime] => 2016-12-26 13:42:12
)
661
6611
Array
(
    [sum_total_income] => 40056
    [sum_give_income] => 4342
    [sum_income] => 35714
    [sum_buckle_income] => 16023
)
result=1
7
8
9
book_id=70339
2
3
4
5
Array
(
    [total_income] => 5258
    [income] => 4386
    [give_income] => 872
    [buckle_income] => 2209
    [buckle_coefficient] => 0.58
)
Array
(
    [book_id] => 70339
    [book_title] => 纯情丫头火辣辣
    [author_name] => 齐成琨
    [word_count] => 2098938
    [chapter_count] => 581
    [channel_id] => 0
    [statistics_day] => 2016-12-18
    [total_income] => 5258
    [give_income] => 872
    [income] => 4386
    [buckle_income] => 2209
    [buckle_coefficient] => 0.58
    [createtime] => 2016-12-26 13:50:07
)
6
66
Array
(
    [id] => 172
    [book_id] => 70339
    [book_title] => 纯情丫头火辣辣
    [author_name] => 齐成琨
    [word_count] => 2098938
    [chapter_count] => 581
    [channel_id] => 0
    [statistics_year] => 2016
    [statistics_month] => 12
    [total_income] => 5258
    [give_income] => 872
    [income] => 4386
    [buckle_income] => 1893
    [createtime] => 2016-12-26 13:42:12
)
661
6611
Array
(
    [sum_total_income] => 5258
    [sum_give_income] => 872
    [sum_income] => 4386
    [sum_buckle_income] => 2209
)
result=1
7
8
9
book_id=70390
2
3
4
5
Array
(
    [total_income] => 1218
    [income] => 1117
    [give_income] => 101
    [buckle_income] => 512
    [buckle_coefficient] => 0.58
)
Array
(
    [book_id] => 70390
    [book_title] => 首领霸宠俏佳人
    [author_name] => 恋小爱
    [word_count] => 1033027
    [chapter_count] => 478
    [channel_id] => 0
    [statistics_day] => 2016-12-18
    [total_income] => 1218
    [give_income] => 101
    [income] => 1117
    [buckle_income] => 512
    [buckle_coefficient] => 0.58
    [createtime] => 2016-12-26 13:50:07
)
6
66
Array
(
    [id] => 173
    [book_id] => 70390
    [book_title] => 首领霸宠俏佳人
    [author_name] => 恋小爱
    [word_count] => 1033027
    [chapter_count] => 478
    [channel_id] => 0
    [statistics_year] => 2016
    [statistics_month] => 12
    [total_income] => 1218
    [give_income] => 101
    [income] => 1117
    [buckle_income] => 524
    [createtime] => 2016-12-26 13:42:12
)
661
6611
Array
(
    [sum_total_income] => 1218
    [sum_give_income] => 101
    [sum_income] => 1117
    [sum_buckle_income] => 512
)
result=1
7
8
9
book_id=70804
2
3
4
5
Array
(
    [total_income] => 210
    [income] => 210
    [give_income] => 0
    [buckle_income] => 74
    [buckle_coefficient] => 0.65
)
Array
(
    [book_id] => 70804
    [book_title] => 龙腾都市
    [author_name] => 半岛听涛
    [word_count] => 1441376
    [chapter_count] => 454
    [channel_id] => 0
    [statistics_day] => 2016-12-18
    [total_income] => 210
    [give_income] => 0
    [income] => 210
    [buckle_income] => 74
    [buckle_coefficient] => 0.65
    [createtime] => 2016-12-26 13:50:07
)
6
66
Array
(
    [id] => 174
    [book_id] => 70804
    [book_title] => 龙腾都市
    [author_name] => 半岛听涛
    [word_count] => 1441376
    [chapter_count] => 454
    [channel_id] => 0
    [statistics_year] => 2016
    [statistics_month] => 12
    [total_income] => 210
    [give_income] => 0
    [income] => 210
    [buckle_income] => 76
    [createtime] => 2016-12-26 13:42:12
)
661
6611
Array
(
    [sum_total_income] => 210
    [sum_give_income] => 0
    [sum_income] => 210
    [sum_buckle_income] => 74
)
result=1
7
8
9
book_id=71505
2
3
4
5
Array
(
    [total_income] => 560
    [income] => 483
    [give_income] => 77
    [buckle_income] => 191
    [buckle_coefficient] => 0.66
)
Array
(
    [book_id] => 71505
    [book_title] => 名门弃少
    [author_name] => 夜上
    [word_count] => 1157272
    [chapter_count] => 363
    [channel_id] => 0
    [statistics_day] => 2016-12-18
    [total_income] => 560
    [give_income] => 77
    [income] => 483
    [buckle_income] => 191
    [buckle_coefficient] => 0.66
    [createtime] => 2016-12-26 13:50:08
)
6
66
Array
(
    [id] => 175
    [book_id] => 71505
    [book_title] => 名门弃少
    [author_name] => 夜上
    [word_count] => 1157272
    [chapter_count] => 363
    [channel_id] => 0
    [statistics_year] => 2016
    [statistics_month] => 12
    [total_income] => 560
    [give_income] => 77
    [income] => 483
    [buckle_income] => 213
    [createtime] => 2016-12-26 13:42:12
)
661
6611
Array
(
    [sum_total_income] => 560
    [sum_give_income] => 77
    [sum_income] => 483
    [sum_buckle_income] => 191
)
result=1
7
8
9
book_id=72106
2
3
4
5
Array
(
    [total_income] => 1785
    [income] => 1769
    [give_income] => 16
    [buckle_income] => 750
    [buckle_coefficient] => 0.58
)
Array
(
    [book_id] => 72106
    [book_title] => 完美高手
    [author_name] => 烟色欲望
    [word_count] => 1132676
    [chapter_count] => 357
    [channel_id] => 0
    [statistics_day] => 2016-12-18
    [total_income] => 1785
    [give_income] => 16
    [income] => 1769
    [buckle_income] => 750
    [buckle_coefficient] => 0.58
    [createtime] => 2016-12-26 13:50:08
)
6
66
Array
(
    [id] => 176
    [book_id] => 72106
    [book_title] => 完美高手
    [author_name] => 烟色欲望
    [word_count] => 1132676
    [chapter_count] => 357
    [channel_id] => 0
    [statistics_year] => 2016
    [statistics_month] => 12
    [total_income] => 1785
    [give_income] => 16
    [income] => 1769
    [buckle_income] => 786
    [createtime] => 2016-12-26 13:42:12
)
661
6611
Array
(
    [sum_total_income] => 1785
    [sum_give_income] => 16
    [sum_income] => 1769
    [sum_buckle_income] => 750
)
result=1
7
8
9
book_id=72370
2
3
4
5
Array
(
    [total_income] => 461
    [income] => 461
    [give_income] => 0
    [buckle_income] => 199
    [buckle_coefficient] => 0.57
)
Array
(
    [book_id] => 72370
    [book_title] => 最强术士
    [author_name] => 还我
    [word_count] => 994923
    [chapter_count] => 314
    [channel_id] => 0
    [statistics_day] => 2016-12-18
    [total_income] => 461
    [give_income] => 0
    [income] => 461
    [buckle_income] => 199
    [buckle_coefficient] => 0.57
    [createtime] => 2016-12-26 13:50:08
)
6
66
Array
(
    [id] => 177
    [book_id] => 72370
    [book_title] => 最强术士
    [author_name] => 还我
    [word_count] => 994923
    [chapter_count] => 314
    [channel_id] => 0
    [statistics_year] => 2016
    [statistics_month] => 12
    [total_income] => 461
    [give_income] => 0
    [income] => 461
    [buckle_income] => 157
    [createtime] => 2016-12-26 13:42:13
)
661
6611
Array
(
    [sum_total_income] => 461
    [sum_give_income] => 0
    [sum_income] => 461
    [sum_buckle_income] => 199
)
result=1
7
8
9
book_id=74855
2
3
4
5
Array
(
    [total_income] => 12665
    [income] => 11338
    [give_income] => 1327
    [buckle_income] => 4940
    [buckle_coefficient] => 0.61
)
Array
(
    [book_id] => 74855
    [book_title] => 至强财术
    [author_name] => E盘隐藏文件
    [word_count] => 1663705
    [chapter_count] => 536
    [channel_id] => 0
    [statistics_day] => 2016-12-18
    [total_income] => 12665
    [give_income] => 1327
    [income] => 11338
    [buckle_income] => 4940
    [buckle_coefficient] => 0.61
    [createtime] => 2016-12-26 13:50:08
)
6
66
Array
(
    [id] => 178
    [book_id] => 74855
    [book_title] => 至强财术
    [author_name] => E盘隐藏文件
    [word_count] => 1663705
    [chapter_count] => 536
    [channel_id] => 0
    [statistics_year] => 2016
    [statistics_month] => 12
    [total_income] => 12665
    [give_income] => 1327
    [income] => 11338
    [buckle_income] => 4560
    [createtime] => 2016-12-26 13:42:13
)
661
6611
Array
(
    [sum_total_income] => 12665
    [sum_give_income] => 1327
    [sum_income] => 11338
    [sum_buckle_income] => 4940
)
result=1
7
8
9
book_id=75035
2
3
4
5
Array
(
    [total_income] => 1091
    [income] => 787
    [give_income] => 304
    [buckle_income] => 426
    [buckle_coefficient] => 0.61
)
Array
(
    [book_id] => 75035
    [book_title] => 辣手小天师
    [author_name] => 一壶老酒
    [word_count] => 1168802
    [chapter_count] => 376
    [channel_id] => 0
    [statistics_day] => 2016-12-18
    [total_income] => 1091
    [give_income] => 304
    [income] => 787
    [buckle_income] => 426
    [buckle_coefficient] => 0.61
    [createtime] => 2016-12-26 13:50:08
)
6
66
Array
(
    [id] => 179
    [book_id] => 75035
    [book_title] => 辣手小天师
    [author_name] => 一壶老酒
    [word_count] => 1168802
    [chapter_count] => 376
    [channel_id] => 0
    [statistics_year] => 2016
    [statistics_month] => 12
    [total_income] => 1091
    [give_income] => 304
    [income] => 787
    [buckle_income] => 470
    [createtime] => 2016-12-26 13:42:13
)
661
6611
Array
(
    [sum_total_income] => 1091
    [sum_give_income] => 304
    [sum_income] => 787
    [sum_buckle_income] => 426
)
result=1
7
8
9
book_id=77678
2
3
4
5
Array
(
    [total_income] => 454
    [income] => 454
    [give_income] => 0
    [buckle_income] => 173
    [buckle_coefficient] => 0.62
)
Array
(
    [book_id] => 77678
    [book_title] => 超级高手
    [author_name] => 潇湘公子
    [word_count] => 1755160
    [chapter_count] => 568
    [channel_id] => 0
    [statistics_day] => 2016-12-18
    [total_income] => 454
    [give_income] => 0
    [income] => 454
    [buckle_income] => 173
    [buckle_coefficient] => 0.62
    [createtime] => 2016-12-26 13:50:08
)
6
66
Array
(
    [id] => 180
    [book_id] => 77678
    [book_title] => 超级高手
    [author_name] => 潇湘公子
    [word_count] => 1755160
    [chapter_count] => 568
    [channel_id] => 0
    [statistics_year] => 2016
    [statistics_month] => 12
    [total_income] => 454
    [give_income] => 0
    [income] => 454
    [buckle_income] => 168
    [createtime] => 2016-12-26 13:42:13
)
661
6611
Array
(
    [sum_total_income] => 454
    [sum_give_income] => 0
    [sum_income] => 454
    [sum_buckle_income] => 173
)
result=1
7
8
9
book_id=77694
2
3
4
5
Array
(
    [total_income] => 7682
    [income] => 6945
    [give_income] => 737
    [buckle_income] => 2766
    [buckle_coefficient] => 0.64
)
Array
(
    [book_id] => 77694
    [book_title] => 天眼狂少
    [author_name] => 皮卡丘
    [word_count] => 3042899
    [chapter_count] => 940
    [channel_id] => 0
    [statistics_day] => 2016-12-18
    [total_income] => 7682
    [give_income] => 737
    [income] => 6945
    [buckle_income] => 2766
    [buckle_coefficient] => 0.64
    [createtime] => 2016-12-26 13:50:08
)
6
66
Array
(
    [id] => 181
    [book_id] => 77694
    [book_title] => 天眼狂少
    [author_name] => 皮卡丘
    [word_count] => 3042899
    [chapter_count] => 940
    [channel_id] => 0
    [statistics_year] => 2016
    [statistics_month] => 12
    [total_income] => 7682
    [give_income] => 737
    [income] => 6945
    [buckle_income] => 2920
    [createtime] => 2016-12-26 13:42:13
)
661
6611
Array
(
    [sum_total_income] => 7682
    [sum_give_income] => 737
    [sum_income] => 6945
    [sum_buckle_income] => 2766
)
result=1
7
8
9
book_id=78354
2
3
4
5
Array
(
    [total_income] => 273580
    [income] => 241797
    [give_income] => 31783
    [buckle_income] => 93018
    [buckle_coefficient] => 0.66
)
Array
(
    [book_id] => 78354
    [book_title] => 华佗宝典
    [author_name] => 我吃肉夹馍
    [word_count] => 1966266
    [chapter_count] => 621
    [channel_id] => 0
    [statistics_day] => 2016-12-18
    [total_income] => 273580
    [give_income] => 31783
    [income] => 241797
    [buckle_income] => 93018
    [buckle_coefficient] => 0.66
    [createtime] => 2016-12-26 13:50:11
)
6
66
Array
(
    [id] => 182
    [book_id] => 78354
    [book_title] => 华佗宝典
    [author_name] => 我吃肉夹馍
    [word_count] => 1966266
    [chapter_count] => 621
    [channel_id] => 0
    [statistics_year] => 2016
    [statistics_month] => 12
    [total_income] => 273580
    [give_income] => 31783
    [income] => 241797
    [buckle_income] => 123111
    [createtime] => 2016-12-26 13:42:16
)
661
6611
Array
(
    [sum_total_income] => 273580
    [sum_give_income] => 31783
    [sum_income] => 241797
    [sum_buckle_income] => 93018
)
result=1
7
8
9
book_id=81609
2
3
4
5
Array
(
    [total_income] => 22231
    [income] => 20411
    [give_income] => 1820
    [buckle_income] => 9782
    [buckle_coefficient] => 0.56
)
Array
(
    [book_id] => 81609
    [book_title] => 天生财术
    [author_name] => 军用刺刀
    [word_count] => 1956114
    [chapter_count] => 687
    [channel_id] => 0
    [statistics_day] => 2016-12-18
    [total_income] => 22231
    [give_income] => 1820
    [income] => 20411
    [buckle_income] => 9782
    [buckle_coefficient] => 0.56
    [createtime] => 2016-12-26 13:50:12
)
6
66
Array
(
    [id] => 183
    [book_id] => 81609
    [book_title] => 天生财术
    [author_name] => 军用刺刀
    [word_count] => 1956114
    [chapter_count] => 687
    [channel_id] => 0
    [statistics_year] => 2016
    [statistics_month] => 12
    [total_income] => 22231
    [give_income] => 1820
    [income] => 20411
    [buckle_income] => 9560
    [createtime] => 2016-12-26 13:42:17
)
661
6611
Array
(
    [sum_total_income] => 22231
    [sum_give_income] => 1820
    [sum_income] => 20411
    [sum_buckle_income] => 9782
)
result=1
7
8
9
book_id=82453
2
3
4
5
Array
(
    [total_income] => 429
    [income] => 429
    [give_income] => 0
    [buckle_income] => 185
    [buckle_coefficient] => 0.57
)
Array
(
    [book_id] => 82453
    [book_title] => 至强战纪
    [author_name] => 步留痕
    [word_count] => 2879489
    [chapter_count] => 1042
    [channel_id] => 0
    [statistics_day] => 2016-12-18
    [total_income] => 429
    [give_income] => 0
    [income] => 429
    [buckle_income] => 185
    [buckle_coefficient] => 0.57
    [createtime] => 2016-12-26 13:50:12
)
6
66
Array
(
    [id] => 184
    [book_id] => 82453
    [book_title] => 至强战纪
    [author_name] => 步留痕
    [word_count] => 2879489
    [chapter_count] => 1042
    [channel_id] => 0
    [statistics_year] => 2016
    [statistics_month] => 12
    [total_income] => 429
    [give_income] => 0
    [income] => 429
    [buckle_income] => 172
    [createtime] => 2016-12-26 13:42:17
)
661
6611
Array
(
    [sum_total_income] => 429
    [sum_give_income] => 0
    [sum_income] => 429
    [sum_buckle_income] => 185
)
result=1
7
8
9
book_id=82573
2
3
4
5
Array
(
    [total_income] => 1627
    [income] => 1134
    [give_income] => 493
    [buckle_income] => 651
    [buckle_coefficient] => 0.6
)
Array
(
    [book_id] => 82573
    [book_title] => 我在古代皇宫混
    [author_name] => 冰山
    [word_count] => 1533563
    [chapter_count] => 558
    [channel_id] => 0
    [statistics_day] => 2016-12-18
    [total_income] => 1627
    [give_income] => 493
    [income] => 1134
    [buckle_income] => 651
    [buckle_coefficient] => 0.6
    [createtime] => 2016-12-26 13:50:12
)
6
66
Array
(
    [id] => 185
    [book_id] => 82573
    [book_title] => 我在古代皇宫混
    [author_name] => 冰山
    [word_count] => 1533563
    [chapter_count] => 558
    [channel_id] => 0
    [statistics_year] => 2016
    [statistics_month] => 12
    [total_income] => 1627
    [give_income] => 493
    [income] => 1134
    [buckle_income] => 619
    [createtime] => 2016-12-26 13:42:17
)
661
6611
Array
(
    [sum_total_income] => 1627
    [sum_give_income] => 493
    [sum_income] => 1134
    [sum_buckle_income] => 651
)
result=1
7
8
9
book_id=82593
2
3
4
5
Array
(
    [total_income] => 1941
    [income] => 1941
    [give_income] => 0
    [buckle_income] => 835
    [buckle_coefficient] => 0.57
)
Array
(
    [book_id] => 82593
    [book_title] => 盛宠嫡女
    [author_name] => 公子小九
    [word_count] => 889862
    [chapter_count] => 318
    [channel_id] => 0
    [statistics_day] => 2016-12-18
    [total_income] => 1941
    [give_income] => 0
    [income] => 1941
    [buckle_income] => 835
    [buckle_coefficient] => 0.57
    [createtime] => 2016-12-26 13:50:12
)
6
66
Array
(
    [id] => 186
    [book_id] => 82593
    [book_title] => 盛宠嫡女
    [author_name] => 公子小九
    [word_count] => 889862
    [chapter_count] => 318
    [channel_id] => 0
    [statistics_year] => 2016
    [statistics_month] => 12
    [total_income] => 1941
    [give_income] => 0
    [income] => 1941
    [buckle_income] => 874
    [createtime] => 2016-12-26 13:42:17
)
661
6611
Array
(
    [sum_total_income] => 1941
    [sum_give_income] => 0
    [sum_income] => 1941
    [sum_buckle_income] => 835
)
result=1
7
8
9
book_id=83184
2
3
4
5
Array
(
    [total_income] => 5306
    [income] => 4605
    [give_income] => 701
    [buckle_income] => 2282
    [buckle_coefficient] => 0.57
)
Array
(
    [book_id] => 83184
    [book_title] => 老婆大人听你的
    [author_name] => 安慧娴
    [word_count] => 1566968
    [chapter_count] => 492
    [channel_id] => 0
    [statistics_day] => 2016-12-18
    [total_income] => 5306
    [give_income] => 701
    [income] => 4605
    [buckle_income] => 2282
    [buckle_coefficient] => 0.57
    [createtime] => 2016-12-26 13:50:12
)
6
66
Array
(
    [id] => 187
    [book_id] => 83184
    [book_title] => 老婆大人听你的
    [author_name] => 安慧娴
    [word_count] => 1566968
    [chapter_count] => 492
    [channel_id] => 0
    [statistics_year] => 2016
    [statistics_month] => 12
    [total_income] => 5306
    [give_income] => 701
    [income] => 4605
    [buckle_income] => 1911
    [createtime] => 2016-12-26 13:42:17
)
661
6611
Array
(
    [sum_total_income] => 5306
    [sum_give_income] => 701
    [sum_income] => 4605
    [sum_buckle_income] => 2282
)
result=1
7
8
9
book_id=84446
2
3
4
5
Array
(
    [total_income] => 174845
    [income] => 146759
    [give_income] => 28086
    [buckle_income] => 75184
    [buckle_coefficient] => 0.57
)
Array
(
    [book_id] => 84446
    [book_title] => 乡野春潮
    [author_name] => 落魄小书童
    [word_count] => 3274356
    [chapter_count] => 1044
    [channel_id] => 0
    [statistics_day] => 2016-12-18
    [total_income] => 174845
    [give_income] => 28086
    [income] => 146759
    [buckle_income] => 75184
    [buckle_coefficient] => 0.57
    [createtime] => 2016-12-26 13:50:13
)
6
66
Array
(
    [id] => 188
    [book_id] => 84446
    [book_title] => 乡野春潮
    [author_name] => 落魄小书童
    [word_count] => 3274356
    [chapter_count] => 1044
    [channel_id] => 0
    [statistics_year] => 2016
    [statistics_month] => 12
    [total_income] => 174845
    [give_income] => 28086
    [income] => 146759
    [buckle_income] => 61196
    [createtime] => 2016-12-26 13:42:18
)
661
6611
Array
(
    [sum_total_income] => 174845
    [sum_give_income] => 28086
    [sum_income] => 146759
    [sum_buckle_income] => 75184
)
result=1
7
8
9
book_id=85407
2
3
4
5
Array
(
    [total_income] => 14352
    [income] => 13062
    [give_income] => 1290
    [buckle_income] => 5741
    [buckle_coefficient] => 0.6
)
Array
(
    [book_id] => 85407
    [book_title] => 妙手宗师
    [author_name] => 醉蝠
    [word_count] => 2327481
    [chapter_count] => 753
    [channel_id] => 0
    [statistics_day] => 2016-12-18
    [total_income] => 14352
    [give_income] => 1290
    [income] => 13062
    [buckle_income] => 5741
    [buckle_coefficient] => 0.6
    [createtime] => 2016-12-26 13:50:13
)
6
66
Array
(
    [id] => 189
    [book_id] => 85407
    [book_title] => 妙手宗师
    [author_name] => 醉蝠
    [word_count] => 2327481
    [chapter_count] => 753
    [channel_id] => 0
    [statistics_year] => 2016
    [statistics_month] => 12
    [total_income] => 14352
    [give_income] => 1290
    [income] => 13062
    [buckle_income] => 5885
    [createtime] => 2016-12-26 13:42:18
)
661
6611
Array
(
    [sum_total_income] => 14352
    [sum_give_income] => 1290
    [sum_income] => 13062
    [sum_buckle_income] => 5741
)
result=1
7
8
9
book_id=85444
2
3
4
5
Array
(
    [total_income] => 743
    [income] => 531
    [give_income] => 212
    [buckle_income] => 320
    [buckle_coefficient] => 0.57
)
Array
(
    [book_id] => 85444
    [book_title] => 完美盛宴
    [author_name] => 深海游龙
    [word_count] => 2227377
    [chapter_count] => 702
    [channel_id] => 0
    [statistics_day] => 2016-12-18
    [total_income] => 743
    [give_income] => 212
    [income] => 531
    [buckle_income] => 320
    [buckle_coefficient] => 0.57
    [createtime] => 2016-12-26 13:50:13
)
6
66
Array
(
    [id] => 190
    [book_id] => 85444
    [book_title] => 完美盛宴
    [author_name] => 深海游龙
    [word_count] => 2227377
    [chapter_count] => 702
    [channel_id] => 0
    [statistics_year] => 2016
    [statistics_month] => 12
    [total_income] => 743
    [give_income] => 212
    [income] => 531
    [buckle_income] => 335
    [createtime] => 2016-12-26 13:42:18
)
661
6611
Array
(
    [sum_total_income] => 743
    [sum_give_income] => 212
    [sum_income] => 531
    [sum_buckle_income] => 320
)
result=1
7
8
9
book_id=86690
2
3
4
5
Array
(
    [total_income] => 751
    [income] => 581
    [give_income] => 170
    [buckle_income] => 271
    [buckle_coefficient] => 0.64
)
Array
(
    [book_id] => 86690
    [book_title] => 都市之超级高手
    [author_name] => 暴君王者
    [word_count] => 498099
    [chapter_count] => 267
    [channel_id] => 0
    [statistics_day] => 2016-12-18
    [total_income] => 751
    [give_income] => 170
    [income] => 581
    [buckle_income] => 271
    [buckle_coefficient] => 0.64
    [createtime] => 2016-12-26 13:50:14
)
6
66
Array
(
    [id] => 191
    [book_id] => 86690
    [book_title] => 都市之超级高手
    [author_name] => 暴君王者
    [word_count] => 498099
    [chapter_count] => 267
    [channel_id] => 0
    [statistics_year] => 2016
    [statistics_month] => 12
    [total_income] => 751
    [give_income] => 170
    [income] => 581
    [buckle_income] => 331
    [createtime] => 2016-12-26 13:42:18
)
661
6611
Array
(
    [sum_total_income] => 751
    [sum_give_income] => 170
    [sum_income] => 581
    [sum_buckle_income] => 271
)
result=1
7
8
9
book_id=86913
2
3
4
5
Array
(
    [total_income] => 279844
    [income] => 228190
    [give_income] => 51654
    [buckle_income] => 97946
    [buckle_coefficient] => 0.65
)
Array
(
    [book_id] => 86913
    [book_title] => 妙手圣医
    [author_name] => 随心如梦
    [word_count] => 1099468
    [chapter_count] => 353
    [channel_id] => 0
    [statistics_day] => 2016-12-18
    [total_income] => 279844
    [give_income] => 51654
    [income] => 228190
    [buckle_income] => 97946
    [buckle_coefficient] => 0.65
    [createtime] => 2016-12-26 13:50:15
)
6
66
Array
(
    [id] => 192
    [book_id] => 86913
    [book_title] => 妙手圣医
    [author_name] => 随心如梦
    [word_count] => 1099468
    [chapter_count] => 353
    [channel_id] => 0
    [statistics_year] => 2016
    [statistics_month] => 12
    [total_income] => 279844
    [give_income] => 51654
    [income] => 228190
    [buckle_income] => 111938
    [createtime] => 2016-12-26 13:42:20
)
661
6611
Array
(
    [sum_total_income] => 279844
    [sum_give_income] => 51654
    [sum_income] => 228190
    [sum_buckle_income] => 97946
)
result=1
7
8
9
book_id=88248
2
3
4
5
Array
(
    [total_income] => 11673
    [income] => 10948
    [give_income] => 725
    [buckle_income] => 4903
    [buckle_coefficient] => 0.58
)
Array
(
    [book_id] => 88248
    [book_title] => 暧昧医院
    [author_name] => 唐太宗李世刚
    [word_count] => 644602
    [chapter_count] => 231
    [channel_id] => 0
    [statistics_day] => 2016-12-18
    [total_income] => 11673
    [give_income] => 725
    [income] => 10948
    [buckle_income] => 4903
    [buckle_coefficient] => 0.58
    [createtime] => 2016-12-26 13:50:15
)
6
66
Array
(
    [id] => 193
    [book_id] => 88248
    [book_title] => 暧昧医院
    [author_name] => 唐太宗李世刚
    [word_count] => 644602
    [chapter_count] => 231
    [channel_id] => 0
    [statistics_year] => 2016
    [statistics_month] => 12
    [total_income] => 11673
    [give_income] => 725
    [income] => 10948
    [buckle_income] => 4553
    [createtime] => 2016-12-26 13:42:20
)
661
6611
Array
(
    [sum_total_income] => 11673
    [sum_give_income] => 725
    [sum_income] => 10948
    [sum_buckle_income] => 4903
)
result=1
7
8
9
book_id=91159
2
3
4
5
Array
(
    [total_income] => 32771
    [income] => 28679
    [give_income] => 4092
    [buckle_income] => 12453
    [buckle_coefficient] => 0.62
)
Array
(
    [book_id] => 91159
    [book_title] => 近身武王
    [author_name] => 未苍
    [word_count] => 2060653
    [chapter_count] => 652
    [channel_id] => 0
    [statistics_day] => 2016-12-18
    [total_income] => 32771
    [give_income] => 4092
    [income] => 28679
    [buckle_income] => 12453
    [buckle_coefficient] => 0.62
    [createtime] => 2016-12-26 13:50:15
)
6
66
Array
(
    [id] => 194
    [book_id] => 91159
    [book_title] => 近身武王
    [author_name] => 未苍
    [word_count] => 2060653
    [chapter_count] => 652
    [channel_id] => 0
    [statistics_year] => 2016
    [statistics_month] => 12
    [total_income] => 32771
    [give_income] => 4092
    [income] => 28679
    [buckle_income] => 12781
    [createtime] => 2016-12-26 13:42:20
)
661
6611
Array
(
    [sum_total_income] => 32771
    [sum_give_income] => 4092
    [sum_income] => 28679
    [sum_buckle_income] => 12453
)
result=1
7
8
9
book_id=91563
2
3
4
5
Array
(
    [total_income] => 11142
    [income] => 10613
    [give_income] => 529
    [buckle_income] => 4903
    [buckle_coefficient] => 0.56
)
Array
(
    [book_id] => 91563
    [book_title] => 千金闲妻
    [author_name] => 倾世繁华
    [word_count] => 2144952
    [chapter_count] => 691
    [channel_id] => 0
    [statistics_day] => 2016-12-18
    [total_income] => 11142
    [give_income] => 529
    [income] => 10613
    [buckle_income] => 4903
    [buckle_coefficient] => 0.56
    [createtime] => 2016-12-26 13:50:16
)
6
66
Array
(
    [id] => 195
    [book_id] => 91563
    [book_title] => 千金闲妻
    [author_name] => 倾世繁华
    [word_count] => 2144952
    [chapter_count] => 691
    [channel_id] => 0
    [statistics_year] => 2016
    [statistics_month] => 12
    [total_income] => 11142
    [give_income] => 529
    [income] => 10613
    [buckle_income] => 4680
    [createtime] => 2016-12-26 13:42:20
)
661
6611
Array
(
    [sum_total_income] => 11142
    [sum_give_income] => 529
    [sum_income] => 10613
    [sum_buckle_income] => 4903
)
result=1
7
8
9
book_id=91566
2
3
4
5
Array
(
    [total_income] => 390
    [income] => 390
    [give_income] => 0
    [buckle_income] => 160
    [buckle_coefficient] => 0.59
)
Array
(
    [book_id] => 91566
    [book_title] => 嫡女要狠
    [author_name] => 幺蛾子大人
    [word_count] => 1346998
    [chapter_count] => 432
    [channel_id] => 0
    [statistics_day] => 2016-12-18
    [total_income] => 390
    [give_income] => 0
    [income] => 390
    [buckle_income] => 160
    [buckle_coefficient] => 0.59
    [createtime] => 2016-12-26 13:50:16
)
6
66
Array
(
    [id] => 196
    [book_id] => 91566
    [book_title] => 嫡女要狠
    [author_name] => 幺蛾子大人
    [word_count] => 1346998
    [chapter_count] => 432
    [channel_id] => 0
    [statistics_year] => 2016
    [statistics_month] => 12
    [total_income] => 390
    [give_income] => 0
    [income] => 390
    [buckle_income] => 149
    [createtime] => 2016-12-26 13:42:20
)
661
6611
Array
(
    [sum_total_income] => 390
    [sum_give_income] => 0
    [sum_income] => 390
    [sum_buckle_income] => 160
)
result=1
7
8
9
book_id=94039
2
3
4
5
Array
(
    [total_income] => 62
    [income] => 62
    [give_income] => 0
    [buckle_income] => 28
    [buckle_coefficient] => 0.55
)
Array
(
    [book_id] => 94039
    [book_title] => 绝世男仆
    [author_name] => 生花妙笔
    [word_count] => 3721261
    [chapter_count] => 1724
    [channel_id] => 0
    [statistics_day] => 2016-12-18
    [total_income] => 62
    [give_income] => 0
    [income] => 62
    [buckle_income] => 28
    [buckle_coefficient] => 0.55
    [createtime] => 2016-12-26 13:50:16
)
6
66
Array
(
    [id] => 197
    [book_id] => 94039
    [book_title] => 绝世男仆
    [author_name] => 生花妙笔
    [word_count] => 3721261
    [chapter_count] => 1724
    [channel_id] => 0
    [statistics_year] => 2016
    [statistics_month] => 12
    [total_income] => 62
    [give_income] => 0
    [income] => 62
    [buckle_income] => 22
    [createtime] => 2016-12-26 13:42:20
)
661
6611
Array
(
    [sum_total_income] => 62
    [sum_give_income] => 0
    [sum_income] => 62
    [sum_buckle_income] => 28
)
result=1
7
8
9
book_id=94595
2
3
4
5
Array
(
    [total_income] => 54016
    [income] => 49006
    [give_income] => 5010
    [buckle_income] => 18366
    [buckle_coefficient] => 0.66
)
Array
(
    [book_id] => 94595
    [book_title] => 超能兵王
    [author_name] => 小脚丫
    [word_count] => 939612
    [chapter_count] => 301
    [channel_id] => 0
    [statistics_day] => 2016-12-18
    [total_income] => 54016
    [give_income] => 5010
    [income] => 49006
    [buckle_income] => 18366
    [buckle_coefficient] => 0.66
    [createtime] => 2016-12-26 13:50:16
)
6
66
Array
(
    [id] => 198
    [book_id] => 94595
    [book_title] => 超能兵王
    [author_name] => 小脚丫
    [word_count] => 939612
    [chapter_count] => 301
    [channel_id] => 0
    [statistics_year] => 2016
    [statistics_month] => 12
    [total_income] => 54016
    [give_income] => 5010
    [income] => 49006
    [buckle_income] => 22687
    [createtime] => 2016-12-26 13:42:21
)
661
6611
Array
(
    [sum_total_income] => 54016
    [sum_give_income] => 5010
    [sum_income] => 49006
    [sum_buckle_income] => 18366
)
result=1
7
8
9
book_id=95256
2
3
4
5
Array
(
    [total_income] => 1428
    [income] => 1428
    [give_income] => 0
    [buckle_income] => 529
    [buckle_coefficient] => 0.63
)
Array
(
    [book_id] => 95256
    [book_title] => 官途之春色满园
    [author_name] => 绝境中的哥
    [word_count] => 721344
    [chapter_count] => 238
    [channel_id] => 0
    [statistics_day] => 2016-12-18
    [total_income] => 1428
    [give_income] => 0
    [income] => 1428
    [buckle_income] => 529
    [buckle_coefficient] => 0.63
    [createtime] => 2016-12-26 13:50:16
)
6
66
Array
(
    [id] => 199
    [book_id] => 95256
    [book_title] => 官途之春色满园
    [author_name] => 绝境中的哥
    [word_count] => 721344
    [chapter_count] => 238
    [channel_id] => 0
    [statistics_year] => 2016
    [statistics_month] => 12
    [total_income] => 1428
    [give_income] => 0
    [income] => 1428
    [buckle_income] => 500
    [createtime] => 2016-12-26 13:42:21
)
661
6611
Array
(
    [sum_total_income] => 1428
    [sum_give_income] => 0
    [sum_income] => 1428
    [sum_buckle_income] => 529
)
result=1
7
8
9
book_id=96176
2
3
4
5
Array
(
    [total_income] => 8709
    [income] => 7824
    [give_income] => 885
    [buckle_income] => 3832
    [buckle_coefficient] => 0.56
)
Array
(
    [book_id] => 96176
    [book_title] => 医疗圣手
    [author_name] => 平庸的上帝
    [word_count] => 1649710
    [chapter_count] => 563
    [channel_id] => 0
    [statistics_day] => 2016-12-18
    [total_income] => 8709
    [give_income] => 885
    [income] => 7824
    [buckle_income] => 3832
    [buckle_coefficient] => 0.56
    [createtime] => 2016-12-26 13:50:16
)
6
66
Array
(
    [id] => 200
    [book_id] => 96176
    [book_title] => 医疗圣手
    [author_name] => 平庸的上帝
    [word_count] => 1649710
    [chapter_count] => 563
    [channel_id] => 0
    [statistics_year] => 2016
    [statistics_month] => 12
    [total_income] => 8709
    [give_income] => 885
    [income] => 7824
    [buckle_income] => 3223
    [createtime] => 2016-12-26 13:42:21
)
661
6611
Array
(
    [sum_total_income] => 8709
    [sum_give_income] => 885
    [sum_income] => 7824
    [sum_buckle_income] => 3832
)
result=1
7
8
9
book_id=97424
2
3
4
5
Array
(
    [total_income] => 138
    [income] => 138
    [give_income] => 0
    [buckle_income] => 53
    [buckle_coefficient] => 0.62
)
Array
(
    [book_id] => 97424
    [book_title] => 凤浴九霄
    [author_name] => 一曲浅歌
    [word_count] => 449434
    [chapter_count] => 148
    [channel_id] => 0
    [statistics_day] => 2016-12-18
    [total_income] => 138
    [give_income] => 0
    [income] => 138
    [buckle_income] => 53
    [buckle_coefficient] => 0.62
    [createtime] => 2016-12-26 13:50:16
)
6
66
Array
(
    [id] => 201
    [book_id] => 97424
    [book_title] => 凤浴九霄
    [author_name] => 一曲浅歌
    [word_count] => 449434
    [chapter_count] => 148
    [channel_id] => 0
    [statistics_year] => 2016
    [statistics_month] => 12
    [total_income] => 138
    [give_income] => 0
    [income] => 138
    [buckle_income] => 49
    [createtime] => 2016-12-26 13:42:21
)
661
6611
Array
(
    [sum_total_income] => 138
    [sum_give_income] => 0
    [sum_income] => 138
    [sum_buckle_income] => 53
)
result=1
7
8
9
book_id=98302
2
3
4
5
Array
(
    [total_income] => 1884
    [income] => 1884
    [give_income] => 0
    [buckle_income] => 829
    [buckle_coefficient] => 0.56
)
Array
(
    [book_id] => 98302
    [book_title] => 驭蛇小娘子
    [author_name] => 怪味腰果
    [word_count] => 1080014
    [chapter_count] => 451
    [channel_id] => 0
    [statistics_day] => 2016-12-18
    [total_income] => 1884
    [give_income] => 0
    [income] => 1884
    [buckle_income] => 829
    [buckle_coefficient] => 0.56
    [createtime] => 2016-12-26 13:50:16
)
6
66
Array
(
    [id] => 202
    [book_id] => 98302
    [book_title] => 驭蛇小娘子
    [author_name] => 怪味腰果
    [word_count] => 1080014
    [chapter_count] => 451
    [channel_id] => 0
    [statistics_year] => 2016
    [statistics_month] => 12
    [total_income] => 1884
    [give_income] => 0
    [income] => 1884
    [buckle_income] => 754
    [createtime] => 2016-12-26 13:42:21
)
661
6611
Array
(
    [sum_total_income] => 1884
    [sum_give_income] => 0
    [sum_income] => 1884
    [sum_buckle_income] => 829
)
result=1
7
8
9
book_id=99956
2
3
4
5
Array
(
    [total_income] => 6803
    [income] => 6034
    [give_income] => 769
    [buckle_income] => 2722
    [buckle_coefficient] => 0.6
)
Array
(
    [book_id] => 99956
    [book_title] => 步步花香
    [author_name] => 虫子
    [word_count] => 648595
    [chapter_count] => 201
    [channel_id] => 0
    [statistics_day] => 2016-12-18
    [total_income] => 6803
    [give_income] => 769
    [income] => 6034
    [buckle_income] => 2722
    [buckle_coefficient] => 0.6
    [createtime] => 2016-12-26 13:50:16
)
6
66
Array
(
    [id] => 203
    [book_id] => 99956
    [book_title] => 步步花香
    [author_name] => 虫子
    [word_count] => 648595
    [chapter_count] => 201
    [channel_id] => 0
    [statistics_year] => 2016
    [statistics_month] => 12
    [total_income] => 6803
    [give_income] => 769
    [income] => 6034
    [buckle_income] => 2722
    [createtime] => 2016-12-26 13:42:21
)
661
6611
Array
(
    [sum_total_income] => 6803
    [sum_give_income] => 769
    [sum_income] => 6034
    [sum_buckle_income] => 2722
)
result=1
7
8
9
book_id=102789
2
3
4
5
Array
(
    [total_income] => 397
    [income] => 97
    [give_income] => 300
    [buckle_income] => 139
    [buckle_coefficient] => 0.65
)
Array
(
    [book_id] => 102789
    [book_title] => 冷酷帝少步步逼婚
    [author_name] => 金元宝
    [word_count] => 1528703
    [chapter_count] => 565
    [channel_id] => 0
    [statistics_day] => 2016-12-18
    [total_income] => 397
    [give_income] => 300
    [income] => 97
    [buckle_income] => 139
    [buckle_coefficient] => 0.65
    [createtime] => 2016-12-26 13:50:16
)
6
66
Array
(
    [id] => 204
    [book_id] => 102789
    [book_title] => 冷酷帝少步步逼婚
    [author_name] => 金元宝
    [word_count] => 1528703
    [chapter_count] => 565
    [channel_id] => 0
    [statistics_year] => 2016
    [statistics_month] => 12
    [total_income] => 397
    [give_income] => 300
    [income] => 97
    [buckle_income] => 175
    [createtime] => 2016-12-26 13:42:21
)
661
6611
Array
(
    [sum_total_income] => 397
    [sum_give_income] => 300
    [sum_income] => 97
    [sum_buckle_income] => 139
)
result=1
7
8
9
book_id=102858
2
3
4
5
Array
(
    [total_income] => 15872
    [income] => 14561
    [give_income] => 1311
    [buckle_income] => 5397
    [buckle_coefficient] => 0.66
)
Array
(
    [book_id] => 102858
    [book_title] => 女王妈咪驾到
    [author_name] => 齐成琨
    [word_count] => 3746013
    [chapter_count] => 1775
    [channel_id] => 0
    [statistics_day] => 2016-12-18
    [total_income] => 15872
    [give_income] => 1311
    [income] => 14561
    [buckle_income] => 5397
    [buckle_coefficient] => 0.66
    [createtime] => 2016-12-26 13:50:17
)
6
66
Array
(
    [id] => 205
    [book_id] => 102858
    [book_title] => 女王妈咪驾到
    [author_name] => 齐成琨
    [word_count] => 3746013
    [chapter_count] => 1775
    [channel_id] => 0
    [statistics_year] => 2016
    [statistics_month] => 12
    [total_income] => 15872
    [give_income] => 1311
    [income] => 14561
    [buckle_income] => 6667
    [createtime] => 2016-12-26 13:42:21
)
661
6611
Array
(
    [sum_total_income] => 15872
    [sum_give_income] => 1311
    [sum_income] => 14561
    [sum_buckle_income] => 5397
)
result=1
7
8
9
book_id=103051
2
3
4
5
Array
(
    [total_income] => 3519
    [income] => 3277
    [give_income] => 242
    [buckle_income] => 1408
    [buckle_coefficient] => 0.6
)
Array
(
    [book_id] => 103051
    [book_title] => 闪婚疯妻休想逃
    [author_name] => 惜纯璐
    [word_count] => 1123723
    [chapter_count] => 278
    [channel_id] => 0
    [statistics_day] => 2016-12-18
    [total_income] => 3519
    [give_income] => 242
    [income] => 3277
    [buckle_income] => 1408
    [buckle_coefficient] => 0.6
    [createtime] => 2016-12-26 13:50:17
)
6
66
Array
(
    [id] => 206
    [book_id] => 103051
    [book_title] => 闪婚疯妻休想逃
    [author_name] => 惜纯璐
    [word_count] => 1123723
    [chapter_count] => 278
    [channel_id] => 0
    [statistics_year] => 2016
    [statistics_month] => 12
    [total_income] => 3519
    [give_income] => 242
    [income] => 3277
    [buckle_income] => 1549
    [createtime] => 2016-12-26 13:42:21
)
661
6611
Array
(
    [sum_total_income] => 3519
    [sum_give_income] => 242
    [sum_income] => 3277
    [sum_buckle_income] => 1408
)
result=1
7
8
9
book_id=104086
2
3
4
5
Array
(
    [total_income] => 190
    [income] => 190
    [give_income] => 0
    [buckle_income] => 84
    [buckle_coefficient] => 0.56
)
Array
(
    [book_id] => 104086
    [book_title] => 绝世高手在都市
    [author_name] => 潇洒公子
    [word_count] => 1537177
    [chapter_count] => 674
    [channel_id] => 0
    [statistics_day] => 2016-12-18
    [total_income] => 190
    [give_income] => 0
    [income] => 190
    [buckle_income] => 84
    [buckle_coefficient] => 0.56
    [createtime] => 2016-12-26 13:50:17
)
6
66
Array
(
    [id] => 207
    [book_id] => 104086
    [book_title] => 绝世高手在都市
    [author_name] => 潇洒公子
    [word_count] => 1537177
    [chapter_count] => 674
    [channel_id] => 0
    [statistics_year] => 2016
    [statistics_month] => 12
    [total_income] => 190
    [give_income] => 0
    [income] => 190
    [buckle_income] => 80
    [createtime] => 2016-12-26 13:42:21
)
661
6611
Array
(
    [sum_total_income] => 190
    [sum_give_income] => 0
    [sum_income] => 190
    [sum_buckle_income] => 84
)
result=1
7
8
9
book_id=104993
2
3
4
5
Array
(
    [total_income] => 1357
    [income] => 1192
    [give_income] => 165
    [buckle_income] => 584
    [buckle_coefficient] => 0.57
)
Array
(
    [book_id] => 104993
    [book_title] => 第一婚宠
    [author_name] => 月盈
    [word_count] => 1691851
    [chapter_count] => 554
    [channel_id] => 0
    [statistics_day] => 2016-12-18
    [total_income] => 1357
    [give_income] => 165
    [income] => 1192
    [buckle_income] => 584
    [buckle_coefficient] => 0.57
    [createtime] => 2016-12-26 13:50:17
)
6
66
Array
(
    [id] => 208
    [book_id] => 104993
    [book_title] => 第一婚宠
    [author_name] => 月盈
    [word_count] => 1691851
    [chapter_count] => 554
    [channel_id] => 0
    [statistics_year] => 2016
    [statistics_month] => 12
    [total_income] => 1357
    [give_income] => 165
    [income] => 1192
    [buckle_income] => 584
    [createtime] => 2016-12-26 13:42:21
)
661
6611
Array
(
    [sum_total_income] => 1357
    [sum_give_income] => 165
    [sum_income] => 1192
    [sum_buckle_income] => 584
)
result=1
7
8
9
book_id=105624
2
3
4
5
Array
(
    [total_income] => 212
    [income] => 212
    [give_income] => 0
    [buckle_income] => 73
    [buckle_coefficient] => 0.66
)
Array
(
    [book_id] => 105624
    [book_title] => 官道之辉煌人生
    [author_name] => 不否
    [word_count] => 1346498
    [chapter_count] => 403
    [channel_id] => 0
    [statistics_day] => 2016-12-18
    [total_income] => 212
    [give_income] => 0
    [income] => 212
    [buckle_income] => 73
    [buckle_coefficient] => 0.66
    [createtime] => 2016-12-26 13:50:17
)
6
66
Array
(
    [id] => 209
    [book_id] => 105624
    [book_title] => 官道之辉煌人生
    [author_name] => 不否
    [word_count] => 1346498
    [chapter_count] => 403
    [channel_id] => 0
    [statistics_year] => 2016
    [statistics_month] => 12
    [total_income] => 212
    [give_income] => 0
    [income] => 212
    [buckle_income] => 75
    [createtime] => 2016-12-26 13:42:21
)
661
6611
Array
(
    [sum_total_income] => 212
    [sum_give_income] => 0
    [sum_income] => 212
    [sum_buckle_income] => 73
)
result=1
7
8
9
book_id=109499
2
3
4
5
Array
(
    [total_income] => 8319
    [income] => 7781
    [give_income] => 538
    [buckle_income] => 3079
    [buckle_coefficient] => 0.63
)
Array
(
    [book_id] => 109499
    [book_title] => 极品复制
    [author_name] => 不是蚊子
    [word_count] => 956224
    [chapter_count] => 334
    [channel_id] => 0
    [statistics_day] => 2016-12-18
    [total_income] => 8319
    [give_income] => 538
    [income] => 7781
    [buckle_income] => 3079
    [buckle_coefficient] => 0.63
    [createtime] => 2016-12-26 13:50:17
)
6
66
Array
(
    [id] => 210
    [book_id] => 109499
    [book_title] => 极品复制
    [author_name] => 不是蚊子
    [word_count] => 956224
    [chapter_count] => 334
    [channel_id] => 0
    [statistics_year] => 2016
    [statistics_month] => 12
    [total_income] => 8319
    [give_income] => 538
    [income] => 7781
    [buckle_income] => 3328
    [createtime] => 2016-12-26 13:42:22
)
661
6611
Array
(
    [sum_total_income] => 8319
    [sum_give_income] => 538
    [sum_income] => 7781
    [sum_buckle_income] => 3079
)
result=1
7
8
9
book_id=110079
2
3
4
5
Array
(
    [total_income] => 42
    [income] => 42
    [give_income] => 0
    [buckle_income] => 15
    [buckle_coefficient] => 0.65
)
Array
(
    [book_id] => 110079
    [book_title] => 超级保镖
    [author_name] => 百年一木
    [word_count] => 5504620
    [chapter_count] => 2103
    [channel_id] => 0
    [statistics_day] => 2016-12-18
    [total_income] => 42
    [give_income] => 0
    [income] => 42
    [buckle_income] => 15
    [buckle_coefficient] => 0.65
    [createtime] => 2016-12-26 13:50:17
)
6
66
Array
(
    [id] => 211
    [book_id] => 110079
    [book_title] => 超级保镖
    [author_name] => 百年一木
    [word_count] => 5504620
    [chapter_count] => 2103
    [channel_id] => 0
    [statistics_year] => 2016
    [statistics_month] => 12
    [total_income] => 42
    [give_income] => 0
    [income] => 42
    [buckle_income] => 15
    [createtime] => 2016-12-26 13:42:22
)
661
6611
Array
(
    [sum_total_income] => 42
    [sum_give_income] => 0
    [sum_income] => 42
    [sum_buckle_income] => 15
)
result=1
7
8
9
book_id=110161
2
3
4
5
Array
(
    [total_income] => 10018
    [income] => 9520
    [give_income] => 498
    [buckle_income] => 3607
    [buckle_coefficient] => 0.64
)
Array
(
    [book_id] => 110161
    [book_title] => 我的局长老婆
    [author_name] => 喝杯浓茶
    [word_count] => 1628469
    [chapter_count] => 488
    [channel_id] => 0
    [statistics_day] => 2016-12-18
    [total_income] => 10018
    [give_income] => 498
    [income] => 9520
    [buckle_income] => 3607
    [buckle_coefficient] => 0.64
    [createtime] => 2016-12-26 13:50:17
)
6
66
Array
(
    [id] => 212
    [book_id] => 110161
    [book_title] => 我的局长老婆
    [author_name] => 喝杯浓茶
    [word_count] => 1628469
    [chapter_count] => 488
    [channel_id] => 0
    [statistics_year] => 2016
    [statistics_month] => 12
    [total_income] => 10018
    [give_income] => 498
    [income] => 9520
    [buckle_income] => 3908
    [createtime] => 2016-12-26 13:42:22
)
661
6611
Array
(
    [sum_total_income] => 10018
    [sum_give_income] => 498
    [sum_income] => 9520
    [sum_buckle_income] => 3607
)
result=1
7
8
9
book_id=110604
2
3
4
5
Array
(
    [total_income] => 4844
    [income] => 4707
    [give_income] => 137
    [buckle_income] => 1841
    [buckle_coefficient] => 0.62
)
Array
(
    [book_id] => 110604
    [book_title] => 极品高手混都市
    [author_name] => 田小鸡
    [word_count] => 1041121
    [chapter_count] => 385
    [channel_id] => 0
    [statistics_day] => 2016-12-18
    [total_income] => 4844
    [give_income] => 137
    [income] => 4707
    [buckle_income] => 1841
    [buckle_coefficient] => 0.62
    [createtime] => 2016-12-26 13:50:18
)
6
66
Array
(
    [id] => 213
    [book_id] => 110604
    [book_title] => 极品高手混都市
    [author_name] => 田小鸡
    [word_count] => 1041121
    [chapter_count] => 385
    [channel_id] => 0
    [statistics_year] => 2016
    [statistics_month] => 12
    [total_income] => 4844
    [give_income] => 137
    [income] => 4707
    [buckle_income] => 1938
    [createtime] => 2016-12-26 13:42:22
)
661
6611
Array
(
    [sum_total_income] => 4844
    [sum_give_income] => 137
    [sum_income] => 4707
    [sum_buckle_income] => 1841
)
result=1
7
8
9
book_id=113446
2
3
4
5
Array
(
    [total_income] => 14182
    [income] => 12873
    [give_income] => 1309
    [buckle_income] => 6382
    [buckle_coefficient] => 0.55
)
Array
(
    [book_id] => 113446
    [book_title] => 银杏花开
    [author_name] => 闻松听涛
    [word_count] => 2302791
    [chapter_count] => 723
    [channel_id] => 0
    [statistics_day] => 2016-12-18
    [total_income] => 14182
    [give_income] => 1309
    [income] => 12873
    [buckle_income] => 6382
    [buckle_coefficient] => 0.55
    [createtime] => 2016-12-26 13:50:28
)
6
66
Array
(
    [id] => 214
    [book_id] => 113446
    [book_title] => 银杏花开
    [author_name] => 闻松听涛
    [word_count] => 2302791
    [chapter_count] => 723
    [channel_id] => 0
    [statistics_year] => 2016
    [statistics_month] => 12
    [total_income] => 14182
    [give_income] => 1309
    [income] => 12873
    [buckle_income] => 6241
    [createtime] => 2016-12-26 13:42:22
)
661
6611
Array
(
    [sum_total_income] => 14182
    [sum_give_income] => 1309
    [sum_income] => 12873
    [sum_buckle_income] => 6382
)
result=1
7
8
9
book_id=114961
2
3
4
5
Array
(
    [total_income] => 6409
    [income] => 5487
    [give_income] => 922
    [buckle_income] => 2885
    [buckle_coefficient] => 0.55
)
Array
(
    [book_id] => 114961
    [book_title] => 独家宠婚，骗来的军嫂
    [author_name] => 夜雨星辰
    [word_count] => 786711
    [chapter_count] => 273
    [channel_id] => 0
    [statistics_day] => 2016-12-18
    [total_income] => 6409
    [give_income] => 922
    [income] => 5487
    [buckle_income] => 2885
    [buckle_coefficient] => 0.55
    [createtime] => 2016-12-26 13:50:35
)
6
66
Array
(
    [id] => 215
    [book_id] => 114961
    [book_title] => 独家宠婚，骗来的军嫂
    [author_name] => 夜雨星辰
    [word_count] => 786711
    [chapter_count] => 273
    [channel_id] => 0
    [statistics_year] => 2016
    [statistics_month] => 12
    [total_income] => 6409
    [give_income] => 922
    [income] => 5487
    [buckle_income] => 2180
    [createtime] => 2016-12-26 13:42:22
)
661
6611
Array
(
    [sum_total_income] => 6409
    [sum_give_income] => 922
    [sum_income] => 5487
    [sum_buckle_income] => 2885
)
result=1
7
8
9
book_id=115706
2
3
4
5
Array
(
    [total_income] => 3725
    [income] => 3575
    [give_income] => 150
    [buckle_income] => 1677
    [buckle_coefficient] => 0.55
)
Array
(
    [book_id] => 115706
    [book_title] => 我的极品总裁老婆
    [author_name] => 夜上
    [word_count] => 3570704
    [chapter_count] => 1140
    [channel_id] => 0
    [statistics_day] => 2016-12-18
    [total_income] => 3725
    [give_income] => 150
    [income] => 3575
    [buckle_income] => 1677
    [buckle_coefficient] => 0.55
    [createtime] => 2016-12-26 13:50:35
)
6
66
Array
(
    [id] => 216
    [book_id] => 115706
    [book_title] => 我的极品总裁老婆
    [author_name] => 夜上
    [word_count] => 3570704
    [chapter_count] => 1140
    [channel_id] => 0
    [statistics_year] => 2016
    [statistics_month] => 12
    [total_income] => 3725
    [give_income] => 150
    [income] => 3575
    [buckle_income] => 1639
    [createtime] => 2016-12-26 13:42:22
)
661
6611
Array
(
    [sum_total_income] => 3725
    [sum_give_income] => 150
    [sum_income] => 3575
    [sum_buckle_income] => 1677
)
result=1
7
8
9
book_id=116917
2
3
4
5
Array
(
    [total_income] => 78
    [income] => 78
    [give_income] => 0
    [buckle_income] => 34
    [buckle_coefficient] => 0.57
)
Array
(
    [book_id] => 116917
    [book_title] => 我的女友是虞姬
    [author_name] => 羽千航
    [word_count] => 1199003
    [chapter_count] => 355
    [channel_id] => 0
    [statistics_day] => 2016-12-18
    [total_income] => 78
    [give_income] => 0
    [income] => 78
    [buckle_income] => 34
    [buckle_coefficient] => 0.57
    [createtime] => 2016-12-26 13:50:35
)
6
66
Array
(
    [id] => 217
    [book_id] => 116917
    [book_title] => 我的女友是虞姬
    [author_name] => 羽千航
    [word_count] => 1199003
    [chapter_count] => 355
    [channel_id] => 0
    [statistics_year] => 2016
    [statistics_month] => 12
    [total_income] => 78
    [give_income] => 0
    [income] => 78
    [buckle_income] => 34
    [createtime] => 2016-12-26 13:42:22
)
661
6611
Array
(
    [sum_total_income] => 78
    [sum_give_income] => 0
    [sum_income] => 78
    [sum_buckle_income] => 34
)
result=1
7
8
9
book_id=119587
2
3
4
5
Array
(
    [total_income] => 1736
    [income] => 1736
    [give_income] => 0
    [buckle_income] => 730
    [buckle_coefficient] => 0.58
)
Array
(
    [book_id] => 119587
    [book_title] => 极品逍遥高手
    [author_name] => 青山依旧在
    [word_count] => 4811105
    [chapter_count] => 1550
    [channel_id] => 0
    [statistics_day] => 2016-12-18
    [total_income] => 1736
    [give_income] => 0
    [income] => 1736
    [buckle_income] => 730
    [buckle_coefficient] => 0.58
    [createtime] => 2016-12-26 13:50:35
)
6
66
Array
(
    [id] => 218
    [book_id] => 119587
    [book_title] => 极品逍遥高手
    [author_name] => 青山依旧在
    [word_count] => 4811105
    [chapter_count] => 1550
    [channel_id] => 0
    [statistics_year] => 2016
    [statistics_month] => 12
    [total_income] => 1736
    [give_income] => 0
    [income] => 1736
    [buckle_income] => 643
    [createtime] => 2016-12-26 13:42:22
)
661
6611
Array
(
    [sum_total_income] => 1736
    [sum_give_income] => 0
    [sum_income] => 1736
    [sum_buckle_income] => 730
)
result=1
7
8
9
book_id=120549
2
3
4
5
Array
(
    [total_income] => 46171
    [income] => 42391
    [give_income] => 3780
    [buckle_income] => 19854
    [buckle_coefficient] => 0.57
)
Array
(
    [book_id] => 120549
    [book_title] => 我的无心鬼丈夫
    [author_name] => 水云寒
    [word_count] => 657541
    [chapter_count] => 268
    [channel_id] => 0
    [statistics_day] => 2016-12-18
    [total_income] => 46171
    [give_income] => 3780
    [income] => 42391
    [buckle_income] => 19854
    [buckle_coefficient] => 0.57
    [createtime] => 2016-12-26 13:50:36
)
6
66
Array
(
    [id] => 219
    [book_id] => 120549
    [book_title] => 我的无心鬼丈夫
    [author_name] => 水云寒
    [word_count] => 657541
    [chapter_count] => 268
    [channel_id] => 0
    [statistics_year] => 2016
    [statistics_month] => 12
    [total_income] => 46171
    [give_income] => 3780
    [income] => 42391
    [buckle_income] => 15699
    [createtime] => 2016-12-26 13:42:23
)
661
6611
Array
(
    [sum_total_income] => 46171
    [sum_give_income] => 3780
    [sum_income] => 42391
    [sum_buckle_income] => 19854
)
result=1
7
8
9
book_id=121857
2
3
4
5
Array
(
    [total_income] => 65
    [income] => 65
    [give_income] => 0
    [buckle_income] => 25
    [buckle_coefficient] => 0.63
)
Array
(
    [book_id] => 121857
    [book_title] => 谈婚论价
    [author_name] => 我是鱼
    [word_count] => 2163622
    [chapter_count] => 707
    [channel_id] => 0
    [statistics_day] => 2016-12-18
    [total_income] => 65
    [give_income] => 0
    [income] => 65
    [buckle_income] => 25
    [buckle_coefficient] => 0.63
    [createtime] => 2016-12-26 13:50:36
)
6
66
Array
(
    [id] => 220
    [book_id] => 121857
    [book_title] => 谈婚论价
    [author_name] => 我是鱼
    [word_count] => 2163622
    [chapter_count] => 707
    [channel_id] => 0
    [statistics_year] => 2016
    [statistics_month] => 12
    [total_income] => 65
    [give_income] => 0
    [income] => 65
    [buckle_income] => 25
    [createtime] => 2016-12-26 13:42:23
)
661
6611
Array
(
    [sum_total_income] => 65
    [sum_give_income] => 0
    [sum_income] => 65
    [sum_buckle_income] => 25
)
result=1
7
8
9
book_id=122419
2
3
4
5
Array
(
    [total_income] => 190
    [income] => 45
    [give_income] => 145
    [buckle_income] => 76
    [buckle_coefficient] => 0.6
)
Array
(
    [book_id] => 122419
    [book_title] => 别动那个墓
    [author_name] => 歪少
    [word_count] => 685244
    [chapter_count] => 240
    [channel_id] => 0
    [statistics_day] => 2016-12-18
    [total_income] => 190
    [give_income] => 145
    [income] => 45
    [buckle_income] => 76
    [buckle_coefficient] => 0.6
    [createtime] => 2016-12-26 13:50:36
)
6
66
Array
(
    [id] => 221
    [book_id] => 122419
    [book_title] => 别动那个墓
    [author_name] => 歪少
    [word_count] => 685244
    [chapter_count] => 240
    [channel_id] => 0
    [statistics_year] => 2016
    [statistics_month] => 12
    [total_income] => 190
    [give_income] => 145
    [income] => 45
    [buckle_income] => 71
    [createtime] => 2016-12-26 13:42:23
)
661
6611
Array
(
    [sum_total_income] => 190
    [sum_give_income] => 145
    [sum_income] => 45
    [sum_buckle_income] => 76
)
result=1
7
8
9
book_id=123734
2
3
4
5
Array
(
    [total_income] => 1627
    [income] => 1627
    [give_income] => 0
    [buckle_income] => 733
    [buckle_coefficient] => 0.55
)
Array
(
    [book_id] => 123734
    [book_title] => 独霸苍穹
    [author_name] => 一枚祸害
    [word_count] => 1152046
    [chapter_count] => 393
    [channel_id] => 0
    [statistics_day] => 2016-12-18
    [total_income] => 1627
    [give_income] => 0
    [income] => 1627
    [buckle_income] => 733
    [buckle_coefficient] => 0.55
    [createtime] => 2016-12-26 13:50:36
)
6
66
Array
(
    [id] => 222
    [book_id] => 123734
    [book_title] => 独霸苍穹
    [author_name] => 一枚祸害
    [word_count] => 1152046
    [chapter_count] => 393
    [channel_id] => 0
    [statistics_year] => 2016
    [statistics_month] => 12
    [total_income] => 1627
    [give_income] => 0
    [income] => 1627
    [buckle_income] => 716
    [createtime] => 2016-12-26 13:42:23
)
661
6611
Array
(
    [sum_total_income] => 1627
    [sum_give_income] => 0
    [sum_income] => 1627
    [sum_buckle_income] => 733
)
result=1
7
8
9
book_id=123891
2
3
4
5
Array
(
    [total_income] => 9219
    [income] => 8301
    [give_income] => 918
    [buckle_income] => 3504
    [buckle_coefficient] => 0.62
)
Array
(
    [book_id] => 123891
    [book_title] => 世界第一军婚
    [author_name] => 雅园弄墨
    [word_count] => 1287867
    [chapter_count] => 639
    [channel_id] => 0
    [statistics_day] => 2016-12-18
    [total_income] => 9219
    [give_income] => 918
    [income] => 8301
    [buckle_income] => 3504
    [buckle_coefficient] => 0.62
    [createtime] => 2016-12-26 13:50:37
)
6
66
Array
(
    [id] => 223
    [book_id] => 123891
    [book_title] => 世界第一军婚
    [author_name] => 雅园弄墨
    [word_count] => 1287867
    [chapter_count] => 639
    [channel_id] => 0
    [statistics_year] => 2016
    [statistics_month] => 12
    [total_income] => 9219
    [give_income] => 918
    [income] => 8301
    [buckle_income] => 4057
    [createtime] => 2016-12-26 13:42:23
)
661
6611
Array
(
    [sum_total_income] => 9219
    [sum_give_income] => 918
    [sum_income] => 8301
    [sum_buckle_income] => 3504
)
result=1
7
8
9
book_id=126602
2
3
4
5
Array
(
    [total_income] => 703
    [income] => 703
    [give_income] => 0
    [buckle_income] => 254
    [buckle_coefficient] => 0.64
)
Array
(
    [book_id] => 126602
    [book_title] => 凰令萌妃
    [author_name] => 手雷斩云
    [word_count] => 552832
    [chapter_count] => 202
    [channel_id] => 0
    [statistics_day] => 2016-12-18
    [total_income] => 703
    [give_income] => 0
    [income] => 703
    [buckle_income] => 254
    [buckle_coefficient] => 0.64
    [createtime] => 2016-12-26 13:50:37
)
6
66
Array
(
    [id] => 224
    [book_id] => 126602
    [book_title] => 凰令萌妃
    [author_name] => 手雷斩云
    [word_count] => 552832
    [chapter_count] => 202
    [channel_id] => 0
    [statistics_year] => 2016
    [statistics_month] => 12
    [total_income] => 703
    [give_income] => 0
    [income] => 703
    [buckle_income] => 296
    [createtime] => 2016-12-26 13:42:23
)
661
6611
Array
(
    [sum_total_income] => 703
    [sum_give_income] => 0
    [sum_income] => 703
    [sum_buckle_income] => 254
)
result=1
7
8
9
book_id=144691
2
3
4
5
Array
(
    [total_income] => 5
    [income] => 5
    [give_income] => 0
    [buckle_income] => 5
    [buckle_coefficient] => 
)
Array
(
    [book_id] => 144691
    [book_title] => 阴阳鬼眼
    [author_name] => 芭蕉叶
    [word_count] => 105461
    [chapter_count] => 70
    [channel_id] => 0
    [statistics_day] => 2016-12-18
    [total_income] => 5
    [give_income] => 0
    [income] => 5
    [buckle_income] => 5
    [buckle_coefficient] => 
    [createtime] => 2016-12-26 13:50:37
)
6
66
Array
(
    [id] => 225
    [book_id] => 144691
    [book_title] => 阴阳鬼眼
    [author_name] => 芭蕉叶
    [word_count] => 105461
    [chapter_count] => 70
    [channel_id] => 0
    [statistics_year] => 2016
    [statistics_month] => 12
    [total_income] => 5
    [give_income] => 0
    [income] => 5
    [buckle_income] => 5
    [createtime] => 2016-12-26 13:42:23
)
661
6611
Array
(
    [sum_total_income] => 5
    [sum_give_income] => 0
    [sum_income] => 5
    [sum_buckle_income] => 5
)
result=1
7
8
9
book_id=145007
2
3
4
5
Array
(
    [total_income] => 8700
    [income] => 7453
    [give_income] => 1247
    [buckle_income] => 3306
    [buckle_coefficient] => 0.62
)
Array
(
    [book_id] => 145007
    [book_title] => 我的26岁女上司
    [author_name] => 韭菜盒子
    [word_count] => 2116067
    [chapter_count] => 1014
    [channel_id] => 0
    [statistics_day] => 2016-12-18
    [total_income] => 8700
    [give_income] => 1247
    [income] => 7453
    [buckle_income] => 3306
    [buckle_coefficient] => 0.62
    [createtime] => 2016-12-26 13:50:37
)
6
66
Array
(
    [id] => 226
    [book_id] => 145007
    [book_title] => 我的26岁女上司
    [author_name] => 韭菜盒子
    [word_count] => 2116067
    [chapter_count] => 1014
    [channel_id] => 0
    [statistics_year] => 2016
    [statistics_month] => 12
    [total_income] => 8700
    [give_income] => 1247
    [income] => 7453
    [buckle_income] => 3219
    [createtime] => 2016-12-26 13:42:23
)
661
6611
Array
(
    [sum_total_income] => 8700
    [sum_give_income] => 1247
    [sum_income] => 7453
    [sum_buckle_income] => 3306
)
result=1
7
8
9
book_id=146959
2
3
4
5
Array
(
    [total_income] => 15640
    [income] => 14567
    [give_income] => 1073
    [buckle_income] => 5787
    [buckle_coefficient] => 0.63
)
Array
(
    [book_id] => 146959
    [book_title] => 功夫神医
    [author_name] => 猪爬树
    [word_count] => 1523197
    [chapter_count] => 731
    [channel_id] => 0
    [statistics_day] => 2016-12-18
    [total_income] => 15640
    [give_income] => 1073
    [income] => 14567
    [buckle_income] => 5787
    [buckle_coefficient] => 0.63
    [createtime] => 2016-12-26 13:50:37
)
6
66
Array
(
    [id] => 2
    [book_id] => 146959
    [book_title] => 功夫神医
    [author_name] => 猪爬树
    [word_count] => 1523197
    [chapter_count] => 731
    [channel_id] => 0
    [statistics_year] => 2016
    [statistics_month] => 12
    [total_income] => 15650
    [give_income] => 1073
    [income] => 14577
    [buckle_income] => 6423
    [createtime] => 2016-12-26 13:42:24
)
661
6611
Array
(
    [sum_total_income] => 15650
    [sum_give_income] => 1073
    [sum_income] => 14577
    [sum_buckle_income] => 5797
)
result=1
7
8
9
book_id=147301
2
3
4
5
Array
(
    [total_income] => 1971
    [income] => 1768
    [give_income] => 203
    [buckle_income] => 868
    [buckle_coefficient] => 0.56
)
Array
(
    [book_id] => 147301
    [book_title] => 野蛮合租
    [author_name] => 东城
    [word_count] => 2061594
    [chapter_count] => 607
    [channel_id] => 0
    [statistics_day] => 2016-12-18
    [total_income] => 1971
    [give_income] => 203
    [income] => 1768
    [buckle_income] => 868
    [buckle_coefficient] => 0.56
    [createtime] => 2016-12-26 13:50:38
)
6
66
Array
(
    [id] => 227
    [book_id] => 147301
    [book_title] => 野蛮合租
    [author_name] => 东城
    [word_count] => 2061594
    [chapter_count] => 607
    [channel_id] => 0
    [statistics_year] => 2016
    [statistics_month] => 12
    [total_income] => 1971
    [give_income] => 203
    [income] => 1768
    [buckle_income] => 690
    [createtime] => 2016-12-26 13:42:24
)
661
6611
Array
(
    [sum_total_income] => 1971
    [sum_give_income] => 203
    [sum_income] => 1768
    [sum_buckle_income] => 868
)
result=1
7
8
9
book_id=150270
2
3
4
5
Array
(
    [total_income] => 242
    [income] => 242
    [give_income] => 0
    [buckle_income] => 90
    [buckle_coefficient] => 0.63
)
Array
(
    [book_id] => 150270
    [book_title] => 唇唇欲动
    [author_name] => 锁清秋
    [word_count] => 308037
    [chapter_count] => 100
    [channel_id] => 0
    [statistics_day] => 2016-12-18
    [total_income] => 242
    [give_income] => 0
    [income] => 242
    [buckle_income] => 90
    [buckle_coefficient] => 0.63
    [createtime] => 2016-12-26 13:50:38
)
6
66
Array
(
    [id] => 228
    [book_id] => 150270
    [book_title] => 唇唇欲动
    [author_name] => 锁清秋
    [word_count] => 308037
    [chapter_count] => 100
    [channel_id] => 0
    [statistics_year] => 2016
    [statistics_month] => 12
    [total_income] => 242
    [give_income] => 0
    [income] => 242
    [buckle_income] => 92
    [createtime] => 2016-12-26 13:42:24
)
661
6611
Array
(
    [sum_total_income] => 242
    [sum_give_income] => 0
    [sum_income] => 242
    [sum_buckle_income] => 90
)
result=1
7
8
9
book_id=151549
2
3
4
5
Array
(
    [total_income] => 3341
    [income] => 3341
    [give_income] => 0
    [buckle_income] => 1270
    [buckle_coefficient] => 0.62
)
Array
(
    [book_id] => 151549
    [book_title] => 我的极品美女总裁
    [author_name] => 平庸的上帝
    [word_count] => 2413290
    [chapter_count] => 755
    [channel_id] => 0
    [statistics_day] => 2016-12-18
    [total_income] => 3341
    [give_income] => 0
    [income] => 3341
    [buckle_income] => 1270
    [buckle_coefficient] => 0.62
    [createtime] => 2016-12-26 13:50:38
)
6
66
Array
(
    [id] => 229
    [book_id] => 151549
    [book_title] => 我的极品美女总裁
    [author_name] => 平庸的上帝
    [word_count] => 2413290
    [chapter_count] => 755
    [channel_id] => 0
    [statistics_year] => 2016
    [statistics_month] => 12
    [total_income] => 3341
    [give_income] => 0
    [income] => 3341
    [buckle_income] => 1270
    [createtime] => 2016-12-26 13:42:24
)
661
6611
Array
(
    [sum_total_income] => 3341
    [sum_give_income] => 0
    [sum_income] => 3341
    [sum_buckle_income] => 1270
)
result=1
7
8
9
book_id=152381
2
3
4
5
Array
(
    [total_income] => 10936
    [income] => 9626
    [give_income] => 1310
    [buckle_income] => 3937
    [buckle_coefficient] => 0.64
)
Array
(
    [book_id] => 152381
    [book_title] => 特级保安
    [author_name] => 花家大少
    [word_count] => 1181068
    [chapter_count] => 545
    [channel_id] => 0
    [statistics_day] => 2016-12-18
    [total_income] => 10936
    [give_income] => 1310
    [income] => 9626
    [buckle_income] => 3937
    [buckle_coefficient] => 0.64
    [createtime] => 2016-12-26 13:50:38
)
6
66
Array
(
    [id] => 230
    [book_id] => 152381
    [book_title] => 特级保安
    [author_name] => 花家大少
    [word_count] => 1181068
    [chapter_count] => 545
    [channel_id] => 0
    [statistics_year] => 2016
    [statistics_month] => 12
    [total_income] => 10936
    [give_income] => 1310
    [income] => 9626
    [buckle_income] => 4047
    [createtime] => 2016-12-26 13:42:24
)
661
6611
Array
(
    [sum_total_income] => 10936
    [sum_give_income] => 1310
    [sum_income] => 9626
    [sum_buckle_income] => 3937
)
result=1
7
8
9
book_id=153110
2
3
4
5
Array
(
    [total_income] => 24
    [income] => 24
    [give_income] => 0
    [buckle_income] => 9
    [buckle_coefficient] => 0.64
)
Array
(
    [book_id] => 153110
    [book_title] => 狼王盛宠：萌妻在手
    [author_name] => 夜堇兮
    [word_count] => 200340
    [chapter_count] => 92
    [channel_id] => 0
    [statistics_day] => 2016-12-18
    [total_income] => 24
    [give_income] => 0
    [income] => 24
    [buckle_income] => 9
    [buckle_coefficient] => 0.64
    [createtime] => 2016-12-26 13:50:38
)
6
66
Array
(
    [id] => 231
    [book_id] => 153110
    [book_title] => 狼王盛宠：萌妻在手
    [author_name] => 夜堇兮
    [word_count] => 200340
    [chapter_count] => 92
    [channel_id] => 0
    [statistics_year] => 2016
    [statistics_month] => 12
    [total_income] => 24
    [give_income] => 0
    [income] => 24
    [buckle_income] => 10
    [createtime] => 2016-12-26 13:42:24
)
661
6611
Array
(
    [sum_total_income] => 24
    [sum_give_income] => 0
    [sum_income] => 24
    [sum_buckle_income] => 9
)
result=1
7
8
9
book_id=153243
2
3
4
5
Array
(
    [total_income] => 1462
    [income] => 1462
    [give_income] => 0
    [buckle_income] => 629
    [buckle_coefficient] => 0.57
)
Array
(
    [book_id] => 153243
    [book_title] => 特种兵王在都市
    [author_name] => 皮卡丘
    [word_count] => 3544318
    [chapter_count] => 1082
    [channel_id] => 0
    [statistics_day] => 2016-12-18
    [total_income] => 1462
    [give_income] => 0
    [income] => 1462
    [buckle_income] => 629
    [buckle_coefficient] => 0.57
    [createtime] => 2016-12-26 13:50:38
)
6
66
Array
(
    [id] => 232
    [book_id] => 153243
    [book_title] => 特种兵王在都市
    [author_name] => 皮卡丘
    [word_count] => 3544318
    [chapter_count] => 1082
    [channel_id] => 0
    [statistics_year] => 2016
    [statistics_month] => 12
    [total_income] => 1462
    [give_income] => 0
    [income] => 1462
    [buckle_income] => 585
    [createtime] => 2016-12-26 13:42:25
)
661
6611
Array
(
    [sum_total_income] => 1462
    [sum_give_income] => 0
    [sum_income] => 1462
    [sum_buckle_income] => 629
)
result=1
7
8
9
book_id=153844
2
3
4
5
Array
(
    [total_income] => 1839
    [income] => 1503
    [give_income] => 336
    [buckle_income] => 644
    [buckle_coefficient] => 0.65
)
Array
(
    [book_id] => 153844
    [book_title] => 神级保安
    [author_name] => 三藏大师
    [word_count] => 1867331
    [chapter_count] => 871
    [channel_id] => 0
    [statistics_day] => 2016-12-18
    [total_income] => 1839
    [give_income] => 336
    [income] => 1503
    [buckle_income] => 644
    [buckle_coefficient] => 0.65
    [createtime] => 2016-12-26 13:50:39
)
6
66
Array
(
    [id] => 233
    [book_id] => 153844
    [book_title] => 神级保安
    [author_name] => 三藏大师
    [word_count] => 1867331
    [chapter_count] => 871
    [channel_id] => 0
    [statistics_year] => 2016
    [statistics_month] => 12
    [total_income] => 1839
    [give_income] => 336
    [income] => 1503
    [buckle_income] => 791
    [createtime] => 2016-12-26 13:42:25
)
661
6611
Array
(
    [sum_total_income] => 1839
    [sum_give_income] => 336
    [sum_income] => 1503
    [sum_buckle_income] => 644
)
result=1
7
8
9
book_id=156377
2
3
4
5
Array
(
    [total_income] => 120
    [income] => 120
    [give_income] => 0
    [buckle_income] => 51
    [buckle_coefficient] => 0.58
)
Array
(
    [book_id] => 156377
    [book_title] => 完美公寓
    [author_name] => 此剑无名
    [word_count] => 801846
    [chapter_count] => 263
    [channel_id] => 0
    [statistics_day] => 2016-12-18
    [total_income] => 120
    [give_income] => 0
    [income] => 120
    [buckle_income] => 51
    [buckle_coefficient] => 0.58
    [createtime] => 2016-12-26 13:50:39
)
6
66
Array
(
    [id] => 234
    [book_id] => 156377
    [book_title] => 完美公寓
    [author_name] => 此剑无名
    [word_count] => 801846
    [chapter_count] => 263
    [channel_id] => 0
    [statistics_year] => 2016
    [statistics_month] => 12
    [total_income] => 120
    [give_income] => 0
    [income] => 120
    [buckle_income] => 42
    [createtime] => 2016-12-26 13:42:25
)
661
6611
Array
(
    [sum_total_income] => 120
    [sum_give_income] => 0
    [sum_income] => 120
    [sum_buckle_income] => 51
)
result=1
7
8
9
book_id=156549
2
3
4
5
Array
(
    [total_income] => 1552
    [income] => 1092
    [give_income] => 460
    [buckle_income] => 683
    [buckle_coefficient] => 0.56
)
Array
(
    [book_id] => 156549
    [book_title] => 乾坤八针
    [author_name] => 李森森
    [word_count] => 1169216
    [chapter_count] => 343
    [channel_id] => 0
    [statistics_day] => 2016-12-18
    [total_income] => 1552
    [give_income] => 460
    [income] => 1092
    [buckle_income] => 683
    [buckle_coefficient] => 0.56
    [createtime] => 2016-12-26 13:50:39
)
6
66
Array
(
    [id] => 235
    [book_id] => 156549
    [book_title] => 乾坤八针
    [author_name] => 李森森
    [word_count] => 1169216
    [chapter_count] => 343
    [channel_id] => 0
    [statistics_year] => 2016
    [statistics_month] => 12
    [total_income] => 1552
    [give_income] => 460
    [income] => 1092
    [buckle_income] => 590
    [createtime] => 2016-12-26 13:42:25
)
661
6611
Array
(
    [sum_total_income] => 1552
    [sum_give_income] => 460
    [sum_income] => 1092
    [sum_buckle_income] => 683
)
result=1
7
8
9
book_id=156559
2
3
4
5
Array
(
    [total_income] => 6639
    [income] => 5717
    [give_income] => 922
    [buckle_income] => 2324
    [buckle_coefficient] => 0.65
)
Array
(
    [book_id] => 156559
    [book_title] => 超能狂神
    [author_name] => 青椒豆腐
    [word_count] => 2058068
    [chapter_count] => 693
    [channel_id] => 0
    [statistics_day] => 2016-12-18
    [total_income] => 6639
    [give_income] => 922
    [income] => 5717
    [buckle_income] => 2324
    [buckle_coefficient] => 0.65
    [createtime] => 2016-12-26 13:50:40
)
6
66
Array
(
    [id] => 236
    [book_id] => 156559
    [book_title] => 超能狂神
    [author_name] => 青椒豆腐
    [word_count] => 2058068
    [chapter_count] => 693
    [channel_id] => 0
    [statistics_year] => 2016
    [statistics_month] => 12
    [total_income] => 6639
    [give_income] => 922
    [income] => 5717
    [buckle_income] => 2656
    [createtime] => 2016-12-26 13:42:25
)
661
6611
Array
(
    [sum_total_income] => 6639
    [sum_give_income] => 922
    [sum_income] => 5717
    [sum_buckle_income] => 2324
)
result=1
7
8
9
book_id=161377
2
3
4
5
Array
(
    [total_income] => 32
    [income] => 32
    [give_income] => 0
    [buckle_income] => 12
    [buckle_coefficient] => 0.63
)
Array
(
    [book_id] => 161377
    [book_title] => 冤家路窄
    [author_name] => 手雷斩云
    [word_count] => 1202914
    [chapter_count] => 373
    [channel_id] => 0
    [statistics_day] => 2016-12-18
    [total_income] => 32
    [give_income] => 0
    [income] => 32
    [buckle_income] => 12
    [buckle_coefficient] => 0.63
    [createtime] => 2016-12-26 13:50:40
)
6
66
Array
(
    [id] => 237
    [book_id] => 161377
    [book_title] => 冤家路窄
    [author_name] => 手雷斩云
    [word_count] => 1202914
    [chapter_count] => 373
    [channel_id] => 0
    [statistics_year] => 2016
    [statistics_month] => 12
    [total_income] => 32
    [give_income] => 0
    [income] => 32
    [buckle_income] => 11
    [createtime] => 2016-12-26 13:42:25
)
661
6611
Array
(
    [sum_total_income] => 32
    [sum_give_income] => 0
    [sum_income] => 32
    [sum_buckle_income] => 12
)
result=1
7
8
9
book_id=163935
2
3
4
5
Array
(
    [total_income] => 18388
    [income] => 15574
    [give_income] => 2814
    [buckle_income] => 7723
    [buckle_coefficient] => 0.58
)
Array
(
    [book_id] => 163935
    [book_title] => 女儿红
    [author_name] => 喝杯浓茶
    [word_count] => 3149316
    [chapter_count] => 940
    [channel_id] => 0
    [statistics_day] => 2016-12-18
    [total_income] => 18388
    [give_income] => 2814
    [income] => 15574
    [buckle_income] => 7723
    [buckle_coefficient] => 0.58
    [createtime] => 2016-12-26 13:50:40
)
6
66
Array
(
    [id] => 238
    [book_id] => 163935
    [book_title] => 女儿红
    [author_name] => 喝杯浓茶
    [word_count] => 3149316
    [chapter_count] => 940
    [channel_id] => 0
    [statistics_year] => 2016
    [statistics_month] => 12
    [total_income] => 18388
    [give_income] => 2814
    [income] => 15574
    [buckle_income] => 6252
    [createtime] => 2016-12-26 13:42:25
)
661
6611
Array
(
    [sum_total_income] => 18388
    [sum_give_income] => 2814
    [sum_income] => 15574
    [sum_buckle_income] => 7723
)
result=1
7
8
9
book_id=165117
2
3
4
5
Array
(
    [total_income] => 160
    [income] => 160
    [give_income] => 0
    [buckle_income] => 72
    [buckle_coefficient] => 0.55
)
Array
(
    [book_id] => 165117
    [book_title] => 重生之侯门毒妃
    [author_name] => 且为东风住
    [word_count] => 703683
    [chapter_count] => 272
    [channel_id] => 0
    [statistics_day] => 2016-12-18
    [total_income] => 160
    [give_income] => 0
    [income] => 160
    [buckle_income] => 72
    [buckle_coefficient] => 0.55
    [createtime] => 2016-12-26 13:50:40
)
6
66
Array
(
    [id] => 239
    [book_id] => 165117
    [book_title] => 重生之侯门毒妃
    [author_name] => 且为东风住
    [word_count] => 703683
    [chapter_count] => 272
    [channel_id] => 0
    [statistics_year] => 2016
    [statistics_month] => 12
    [total_income] => 160
    [give_income] => 0
    [income] => 160
    [buckle_income] => 60
    [createtime] => 2016-12-26 13:42:25
)
661
6611
Array
(
    [sum_total_income] => 160
    [sum_give_income] => 0
    [sum_income] => 160
    [sum_buckle_income] => 72
)
result=1
7
8
9
book_id=165120
2
3
4
5
Array
(
    [total_income] => 587
    [income] => 397
    [give_income] => 190
    [buckle_income] => 218
    [buckle_coefficient] => 0.63
)
Array
(
    [book_id] => 165120
    [book_title] => 爱妻站住，求复婚
    [author_name] => 残菊
    [word_count] => 871969
    [chapter_count] => 414
    [channel_id] => 0
    [statistics_day] => 2016-12-18
    [total_income] => 587
    [give_income] => 190
    [income] => 397
    [buckle_income] => 218
    [buckle_coefficient] => 0.63
    [createtime] => 2016-12-26 13:50:40
)
6
66
Array
(
    [id] => 240
    [book_id] => 165120
    [book_title] => 爱妻站住，求复婚
    [author_name] => 残菊
    [word_count] => 871969
    [chapter_count] => 414
    [channel_id] => 0
    [statistics_year] => 2016
    [statistics_month] => 12
    [total_income] => 587
    [give_income] => 190
    [income] => 397
    [buckle_income] => 212
    [createtime] => 2016-12-26 13:42:25
)
661
6611
Array
(
    [sum_total_income] => 587
    [sum_give_income] => 190
    [sum_income] => 397
    [sum_buckle_income] => 218
)
result=1
7
8
9
book_id=165628
2
3
4
5
Array
(
    [total_income] => 2496
    [income] => 2209
    [give_income] => 287
    [buckle_income] => 849
    [buckle_coefficient] => 0.66
)
Array
(
    [book_id] => 165628
    [book_title] => 贴身高手
    [author_name] => 卧南斋
    [word_count] => 2736202
    [chapter_count] => 897
    [channel_id] => 0
    [statistics_day] => 2016-12-18
    [total_income] => 2496
    [give_income] => 287
    [income] => 2209
    [buckle_income] => 849
    [buckle_coefficient] => 0.66
    [createtime] => 2016-12-26 13:50:40
)
6
66
Array
(
    [id] => 241
    [book_id] => 165628
    [book_title] => 贴身高手
    [author_name] => 卧南斋
    [word_count] => 2736202
    [chapter_count] => 897
    [channel_id] => 0
    [statistics_year] => 2016
    [statistics_month] => 12
    [total_income] => 2496
    [give_income] => 287
    [income] => 2209
    [buckle_income] => 1024
    [createtime] => 2016-12-26 13:42:25
)
661
6611
Array
(
    [sum_total_income] => 2496
    [sum_give_income] => 287
    [sum_income] => 2209
    [sum_buckle_income] => 849
)
result=1
7
8
9
book_id=165797
2
3
4
5
Array
(
    [total_income] => 38335
    [income] => 34383
    [give_income] => 3952
    [buckle_income] => 13034
    [buckle_coefficient] => 0.66
)
Array
(
    [book_id] => 165797
    [book_title] => 嚣张兵王
    [author_name] => 可乐炖鸡翅
    [word_count] => 2708900
    [chapter_count] => 749
    [channel_id] => 0
    [statistics_day] => 2016-12-18
    [total_income] => 38335
    [give_income] => 3952
    [income] => 34383
    [buckle_income] => 13034
    [buckle_coefficient] => 0.66
    [createtime] => 2016-12-26 13:50:40
)
6
66
Array
(
    [id] => 242
    [book_id] => 165797
    [book_title] => 嚣张兵王
    [author_name] => 可乐炖鸡翅
    [word_count] => 2708900
    [chapter_count] => 749
    [channel_id] => 0
    [statistics_year] => 2016
    [statistics_month] => 12
    [total_income] => 38335
    [give_income] => 3952
    [income] => 34383
    [buckle_income] => 14184
    [createtime] => 2016-12-26 13:42:26
)
661
6611
Array
(
    [sum_total_income] => 38335
    [sum_give_income] => 3952
    [sum_income] => 34383
    [sum_buckle_income] => 13034
)
result=1
7
8
9
book_id=166201
2
3
4
5
Array
(
    [total_income] => 606
    [income] => 606
    [give_income] => 0
    [buckle_income] => 243
    [buckle_coefficient] => 0.6
)
Array
(
    [book_id] => 166201
    [book_title] => 不死佣兵
    [author_name] => 爱吃小龙虾
    [word_count] => 3212969
    [chapter_count] => 1011
    [channel_id] => 0
    [statistics_day] => 2016-12-18
    [total_income] => 606
    [give_income] => 0
    [income] => 606
    [buckle_income] => 243
    [buckle_coefficient] => 0.6
    [createtime] => 2016-12-26 13:50:41
)
6
66
Array
(
    [id] => 243
    [book_id] => 166201
    [book_title] => 不死佣兵
    [author_name] => 爱吃小龙虾
    [word_count] => 3212969
    [chapter_count] => 1011
    [channel_id] => 0
    [statistics_year] => 2016
    [statistics_month] => 12
    [total_income] => 606
    [give_income] => 0
    [income] => 606
    [buckle_income] => 249
    [createtime] => 2016-12-26 13:42:26
)
661
6611
Array
(
    [sum_total_income] => 606
    [sum_give_income] => 0
    [sum_income] => 606
    [sum_buckle_income] => 243
)
result=1
7
8
9
book_id=166242
2
3
4
5
Array
(
    [total_income] => 1772
    [income] => 1772
    [give_income] => 0
    [buckle_income] => 674
    [buckle_coefficient] => 0.62
)
Array
(
    [book_id] => 166242
    [book_title] => 腹黑boss的糊涂妻
    [author_name] => 写出一心人
    [word_count] => 1405401
    [chapter_count] => 463
    [channel_id] => 0
    [statistics_day] => 2016-12-18
    [total_income] => 1772
    [give_income] => 0
    [income] => 1772
    [buckle_income] => 674
    [buckle_coefficient] => 0.62
    [createtime] => 2016-12-26 13:50:41
)
6
66
Array
(
    [id] => 244
    [book_id] => 166242
    [book_title] => 腹黑boss的糊涂妻
    [author_name] => 写出一心人
    [word_count] => 1405401
    [chapter_count] => 463
    [channel_id] => 0
    [statistics_year] => 2016
    [statistics_month] => 12
    [total_income] => 1772
    [give_income] => 0
    [income] => 1772
    [buckle_income] => 621
    [createtime] => 2016-12-26 13:42:26
)
661
6611
Array
(
    [sum_total_income] => 1772
    [sum_give_income] => 0
    [sum_income] => 1772
    [sum_buckle_income] => 674
)
result=1
7
8
9
book_id=168236
2
3
4
5
Array
(
    [total_income] => 75
    [income] => 75
    [give_income] => 0
    [buckle_income] => 26
    [buckle_coefficient] => 0.66
)
Array
(
    [book_id] => 168236
    [book_title] => 万妖至皇
    [author_name] => 胖头鱼
    [word_count] => 2365600
    [chapter_count] => 762
    [channel_id] => 0
    [statistics_day] => 2016-12-18
    [total_income] => 75
    [give_income] => 0
    [income] => 75
    [buckle_income] => 26
    [buckle_coefficient] => 0.66
    [createtime] => 2016-12-26 13:50:41
)
6
66
Array
(
    [id] => 245
    [book_id] => 168236
    [book_title] => 万妖至皇
    [author_name] => 胖头鱼
    [word_count] => 2365600
    [chapter_count] => 762
    [channel_id] => 0
    [statistics_year] => 2016
    [statistics_month] => 12
    [total_income] => 75
    [give_income] => 0
    [income] => 75
    [buckle_income] => 27
    [createtime] => 2016-12-26 13:42:26
)
661
6611
Array
(
    [sum_total_income] => 75
    [sum_give_income] => 0
    [sum_income] => 75
    [sum_buckle_income] => 26
)
result=1
7
8
9
book_id=168928
2
3
4
5
Array
(
    [total_income] => 58
    [income] => 58
    [give_income] => 0
    [buckle_income] => 24
    [buckle_coefficient] => 0.6
)
Array
(
    [book_id] => 168928
    [book_title] => 冥婚厚爱
    [author_name] => 锁清秋
    [word_count] => 748797
    [chapter_count] => 392
    [channel_id] => 0
    [statistics_day] => 2016-12-18
    [total_income] => 58
    [give_income] => 0
    [income] => 58
    [buckle_income] => 24
    [buckle_coefficient] => 0.6
    [createtime] => 2016-12-26 13:50:41
)
6
66
Array
(
    [id] => 246
    [book_id] => 168928
    [book_title] => 冥婚厚爱
    [author_name] => 锁清秋
    [word_count] => 748797
    [chapter_count] => 392
    [channel_id] => 0
    [statistics_year] => 2016
    [statistics_month] => 12
    [total_income] => 58
    [give_income] => 0
    [income] => 58
    [buckle_income] => 25
    [createtime] => 2016-12-26 13:42:26
)
661
6611
Array
(
    [sum_total_income] => 58
    [sum_give_income] => 0
    [sum_income] => 58
    [sum_buckle_income] => 24
)
result=1
7
8
9
book_id=169657
2
3
4
5
Array
(
    [total_income] => 1296
    [income] => 1296
    [give_income] => 0
    [buckle_income] => 493
    [buckle_coefficient] => 0.62
)
Array
(
    [book_id] => 169657
    [book_title] => 神级护花高手
    [author_name] => 天齐
    [word_count] => 2627876
    [chapter_count] => 838
    [channel_id] => 0
    [statistics_day] => 2016-12-18
    [total_income] => 1296
    [give_income] => 0
    [income] => 1296
    [buckle_income] => 493
    [buckle_coefficient] => 0.62
    [createtime] => 2016-12-26 13:50:41
)
6
66
Array
(
    [id] => 247
    [book_id] => 169657
    [book_title] => 神级护花高手
    [author_name] => 天齐
    [word_count] => 2627876
    [chapter_count] => 838
    [channel_id] => 0
    [statistics_year] => 2016
    [statistics_month] => 12
    [total_income] => 1296
    [give_income] => 0
    [income] => 1296
    [buckle_income] => 441
    [createtime] => 2016-12-26 13:42:26
)
661
6611
Array
(
    [sum_total_income] => 1296
    [sum_give_income] => 0
    [sum_income] => 1296
    [sum_buckle_income] => 493
)
result=1
7
8
9
book_id=171340
2
3
4
5
Array
(
    [total_income] => 114
    [income] => 114
    [give_income] => 0
    [buckle_income] => 50
    [buckle_coefficient] => 0.57
)
Array
(
    [book_id] => 171340
    [book_title] => 官者诡道
    [author_name] => 不否
    [word_count] => 2598351
    [chapter_count] => 684
    [channel_id] => 0
    [statistics_day] => 2016-12-18
    [total_income] => 114
    [give_income] => 0
    [income] => 114
    [buckle_income] => 50
    [buckle_coefficient] => 0.57
    [createtime] => 2016-12-26 13:50:41
)
6
66
Array
(
    [id] => 248
    [book_id] => 171340
    [book_title] => 官者诡道
    [author_name] => 不否
    [word_count] => 2598351
    [chapter_count] => 684
    [channel_id] => 0
    [statistics_year] => 2016
    [statistics_month] => 12
    [total_income] => 114
    [give_income] => 0
    [income] => 114
    [buckle_income] => 52
    [createtime] => 2016-12-26 13:42:26
)
661
6611
Array
(
    [sum_total_income] => 114
    [sum_give_income] => 0
    [sum_income] => 114
    [sum_buckle_income] => 50
)
result=1
7
8
9
book_id=171616
2
3
4
5
Array
(
    [total_income] => 833
    [income] => 833
    [give_income] => 0
    [buckle_income] => 309
    [buckle_coefficient] => 0.63
)
Array
(
    [book_id] => 171616
    [book_title] => 我的明朝鬼丈夫
    [author_name] => 渝唐子卿
    [word_count] => 865898
    [chapter_count] => 273
    [channel_id] => 0
    [statistics_day] => 2016-12-18
    [total_income] => 833
    [give_income] => 0
    [income] => 833
    [buckle_income] => 309
    [buckle_coefficient] => 0.63
    [createtime] => 2016-12-26 13:50:41
)
6
66
Array
(
    [id] => 249
    [book_id] => 171616
    [book_title] => 我的明朝鬼丈夫
    [author_name] => 渝唐子卿
    [word_count] => 865898
    [chapter_count] => 273
    [channel_id] => 0
    [statistics_year] => 2016
    [statistics_month] => 12
    [total_income] => 833
    [give_income] => 0
    [income] => 833
    [buckle_income] => 375
    [createtime] => 2016-12-26 13:42:26
)
661
6611
Array
(
    [sum_total_income] => 833
    [sum_give_income] => 0
    [sum_income] => 833
    [sum_buckle_income] => 309
)
result=1
7
8
9
book_id=172798
2
3
4
5
Array
(
    [total_income] => 2762
    [income] => 2459
    [give_income] => 303
    [buckle_income] => 967
    [buckle_coefficient] => 0.65
)
Array
(
    [book_id] => 172798
    [book_title] => 武道独尊
    [author_name] => 小妖
    [word_count] => 1785372
    [chapter_count] => 591
    [channel_id] => 0
    [statistics_day] => 2016-12-18
    [total_income] => 2762
    [give_income] => 303
    [income] => 2459
    [buckle_income] => 967
    [buckle_coefficient] => 0.65
    [createtime] => 2016-12-26 13:50:41
)
6
66
Array
(
    [id] => 250
    [book_id] => 172798
    [book_title] => 武道独尊
    [author_name] => 小妖
    [word_count] => 1785372
    [chapter_count] => 591
    [channel_id] => 0
    [statistics_year] => 2016
    [statistics_month] => 12
    [total_income] => 2762
    [give_income] => 303
    [income] => 2459
    [buckle_income] => 940
    [createtime] => 2016-12-26 13:42:26
)
661
6611
Array
(
    [sum_total_income] => 2762
    [sum_give_income] => 303
    [sum_income] => 2459
    [sum_buckle_income] => 967
)
result=1
7
8
9
book_id=173972
2
3
4
5
Array
(
    [total_income] => 7680
    [income] => 6919
    [give_income] => 761
    [buckle_income] => 2688
    [buckle_coefficient] => 0.65
)
Array
(
    [book_id] => 173972
    [book_title] => 我和灵异的不解之缘
    [author_name] => 会跳舞的猫
    [word_count] => 633729
    [chapter_count] => 356
    [channel_id] => 0
    [statistics_day] => 2016-12-18
    [total_income] => 7680
    [give_income] => 761
    [income] => 6919
    [buckle_income] => 2688
    [buckle_coefficient] => 0.65
    [createtime] => 2016-12-26 13:50:41
)
6
66
Array
(
    [id] => 251
    [book_id] => 173972
    [book_title] => 我和灵异的不解之缘
    [author_name] => 会跳舞的猫
    [word_count] => 633729
    [chapter_count] => 356
    [channel_id] => 0
    [statistics_year] => 2016
    [statistics_month] => 12
    [total_income] => 7680
    [give_income] => 761
    [income] => 6919
    [buckle_income] => 2919
    [createtime] => 2016-12-26 13:42:26
)
661
6611
Array
(
    [sum_total_income] => 7680
    [sum_give_income] => 761
    [sum_income] => 6919
    [sum_buckle_income] => 2688
)
result=1
7
8
9
book_id=174301
2
3
4
5
Array
(
    [total_income] => 474
    [income] => 474
    [give_income] => 0
    [buckle_income] => 204
    [buckle_coefficient] => 0.57
)
Array
(
    [book_id] => 174301
    [book_title] => 一宠成婚：楚少的千金娇妻
    [author_name] => 公子小九
    [word_count] => 531810
    [chapter_count] => 251
    [channel_id] => 0
    [statistics_day] => 2016-12-18
    [total_income] => 474
    [give_income] => 0
    [income] => 474
    [buckle_income] => 204
    [buckle_coefficient] => 0.57
    [createtime] => 2016-12-26 13:50:41
)
6
66
Array
(
    [id] => 252
    [book_id] => 174301
    [book_title] => 一宠成婚：楚少的千金娇妻
    [author_name] => 公子小九
    [word_count] => 531810
    [chapter_count] => 251
    [channel_id] => 0
    [statistics_year] => 2016
    [statistics_month] => 12
    [total_income] => 474
    [give_income] => 0
    [income] => 474
    [buckle_income] => 171
    [createtime] => 2016-12-26 13:42:26
)
661
6611
Array
(
    [sum_total_income] => 474
    [sum_give_income] => 0
    [sum_income] => 474
    [sum_buckle_income] => 204
)
result=1
7
8
9
book_id=175244
2
3
4
5
Array
(
    [total_income] => 79
    [income] => 79
    [give_income] => 0
    [buckle_income] => 28
    [buckle_coefficient] => 0.65
)
Array
(
    [book_id] => 175244
    [book_title] => 诡墓谜情
    [author_name] => 诗然君
    [word_count] => 1059939
    [chapter_count] => 506
    [channel_id] => 0
    [statistics_day] => 2016-12-18
    [total_income] => 79
    [give_income] => 0
    [income] => 79
    [buckle_income] => 28
    [buckle_coefficient] => 0.65
    [createtime] => 2016-12-26 13:50:41
)
6
66
Array
(
    [id] => 253
    [book_id] => 175244
    [book_title] => 诡墓谜情
    [author_name] => 诗然君
    [word_count] => 1059939
    [chapter_count] => 506
    [channel_id] => 0
    [statistics_year] => 2016
    [statistics_month] => 12
    [total_income] => 79
    [give_income] => 0
    [income] => 79
    [buckle_income] => 36
    [createtime] => 2016-12-26 13:42:26
)
661
6611
Array
(
    [sum_total_income] => 79
    [sum_give_income] => 0
    [sum_income] => 79
    [sum_buckle_income] => 28
)
result=1
7
8
9
book_id=175447
2
3
4
5
Array
(
    [total_income] => 225
    [income] => 225
    [give_income] => 0
    [buckle_income] => 90
    [buckle_coefficient] => 0.6
)
Array
(
    [book_id] => 175447
    [book_title] => 巨灵神
    [author_name] => 熊猫思竹
    [word_count] => 1505100
    [chapter_count] => 555
    [channel_id] => 0
    [statistics_day] => 2016-12-18
    [total_income] => 225
    [give_income] => 0
    [income] => 225
    [buckle_income] => 90
    [buckle_coefficient] => 0.6
    [createtime] => 2016-12-26 13:50:41
)
6
66
Array
(
    [id] => 254
    [book_id] => 175447
    [book_title] => 巨灵神
    [author_name] => 熊猫思竹
    [word_count] => 1505100
    [chapter_count] => 555
    [channel_id] => 0
    [statistics_year] => 2016
    [statistics_month] => 12
    [total_income] => 225
    [give_income] => 0
    [income] => 225
    [buckle_income] => 81
    [createtime] => 2016-12-26 13:42:26
)
661
6611
Array
(
    [sum_total_income] => 225
    [sum_give_income] => 0
    [sum_income] => 225
    [sum_buckle_income] => 90
)
result=1
7
8
9
book_id=176061
2
3
4
5
Array
(
    [total_income] => 18223
    [income] => 15910
    [give_income] => 2313
    [buckle_income] => 6196
    [buckle_coefficient] => 0.66
)
Array
(
    [book_id] => 176061
    [book_title] => 侠盗神医
    [author_name] => 风雨白鸽
    [word_count] => 2714633
    [chapter_count] => 869
    [channel_id] => 0
    [statistics_day] => 2016-12-18
    [total_income] => 18223
    [give_income] => 2313
    [income] => 15910
    [buckle_income] => 6196
    [buckle_coefficient] => 0.66
    [createtime] => 2016-12-26 13:50:42
)
6
66
Array
(
    [id] => 255
    [book_id] => 176061
    [book_title] => 侠盗神医
    [author_name] => 风雨白鸽
    [word_count] => 2714633
    [chapter_count] => 869
    [channel_id] => 0
    [statistics_year] => 2016
    [statistics_month] => 12
    [total_income] => 18223
    [give_income] => 2313
    [income] => 15910
    [buckle_income] => 8201
    [createtime] => 2016-12-26 13:42:27
)
661
6611
Array
(
    [sum_total_income] => 18223
    [sum_give_income] => 2313
    [sum_income] => 15910
    [sum_buckle_income] => 6196
)
result=1
7
8
9
book_id=176461
2
3
4
5
Array
(
    [total_income] => 5330
    [income] => 4715
    [give_income] => 615
    [buckle_income] => 2132
    [buckle_coefficient] => 0.6
)
Array
(
    [book_id] => 176461
    [book_title] => 前夫追妻路漫漫
    [author_name] => 爱上风的辛夷花
    [word_count] => 1049523
    [chapter_count] => 318
    [channel_id] => 0
    [statistics_day] => 2016-12-18
    [total_income] => 5330
    [give_income] => 615
    [income] => 4715
    [buckle_income] => 2132
    [buckle_coefficient] => 0.6
    [createtime] => 2016-12-26 13:50:42
)
6
66
Array
(
    [id] => 256
    [book_id] => 176461
    [book_title] => 前夫追妻路漫漫
    [author_name] => 爱上风的辛夷花
    [word_count] => 1049523
    [chapter_count] => 318
    [channel_id] => 0
    [statistics_year] => 2016
    [statistics_month] => 12
    [total_income] => 5330
    [give_income] => 615
    [income] => 4715
    [buckle_income] => 1973
    [createtime] => 2016-12-26 13:42:27
)
661
6611
Array
(
    [sum_total_income] => 5330
    [sum_give_income] => 615
    [sum_income] => 4715
    [sum_buckle_income] => 2132
)
result=1
7
8
9
book_id=179132
2
3
4
5
Array
(
    [total_income] => 16052
    [income] => 13852
    [give_income] => 2200
    [buckle_income] => 6903
    [buckle_coefficient] => 0.57
)
Array
(
    [book_id] => 179132
    [book_title] => 骗个老婆好过年
    [author_name] => 手雷斩云
    [word_count] => 997911
    [chapter_count] => 309
    [channel_id] => 0
    [statistics_day] => 2016-12-18
    [total_income] => 16052
    [give_income] => 2200
    [income] => 13852
    [buckle_income] => 6903
    [buckle_coefficient] => 0.57
    [createtime] => 2016-12-26 13:50:42
)
6
66
Array
(
    [id] => 257
    [book_id] => 179132
    [book_title] => 骗个老婆好过年
    [author_name] => 手雷斩云
    [word_count] => 997911
    [chapter_count] => 309
    [channel_id] => 0
    [statistics_year] => 2016
    [statistics_month] => 12
    [total_income] => 16052
    [give_income] => 2200
    [income] => 13852
    [buckle_income] => 7063
    [createtime] => 2016-12-26 13:42:27
)
661
6611
Array
(
    [sum_total_income] => 16052
    [sum_give_income] => 2200
    [sum_income] => 13852
    [sum_buckle_income] => 6903
)
result=1
7
8
9
book_id=179383
2
3
4
5
Array
(
    [total_income] => 2039
    [income] => 1949
    [give_income] => 90
    [buckle_income] => 918
    [buckle_coefficient] => 0.55
)
Array
(
    [book_id] => 179383
    [book_title] => 大叔的甜心
    [author_name] => 残菊
    [word_count] => 459253
    [chapter_count] => 228
    [channel_id] => 0
    [statistics_day] => 2016-12-18
    [total_income] => 2039
    [give_income] => 90
    [income] => 1949
    [buckle_income] => 918
    [buckle_coefficient] => 0.55
    [createtime] => 2016-12-26 13:50:42
)
6
66
Array
(
    [id] => 258
    [book_id] => 179383
    [book_title] => 大叔的甜心
    [author_name] => 残菊
    [word_count] => 459253
    [chapter_count] => 228
    [channel_id] => 0
    [statistics_year] => 2016
    [statistics_month] => 12
    [total_income] => 2039
    [give_income] => 90
    [income] => 1949
    [buckle_income] => 714
    [createtime] => 2016-12-26 13:42:27
)
661
6611
Array
(
    [sum_total_income] => 2039
    [sum_give_income] => 90
    [sum_income] => 1949
    [sum_buckle_income] => 918
)
result=1
7
8
9
book_id=179474
2
3
4
5
Array
(
    [total_income] => 54
    [income] => 54
    [give_income] => 0
    [buckle_income] => 24
    [buckle_coefficient] => 0.56
)
Array
(
    [book_id] => 179474
    [book_title] => 古墓诡事
    [author_name] => 凶唱
    [word_count] => 1442114
    [chapter_count] => 439
    [channel_id] => 0
    [statistics_day] => 2016-12-18
    [total_income] => 54
    [give_income] => 0
    [income] => 54
    [buckle_income] => 24
    [buckle_coefficient] => 0.56
    [createtime] => 2016-12-26 13:50:42
)
6
66
Array
(
    [id] => 259
    [book_id] => 179474
    [book_title] => 古墓诡事
    [author_name] => 凶唱
    [word_count] => 1442114
    [chapter_count] => 439
    [channel_id] => 0
    [statistics_year] => 2016
    [statistics_month] => 12
    [total_income] => 54
    [give_income] => 0
    [income] => 54
    [buckle_income] => 23
    [createtime] => 2016-12-26 13:42:27
)
661
6611
Array
(
    [sum_total_income] => 54
    [sum_give_income] => 0
    [sum_income] => 54
    [sum_buckle_income] => 24
)
result=1
7
8
9
book_id=181997
2
3
4
5
Array
(
    [total_income] => 364
    [income] => 364
    [give_income] => 0
    [buckle_income] => 128
    [buckle_coefficient] => 0.65
)
Array
(
    [book_id] => 181997
    [book_title] => 狼督军
    [author_name] => 懵懂独狼
    [word_count] => 1849422
    [chapter_count] => 490
    [channel_id] => 0
    [statistics_day] => 2016-12-18
    [total_income] => 364
    [give_income] => 0
    [income] => 364
    [buckle_income] => 128
    [buckle_coefficient] => 0.65
    [createtime] => 2016-12-26 13:50:42
)
6
66
Array
(
    [id] => 260
    [book_id] => 181997
    [book_title] => 狼督军
    [author_name] => 懵懂独狼
    [word_count] => 1849422
    [chapter_count] => 490
    [channel_id] => 0
    [statistics_year] => 2016
    [statistics_month] => 12
    [total_income] => 364
    [give_income] => 0
    [income] => 364
    [buckle_income] => 135
    [createtime] => 2016-12-26 13:42:27
)
661
6611
Array
(
    [sum_total_income] => 364
    [sum_give_income] => 0
    [sum_income] => 364
    [sum_buckle_income] => 128
)
result=1
7
8
9
book_id=182402
2
3
4
5
Array
(
    [total_income] => 10004
    [income] => 9111
    [give_income] => 893
    [buckle_income] => 3502
    [buckle_coefficient] => 0.65
)
Array
(
    [book_id] => 182402
    [book_title] => 纨绔教师
    [author_name] => 生花妙笔
    [word_count] => 1301148
    [chapter_count] => 542
    [channel_id] => 0
    [statistics_day] => 2016-12-18
    [total_income] => 10004
    [give_income] => 893
    [income] => 9111
    [buckle_income] => 3502
    [buckle_coefficient] => 0.65
    [createtime] => 2016-12-26 13:50:42
)
6
66
Array
(
    [id] => 3
    [book_id] => 182402
    [book_title] => 纨绔教师
    [author_name] => 生花妙笔
    [word_count] => 1301148
    [chapter_count] => 542
    [channel_id] => 0
    [statistics_year] => 2016
    [statistics_month] => 12
    [total_income] => 10014
    [give_income] => 893
    [income] => 9121
    [buckle_income] => 3912
    [createtime] => 2016-12-26 13:42:27
)
661
6611
Array
(
    [sum_total_income] => 10014
    [sum_give_income] => 893
    [sum_income] => 9121
    [sum_buckle_income] => 3512
)
result=1
7
8
9
book_id=182416
2
3
4
5
Array
(
    [total_income] => 327
    [income] => 22
    [give_income] => 305
    [buckle_income] => 112
    [buckle_coefficient] => 0.66
)
Array
(
    [book_id] => 182416
    [book_title] => 国民老公登堂入室
    [author_name] => 十殿女王
    [word_count] => 999441
    [chapter_count] => 315
    [channel_id] => 0
    [statistics_day] => 2016-12-18
    [total_income] => 327
    [give_income] => 305
    [income] => 22
    [buckle_income] => 112
    [buckle_coefficient] => 0.66
    [createtime] => 2016-12-26 13:50:42
)
6
66
Array
(
    [id] => 261
    [book_id] => 182416
    [book_title] => 国民老公登堂入室
    [author_name] => 十殿女王
    [word_count] => 999441
    [chapter_count] => 315
    [channel_id] => 0
    [statistics_year] => 2016
    [statistics_month] => 12
    [total_income] => 327
    [give_income] => 305
    [income] => 22
    [buckle_income] => 121
    [createtime] => 2016-12-26 13:42:27
)
661
6611
Array
(
    [sum_total_income] => 327
    [sum_give_income] => 305
    [sum_income] => 22
    [sum_buckle_income] => 112
)
result=1
7
8
9
book_id=184006
2
3
4
5
Array
(
    [total_income] => 5935
    [income] => 5227
    [give_income] => 708
    [buckle_income] => 2612
    [buckle_coefficient] => 0.56
)
Array
(
    [book_id] => 184006
    [book_title] => 驭鬼冥妻
    [author_name] => 白骨蔷薇
    [word_count] => 726626
    [chapter_count] => 354
    [channel_id] => 0
    [statistics_day] => 2016-12-18
    [total_income] => 5935
    [give_income] => 708
    [income] => 5227
    [buckle_income] => 2612
    [buckle_coefficient] => 0.56
    [createtime] => 2016-12-26 13:50:42
)
6
66
Array
(
    [id] => 262
    [book_id] => 184006
    [book_title] => 驭鬼冥妻
    [author_name] => 白骨蔷薇
    [word_count] => 726626
    [chapter_count] => 354
    [channel_id] => 0
    [statistics_year] => 2016
    [statistics_month] => 12
    [total_income] => 5935
    [give_income] => 708
    [income] => 5227
    [buckle_income] => 2553
    [createtime] => 2016-12-26 13:42:27
)
661
6611
Array
(
    [sum_total_income] => 5935
    [sum_give_income] => 708
    [sum_income] => 5227
    [sum_buckle_income] => 2612
)
result=1
7
8
9
book_id=184132
2
3
4
5
Array
(
    [total_income] => 15
    [income] => 15
    [give_income] => 0
    [buckle_income] => 9
    [buckle_coefficient] => 0.41
)
Array
(
    [book_id] => 184132
    [book_title] => 画尸怪谈
    [author_name] => 忆珂梦惜
    [word_count] => 722037
    [chapter_count] => 224
    [channel_id] => 0
    [statistics_day] => 2016-12-18
    [total_income] => 15
    [give_income] => 0
    [income] => 15
    [buckle_income] => 9
    [buckle_coefficient] => 0.41
    [createtime] => 2016-12-26 13:50:42
)
6
66
Array
(
    [id] => 263
    [book_id] => 184132
    [book_title] => 画尸怪谈
    [author_name] => 忆珂梦惜
    [word_count] => 722037
    [chapter_count] => 224
    [channel_id] => 0
    [statistics_year] => 2016
    [statistics_month] => 12
    [total_income] => 15
    [give_income] => 0
    [income] => 15
    [buckle_income] => 9
    [createtime] => 2016-12-26 13:42:27
)
661
6611
Array
(
    [sum_total_income] => 15
    [sum_give_income] => 0
    [sum_income] => 15
    [sum_buckle_income] => 9
)
result=1
7
8
9
book_id=184167
2
3
4
5
Array
(
    [total_income] => 178
    [income] => 178
    [give_income] => 0
    [buckle_income] => 77
    [buckle_coefficient] => 0.57
)
Array
(
    [book_id] => 184167
    [book_title] => 毒妃倾城
    [author_name] => 十八学士
    [word_count] => 593086
    [chapter_count] => 179
    [channel_id] => 0
    [statistics_day] => 2016-12-18
    [total_income] => 178
    [give_income] => 0
    [income] => 178
    [buckle_income] => 77
    [buckle_coefficient] => 0.57
    [createtime] => 2016-12-26 13:50:42
)
6
66
Array
(
    [id] => 264
    [book_id] => 184167
    [book_title] => 毒妃倾城
    [author_name] => 十八学士
    [word_count] => 593086
    [chapter_count] => 179
    [channel_id] => 0
    [statistics_year] => 2016
    [statistics_month] => 12
    [total_income] => 178
    [give_income] => 0
    [income] => 178
    [buckle_income] => 70
    [createtime] => 2016-12-26 13:42:27
)
661
6611
Array
(
    [sum_total_income] => 178
    [sum_give_income] => 0
    [sum_income] => 178
    [sum_buckle_income] => 77
)
result=1
7
8
9
book_id=186985
2
3
4
5
Array
(
    [total_income] => 30
    [income] => 30
    [give_income] => 0
    [buckle_income] => 13
    [buckle_coefficient] => 0.57
)
Array
(
    [book_id] => 186985
    [book_title] => 我的极品女友2
    [author_name] => 苦哈哈1
    [word_count] => 988538
    [chapter_count] => 324
    [channel_id] => 0
    [statistics_day] => 2016-12-18
    [total_income] => 30
    [give_income] => 0
    [income] => 30
    [buckle_income] => 13
    [buckle_coefficient] => 0.57
    [createtime] => 2016-12-26 13:50:42
)
6
66
Array
(
    [id] => 265
    [book_id] => 186985
    [book_title] => 我的极品女友2
    [author_name] => 苦哈哈1
    [word_count] => 988538
    [chapter_count] => 324
    [channel_id] => 0
    [statistics_year] => 2016
    [statistics_month] => 12
    [total_income] => 30
    [give_income] => 0
    [income] => 30
    [buckle_income] => 11
    [createtime] => 2016-12-26 13:42:27
)
661
6611
Array
(
    [sum_total_income] => 30
    [sum_give_income] => 0
    [sum_income] => 30
    [sum_buckle_income] => 13
)
result=1
7
8
9
book_id=187062
2
3
4
5
Array
(
    [total_income] => 1013
    [income] => 1013
    [give_income] => 0
    [buckle_income] => 396
    [buckle_coefficient] => 0.61
)
Array
(
    [book_id] => 187062
    [book_title] => 网游之神域传奇
    [author_name] => 玉虚
    [word_count] => 1350091
    [chapter_count] => 448
    [channel_id] => 0
    [statistics_day] => 2016-12-18
    [total_income] => 1013
    [give_income] => 0
    [income] => 1013
    [buckle_income] => 396
    [buckle_coefficient] => 0.61
    [createtime] => 2016-12-26 13:50:43
)
6
66
Array
(
    [id] => 266
    [book_id] => 187062
    [book_title] => 网游之神域传奇
    [author_name] => 玉虚
    [word_count] => 1350091
    [chapter_count] => 448
    [channel_id] => 0
    [statistics_year] => 2016
    [statistics_month] => 12
    [total_income] => 1013
    [give_income] => 0
    [income] => 1013
    [buckle_income] => 436
    [createtime] => 2016-12-26 13:42:28
)
661
6611
Array
(
    [sum_total_income] => 1013
    [sum_give_income] => 0
    [sum_income] => 1013
    [sum_buckle_income] => 396
)
result=1
7
8
9
book_id=187630
2
3
4
5
Array
(
    [total_income] => 75
    [income] => 75
    [give_income] => 0
    [buckle_income] => 27
    [buckle_coefficient] => 0.65
)
Array
(
    [book_id] => 187630
    [book_title] => 我的农家小生活
    [author_name] => 天香书院
    [word_count] => 1313255
    [chapter_count] => 411
    [channel_id] => 0
    [statistics_day] => 2016-12-18
    [total_income] => 75
    [give_income] => 0
    [income] => 75
    [buckle_income] => 27
    [buckle_coefficient] => 0.65
    [createtime] => 2016-12-26 13:50:43
)
6
66
Array
(
    [id] => 267
    [book_id] => 187630
    [book_title] => 我的农家小生活
    [author_name] => 天香书院
    [word_count] => 1313255
    [chapter_count] => 411
    [channel_id] => 0
    [statistics_year] => 2016
    [statistics_month] => 12
    [total_income] => 75
    [give_income] => 0
    [income] => 75
    [buckle_income] => 30
    [createtime] => 2016-12-26 13:42:28
)
661
6611
Array
(
    [sum_total_income] => 75
    [sum_give_income] => 0
    [sum_income] => 75
    [sum_buckle_income] => 27
)
result=1
7
8
9
book_id=188097
2
3
4
5
Array
(
    [total_income] => 31142
    [income] => 26286
    [give_income] => 4856
    [buckle_income] => 12457
    [buckle_coefficient] => 0.6
)
Array
(
    [book_id] => 188097
    [book_title] => 顾少的贴身小辣妻
    [author_name] => 许寒
    [word_count] => 906023
    [chapter_count] => 440
    [channel_id] => 0
    [statistics_day] => 2016-12-18
    [total_income] => 31142
    [give_income] => 4856
    [income] => 26286
    [buckle_income] => 12457
    [buckle_coefficient] => 0.6
    [createtime] => 2016-12-26 13:50:43
)
6
66
Array
(
    [id] => 268
    [book_id] => 188097
    [book_title] => 顾少的贴身小辣妻
    [author_name] => 许寒
    [word_count] => 906023
    [chapter_count] => 440
    [channel_id] => 0
    [statistics_year] => 2016
    [statistics_month] => 12
    [total_income] => 31142
    [give_income] => 4856
    [income] => 26286
    [buckle_income] => 11212
    [createtime] => 2016-12-26 13:42:28
)
661
6611
Array
(
    [sum_total_income] => 31142
    [sum_give_income] => 4856
    [sum_income] => 26286
    [sum_buckle_income] => 12457
)
result=1
7
8
9
book_id=188349
2
3
4
5
Array
(
    [total_income] => 502
    [income] => 392
    [give_income] => 110
    [buckle_income] => 191
    [buckle_coefficient] => 0.62
)
Array
(
    [book_id] => 188349
    [book_title] => 超级透视
    [author_name] => 颜祯
    [word_count] => 1920655
    [chapter_count] => 741
    [channel_id] => 0
    [statistics_day] => 2016-12-18
    [total_income] => 502
    [give_income] => 110
    [income] => 392
    [buckle_income] => 191
    [buckle_coefficient] => 0.62
    [createtime] => 2016-12-26 13:50:43
)
6
66
Array
(
    [id] => 269
    [book_id] => 188349
    [book_title] => 超级透视
    [author_name] => 颜祯
    [word_count] => 1920655
    [chapter_count] => 741
    [channel_id] => 0
    [statistics_year] => 2016
    [statistics_month] => 12
    [total_income] => 502
    [give_income] => 110
    [income] => 392
    [buckle_income] => 171
    [createtime] => 2016-12-26 13:42:28
)
661
6611
Array
(
    [sum_total_income] => 502
    [sum_give_income] => 110
    [sum_income] => 392
    [sum_buckle_income] => 191
)
result=1
7
8
9
book_id=189214
2
3
4
5
Array
(
    [total_income] => 229966
    [income] => 201327
    [give_income] => 28639
    [buckle_income] => 89687
    [buckle_coefficient] => 0.61
)
Array
(
    [book_id] => 189214
    [book_title] => 青春无悔
    [author_name] => 叶妖
    [word_count] => 1026366
    [chapter_count] => 385
    [channel_id] => 0
    [statistics_day] => 2016-12-18
    [total_income] => 229966
    [give_income] => 28639
    [income] => 201327
    [buckle_income] => 89687
    [buckle_coefficient] => 0.61
    [createtime] => 2016-12-26 13:50:46
)
6
66
Array
(
    [id] => 270
    [book_id] => 189214
    [book_title] => 青春无悔
    [author_name] => 叶妖
    [word_count] => 1026366
    [chapter_count] => 385
    [channel_id] => 0
    [statistics_year] => 2016
    [statistics_month] => 12
    [total_income] => 229966
    [give_income] => 28639
    [income] => 201327
    [buckle_income] => 96586
    [createtime] => 2016-12-26 13:42:31
)
661
6611
Array
(
    [sum_total_income] => 229966
    [sum_give_income] => 28639
    [sum_income] => 201327
    [sum_buckle_income] => 89687
)
result=1
7
8
9
book_id=189614
2
3
4
5
Array
(
    [total_income] => 75
    [income] => 75
    [give_income] => 0
    [buckle_income] => 30
    [buckle_coefficient] => 0.6
)
Array
(
    [book_id] => 189614
    [book_title] => 帝少宠妻无度
    [author_name] => 曲潇潇
    [word_count] => 903745
    [chapter_count] => 414
    [channel_id] => 0
    [statistics_day] => 2016-12-18
    [total_income] => 75
    [give_income] => 0
    [income] => 75
    [buckle_income] => 30
    [buckle_coefficient] => 0.6
    [createtime] => 2016-12-26 13:50:46
)
6
66
Array
(
    [id] => 271
    [book_id] => 189614
    [book_title] => 帝少宠妻无度
    [author_name] => 曲潇潇
    [word_count] => 903745
    [chapter_count] => 414
    [channel_id] => 0
    [statistics_year] => 2016
    [statistics_month] => 12
    [total_income] => 75
    [give_income] => 0
    [income] => 75
    [buckle_income] => 33
    [createtime] => 2016-12-26 13:42:31
)
661
6611
Array
(
    [sum_total_income] => 75
    [sum_give_income] => 0
    [sum_income] => 75
    [sum_buckle_income] => 30
)
result=1
7
8
9
book_id=189726
2
3
4
5
Array
(
    [total_income] => 50
    [income] => 50
    [give_income] => 0
    [buckle_income] => 20
    [buckle_coefficient] => 0.61
)
Array
(
    [book_id] => 189726
    [book_title] => 首席的名门天后
    [author_name] => 齐成琨
    [word_count] => 816039
    [chapter_count] => 406
    [channel_id] => 0
    [statistics_day] => 2016-12-18
    [total_income] => 50
    [give_income] => 0
    [income] => 50
    [buckle_income] => 20
    [buckle_coefficient] => 0.61
    [createtime] => 2016-12-26 13:50:46
)
6
66
Array
(
    [id] => 272
    [book_id] => 189726
    [book_title] => 首席的名门天后
    [author_name] => 齐成琨
    [word_count] => 816039
    [chapter_count] => 406
    [channel_id] => 0
    [statistics_year] => 2016
    [statistics_month] => 12
    [total_income] => 50
    [give_income] => 0
    [income] => 50
    [buckle_income] => 19
    [createtime] => 2016-12-26 13:42:31
)
661
6611
Array
(
    [sum_total_income] => 50
    [sum_give_income] => 0
    [sum_income] => 50
    [sum_buckle_income] => 20
)
result=1
7
8
9
book_id=189736
2
3
4
5
Array
(
    [total_income] => 3798
    [income] => 3230
    [give_income] => 568
    [buckle_income] => 1292
    [buckle_coefficient] => 0.66
)
Array
(
    [book_id] => 189736
    [book_title] => 豪门大亨的私有宝贝
    [author_name] => 桃子满园
    [word_count] => 1229398
    [chapter_count] => 374
    [channel_id] => 0
    [statistics_day] => 2016-12-18
    [total_income] => 3798
    [give_income] => 568
    [income] => 3230
    [buckle_income] => 1292
    [buckle_coefficient] => 0.66
    [createtime] => 2016-12-26 13:50:46
)
6
66
Array
(
    [id] => 273
    [book_id] => 189736
    [book_title] => 豪门大亨的私有宝贝
    [author_name] => 桃子满园
    [word_count] => 1229398
    [chapter_count] => 374
    [channel_id] => 0
    [statistics_year] => 2016
    [statistics_month] => 12
    [total_income] => 3798
    [give_income] => 568
    [income] => 3230
    [buckle_income] => 1406
    [createtime] => 2016-12-26 13:42:31
)
661
6611
Array
(
    [sum_total_income] => 3798
    [sum_give_income] => 568
    [sum_income] => 3230
    [sum_buckle_income] => 1292
)
result=1
7
8
9
book_id=192059
2
3
4
5
Array
(
    [total_income] => 1194
    [income] => 953
    [give_income] => 241
    [buckle_income] => 538
    [buckle_coefficient] => 0.55
)
Array
(
    [book_id] => 192059
    [book_title] => 撩火新欢
    [author_name] => 奇葩果果
    [word_count] => 2051741
    [chapter_count] => 624
    [channel_id] => 0
    [statistics_day] => 2016-12-18
    [total_income] => 1194
    [give_income] => 241
    [income] => 953
    [buckle_income] => 538
    [buckle_coefficient] => 0.55
    [createtime] => 2016-12-26 13:50:46
)
6
66
Array
(
    [id] => 274
    [book_id] => 192059
    [book_title] => 撩火新欢
    [author_name] => 奇葩果果
    [word_count] => 2051741
    [chapter_count] => 624
    [channel_id] => 0
    [statistics_year] => 2016
    [statistics_month] => 12
    [total_income] => 1194
    [give_income] => 241
    [income] => 953
    [buckle_income] => 538
    [createtime] => 2016-12-26 13:42:31
)
661
6611
Array
(
    [sum_total_income] => 1194
    [sum_give_income] => 241
    [sum_income] => 953
    [sum_buckle_income] => 538
)
result=1
7
8
9
book_id=192193
2
3
4
5
Array
(
    [total_income] => 180
    [income] => 102
    [give_income] => 78
    [buckle_income] => 72
    [buckle_coefficient] => 0.6
)
Array
(
    [book_id] => 192193
    [book_title] => 婚情难耐
    [author_name] => 公子小九
    [word_count] => 594001
    [chapter_count] => 201
    [channel_id] => 0
    [statistics_day] => 2016-12-18
    [total_income] => 180
    [give_income] => 78
    [income] => 102
    [buckle_income] => 72
    [buckle_coefficient] => 0.6
    [createtime] => 2016-12-26 13:50:46
)
6
66
Array
(
    [id] => 275
    [book_id] => 192193
    [book_title] => 婚情难耐
    [author_name] => 公子小九
    [word_count] => 594001
    [chapter_count] => 201
    [channel_id] => 0
    [statistics_year] => 2016
    [statistics_month] => 12
    [total_income] => 180
    [give_income] => 78
    [income] => 102
    [buckle_income] => 72
    [createtime] => 2016-12-26 13:42:31
)
661
6611
Array
(
    [sum_total_income] => 180
    [sum_give_income] => 78
    [sum_income] => 102
    [sum_buckle_income] => 72
)
result=1
7
8
9
book_id=192454
2
3
4
5
Array
(
    [total_income] => 597
    [income] => 597
    [give_income] => 0
    [buckle_income] => 239
    [buckle_coefficient] => 0.6
)
Array
(
    [book_id] => 192454
    [book_title] => 蜜制婚爱
    [author_name] => 倾世繁华
    [word_count] => 1348257
    [chapter_count] => 427
    [channel_id] => 0
    [statistics_day] => 2016-12-18
    [total_income] => 597
    [give_income] => 0
    [income] => 597
    [buckle_income] => 239
    [buckle_coefficient] => 0.6
    [createtime] => 2016-12-26 13:50:46
)
6
66
Array
(
    [id] => 276
    [book_id] => 192454
    [book_title] => 蜜制婚爱
    [author_name] => 倾世繁华
    [word_count] => 1348257
    [chapter_count] => 427
    [channel_id] => 0
    [statistics_year] => 2016
    [statistics_month] => 12
    [total_income] => 597
    [give_income] => 0
    [income] => 597
    [buckle_income] => 203
    [createtime] => 2016-12-26 13:42:31
)
661
6611
Array
(
    [sum_total_income] => 597
    [sum_give_income] => 0
    [sum_income] => 597
    [sum_buckle_income] => 239
)
result=1
7
8
9
book_id=192805
2
3
4
5
Array
(
    [total_income] => 26484
    [income] => 24406
    [give_income] => 2078
    [buckle_income] => 10064
    [buckle_coefficient] => 0.62
)
Array
(
    [book_id] => 192805
    [book_title] => 迫爱求欢
    [author_name] => 齐成琨
    [word_count] => 1906547
    [chapter_count] => 912
    [channel_id] => 0
    [statistics_day] => 2016-12-18
    [total_income] => 26484
    [give_income] => 2078
    [income] => 24406
    [buckle_income] => 10064
    [buckle_coefficient] => 0.62
    [createtime] => 2016-12-26 13:50:47
)
6
66
Array
(
    [id] => 277
    [book_id] => 192805
    [book_title] => 迫爱求欢
    [author_name] => 齐成琨
    [word_count] => 1906547
    [chapter_count] => 912
    [channel_id] => 0
    [statistics_year] => 2016
    [statistics_month] => 12
    [total_income] => 26484
    [give_income] => 2078
    [income] => 24406
    [buckle_income] => 9005
    [createtime] => 2016-12-26 13:42:32
)
661
6611
Array
(
    [sum_total_income] => 26484
    [sum_give_income] => 2078
    [sum_income] => 24406
    [sum_buckle_income] => 10064
)
result=1
7
8
9
book_id=193164
2
3
4
5
Array
(
    [total_income] => 8704
    [income] => 8272
    [give_income] => 432
    [buckle_income] => 3221
    [buckle_coefficient] => 0.63
)
Array
(
    [book_id] => 193164
    [book_title] => 和小姨子同居的日子
    [author_name] => 苦哈哈1
    [word_count] => 2658487
    [chapter_count] => 936
    [channel_id] => 0
    [statistics_day] => 2016-12-18
    [total_income] => 8704
    [give_income] => 432
    [income] => 8272
    [buckle_income] => 3221
    [buckle_coefficient] => 0.63
    [createtime] => 2016-12-26 13:50:47
)
6
66
Array
(
    [id] => 278
    [book_id] => 193164
    [book_title] => 和小姨子同居的日子
    [author_name] => 苦哈哈1
    [word_count] => 2658487
    [chapter_count] => 936
    [channel_id] => 0
    [statistics_year] => 2016
    [statistics_month] => 12
    [total_income] => 8704
    [give_income] => 432
    [income] => 8272
    [buckle_income] => 3395
    [createtime] => 2016-12-26 13:42:32
)
661
6611
Array
(
    [sum_total_income] => 8704
    [sum_give_income] => 432
    [sum_income] => 8272
    [sum_buckle_income] => 3221
)
result=1
7
8
9
book_id=193690
2
3
4
5
Array
(
    [total_income] => 616
    [income] => 616
    [give_income] => 0
    [buckle_income] => 272
    [buckle_coefficient] => 0.56
)
Array
(
    [book_id] => 193690
    [book_title] => 裴少的私宠娇妻
    [author_name] => 惜纯璐
    [word_count] => 365081
    [chapter_count] => 174
    [channel_id] => 0
    [statistics_day] => 2016-12-18
    [total_income] => 616
    [give_income] => 0
    [income] => 616
    [buckle_income] => 272
    [buckle_coefficient] => 0.56
    [createtime] => 2016-12-26 13:50:47
)
6
66
Array
(
    [id] => 279
    [book_id] => 193690
    [book_title] => 裴少的私宠娇妻
    [author_name] => 惜纯璐
    [word_count] => 365081
    [chapter_count] => 174
    [channel_id] => 0
    [statistics_year] => 2016
    [statistics_month] => 12
    [total_income] => 616
    [give_income] => 0
    [income] => 616
    [buckle_income] => 210
    [createtime] => 2016-12-26 13:42:32
)
661
6611
Array
(
    [sum_total_income] => 616
    [sum_give_income] => 0
    [sum_income] => 616
    [sum_buckle_income] => 272
)
result=1
7
8
9
book_id=2000999
2
3
4
5
Array
(
    [total_income] => 16
    [income] => 0
    [give_income] => 16
    [buckle_income] => 10
    [buckle_coefficient] => 0.39
)
Array
(
    [book_id] => 2000999
    [book_title] => 北派那些事儿
    [author_name] => 北派老四
    [word_count] => 648262
    [chapter_count] => 200
    [channel_id] => 0
    [statistics_day] => 2016-12-18
    [total_income] => 16
    [give_income] => 16
    [income] => 0
    [buckle_income] => 10
    [buckle_coefficient] => 0.39
    [createtime] => 2016-12-26 13:50:47
)
6
66
Array
(
    [id] => 280
    [book_id] => 2000999
    [book_title] => 北派那些事儿
    [author_name] => 北派老四
    [word_count] => 648262
    [chapter_count] => 200
    [channel_id] => 0
    [statistics_year] => 2016
    [statistics_month] => 12
    [total_income] => 16
    [give_income] => 16
    [income] => 0
    [buckle_income] => 9
    [createtime] => 2016-12-26 13:42:32
)
661
6611
Array
(
    [sum_total_income] => 16
    [sum_give_income] => 16
    [sum_income] => 0
    [sum_buckle_income] => 10
)
result=1
7
8
9
book_id=2002389
2
3
4
5
Array
(
    [total_income] => 12144
    [income] => 10381
    [give_income] => 1763
    [buckle_income] => 4737
    [buckle_coefficient] => 0.61
)
Array
(
    [book_id] => 2002389
    [book_title] => 小姐，不见不散
    [author_name] => 饿死宝宝啦
    [word_count] => 439235
    [chapter_count] => 173
    [channel_id] => 0
    [statistics_day] => 2016-12-18
    [total_income] => 12144
    [give_income] => 1763
    [income] => 10381
    [buckle_income] => 4737
    [buckle_coefficient] => 0.61
    [createtime] => 2016-12-26 13:50:47
)
6
66
Array
(
    [id] => 281
    [book_id] => 2002389
    [book_title] => 小姐，不见不散
    [author_name] => 饿死宝宝啦
    [word_count] => 439235
    [chapter_count] => 173
    [channel_id] => 0
    [statistics_year] => 2016
    [statistics_month] => 12
    [total_income] => 12144
    [give_income] => 1763
    [income] => 10381
    [buckle_income] => 5222
    [createtime] => 2016-12-26 13:42:32
)
661
6611
Array
(
    [sum_total_income] => 12144
    [sum_give_income] => 1763
    [sum_income] => 10381
    [sum_buckle_income] => 4737
)
result=1
7
8
9
book_id=2003118
2
3
4
5
Array
(
    [total_income] => 302
    [income] => 302
    [give_income] => 0
    [buckle_income] => 127
    [buckle_coefficient] => 0.58
)
Array
(
    [book_id] => 2003118
    [book_title] => 血奴
    [author_name] => 落笔花生
    [word_count] => 236433
    [chapter_count] => 105
    [channel_id] => 0
    [statistics_day] => 2016-12-18
    [total_income] => 302
    [give_income] => 0
    [income] => 302
    [buckle_income] => 127
    [buckle_coefficient] => 0.58
    [createtime] => 2016-12-26 13:50:48
)
6
66
Array
(
    [id] => 282
    [book_id] => 2003118
    [book_title] => 血奴
    [author_name] => 落笔花生
    [word_count] => 236433
    [chapter_count] => 105
    [channel_id] => 0
    [statistics_year] => 2016
    [statistics_month] => 12
    [total_income] => 302
    [give_income] => 0
    [income] => 302
    [buckle_income] => 112
    [createtime] => 2016-12-26 13:42:32
)
661
6611
Array
(
    [sum_total_income] => 302
    [sum_give_income] => 0
    [sum_income] => 302
    [sum_buckle_income] => 127
)
result=1
7
8
9
book_id=2005547
2
3
4
5
Array
(
    [total_income] => 3165
    [income] => 2687
    [give_income] => 478
    [buckle_income] => 1298
    [buckle_coefficient] => 0.59
)
Array
(
    [book_id] => 2005547
    [book_title] => 纯纯欲动
    [author_name] => 魅猫咪
    [word_count] => 516528
    [chapter_count] => 241
    [channel_id] => 0
    [statistics_day] => 2016-12-18
    [total_income] => 3165
    [give_income] => 478
    [income] => 2687
    [buckle_income] => 1298
    [buckle_coefficient] => 0.59
    [createtime] => 2016-12-26 13:50:48
)
6
66
Array
(
    [id] => 283
    [book_id] => 2005547
    [book_title] => 纯纯欲动
    [author_name] => 魅猫咪
    [word_count] => 516528
    [chapter_count] => 241
    [channel_id] => 0
    [statistics_year] => 2016
    [statistics_month] => 12
    [total_income] => 3165
    [give_income] => 478
    [income] => 2687
    [buckle_income] => 1425
    [createtime] => 2016-12-26 13:42:32
)
661
6611
Array
(
    [sum_total_income] => 3165
    [sum_give_income] => 478
    [sum_income] => 2687
    [sum_buckle_income] => 1298
)
result=1
7
8
9
book_id=2006307
2
3
4
5
Array
(
    [total_income] => 192429
    [income] => 176517
    [give_income] => 15912
    [buckle_income] => 86594
    [buckle_coefficient] => 0.55
)
Array
(
    [book_id] => 2006307
    [book_title] => 致青春
    [author_name] => 一枚祸害
    [word_count] => 712373
    [chapter_count] => 338
    [channel_id] => 0
    [statistics_day] => 2016-12-18
    [total_income] => 192429
    [give_income] => 15912
    [income] => 176517
    [buckle_income] => 86594
    [buckle_coefficient] => 0.55
    [createtime] => 2016-12-26 13:50:50
)
6
66
Array
(
    [id] => 284
    [book_id] => 2006307
    [book_title] => 致青春
    [author_name] => 一枚祸害
    [word_count] => 712373
    [chapter_count] => 338
    [channel_id] => 0
    [statistics_year] => 2016
    [statistics_month] => 12
    [total_income] => 192429
    [give_income] => 15912
    [income] => 176517
    [buckle_income] => 65426
    [createtime] => 2016-12-26 13:42:34
)
661
6611
Array
(
    [sum_total_income] => 192429
    [sum_give_income] => 15912
    [sum_income] => 176517
    [sum_buckle_income] => 86594
)
result=1
7
8
9
book_id=2006764
2
3
4
5
Array
(
    [total_income] => 24046
    [income] => 22006
    [give_income] => 2040
    [buckle_income] => 10100
    [buckle_coefficient] => 0.58
)
Array
(
    [book_id] => 2006764
    [book_title] => 桃花沟
    [author_name] => 闻松听涛
    [word_count] => 1324758
    [chapter_count] => 606
    [channel_id] => 0
    [statistics_day] => 2016-12-18
    [total_income] => 24046
    [give_income] => 2040
    [income] => 22006
    [buckle_income] => 10100
    [buckle_coefficient] => 0.58
    [createtime] => 2016-12-26 13:50:50
)
6
66
Array
(
    [id] => 285
    [book_id] => 2006764
    [book_title] => 桃花沟
    [author_name] => 闻松听涛
    [word_count] => 1324758
    [chapter_count] => 606
    [channel_id] => 0
    [statistics_year] => 2016
    [statistics_month] => 12
    [total_income] => 24046
    [give_income] => 2040
    [income] => 22006
    [buckle_income] => 8898
    [createtime] => 2016-12-26 13:42:35
)
661
6611
Array
(
    [sum_total_income] => 24046
    [sum_give_income] => 2040
    [sum_income] => 22006
    [sum_buckle_income] => 10100
)
result=1
7
8
9
book_id=2007405
2
3
4
5
Array
(
    [total_income] => 1434
    [income] => 1434
    [give_income] => 0
    [buckle_income] => 502
    [buckle_coefficient] => 0.65
)
Array
(
    [book_id] => 2007405
    [book_title] => 大叔，晚上见
    [author_name] => 沐离烟
    [word_count] => 540652
    [chapter_count] => 178
    [channel_id] => 0
    [statistics_day] => 2016-12-18
    [total_income] => 1434
    [give_income] => 0
    [income] => 1434
    [buckle_income] => 502
    [buckle_coefficient] => 0.65
    [createtime] => 2016-12-26 13:50:50
)
6
66
Array
(
    [id] => 286
    [book_id] => 2007405
    [book_title] => 大叔，晚上见
    [author_name] => 沐离烟
    [word_count] => 540652
    [chapter_count] => 178
    [channel_id] => 0
    [statistics_year] => 2016
    [statistics_month] => 12
    [total_income] => 1434
    [give_income] => 0
    [income] => 1434
    [buckle_income] => 531
    [createtime] => 2016-12-26 13:42:35
)
661
6611
Array
(
    [sum_total_income] => 1434
    [sum_give_income] => 0
    [sum_income] => 1434
    [sum_buckle_income] => 502
)
result=1
7
8
9
book_id=2008294
2
3
4
5
Array
(
    [total_income] => 147957
    [income] => 124219
    [give_income] => 23738
    [buckle_income] => 62142
    [buckle_coefficient] => 0.58
)
Array
(
    [book_id] => 2008294
    [book_title] => 亲爱的鬼先生
    [author_name] => 肉丸夫人
    [word_count] => 385380
    [chapter_count] => 135
    [channel_id] => 0
    [statistics_day] => 2016-12-18
    [total_income] => 147957
    [give_income] => 23738
    [income] => 124219
    [buckle_income] => 62142
    [buckle_coefficient] => 0.58
    [createtime] => 2016-12-26 13:50:52
)
6
66
Array
(
    [id] => 287
    [book_id] => 2008294
    [book_title] => 亲爱的鬼先生
    [author_name] => 肉丸夫人
    [word_count] => 385380
    [chapter_count] => 135
    [channel_id] => 0
    [statistics_year] => 2016
    [statistics_month] => 12
    [total_income] => 147957
    [give_income] => 23738
    [income] => 124219
    [buckle_income] => 66581
    [createtime] => 2016-12-26 13:42:36
)
661
6611
Array
(
    [sum_total_income] => 147957
    [sum_give_income] => 23738
    [sum_income] => 124219
    [sum_buckle_income] => 62142
)
result=1
7
8
9
book_id=2008333
2
3
4
5
Array
(
    [total_income] => 426
    [income] => 337
    [give_income] => 89
    [buckle_income] => 175
    [buckle_coefficient] => 0.59
)
Array
(
    [book_id] => 2008333
    [book_title] => 嫡女风采
    [author_name] => 幺蛾子大人
    [word_count] => 1334265
    [chapter_count] => 427
    [channel_id] => 0
    [statistics_day] => 2016-12-18
    [total_income] => 426
    [give_income] => 89
    [income] => 337
    [buckle_income] => 175
    [buckle_coefficient] => 0.59
    [createtime] => 2016-12-26 13:50:52
)
6
66
Array
(
    [id] => 288
    [book_id] => 2008333
    [book_title] => 嫡女风采
    [author_name] => 幺蛾子大人
    [word_count] => 1334265
    [chapter_count] => 427
    [channel_id] => 0
    [statistics_year] => 2016
    [statistics_month] => 12
    [total_income] => 426
    [give_income] => 89
    [income] => 337
    [buckle_income] => 162
    [createtime] => 2016-12-26 13:42:36
)
661
6611
Array
(
    [sum_total_income] => 426
    [sum_give_income] => 89
    [sum_income] => 337
    [sum_buckle_income] => 175
)
result=1
7
8
9
book_id=2008540
2
3
4
5
Array
(
    [total_income] => 2677
    [income] => 2633
    [give_income] => 44
    [buckle_income] => 1205
    [buckle_coefficient] => 0.55
)
Array
(
    [book_id] => 2008540
    [book_title] => 乡村小裁缝
    [author_name] => 薄荷好吃
    [word_count] => 360417
    [chapter_count] => 116
    [channel_id] => 0
    [statistics_day] => 2016-12-18
    [total_income] => 2677
    [give_income] => 44
    [income] => 2633
    [buckle_income] => 1205
    [buckle_coefficient] => 0.55
    [createtime] => 2016-12-26 13:50:52
)
6
66
Array
(
    [id] => 289
    [book_id] => 2008540
    [book_title] => 乡村小裁缝
    [author_name] => 薄荷好吃
    [word_count] => 360417
    [chapter_count] => 116
    [channel_id] => 0
    [statistics_year] => 2016
    [statistics_month] => 12
    [total_income] => 2677
    [give_income] => 44
    [income] => 2633
    [buckle_income] => 1178
    [createtime] => 2016-12-26 13:42:36
)
661
6611
Array
(
    [sum_total_income] => 2677
    [sum_give_income] => 44
    [sum_income] => 2633
    [sum_buckle_income] => 1205
)
result=1
7
8
9
book_id=2008963
2
3
4
5
Array
(
    [total_income] => 437
    [income] => 437
    [give_income] => 0
    [buckle_income] => 193
    [buckle_coefficient] => 0.56
)
Array
(
    [book_id] => 2008963
    [book_title] => 谁的青春不热血
    [author_name] => 风南渡
    [word_count] => 347190
    [chapter_count] => 152
    [channel_id] => 0
    [statistics_day] => 2016-12-18
    [total_income] => 437
    [give_income] => 0
    [income] => 437
    [buckle_income] => 193
    [buckle_coefficient] => 0.56
    [createtime] => 2016-12-26 13:50:52
)
6
66
Array
(
    [id] => 290
    [book_id] => 2008963
    [book_title] => 谁的青春不热血
    [author_name] => 风南渡
    [word_count] => 347190
    [chapter_count] => 152
    [channel_id] => 0
    [statistics_year] => 2016
    [statistics_month] => 12
    [total_income] => 437
    [give_income] => 0
    [income] => 437
    [buckle_income] => 158
    [createtime] => 2016-12-26 13:42:36
)
661
6611
Array
(
    [sum_total_income] => 437
    [sum_give_income] => 0
    [sum_income] => 437
    [sum_buckle_income] => 193
)
result=1
7
8
9
book_id=2009288
2
3
4
5
Array
(
    [total_income] => 8708
    [income] => 7706
    [give_income] => 1002
    [buckle_income] => 3745
    [buckle_coefficient] => 0.57
)
Array
(
    [book_id] => 2009288
    [book_title] => 我的青梅竹马是校花
    [author_name] => 辣椒小鱼
    [word_count] => 398454
    [chapter_count] => 186
    [channel_id] => 0
    [statistics_day] => 2016-12-18
    [total_income] => 8708
    [give_income] => 1002
    [income] => 7706
    [buckle_income] => 3745
    [buckle_coefficient] => 0.57
    [createtime] => 2016-12-26 13:50:52
)
6
66
Array
(
    [id] => 291
    [book_id] => 2009288
    [book_title] => 我的青梅竹马是校花
    [author_name] => 辣椒小鱼
    [word_count] => 398454
    [chapter_count] => 186
    [channel_id] => 0
    [statistics_year] => 2016
    [statistics_month] => 12
    [total_income] => 8708
    [give_income] => 1002
    [income] => 7706
    [buckle_income] => 3832
    [createtime] => 2016-12-26 13:42:36
)
661
6611
Array
(
    [sum_total_income] => 8708
    [sum_give_income] => 1002
    [sum_income] => 7706
    [sum_buckle_income] => 3745
)
result=1
7
8
9
book_id=2009291
2
3
4
5
Array
(
    [total_income] => 30
    [income] => 30
    [give_income] => 0
    [buckle_income] => 11
    [buckle_coefficient] => 0.66
)
Array
(
    [book_id] => 2009291
    [book_title] => 逆乱青春
    [author_name] => 三里阳水
    [word_count] => 566288
    [chapter_count] => 195
    [channel_id] => 0
    [statistics_day] => 2016-12-18
    [total_income] => 30
    [give_income] => 0
    [income] => 30
    [buckle_income] => 11
    [buckle_coefficient] => 0.66
    [createtime] => 2016-12-26 13:50:52
)
6
66
Array
(
    [id] => 292
    [book_id] => 2009291
    [book_title] => 逆乱青春
    [author_name] => 三里阳水
    [word_count] => 566288
    [chapter_count] => 195
    [channel_id] => 0
    [statistics_year] => 2016
    [statistics_month] => 12
    [total_income] => 30
    [give_income] => 0
    [income] => 30
    [buckle_income] => 11
    [createtime] => 2016-12-26 13:42:37
)
661
6611
Array
(
    [sum_total_income] => 30
    [sum_give_income] => 0
    [sum_income] => 30
    [sum_buckle_income] => 11
)
result=1
7
8
9
book_id=2009378
2
3
4
5
Array
(
    [total_income] => 15723
    [income] => 13887
    [give_income] => 1836
    [buckle_income] => 6761
    [buckle_coefficient] => 0.57
)
Array
(
    [book_id] => 2009378
    [book_title] => 盛夏的秘密
    [author_name] => 一只纯小白
    [word_count] => 386830
    [chapter_count] => 203
    [channel_id] => 0
    [statistics_day] => 2016-12-18
    [total_income] => 15723
    [give_income] => 1836
    [income] => 13887
    [buckle_income] => 6761
    [buckle_coefficient] => 0.57
    [createtime] => 2016-12-26 13:50:52
)
6
66
Array
(
    [id] => 293
    [book_id] => 2009378
    [book_title] => 盛夏的秘密
    [author_name] => 一只纯小白
    [word_count] => 386830
    [chapter_count] => 203
    [channel_id] => 0
    [statistics_year] => 2016
    [statistics_month] => 12
    [total_income] => 15723
    [give_income] => 1836
    [income] => 13887
    [buckle_income] => 5346
    [createtime] => 2016-12-26 13:42:37
)
661
6611
Array
(
    [sum_total_income] => 15723
    [sum_give_income] => 1836
    [sum_income] => 13887
    [sum_buckle_income] => 6761
)
result=1
7
8
9
book_id=2009954
2
3
4
5
Array
(
    [total_income] => 339
    [income] => 339
    [give_income] => 0
    [buckle_income] => 116
    [buckle_coefficient] => 0.66
)
Array
(
    [book_id] => 2009954
    [book_title] => 凌乱青春
    [author_name] => 御膳可乐
    [word_count] => 208353
    [chapter_count] => 108
    [channel_id] => 0
    [statistics_day] => 2016-12-18
    [total_income] => 339
    [give_income] => 0
    [income] => 339
    [buckle_income] => 116
    [buckle_coefficient] => 0.66
    [createtime] => 2016-12-26 13:50:52
)
6
66
Array
(
    [id] => 294
    [book_id] => 2009954
    [book_title] => 凌乱青春
    [author_name] => 御膳可乐
    [word_count] => 208353
    [chapter_count] => 108
    [channel_id] => 0
    [statistics_year] => 2016
    [statistics_month] => 12
    [total_income] => 339
    [give_income] => 0
    [income] => 339
    [buckle_income] => 123
    [createtime] => 2016-12-26 13:42:37
)
661
6611
Array
(
    [sum_total_income] => 339
    [sum_give_income] => 0
    [sum_income] => 339
    [sum_buckle_income] => 116
)
result=1
7
8
9
book_id=2010697
2
3
4
5
Array
(
    [total_income] => 993
    [income] => 929
    [give_income] => 64
    [buckle_income] => 437
    [buckle_coefficient] => 0.56
)
Array
(
    [book_id] => 2010697
    [book_title] => 水样年华
    [author_name] => 胡大海
    [word_count] => 470063
    [chapter_count] => 154
    [channel_id] => 0
    [statistics_day] => 2016-12-18
    [total_income] => 993
    [give_income] => 64
    [income] => 929
    [buckle_income] => 437
    [buckle_coefficient] => 0.56
    [createtime] => 2016-12-26 13:50:52
)
6
66
Array
(
    [id] => 295
    [book_id] => 2010697
    [book_title] => 水样年华
    [author_name] => 胡大海
    [word_count] => 470063
    [chapter_count] => 154
    [channel_id] => 0
    [statistics_year] => 2016
    [statistics_month] => 12
    [total_income] => 993
    [give_income] => 64
    [income] => 929
    [buckle_income] => 408
    [createtime] => 2016-12-26 13:42:37
)
661
6611
Array
(
    [sum_total_income] => 993
    [sum_give_income] => 64
    [sum_income] => 929
    [sum_buckle_income] => 437
)
result=1
7
8
9
book_id=2010794
2
3
4
5
Array
(
    [total_income] => 8169
    [income] => 6265
    [give_income] => 1904
    [buckle_income] => 3268
    [buckle_coefficient] => 0.6
)
Array
(
    [book_id] => 2010794
    [book_title] => 青春岁月
    [author_name] => 青春岁月
    [word_count] => 304939
    [chapter_count] => 146
    [channel_id] => 0
    [statistics_day] => 2016-12-18
    [total_income] => 8169
    [give_income] => 1904
    [income] => 6265
    [buckle_income] => 3268
    [buckle_coefficient] => 0.6
    [createtime] => 2016-12-26 13:50:52
)
6
66
Array
(
    [id] => 296
    [book_id] => 2010794
    [book_title] => 青春岁月
    [author_name] => 青春岁月
    [word_count] => 304939
    [chapter_count] => 146
    [channel_id] => 0
    [statistics_year] => 2016
    [statistics_month] => 12
    [total_income] => 8169
    [give_income] => 1904
    [income] => 6265
    [buckle_income] => 2941
    [createtime] => 2016-12-26 13:42:37
)
661
6611
Array
(
    [sum_total_income] => 8169
    [sum_give_income] => 1904
    [sum_income] => 6265
    [sum_buckle_income] => 3268
)
result=1
7
8
9
book_id=2010955
2
3
4
5
Array
(
    [total_income] => 1363
    [income] => 1292
    [give_income] => 71
    [buckle_income] => 532
    [buckle_coefficient] => 0.61
)
Array
(
    [book_id] => 2010955
    [book_title] => 青春喂了狗
    [author_name] => 纯爷们儿
    [word_count] => 436068
    [chapter_count] => 201
    [channel_id] => 0
    [statistics_day] => 2016-12-18
    [total_income] => 1363
    [give_income] => 71
    [income] => 1292
    [buckle_income] => 532
    [buckle_coefficient] => 0.61
    [createtime] => 2016-12-26 13:50:53
)
6
66
Array
(
    [id] => 297
    [book_id] => 2010955
    [book_title] => 青春喂了狗
    [author_name] => 纯爷们儿
    [word_count] => 436068
    [chapter_count] => 201
    [channel_id] => 0
    [statistics_year] => 2016
    [statistics_month] => 12
    [total_income] => 1363
    [give_income] => 71
    [income] => 1292
    [buckle_income] => 614
    [createtime] => 2016-12-26 13:42:37
)
661
6611
Array
(
    [sum_total_income] => 1363
    [sum_give_income] => 71
    [sum_income] => 1292
    [sum_buckle_income] => 532
)
result=1
7
8
9
book_id=2011476
2
3
4
5
Array
(
    [total_income] => 40
    [income] => 40
    [give_income] => 0
    [buckle_income] => 18
    [buckle_coefficient] => 0.55
)
Array
(
    [book_id] => 2011476
    [book_title] => 我做男公关的那几年
    [author_name] => 田小鸡
    [word_count] => 50059
    [chapter_count] => 24
    [channel_id] => 0
    [statistics_day] => 2016-12-18
    [total_income] => 40
    [give_income] => 0
    [income] => 40
    [buckle_income] => 18
    [buckle_coefficient] => 0.55
    [createtime] => 2016-12-26 13:50:53
)
6
66
Array
(
    [id] => 298
    [book_id] => 2011476
    [book_title] => 我做男公关的那几年
    [author_name] => 田小鸡
    [word_count] => 50059
    [chapter_count] => 24
    [channel_id] => 0
    [statistics_year] => 2016
    [statistics_month] => 12
    [total_income] => 40
    [give_income] => 0
    [income] => 40
    [buckle_income] => 14
    [createtime] => 2016-12-26 13:42:37
)
661
6611
Array
(
    [sum_total_income] => 40
    [sum_give_income] => 0
    [sum_income] => 40
    [sum_buckle_income] => 18
)
result=1
7
8
9
book_id=2011646
2
3
4
5
Array
(
    [total_income] => 123
    [income] => 123
    [give_income] => 0
    [buckle_income] => 44
    [buckle_coefficient] => 0.65
)
Array
(
    [book_id] => 2011646
    [book_title] => 海城一姐
    [author_name] => 王二丫
    [word_count] => 240587
    [chapter_count] => 88
    [channel_id] => 0
    [statistics_day] => 2016-12-18
    [total_income] => 123
    [give_income] => 0
    [income] => 123
    [buckle_income] => 44
    [buckle_coefficient] => 0.65
    [createtime] => 2016-12-26 13:50:53
)
6
66
Array
(
    [id] => 299
    [book_id] => 2011646
    [book_title] => 海城一姐
    [author_name] => 王二丫
    [word_count] => 240587
    [chapter_count] => 88
    [channel_id] => 0
    [statistics_year] => 2016
    [statistics_month] => 12
    [total_income] => 123
    [give_income] => 0
    [income] => 123
    [buckle_income] => 48
    [createtime] => 2016-12-26 13:42:37
)
661
6611
Array
(
    [sum_total_income] => 123
    [sum_give_income] => 0
    [sum_income] => 123
    [sum_buckle_income] => 44
)
result=1
7
8
9
book_id=2011676
2
3
4
5
Array
(
    [total_income] => 12
    [income] => 12
    [give_income] => 0
    [buckle_income] => 8
    [buckle_coefficient] => 0.35
)
Array
(
    [book_id] => 2011676
    [book_title] => 冥婚极宠:我的鬼帝夫君
    [author_name] => 云七公子
    [word_count] => 32176
    [chapter_count] => 26
    [channel_id] => 0
    [statistics_day] => 2016-12-18
    [total_income] => 12
    [give_income] => 0
    [income] => 12
    [buckle_income] => 8
    [buckle_coefficient] => 0.35
    [createtime] => 2016-12-26 13:50:53
)
6
66
Array
(
    [id] => 300
    [book_id] => 2011676
    [book_title] => 冥婚极宠:我的鬼帝夫君
    [author_name] => 云七公子
    [word_count] => 32176
    [chapter_count] => 26
    [channel_id] => 0
    [statistics_year] => 2016
    [statistics_month] => 12
    [total_income] => 12
    [give_income] => 0
    [income] => 12
    [buckle_income] => 7
    [createtime] => 2016-12-26 13:42:37
)
661
6611
Array
(
    [sum_total_income] => 12
    [sum_give_income] => 0
    [sum_income] => 12
    [sum_buckle_income] => 8
)
result=1
7
8
9
book_id=2013241
2
3
4
5
Array
(
    [total_income] => 249196
    [income] => 179012
    [give_income] => 70184
    [buckle_income] => 97187
    [buckle_coefficient] => 0.61
)
Array
(
    [book_id] => 2013241
    [book_title] => 夜宴
    [author_name] => 鸡大力
    [word_count] => 438208
    [chapter_count] => 202
    [channel_id] => 0
    [statistics_day] => 2016-12-18
    [total_income] => 249196
    [give_income] => 70184
    [income] => 179012
    [buckle_income] => 97187
    [buckle_coefficient] => 0.61
    [createtime] => 2016-12-26 13:50:57
)
6
66
Array
(
    [id] => 4
    [book_id] => 2013241
    [book_title] => 夜宴
    [author_name] => 鸡大力
    [word_count] => 438208
    [chapter_count] => 202
    [channel_id] => 0
    [statistics_year] => 2016
    [statistics_month] => 12
    [total_income] => 249206
    [give_income] => 70184
    [income] => 179022
    [buckle_income] => 107165
    [createtime] => 2016-12-26 13:42:41
)
661
6611
Array
(
    [sum_total_income] => 249206
    [sum_give_income] => 70184
    [sum_income] => 179022
    [sum_buckle_income] => 97197
)
result=1
7
8
9
book_id=2013568
2
3
4
5
Array
(
    [total_income] => 31009
    [income] => 26944
    [give_income] => 4065
    [buckle_income] => 13024
    [buckle_coefficient] => 0.58
)
Array
(
    [book_id] => 2013568
    [book_title] => 鬼娃新娘
    [author_name] => 绮丽儿
    [word_count] => 924701
    [chapter_count] => 244
    [channel_id] => 0
    [statistics_day] => 2016-12-18
    [total_income] => 31009
    [give_income] => 4065
    [income] => 26944
    [buckle_income] => 13024
    [buckle_coefficient] => 0.58
    [createtime] => 2016-12-26 13:50:57
)
6
66
Array
(
    [id] => 301
    [book_id] => 2013568
    [book_title] => 鬼娃新娘
    [author_name] => 绮丽儿
    [word_count] => 924701
    [chapter_count] => 244
    [channel_id] => 0
    [statistics_year] => 2016
    [statistics_month] => 12
    [total_income] => 31009
    [give_income] => 4065
    [income] => 26944
    [buckle_income] => 11474
    [createtime] => 2016-12-26 13:42:41
)
661
6611
Array
(
    [sum_total_income] => 31009
    [sum_give_income] => 4065
    [sum_income] => 26944
    [sum_buckle_income] => 13024
)
result=1
7
8
9
book_id=2014060
2
3
4
5
Array
(
    [total_income] => 103
    [income] => 103
    [give_income] => 0
    [buckle_income] => 39
    [buckle_coefficient] => 0.63
)
Array
(
    [book_id] => 2014060
    [book_title] => 贴身极品狂医
    [author_name] => 醉卧秋霜
    [word_count] => 577405
    [chapter_count] => 217
    [channel_id] => 0
    [statistics_day] => 2016-12-18
    [total_income] => 103
    [give_income] => 0
    [income] => 103
    [buckle_income] => 39
    [buckle_coefficient] => 0.63
    [createtime] => 2016-12-26 13:50:57
)
6
66
Array
(
    [id] => 302
    [book_id] => 2014060
    [book_title] => 贴身极品狂医
    [author_name] => 醉卧秋霜
    [word_count] => 577405
    [chapter_count] => 217
    [channel_id] => 0
    [statistics_year] => 2016
    [statistics_month] => 12
    [total_income] => 103
    [give_income] => 0
    [income] => 103
    [buckle_income] => 41
    [createtime] => 2016-12-26 13:42:41
)
661
6611
Array
(
    [sum_total_income] => 103
    [sum_give_income] => 0
    [sum_income] => 103
    [sum_buckle_income] => 39
)
result=1
7
8
9
book_id=2014210
2
3
4
5
Array
(
    [total_income] => 405
    [income] => 405
    [give_income] => 0
    [buckle_income] => 158
    [buckle_coefficient] => 0.61
)
Array
(
    [book_id] => 2014210
    [book_title] => 金丝雀
    [author_name] => 猫瞳予
    [word_count] => 337236
    [chapter_count] => 110
    [channel_id] => 0
    [statistics_day] => 2016-12-18
    [total_income] => 405
    [give_income] => 0
    [income] => 405
    [buckle_income] => 158
    [buckle_coefficient] => 0.61
    [createtime] => 2016-12-26 13:50:57
)
6
66
Array
(
    [id] => 303
    [book_id] => 2014210
    [book_title] => 金丝雀
    [author_name] => 猫瞳予
    [word_count] => 337236
    [chapter_count] => 110
    [channel_id] => 0
    [statistics_year] => 2016
    [statistics_month] => 12
    [total_income] => 405
    [give_income] => 0
    [income] => 405
    [buckle_income] => 142
    [createtime] => 2016-12-26 13:42:42
)
661
6611
Array
(
    [sum_total_income] => 405
    [sum_give_income] => 0
    [sum_income] => 405
    [sum_buckle_income] => 158
)
result=1
7
8
9
book_id=2015088
2
3
4
5
Array
(
    [total_income] => 21526
    [income] => 20696
    [give_income] => 830
    [buckle_income] => 9041
    [buckle_coefficient] => 0.58
)
Array
(
    [book_id] => 2015088
    [book_title] => 蜜桃成熟时
    [author_name] => 2牛哥
    [word_count] => 772770
    [chapter_count] => 274
    [channel_id] => 0
    [statistics_day] => 2016-12-18
    [total_income] => 21526
    [give_income] => 830
    [income] => 20696
    [buckle_income] => 9041
    [buckle_coefficient] => 0.58
    [createtime] => 2016-12-26 13:50:57
)
6
66
Array
(
    [id] => 304
    [book_id] => 2015088
    [book_title] => 蜜桃成熟时
    [author_name] => 2牛哥
    [word_count] => 772770
    [chapter_count] => 274
    [channel_id] => 0
    [statistics_year] => 2016
    [statistics_month] => 12
    [total_income] => 21526
    [give_income] => 830
    [income] => 20696
    [buckle_income] => 7965
    [createtime] => 2016-12-26 13:42:42
)
661
6611
Array
(
    [sum_total_income] => 21526
    [sum_give_income] => 830
    [sum_income] => 20696
    [sum_buckle_income] => 9041
)
result=1
7
8
9
book_id=2015095
2
3
4
5
Array
(
    [total_income] => 115031
    [income] => 98321
    [give_income] => 16710
    [buckle_income] => 49464
    [buckle_coefficient] => 0.57
)
Array
(
    [book_id] => 2015095
    [book_title] => 活色生香
    [author_name] => 我爱吃葡萄
    [word_count] => 806882
    [chapter_count] => 271
    [channel_id] => 0
    [statistics_day] => 2016-12-18
    [total_income] => 115031
    [give_income] => 16710
    [income] => 98321
    [buckle_income] => 49464
    [buckle_coefficient] => 0.57
    [createtime] => 2016-12-26 13:50:58
)
6
66
Array
(
    [id] => 305
    [book_id] => 2015095
    [book_title] => 活色生香
    [author_name] => 我爱吃葡萄
    [word_count] => 806882
    [chapter_count] => 271
    [channel_id] => 0
    [statistics_year] => 2016
    [statistics_month] => 12
    [total_income] => 115031
    [give_income] => 16710
    [income] => 98321
    [buckle_income] => 51764
    [createtime] => 2016-12-26 13:42:42
)
661
6611
Array
(
    [sum_total_income] => 115031
    [sum_give_income] => 16710
    [sum_income] => 98321
    [sum_buckle_income] => 49464
)
result=1
7
8
9
book_id=2015643
2
3
4
5
Array
(
    [total_income] => 2031
    [income] => 1703
    [give_income] => 328
    [buckle_income] => 691
    [buckle_coefficient] => 0.66
)
Array
(
    [book_id] => 2015643
    [book_title] => 鬼妻出棺
    [author_name] => 红黄蓝绿青紫
    [word_count] => 245173
    [chapter_count] => 78
    [channel_id] => 0
    [statistics_day] => 2016-12-18
    [total_income] => 2031
    [give_income] => 328
    [income] => 1703
    [buckle_income] => 691
    [buckle_coefficient] => 0.66
    [createtime] => 2016-12-26 13:50:58
)
6
66
Array
(
    [id] => 306
    [book_id] => 2015643
    [book_title] => 鬼妻出棺
    [author_name] => 红黄蓝绿青紫
    [word_count] => 245173
    [chapter_count] => 78
    [channel_id] => 0
    [statistics_year] => 2016
    [statistics_month] => 12
    [total_income] => 2031
    [give_income] => 328
    [income] => 1703
    [buckle_income] => 711
    [createtime] => 2016-12-26 13:42:42
)
661
6611
Array
(
    [sum_total_income] => 2031
    [sum_give_income] => 328
    [sum_income] => 1703
    [sum_buckle_income] => 691
)
result=1
7
8
9
book_id=2016694
2
3
4
5
Array
(
    [total_income] => 92797
    [income] => 73555
    [give_income] => 19242
    [buckle_income] => 31551
    [buckle_coefficient] => 0.66
)
Array
(
    [book_id] => 2016694
    [book_title] => 寡嫂
    [author_name] => 喝杯浓茶
    [word_count] => 482461
    [chapter_count] => 219
    [channel_id] => 0
    [statistics_day] => 2016-12-18
    [total_income] => 92797
    [give_income] => 19242
    [income] => 73555
    [buckle_income] => 31551
    [buckle_coefficient] => 0.66
    [createtime] => 2016-12-26 13:50:59
)
6
66
Array
(
    [id] => 307
    [book_id] => 2016694
    [book_title] => 寡嫂
    [author_name] => 喝杯浓茶
    [word_count] => 482461
    [chapter_count] => 219
    [channel_id] => 0
    [statistics_year] => 2016
    [statistics_month] => 12
    [total_income] => 92797
    [give_income] => 19242
    [income] => 73555
    [buckle_income] => 34335
    [createtime] => 2016-12-26 13:42:43
)
661
6611
Array
(
    [sum_total_income] => 92797
    [sum_give_income] => 19242
    [sum_income] => 73555
    [sum_buckle_income] => 31551
)
result=1
7
8
9
book_id=2016857
2
3
4
5
Array
(
    [total_income] => 450
    [income] => 450
    [give_income] => 0
    [buckle_income] => 153
    [buckle_coefficient] => 0.66
)
Array
(
    [book_id] => 2016857
    [book_title] => 邪性鬼夫夜夜撩
    [author_name] => 小肉糕
    [word_count] => 85292
    [chapter_count] => 40
    [channel_id] => 0
    [statistics_day] => 2016-12-18
    [total_income] => 450
    [give_income] => 0
    [income] => 450
    [buckle_income] => 153
    [buckle_coefficient] => 0.66
    [createtime] => 2016-12-26 13:50:59
)
6
66
Array
(
    [id] => 308
    [book_id] => 2016857
    [book_title] => 邪性鬼夫夜夜撩
    [author_name] => 小肉糕
    [word_count] => 85292
    [chapter_count] => 40
    [channel_id] => 0
    [statistics_year] => 2016
    [statistics_month] => 12
    [total_income] => 450
    [give_income] => 0
    [income] => 450
    [buckle_income] => 171
    [createtime] => 2016-12-26 13:42:43
)
661
6611
Array
(
    [sum_total_income] => 450
    [sum_give_income] => 0
    [sum_income] => 450
    [sum_buckle_income] => 153
)
result=1
7
8
9
book_id=2017153
2
3
4
5
Array
(
    [total_income] => 79
    [income] => 79
    [give_income] => 0
    [buckle_income] => 36
    [buckle_coefficient] => 0.55
)
Array
(
    [book_id] => 2017153
    [book_title] => 欲血青春
    [author_name] => 隐桑
    [word_count] => 97986
    [chapter_count] => 46
    [channel_id] => 0
    [statistics_day] => 2016-12-18
    [total_income] => 79
    [give_income] => 0
    [income] => 79
    [buckle_income] => 36
    [buckle_coefficient] => 0.55
    [createtime] => 2016-12-26 13:50:59
)
6
66
Array
(
    [id] => 309
    [book_id] => 2017153
    [book_title] => 欲血青春
    [author_name] => 隐桑
    [word_count] => 97986
    [chapter_count] => 46
    [channel_id] => 0
    [statistics_year] => 2016
    [statistics_month] => 12
    [total_income] => 79
    [give_income] => 0
    [income] => 79
    [buckle_income] => 28
    [createtime] => 2016-12-26 13:42:44
)
661
6611
Array
(
    [sum_total_income] => 79
    [sum_give_income] => 0
    [sum_income] => 79
    [sum_buckle_income] => 36
)
result=1
7
8
9
book_id=2017302
2
3
4
5
Array
(
    [total_income] => 81625
    [income] => 76721
    [give_income] => 4904
    [buckle_income] => 31834
    [buckle_coefficient] => 0.61
)
Array
(
    [book_id] => 2017302
    [book_title] => 一枝红杏
    [author_name] => 云熙堂
    [word_count] => 777000
    [chapter_count] => 243
    [channel_id] => 0
    [statistics_day] => 2016-12-18
    [total_income] => 81625
    [give_income] => 4904
    [income] => 76721
    [buckle_income] => 31834
    [buckle_coefficient] => 0.61
    [createtime] => 2016-12-26 13:51:00
)
6
66
Array
(
    [id] => 310
    [book_id] => 2017302
    [book_title] => 一枝红杏
    [author_name] => 云熙堂
    [word_count] => 777000
    [chapter_count] => 243
    [channel_id] => 0
    [statistics_year] => 2016
    [statistics_month] => 12
    [total_income] => 81625
    [give_income] => 4904
    [income] => 76721
    [buckle_income] => 30202
    [createtime] => 2016-12-26 13:42:44
)
661
6611
Array
(
    [sum_total_income] => 81625
    [sum_give_income] => 4904
    [sum_income] => 76721
    [sum_buckle_income] => 31834
)
result=1
7
8
9
book_id=2018014
2
3
4
5
Array
(
    [total_income] => 10
    [income] => 10
    [give_income] => 0
    [buckle_income] => 10
    [buckle_coefficient] => 
)
Array
(
    [book_id] => 2018014
    [book_title] => 鬼夫缠身：妖灵新娘
    [author_name] => 等疯来
    [word_count] => 86565
    [chapter_count] => 40
    [channel_id] => 0
    [statistics_day] => 2016-12-18
    [total_income] => 10
    [give_income] => 0
    [income] => 10
    [buckle_income] => 10
    [buckle_coefficient] => 
    [createtime] => 2016-12-26 13:51:00
)
6
66
Array
(
    [id] => 311
    [book_id] => 2018014
    [book_title] => 鬼夫缠身：妖灵新娘
    [author_name] => 等疯来
    [word_count] => 86565
    [chapter_count] => 40
    [channel_id] => 0
    [statistics_year] => 2016
    [statistics_month] => 12
    [total_income] => 10
    [give_income] => 0
    [income] => 10
    [buckle_income] => 10
    [createtime] => 2016-12-26 13:42:44
)
661
6611
Array
(
    [sum_total_income] => 10
    [sum_give_income] => 0
    [sum_income] => 10
    [sum_buckle_income] => 10
)
result=1
7
8
9
book_id=2018291
2
3
4
5
Array
(
    [total_income] => 15205
    [income] => 13600
    [give_income] => 1605
    [buckle_income] => 6082
    [buckle_coefficient] => 0.6
)
Array
(
    [book_id] => 2018291
    [book_title] => 我的直播女友
    [author_name] => 欢阅读
    [word_count] => 553139
    [chapter_count] => 182
    [channel_id] => 0
    [statistics_day] => 2016-12-18
    [total_income] => 15205
    [give_income] => 1605
    [income] => 13600
    [buckle_income] => 6082
    [buckle_coefficient] => 0.6
    [createtime] => 2016-12-26 13:51:00
)
6
66
Array
(
    [id] => 312
    [book_id] => 2018291
    [book_title] => 我的直播女友
    [author_name] => 欢阅读
    [word_count] => 553139
    [chapter_count] => 182
    [channel_id] => 0
    [statistics_year] => 2016
    [statistics_month] => 12
    [total_income] => 15205
    [give_income] => 1605
    [income] => 13600
    [buckle_income] => 5474
    [createtime] => 2016-12-26 13:42:45
)
661
6611
Array
(
    [sum_total_income] => 15205
    [sum_give_income] => 1605
    [sum_income] => 13600
    [sum_buckle_income] => 6082
)
result=1
7
8
9
book_id=2018330
2
3
4
5
Array
(
    [total_income] => 291
    [income] => 291
    [give_income] => 0
    [buckle_income] => 120
    [buckle_coefficient] => 0.59
)
Array
(
    [book_id] => 2018330
    [book_title] => 色即是空
    [author_name] => 欢阅读
    [word_count] => 473367
    [chapter_count] => 152
    [channel_id] => 0
    [statistics_day] => 2016-12-18
    [total_income] => 291
    [give_income] => 0
    [income] => 291
    [buckle_income] => 120
    [buckle_coefficient] => 0.59
    [createtime] => 2016-12-26 13:51:00
)
6
66
Array
(
    [id] => 313
    [book_id] => 2018330
    [book_title] => 色即是空
    [author_name] => 欢阅读
    [word_count] => 473367
    [chapter_count] => 152
    [channel_id] => 0
    [statistics_year] => 2016
    [statistics_month] => 12
    [total_income] => 291
    [give_income] => 0
    [income] => 291
    [buckle_income] => 114
    [createtime] => 2016-12-26 13:42:45
)
661
6611
Array
(
    [sum_total_income] => 291
    [sum_give_income] => 0
    [sum_income] => 291
    [sum_buckle_income] => 120
)
result=1
7
8
9
book_id=2018353
2
3
4
5
Array
(
    [total_income] => 44
    [income] => 44
    [give_income] => 0
    [buckle_income] => 16
    [buckle_coefficient] => 0.65
)
Array
(
    [book_id] => 2018353
    [book_title] => 12路公交
    [author_name] => 欢阅读
    [word_count] => 86876
    [chapter_count] => 36
    [channel_id] => 0
    [statistics_day] => 2016-12-18
    [total_income] => 44
    [give_income] => 0
    [income] => 44
    [buckle_income] => 16
    [buckle_coefficient] => 0.65
    [createtime] => 2016-12-26 13:51:00
)
6
66
Array
(
    [id] => 314
    [book_id] => 2018353
    [book_title] => 12路公交
    [author_name] => 欢阅读
    [word_count] => 86876
    [chapter_count] => 36
    [channel_id] => 0
    [statistics_year] => 2016
    [statistics_month] => 12
    [total_income] => 44
    [give_income] => 0
    [income] => 44
    [buckle_income] => 17
    [createtime] => 2016-12-26 13:42:45
)
661
6611
Array
(
    [sum_total_income] => 44
    [sum_give_income] => 0
    [sum_income] => 44
    [sum_buckle_income] => 16
)
result=1
7
8
9
book_id=2018356
2
3
4
5
Array
(
    [total_income] => 204
    [income] => 204
    [give_income] => 0
    [buckle_income] => 80
    [buckle_coefficient] => 0.61
)
Array
(
    [book_id] => 2018356
    [book_title] => 多余的青春
    [author_name] => 欢阅读
    [word_count] => 319325
    [chapter_count] => 143
    [channel_id] => 0
    [statistics_day] => 2016-12-18
    [total_income] => 204
    [give_income] => 0
    [income] => 204
    [buckle_income] => 80
    [buckle_coefficient] => 0.61
    [createtime] => 2016-12-26 13:51:00
)
6
66
Array
(
    [id] => 315
    [book_id] => 2018356
    [book_title] => 多余的青春
    [author_name] => 欢阅读
    [word_count] => 319325
    [chapter_count] => 143
    [channel_id] => 0
    [statistics_year] => 2016
    [statistics_month] => 12
    [total_income] => 204
    [give_income] => 0
    [income] => 204
    [buckle_income] => 74
    [createtime] => 2016-12-26 13:42:45
)
661
6611
Array
(
    [sum_total_income] => 204
    [sum_give_income] => 0
    [sum_income] => 204
    [sum_buckle_income] => 80
)
result=1
7
8
9
book_id=2018365
2
3
4
5
Array
(
    [total_income] => 46
    [income] => 46
    [give_income] => 0
    [buckle_income] => 18
    [buckle_coefficient] => 0.63
)
Array
(
    [book_id] => 2018365
    [book_title] => 国色天枭
    [author_name] => 欢阅读
    [word_count] => 420113
    [chapter_count] => 137
    [channel_id] => 0
    [statistics_day] => 2016-12-18
    [total_income] => 46
    [give_income] => 0
    [income] => 46
    [buckle_income] => 18
    [buckle_coefficient] => 0.63
    [createtime] => 2016-12-26 13:51:00
)
6
66
Array
(
    [id] => 316
    [book_id] => 2018365
    [book_title] => 国色天枭
    [author_name] => 欢阅读
    [word_count] => 420113
    [chapter_count] => 137
    [channel_id] => 0
    [statistics_year] => 2016
    [statistics_month] => 12
    [total_income] => 46
    [give_income] => 0
    [income] => 46
    [buckle_income] => 20
    [createtime] => 2016-12-26 13:42:45
)
661
6611
Array
(
    [sum_total_income] => 46
    [sum_give_income] => 0
    [sum_income] => 46
    [sum_buckle_income] => 18
)
result=1
7
8
9
book_id=2018367
2
3
4
5
Array
(
    [total_income] => 30
    [income] => 30
    [give_income] => 0
    [buckle_income] => 11
    [buckle_coefficient] => 0.64
)
Array
(
    [book_id] => 2018367
    [book_title] => 高跟鞋
    [author_name] => 欢阅读
    [word_count] => 567021
    [chapter_count] => 190
    [channel_id] => 0
    [statistics_day] => 2016-12-18
    [total_income] => 30
    [give_income] => 0
    [income] => 30
    [buckle_income] => 11
    [buckle_coefficient] => 0.64
    [createtime] => 2016-12-26 13:51:00
)
6
66
Array
(
    [id] => 317
    [book_id] => 2018367
    [book_title] => 高跟鞋
    [author_name] => 欢阅读
    [word_count] => 567021
    [chapter_count] => 190
    [channel_id] => 0
    [statistics_year] => 2016
    [statistics_month] => 12
    [total_income] => 30
    [give_income] => 0
    [income] => 30
    [buckle_income] => 13
    [createtime] => 2016-12-26 13:42:45
)
661
6611
Array
(
    [sum_total_income] => 30
    [sum_give_income] => 0
    [sum_income] => 30
    [sum_buckle_income] => 11
)
result=1
7
8
9
book_id=2018368
2
3
4
5
Array
(
    [total_income] => 8
    [income] => 8
    [give_income] => 0
    [buckle_income] => 8
    [buckle_coefficient] => 
)
Array
(
    [book_id] => 2018368
    [book_title] => 前妻归来
    [author_name] => 南国姑娘
    [word_count] => 33687
    [chapter_count] => 21
    [channel_id] => 0
    [statistics_day] => 2016-12-18
    [total_income] => 8
    [give_income] => 0
    [income] => 8
    [buckle_income] => 8
    [buckle_coefficient] => 
    [createtime] => 2016-12-26 13:51:00
)
6
66
Array
(
    [id] => 318
    [book_id] => 2018368
    [book_title] => 前妻归来
    [author_name] => 南国姑娘
    [word_count] => 33687
    [chapter_count] => 21
    [channel_id] => 0
    [statistics_year] => 2016
    [statistics_month] => 12
    [total_income] => 8
    [give_income] => 0
    [income] => 8
    [buckle_income] => 8
    [createtime] => 2016-12-26 13:42:45
)
661
6611
Array
(
    [sum_total_income] => 8
    [sum_give_income] => 0
    [sum_income] => 8
    [sum_buckle_income] => 8
)
result=1
7
8
9
book_id=2018369
2
3
4
5
Array
(
    [total_income] => 625
    [income] => 319
    [give_income] => 306
    [buckle_income] => 225
    [buckle_coefficient] => 0.64
)
Array
(
    [book_id] => 2018369
    [book_title] => 男人不能哭
    [author_name] => 欢阅读
    [word_count] => 208989
    [chapter_count] => 78
    [channel_id] => 0
    [statistics_day] => 2016-12-18
    [total_income] => 625
    [give_income] => 306
    [income] => 319
    [buckle_income] => 225
    [buckle_coefficient] => 0.64
    [createtime] => 2016-12-26 13:51:00
)
6
66
Array
(
    [id] => 319
    [book_id] => 2018369
    [book_title] => 男人不能哭
    [author_name] => 欢阅读
    [word_count] => 208989
    [chapter_count] => 78
    [channel_id] => 0
    [statistics_year] => 2016
    [statistics_month] => 12
    [total_income] => 625
    [give_income] => 306
    [income] => 319
    [buckle_income] => 225
    [createtime] => 2016-12-26 13:42:45
)
661
6611
Array
(
    [sum_total_income] => 625
    [sum_give_income] => 306
    [sum_income] => 319
    [sum_buckle_income] => 225
)
result=1
7
8
9
book_id=2018371
2
3
4
5
Array
(
    [total_income] => 26
    [income] => 26
    [give_income] => 0
    [buckle_income] => 12
    [buckle_coefficient] => 0.56
)
Array
(
    [book_id] => 2018371
    [book_title] => 佳人有约
    [author_name] => 欢阅读
    [word_count] => 133446
    [chapter_count] => 47
    [channel_id] => 0
    [statistics_day] => 2016-12-18
    [total_income] => 26
    [give_income] => 0
    [income] => 26
    [buckle_income] => 12
    [buckle_coefficient] => 0.56
    [createtime] => 2016-12-26 13:51:00
)
6
66
Array
(
    [id] => 320
    [book_id] => 2018371
    [book_title] => 佳人有约
    [author_name] => 欢阅读
    [word_count] => 133446
    [chapter_count] => 47
    [channel_id] => 0
    [statistics_year] => 2016
    [statistics_month] => 12
    [total_income] => 26
    [give_income] => 0
    [income] => 26
    [buckle_income] => 9
    [createtime] => 2016-12-26 13:42:45
)
661
6611
Array
(
    [sum_total_income] => 26
    [sum_give_income] => 0
    [sum_income] => 26
    [sum_buckle_income] => 12
)
result=1
7
8
9
book_id=2018374
2
3
4
5
Array
(
    [total_income] => 55
    [income] => 55
    [give_income] => 0
    [buckle_income] => 20
    [buckle_coefficient] => 0.64
)
Array
(
    [book_id] => 2018374
    [book_title] => （欢）我的青春期
    [author_name] => 欢阅读
    [word_count] => 483603
    [chapter_count] => 151
    [channel_id] => 0
    [statistics_day] => 2016-12-18
    [total_income] => 55
    [give_income] => 0
    [income] => 55
    [buckle_income] => 20
    [buckle_coefficient] => 0.64
    [createtime] => 2016-12-26 13:51:01
)
6
66
Array
(
    [id] => 321
    [book_id] => 2018374
    [book_title] => （欢）我的青春期
    [author_name] => 欢阅读
    [word_count] => 483603
    [chapter_count] => 151
    [channel_id] => 0
    [statistics_year] => 2016
    [statistics_month] => 12
    [total_income] => 55
    [give_income] => 0
    [income] => 55
    [buckle_income] => 22
    [createtime] => 2016-12-26 13:42:45
)
661
6611
Array
(
    [sum_total_income] => 55
    [sum_give_income] => 0
    [sum_income] => 55
    [sum_buckle_income] => 20
)
result=1
7
8
9
book_id=2018428
2
3
4
5
Array
(
    [total_income] => 292
    [income] => 292
    [give_income] => 0
    [buckle_income] => 100
    [buckle_coefficient] => 0.66
)
Array
(
    [book_id] => 2018428
    [book_title] => 迷你裙
    [author_name] => 欢阅读
    [word_count] => 280027
    [chapter_count] => 126
    [channel_id] => 0
    [statistics_day] => 2016-12-18
    [total_income] => 292
    [give_income] => 0
    [income] => 292
    [buckle_income] => 100
    [buckle_coefficient] => 0.66
    [createtime] => 2016-12-26 13:51:01
)
6
66
Array
(
    [id] => 322
    [book_id] => 2018428
    [book_title] => 迷你裙
    [author_name] => 欢阅读
    [word_count] => 280027
    [chapter_count] => 126
    [channel_id] => 0
    [statistics_year] => 2016
    [statistics_month] => 12
    [total_income] => 292
    [give_income] => 0
    [income] => 292
    [buckle_income] => 114
    [createtime] => 2016-12-26 13:42:45
)
661
6611
Array
(
    [sum_total_income] => 292
    [sum_give_income] => 0
    [sum_income] => 292
    [sum_buckle_income] => 100
)
result=1
7
8
9
book_id=2018430
2
3
4
5
Array
(
    [total_income] => 75
    [income] => 30
    [give_income] => 45
    [buckle_income] => 32
    [buckle_coefficient] => 0.58
)
Array
(
    [book_id] => 2018430
    [book_title] => （欢）午夜快递员
    [author_name] => 欢阅读
    [word_count] => 447893
    [chapter_count] => 148
    [channel_id] => 0
    [statistics_day] => 2016-12-18
    [total_income] => 75
    [give_income] => 45
    [income] => 30
    [buckle_income] => 32
    [buckle_coefficient] => 0.58
    [createtime] => 2016-12-26 13:51:01
)
6
66
Array
(
    [id] => 323
    [book_id] => 2018430
    [book_title] => （欢）午夜快递员
    [author_name] => 欢阅读
    [word_count] => 447893
    [chapter_count] => 148
    [channel_id] => 0
    [statistics_year] => 2016
    [statistics_month] => 12
    [total_income] => 75
    [give_income] => 45
    [income] => 30
    [buckle_income] => 34
    [createtime] => 2016-12-26 13:42:45
)
661
6611
Array
(
    [sum_total_income] => 75
    [sum_give_income] => 45
    [sum_income] => 30
    [sum_buckle_income] => 32
)
result=1
7
8
9
book_id=2018468
2
3
4
5
Array
(
    [total_income] => 360
    [income] => 360
    [give_income] => 0
    [buckle_income] => 134
    [buckle_coefficient] => 0.63
)
Array
(
    [book_id] => 2018468
    [book_title] => （欢）青春之殇
    [author_name] => 欢阅读
    [word_count] => 280551
    [chapter_count] => 123
    [channel_id] => 0
    [statistics_day] => 2016-12-18
    [total_income] => 360
    [give_income] => 0
    [income] => 360
    [buckle_income] => 134
    [buckle_coefficient] => 0.63
    [createtime] => 2016-12-26 13:51:01
)
6
66
Array
(
    [id] => 324
    [book_id] => 2018468
    [book_title] => （欢）青春之殇
    [author_name] => 欢阅读
    [word_count] => 280551
    [chapter_count] => 123
    [channel_id] => 0
    [statistics_year] => 2016
    [statistics_month] => 12
    [total_income] => 360
    [give_income] => 0
    [income] => 360
    [buckle_income] => 148
    [createtime] => 2016-12-26 13:42:45
)
661
6611
Array
(
    [sum_total_income] => 360
    [sum_give_income] => 0
    [sum_income] => 360
    [sum_buckle_income] => 134
)
result=1
7
8
9
book_id=2018470
2
3
4
5
Array
(
    [total_income] => 695
    [income] => 695
    [give_income] => 0
    [buckle_income] => 306
    [buckle_coefficient] => 0.56
)
Array
(
    [book_id] => 2018470
    [book_title] => （欢）色戒
    [author_name] => 欢阅读
    [word_count] => 545788
    [chapter_count] => 180
    [channel_id] => 0
    [statistics_day] => 2016-12-18
    [total_income] => 695
    [give_income] => 0
    [income] => 695
    [buckle_income] => 306
    [buckle_coefficient] => 0.56
    [createtime] => 2016-12-26 13:51:01
)
6
66
Array
(
    [id] => 325
    [book_id] => 2018470
    [book_title] => （欢）色戒
    [author_name] => 欢阅读
    [word_count] => 545788
    [chapter_count] => 180
    [channel_id] => 0
    [statistics_year] => 2016
    [statistics_month] => 12
    [total_income] => 695
    [give_income] => 0
    [income] => 695
    [buckle_income] => 272
    [createtime] => 2016-12-26 13:42:45
)
661
6611
Array
(
    [sum_total_income] => 695
    [sum_give_income] => 0
    [sum_income] => 695
    [sum_buckle_income] => 306
)
result=1
7
8
9
book_id=2018540
2
3
4
5
Array
(
    [total_income] => 1039
    [income] => 843
    [give_income] => 196
    [buckle_income] => 437
    [buckle_coefficient] => 0.58
)
Array
(
    [book_id] => 2018540
    [book_title] => 夜色玫瑰
    [author_name] => 阅明
    [word_count] => 401476
    [chapter_count] => 190
    [channel_id] => 0
    [statistics_day] => 2016-12-18
    [total_income] => 1039
    [give_income] => 196
    [income] => 843
    [buckle_income] => 437
    [buckle_coefficient] => 0.58
    [createtime] => 2016-12-26 13:51:01
)
6
66
Array
(
    [id] => 326
    [book_id] => 2018540
    [book_title] => 夜色玫瑰
    [author_name] => 阅明
    [word_count] => 401476
    [chapter_count] => 190
    [channel_id] => 0
    [statistics_year] => 2016
    [statistics_month] => 12
    [total_income] => 1039
    [give_income] => 196
    [income] => 843
    [buckle_income] => 364
    [createtime] => 2016-12-26 13:42:45
)
661
6611
Array
(
    [sum_total_income] => 1039
    [sum_give_income] => 196
    [sum_income] => 843
    [sum_buckle_income] => 437
)
result=1
7
8
9
book_id=2018785
2
3
4
5
Array
(
    [total_income] => 7039
    [income] => 6853
    [give_income] => 186
    [buckle_income] => 2464
    [buckle_coefficient] => 0.65
)
Array
(
    [book_id] => 2018785
    [book_title] => 水鬼的新娘
    [author_name] => 红包女王
    [word_count] => 414863
    [chapter_count] => 117
    [channel_id] => 0
    [statistics_day] => 2016-12-18
    [total_income] => 7039
    [give_income] => 186
    [income] => 6853
    [buckle_income] => 2464
    [buckle_coefficient] => 0.65
    [createtime] => 2016-12-26 13:51:01
)
6
66
Array
(
    [id] => 327
    [book_id] => 2018785
    [book_title] => 水鬼的新娘
    [author_name] => 红包女王
    [word_count] => 414863
    [chapter_count] => 117
    [channel_id] => 0
    [statistics_year] => 2016
    [statistics_month] => 12
    [total_income] => 7039
    [give_income] => 186
    [income] => 6853
    [buckle_income] => 2605
    [createtime] => 2016-12-26 13:42:46
)
661
6611
Array
(
    [sum_total_income] => 7039
    [sum_give_income] => 186
    [sum_income] => 6853
    [sum_buckle_income] => 2464
)
result=1
7
8
9
end 13
channel_id=11049085
book=4
i=0
1
book_id=2017192
2
3
4
5
Array
(
    [total_income] => 40
    [income] => 40
    [give_income] => 0
    [buckle_income] => 18
    [buckle_coefficient] => 0.56
)
Array
(
    [book_id] => 2017192
    [book_title] => 逆青春
    [author_name] => 酷帅流弊
    [word_count] => 604409
    [chapter_count] => 274
    [channel_id] => 11049085
    [statistics_day] => 2016-12-18
    [total_income] => 40
    [give_income] => 0
    [income] => 40
    [buckle_income] => 18
    [buckle_coefficient] => 0.56
    [createtime] => 2016-12-26 13:52:06
)
6
66
Array
(
    [id] => 5
    [book_id] => 2017192
    [book_title] => 逆青春
    [author_name] => 酷帅流弊
    [word_count] => 604409
    [chapter_count] => 274
    [channel_id] => 11049085
    [statistics_year] => 2016
    [statistics_month] => 12
    [total_income] => 40
    [give_income] => 0
    [income] => 40
    [buckle_income] => 16
    [createtime] => 2016-12-26 13:49:22
)
661
6611
Array
(
    [sum_total_income] => 40
    [sum_give_income] => 0
    [sum_income] => 40
    [sum_buckle_income] => 18
)
result=1
7
8
9
book_id=2017198
2
3
4
5
Array
(
    [total_income] => 41319
    [income] => 37931
    [give_income] => 3388
    [buckle_income] => 15289
    [buckle_coefficient] => 0.63
)
Array
(
    [book_id] => 2017198
    [book_title] => 阴婚鬼嫁
    [author_name] => 子不语
    [word_count] => 748614
    [chapter_count] => 238
    [channel_id] => 11049085
    [statistics_day] => 2016-12-18
    [total_income] => 41319
    [give_income] => 3388
    [income] => 37931
    [buckle_income] => 15289
    [buckle_coefficient] => 0.63
    [createtime] => 2016-12-26 13:52:06
)
6
66
Array
(
    [id] => 6
    [book_id] => 2017198
    [book_title] => 阴婚鬼嫁
    [author_name] => 子不语
    [word_count] => 748614
    [chapter_count] => 238
    [channel_id] => 11049085
    [statistics_year] => 2016
    [statistics_month] => 12
    [total_income] => 221253
    [give_income] => 18282
    [income] => 202971
    [buckle_income] => 88405
    [createtime] => 2016-12-26 13:49:22
)
661
6611
Array
(
    [sum_total_income] => 221253
    [sum_give_income] => 18282
    [sum_income] => 202971
    [sum_buckle_income] => 85926
)
result=1
7
8
9
book_id=2017207
2
3
4
5
Array
(
    [total_income] => 9158
    [income] => 7979
    [give_income] => 1179
    [buckle_income] => 3572
    [buckle_coefficient] => 0.61
)
Array
(
    [book_id] => 2017207
    [book_title] => 第一次亲密接触
    [author_name] => 夜宁阳本尊
    [word_count] => 1018573
    [chapter_count] => 461
    [channel_id] => 11049085
    [statistics_day] => 2016-12-18
    [total_income] => 9158
    [give_income] => 1179
    [income] => 7979
    [buckle_income] => 3572
    [buckle_coefficient] => 0.61
    [createtime] => 2016-12-26 13:52:06
)
6
66
Array
(
    [id] => 7
    [book_id] => 2017207
    [book_title] => 第一次亲密接触
    [author_name] => 夜宁阳本尊
    [word_count] => 1018573
    [chapter_count] => 461
    [channel_id] => 11049085
    [statistics_year] => 2016
    [statistics_month] => 12
    [total_income] => 9158
    [give_income] => 1179
    [income] => 7979
    [buckle_income] => 3664
    [createtime] => 2016-12-26 13:49:22
)
661
6611
Array
(
    [sum_total_income] => 9158
    [sum_give_income] => 1179
    [sum_income] => 7979
    [sum_buckle_income] => 3572
)
result=1
7
8
9
book_id=2017212
2
3
4
5
Array
(
    [total_income] => 22462
    [income] => 20764
    [give_income] => 1698
    [buckle_income] => 7638
    [buckle_coefficient] => 0.66
)
Array
(
    [book_id] => 2017212
    [book_title] => 夜色盛宴
    [author_name] => 小猪崽子
    [word_count] => 1959528
    [chapter_count] => 1066
    [channel_id] => 11049085
    [statistics_day] => 2016-12-18
    [total_income] => 22462
    [give_income] => 1698
    [income] => 20764
    [buckle_income] => 7638
    [buckle_coefficient] => 0.66
    [createtime] => 2016-12-26 13:52:07
)
6
66
Array
(
    [id] => 8
    [book_id] => 2017212
    [book_title] => 夜色盛宴
    [author_name] => 小猪崽子
    [word_count] => 1959528
    [chapter_count] => 1066
    [channel_id] => 11049085
    [statistics_year] => 2016
    [statistics_month] => 12
    [total_income] => 22462
    [give_income] => 1698
    [income] => 20764
    [buckle_income] => 7862
    [createtime] => 2016-12-26 13:49:23
)
661
6611
Array
(
    [sum_total_income] => 22462
    [sum_give_income] => 1698
    [sum_income] => 20764
    [sum_buckle_income] => 7638
)
result=1
7
8
9
channel_id=11259135
book=1
i=1
1
book_id=2018925
2
3
4
5
Array
(
    [total_income] => 149
    [income] => 149
    [give_income] => 0
    [buckle_income] => 63
    [buckle_coefficient] => 0.58
)
Array
(
    [book_id] => 2018925
    [book_title] => 那些年，我爱过的女人
    [author_name] => 马小虎
    [word_count] => 1249727
    [chapter_count] => 630
    [channel_id] => 11259135
    [statistics_day] => 2016-12-18
    [total_income] => 149
    [give_income] => 0
    [income] => 149
    [buckle_income] => 63
    [buckle_coefficient] => 0.58
    [createtime] => 2016-12-26 13:52:08
)
6
66
Array
(
    [id] => 9
    [book_id] => 2018925
    [book_title] => 那些年，我爱过的女人
    [author_name] => 马小虎
    [word_count] => 1249727
    [chapter_count] => 630
    [channel_id] => 11259135
    [statistics_year] => 2016
    [statistics_month] => 12
    [total_income] => 149
    [give_income] => 0
    [income] => 149
    [buckle_income] => 62
    [createtime] => 2016-12-26 13:49:24
)
661
6611
Array
(
    [sum_total_income] => 149
    [sum_give_income] => 0
    [sum_income] => 149
    [sum_buckle_income] => 63
)
result=1
7
8
9
channel_id=20911280
book=1
i=2
1
book_id=2013565
2
3
4
5
Array
(
    [total_income] => 13031
    [income] => 11255
    [give_income] => 1776
    [buckle_income] => 5083
    [buckle_coefficient] => 0.61
)
Array
(
    [book_id] => 2013565
    [book_title] => 女神的兼职司机
    [author_name] => 独守一座空城
    [word_count] => 1154847
    [chapter_count] => 505
    [channel_id] => 20911280
    [statistics_day] => 2016-12-18
    [total_income] => 13031
    [give_income] => 1776
    [income] => 11255
    [buckle_income] => 5083
    [buckle_coefficient] => 0.61
    [createtime] => 2016-12-26 13:52:08
)
6
66
Array
(
    [id] => 10
    [book_id] => 2013565
    [book_title] => 女神的兼职司机
    [author_name] => 独守一座空城
    [word_count] => 1154847
    [chapter_count] => 505
    [channel_id] => 20911280
    [statistics_year] => 2016
    [statistics_month] => 12
    [total_income] => 13031
    [give_income] => 1776
    [income] => 11255
    [buckle_income] => 5604
    [createtime] => 2016-12-26 13:49:25
)
661
6611
Array
(
    [sum_total_income] => 13031
    [sum_give_income] => 1776
    [sum_income] => 11255
    [sum_buckle_income] => 5083
)
result=1
7
8
9
channel_id=21014082
book=0
i=3
channel_id=40932296
book=21
i=4
1
book_id=2011666
2
3
4
5
Array
(
    [total_income] => 32700
    [income] => 27942
    [give_income] => 4758
    [buckle_income] => 12753
    [buckle_coefficient] => 0.61
)
Array
(
    [book_id] => 2011666
    [book_title] => 我的贴身校花
    [author_name] => 带玉
    [word_count] => 16208217
    [chapter_count] => 6915
    [channel_id] => 40932296
    [statistics_day] => 2016-12-18
    [total_income] => 32700
    [give_income] => 4758
    [income] => 27942
    [buckle_income] => 12753
    [buckle_coefficient] => 0.61
    [createtime] => 2016-12-26 13:52:10
)
6
66
Array
(
    [id] => 11
    [book_id] => 2011666
    [book_title] => 我的贴身校花
    [author_name] => 带玉
    [word_count] => 16208217
    [chapter_count] => 6915
    [channel_id] => 40932296
    [statistics_year] => 2016
    [statistics_month] => 12
    [total_income] => 32700
    [give_income] => 4758
    [income] => 27942
    [buckle_income] => 13734
    [createtime] => 2016-12-26 13:49:26
)
661
6611
Array
(
    [sum_total_income] => 32700
    [sum_give_income] => 4758
    [sum_income] => 27942
    [sum_buckle_income] => 12753
)
result=1
7
8
9
book_id=2011675
2
3
4
5
Array
(
    [total_income] => 15820
    [income] => 13243
    [give_income] => 2577
    [buckle_income] => 5537
    [buckle_coefficient] => 0.65
)
Array
(
    [book_id] => 2011675
    [book_title] => 绝色总裁爱上我
    [author_name] => 耀阳祖师
    [word_count] => 7314932
    [chapter_count] => 3465
    [channel_id] => 40932296
    [statistics_day] => 2016-12-18
    [total_income] => 15820
    [give_income] => 2577
    [income] => 13243
    [buckle_income] => 5537
    [buckle_coefficient] => 0.65
    [createtime] => 2016-12-26 13:52:10
)
6
66
Array
(
    [id] => 12
    [book_id] => 2011675
    [book_title] => 绝色总裁爱上我
    [author_name] => 耀阳祖师
    [word_count] => 7314932
    [chapter_count] => 3465
    [channel_id] => 40932296
    [statistics_year] => 2016
    [statistics_month] => 12
    [total_income] => 15820
    [give_income] => 2577
    [income] => 13243
    [buckle_income] => 6170
    [createtime] => 2016-12-26 13:49:26
)
661
6611
Array
(
    [sum_total_income] => 15820
    [sum_give_income] => 2577
    [sum_income] => 13243
    [sum_buckle_income] => 5537
)
result=1
7
8
9
book_id=2011799
2
3
4
5
Array
(
    [total_income] => 270
    [income] => 259
    [give_income] => 11
    [buckle_income] => 98
    [buckle_coefficient] => 0.64
)
Array
(
    [book_id] => 2011799
    [book_title] => 湘西赶尸鬼事之造畜
    [author_name] => 凝眸七弦伤
    [word_count] => 2192239
    [chapter_count] => 816
    [channel_id] => 40932296
    [statistics_day] => 2016-12-18
    [total_income] => 270
    [give_income] => 11
    [income] => 259
    [buckle_income] => 98
    [buckle_coefficient] => 0.64
    [createtime] => 2016-12-26 13:52:10
)
6
66
Array
(
    [id] => 13
    [book_id] => 2011799
    [book_title] => 湘西赶尸鬼事之造畜
    [author_name] => 凝眸七弦伤
    [word_count] => 2192239
    [chapter_count] => 816
    [channel_id] => 40932296
    [statistics_year] => 2016
    [statistics_month] => 12
    [total_income] => 270
    [give_income] => 11
    [income] => 259
    [buckle_income] => 95
    [createtime] => 2016-12-26 13:49:26
)
661
6611
Array
(
    [sum_total_income] => 270
    [sum_give_income] => 11
    [sum_income] => 259
    [sum_buckle_income] => 98
)
result=1
7
8
9
book_id=2011813
2
3
4
5
Array
(
    [total_income] => 5626
    [income] => 5098
    [give_income] => 528
    [buckle_income] => 2138
    [buckle_coefficient] => 0.62
)
Array
(
    [book_id] => 2011813
    [book_title] => 重生之校园特种兵
    [author_name] => 大盗零零七
    [word_count] => 10655813
    [chapter_count] => 5161
    [channel_id] => 40932296
    [statistics_day] => 2016-12-18
    [total_income] => 5626
    [give_income] => 528
    [income] => 5098
    [buckle_income] => 2138
    [buckle_coefficient] => 0.62
    [createtime] => 2016-12-26 13:52:10
)
6
66
Array
(
    [id] => 14
    [book_id] => 2011813
    [book_title] => 重生之校园特种兵
    [author_name] => 大盗零零七
    [word_count] => 10655813
    [chapter_count] => 5161
    [channel_id] => 40932296
    [statistics_year] => 2016
    [statistics_month] => 12
    [total_income] => 5626
    [give_income] => 528
    [income] => 5098
    [buckle_income] => 2195
    [createtime] => 2016-12-26 13:49:26
)
661
6611
Array
(
    [sum_total_income] => 5626
    [sum_give_income] => 528
    [sum_income] => 5098
    [sum_buckle_income] => 2138
)
result=1
7
8
9
book_id=2011823
2
3
4
5
Array
(
    [total_income] => 4007
    [income] => 2977
    [give_income] => 1030
    [buckle_income] => 1683
    [buckle_coefficient] => 0.58
)
Array
(
    [book_id] => 2011823
    [book_title] => 捡个杀手做老婆
    [author_name] => 花刺1913
    [word_count] => 12099074
    [chapter_count] => 5754
    [channel_id] => 40932296
    [statistics_day] => 2016-12-18
    [total_income] => 4007
    [give_income] => 1030
    [income] => 2977
    [buckle_income] => 1683
    [buckle_coefficient] => 0.58
    [createtime] => 2016-12-26 13:52:10
)
6
66
Array
(
    [id] => 15
    [book_id] => 2011823
    [book_title] => 捡个杀手做老婆
    [author_name] => 花刺1913
    [word_count] => 12099074
    [chapter_count] => 5754
    [channel_id] => 40932296
    [statistics_year] => 2016
    [statistics_month] => 12
    [total_income] => 4007
    [give_income] => 1030
    [income] => 2977
    [buckle_income] => 1804
    [createtime] => 2016-12-26 13:49:26
)
661
6611
Array
(
    [sum_total_income] => 4007
    [sum_give_income] => 1030
    [sum_income] => 2977
    [sum_buckle_income] => 1683
)
result=1
7
8
9
book_id=2011831
2
3
4
5
Array
(
    [total_income] => 33809
    [income] => 31090
    [give_income] => 2719
    [buckle_income] => 14876
    [buckle_coefficient] => 0.56
)
Array
(
    [book_id] => 2011831
    [book_title] => 天才高手在都市
    [author_name] => 冷云邪神
    [word_count] => 8511654
    [chapter_count] => 4104
    [channel_id] => 40932296
    [statistics_day] => 2016-12-18
    [total_income] => 33809
    [give_income] => 2719
    [income] => 31090
    [buckle_income] => 14876
    [buckle_coefficient] => 0.56
    [createtime] => 2016-12-26 13:52:11
)
6
66
Array
(
    [id] => 16
    [book_id] => 2011831
    [book_title] => 天才高手在都市
    [author_name] => 冷云邪神
    [word_count] => 8511654
    [chapter_count] => 4104
    [channel_id] => 40932296
    [statistics_year] => 2016
    [statistics_month] => 12
    [total_income] => 33809
    [give_income] => 2719
    [income] => 31090
    [buckle_income] => 11496
    [createtime] => 2016-12-26 13:49:27
)
661
6611
Array
(
    [sum_total_income] => 33809
    [sum_give_income] => 2719
    [sum_income] => 31090
    [sum_buckle_income] => 14876
)
result=1
7
8
9
book_id=2011835
2
3
4
5
Array
(
    [total_income] => 5458
    [income] => 5133
    [give_income] => 325
    [buckle_income] => 2238
    [buckle_coefficient] => 0.59
)
Array
(
    [book_id] => 2011835
    [book_title] => 校园绝品狂徒
    [author_name] => 柳江南
    [word_count] => 4451710
    [chapter_count] => 2206
    [channel_id] => 40932296
    [statistics_day] => 2016-12-18
    [total_income] => 5458
    [give_income] => 325
    [income] => 5133
    [buckle_income] => 2238
    [buckle_coefficient] => 0.59
    [createtime] => 2016-12-26 13:52:11
)
6
66
Array
(
    [id] => 17
    [book_id] => 2011835
    [book_title] => 校园绝品狂徒
    [author_name] => 柳江南
    [word_count] => 4451710
    [chapter_count] => 2206
    [channel_id] => 40932296
    [statistics_year] => 2016
    [statistics_month] => 12
    [total_income] => 5458
    [give_income] => 325
    [income] => 5133
    [buckle_income] => 2238
    [createtime] => 2016-12-26 13:49:27
)
661
6611
Array
(
    [sum_total_income] => 5458
    [sum_give_income] => 325
    [sum_income] => 5133
    [sum_buckle_income] => 2238
)
result=1
7
8
9
book_id=2011837
2
3
4
5
Array
(
    [total_income] => 20406
    [income] => 18699
    [give_income] => 1707
    [buckle_income] => 7347
    [buckle_coefficient] => 0.64
)
Array
(
    [book_id] => 2011837
    [book_title] => 极品护花保镖
    [author_name] => 陈佳豪
    [word_count] => 11348854
    [chapter_count] => 5537
    [channel_id] => 40932296
    [statistics_day] => 2016-12-18
    [total_income] => 20406
    [give_income] => 1707
    [income] => 18699
    [buckle_income] => 7347
    [buckle_coefficient] => 0.64
    [createtime] => 2016-12-26 13:52:11
)
6
66
Array
(
    [id] => 18
    [book_id] => 2011837
    [book_title] => 极品护花保镖
    [author_name] => 陈佳豪
    [word_count] => 11348854
    [chapter_count] => 5537
    [channel_id] => 40932296
    [statistics_year] => 2016
    [statistics_month] => 12
    [total_income] => 20406
    [give_income] => 1707
    [income] => 18699
    [buckle_income] => 8775
    [createtime] => 2016-12-26 13:49:27
)
661
6611
Array
(
    [sum_total_income] => 20406
    [sum_give_income] => 1707
    [sum_income] => 18699
    [sum_buckle_income] => 7347
)
result=1
7
8
9
book_id=2011838
2
3
4
5
Array
(
    [total_income] => 16985
    [income] => 14238
    [give_income] => 2747
    [buckle_income] => 6794
    [buckle_coefficient] => 0.6
)
Array
(
    [book_id] => 2011838
    [book_title] => 追美高手
    [author_name] => 无邪小正太
    [word_count] => 6304622
    [chapter_count] => 3095
    [channel_id] => 40932296
    [statistics_day] => 2016-12-18
    [total_income] => 16985
    [give_income] => 2747
    [income] => 14238
    [buckle_income] => 6794
    [buckle_coefficient] => 0.6
    [createtime] => 2016-12-26 13:52:11
)
6
66
Array
(
    [id] => 19
    [book_id] => 2011838
    [book_title] => 追美高手
    [author_name] => 无邪小正太
    [word_count] => 6304622
    [chapter_count] => 3095
    [channel_id] => 40932296
    [statistics_year] => 2016
    [statistics_month] => 12
    [total_income] => 16985
    [give_income] => 2747
    [income] => 14238
    [buckle_income] => 6455
    [createtime] => 2016-12-26 13:49:28
)
661
6611
Array
(
    [sum_total_income] => 16985
    [sum_give_income] => 2747
    [sum_income] => 14238
    [sum_buckle_income] => 6794
)
result=1
7
8
9
book_id=2011840
2
3
4
5
Array
(
    [total_income] => 17395
    [income] => 16123
    [give_income] => 1272
    [buckle_income] => 6611
    [buckle_coefficient] => 0.62
)
Array
(
    [book_id] => 2011840
    [book_title] => 九龙至尊
    [author_name] => 盘古
    [word_count] => 7306869
    [chapter_count] => 3739
    [channel_id] => 40932296
    [statistics_day] => 2016-12-18
    [total_income] => 17395
    [give_income] => 1272
    [income] => 16123
    [buckle_income] => 6611
    [buckle_coefficient] => 0.62
    [createtime] => 2016-12-26 13:52:11
)
6
66
Array
(
    [id] => 20
    [book_id] => 2011840
    [book_title] => 九龙至尊
    [author_name] => 盘古
    [word_count] => 7306869
    [chapter_count] => 3739
    [channel_id] => 40932296
    [statistics_year] => 2016
    [statistics_month] => 12
    [total_income] => 17395
    [give_income] => 1272
    [income] => 16123
    [buckle_income] => 7306
    [createtime] => 2016-12-26 13:49:28
)
661
6611
Array
(
    [sum_total_income] => 17395
    [sum_give_income] => 1272
    [sum_income] => 16123
    [sum_buckle_income] => 6611
)
result=1
7
8
9
book_id=2011854
2
3
4
5
Array
(
    [total_income] => 181
    [income] => 181
    [give_income] => 0
    [buckle_income] => 80
    [buckle_coefficient] => 0.56
)
Array
(
    [book_id] => 2011854
    [book_title] => 异世无冕邪皇
    [author_name] => 半块铜板
    [word_count] => 6688350
    [chapter_count] => 2177
    [channel_id] => 40932296
    [statistics_day] => 2016-12-18
    [total_income] => 181
    [give_income] => 0
    [income] => 181
    [buckle_income] => 80
    [buckle_coefficient] => 0.56
    [createtime] => 2016-12-26 13:52:12
)
6
66
Array
(
    [id] => 21
    [book_id] => 2011854
    [book_title] => 异世无冕邪皇
    [author_name] => 半块铜板
    [word_count] => 6688350
    [chapter_count] => 2177
    [channel_id] => 40932296
    [statistics_year] => 2016
    [statistics_month] => 12
    [total_income] => 181
    [give_income] => 0
    [income] => 181
    [buckle_income] => 71
    [createtime] => 2016-12-26 13:49:28
)
661
6611
Array
(
    [sum_total_income] => 181
    [sum_give_income] => 0
    [sum_income] => 181
    [sum_buckle_income] => 80
)
result=1
7
8
9
book_id=2011858
2
3
4
5
Array
(
    [total_income] => 2339
    [income] => 2034
    [give_income] => 305
    [buckle_income] => 983
    [buckle_coefficient] => 0.58
)
Array
(
    [book_id] => 2011858
    [book_title] => 战气凌霄
    [author_name] => 新闻工作者
    [word_count] => 10977325
    [chapter_count] => 3477
    [channel_id] => 40932296
    [statistics_day] => 2016-12-18
    [total_income] => 2339
    [give_income] => 305
    [income] => 2034
    [buckle_income] => 983
    [buckle_coefficient] => 0.58
    [createtime] => 2016-12-26 13:52:12
)
6
66
Array
(
    [id] => 22
    [book_id] => 2011858
    [book_title] => 战气凌霄
    [author_name] => 新闻工作者
    [word_count] => 10977325
    [chapter_count] => 3477
    [channel_id] => 40932296
    [statistics_year] => 2016
    [statistics_month] => 12
    [total_income] => 2339
    [give_income] => 305
    [income] => 2034
    [buckle_income] => 983
    [createtime] => 2016-12-26 13:49:28
)
661
6611
Array
(
    [sum_total_income] => 2339
    [sum_give_income] => 305
    [sum_income] => 2034
    [sum_buckle_income] => 983
)
result=1
7
8
9
book_id=2011862
2
3
4
5
Array
(
    [total_income] => 140
    [income] => 140
    [give_income] => 0
    [buckle_income] => 54
    [buckle_coefficient] => 0.62
)
Array
(
    [book_id] => 2011862
    [book_title] => 毒宠佣兵王妃
    [author_name] => 猫小猫
    [word_count] => 2916626
    [chapter_count] => 1412
    [channel_id] => 40932296
    [statistics_day] => 2016-12-18
    [total_income] => 140
    [give_income] => 0
    [income] => 140
    [buckle_income] => 54
    [buckle_coefficient] => 0.62
    [createtime] => 2016-12-26 13:52:12
)
6
66
Array
(
    [id] => 23
    [book_id] => 2011862
    [book_title] => 毒宠佣兵王妃
    [author_name] => 猫小猫
    [word_count] => 2916626
    [chapter_count] => 1412
    [channel_id] => 40932296
    [statistics_year] => 2016
    [statistics_month] => 12
    [total_income] => 140
    [give_income] => 0
    [income] => 140
    [buckle_income] => 61
    [createtime] => 2016-12-26 13:49:28
)
661
6611
Array
(
    [sum_total_income] => 140
    [sum_give_income] => 0
    [sum_income] => 140
    [sum_buckle_income] => 54
)
result=1
7
8
9
book_id=2011866
2
3
4
5
Array
(
    [total_income] => 25260
    [income] => 22794
    [give_income] => 2466
    [buckle_income] => 9852
    [buckle_coefficient] => 0.61
)
Array
(
    [book_id] => 2011866
    [book_title] => 我的名模总裁
    [author_name] => 龙之将皇
    [word_count] => 8900576
    [chapter_count] => 2835
    [channel_id] => 40932296
    [statistics_day] => 2016-12-18
    [total_income] => 25260
    [give_income] => 2466
    [income] => 22794
    [buckle_income] => 9852
    [buckle_coefficient] => 0.61
    [createtime] => 2016-12-26 13:52:12
)
6
66
Array
(
    [id] => 24
    [book_id] => 2011866
    [book_title] => 我的名模总裁
    [author_name] => 龙之将皇
    [word_count] => 8900576
    [chapter_count] => 2835
    [channel_id] => 40932296
    [statistics_year] => 2016
    [statistics_month] => 12
    [total_income] => 25260
    [give_income] => 2466
    [income] => 22794
    [buckle_income] => 11367
    [createtime] => 2016-12-26 13:49:28
)
661
6611
Array
(
    [sum_total_income] => 25260
    [sum_give_income] => 2466
    [sum_income] => 22794
    [sum_buckle_income] => 9852
)
result=1
7
8
9
book_id=2011870
2
3
4
5
Array
(
    [total_income] => 2393
    [income] => 2233
    [give_income] => 160
    [buckle_income] => 1077
    [buckle_coefficient] => 0.55
)
Array
(
    [book_id] => 2011870
    [book_title] => 极品狂医
    [author_name] => 北纬37度
    [word_count] => 9137027
    [chapter_count] => 3162
    [channel_id] => 40932296
    [statistics_day] => 2016-12-18
    [total_income] => 2393
    [give_income] => 160
    [income] => 2233
    [buckle_income] => 1077
    [buckle_coefficient] => 0.55
    [createtime] => 2016-12-26 13:52:12
)
6
66
Array
(
    [id] => 25
    [book_id] => 2011870
    [book_title] => 极品狂医
    [author_name] => 北纬37度
    [word_count] => 9137027
    [chapter_count] => 3162
    [channel_id] => 40932296
    [statistics_year] => 2016
    [statistics_month] => 12
    [total_income] => 2393
    [give_income] => 160
    [income] => 2233
    [buckle_income] => 1006
    [createtime] => 2016-12-26 13:49:28
)
661
6611
Array
(
    [sum_total_income] => 2393
    [sum_give_income] => 160
    [sum_income] => 2233
    [sum_buckle_income] => 1077
)
result=1
7
8
9
book_id=2011928
2
3
4
5
Array
(
    [total_income] => 323
    [income] => 123
    [give_income] => 200
    [buckle_income] => 136
    [buckle_coefficient] => 0.58
)
Array
(
    [book_id] => 2011928
    [book_title] => 寂灭天尊
    [author_name] => 恋风
    [word_count] => 6226295
    [chapter_count] => 1997
    [channel_id] => 40932296
    [statistics_day] => 2016-12-18
    [total_income] => 323
    [give_income] => 200
    [income] => 123
    [buckle_income] => 136
    [buckle_coefficient] => 0.58
    [createtime] => 2016-12-26 13:52:12
)
6
66
Array
(
    [id] => 26
    [book_id] => 2011928
    [book_title] => 寂灭天尊
    [author_name] => 恋风
    [word_count] => 6226295
    [chapter_count] => 1997
    [channel_id] => 40932296
    [statistics_year] => 2016
    [statistics_month] => 12
    [total_income] => 323
    [give_income] => 200
    [income] => 123
    [buckle_income] => 110
    [createtime] => 2016-12-26 13:49:28
)
661
6611
Array
(
    [sum_total_income] => 323
    [sum_give_income] => 200
    [sum_income] => 123
    [sum_buckle_income] => 136
)
result=1
7
8
9
book_id=2012021
2
3
4
5
Array
(
    [total_income] => 484
    [income] => 484
    [give_income] => 0
    [buckle_income] => 184
    [buckle_coefficient] => 0.62
)
Array
(
    [book_id] => 2012021
    [book_title] => 最强狼少
    [author_name] => 叱咤风云
    [word_count] => 1265673
    [chapter_count] => 387
    [channel_id] => 40932296
    [statistics_day] => 2016-12-18
    [total_income] => 484
    [give_income] => 0
    [income] => 484
    [buckle_income] => 184
    [buckle_coefficient] => 0.62
    [createtime] => 2016-12-26 13:52:13
)
6
66
Array
(
    [id] => 27
    [book_id] => 2012021
    [book_title] => 最强狼少
    [author_name] => 叱咤风云
    [word_count] => 1265673
    [chapter_count] => 387
    [channel_id] => 40932296
    [statistics_year] => 2016
    [statistics_month] => 12
    [total_income] => 484
    [give_income] => 0
    [income] => 484
    [buckle_income] => 194
    [createtime] => 2016-12-26 13:49:29
)
661
6611
Array
(
    [sum_total_income] => 484
    [sum_give_income] => 0
    [sum_income] => 484
    [sum_buckle_income] => 184
)
result=1
7
8
9
book_id=2012055
2
3
4
5
Array
(
    [total_income] => 3044
    [income] => 2232
    [give_income] => 812
    [buckle_income] => 1188
    [buckle_coefficient] => 0.61
)
Array
(
    [book_id] => 2012055
    [book_title] => 特种阔少
    [author_name] => 沈哲楠
    [word_count] => 1838469
    [chapter_count] => 604
    [channel_id] => 40932296
    [statistics_day] => 2016-12-18
    [total_income] => 3044
    [give_income] => 812
    [income] => 2232
    [buckle_income] => 1188
    [buckle_coefficient] => 0.61
    [createtime] => 2016-12-26 13:52:13
)
6
66
Array
(
    [id] => 28
    [book_id] => 2012055
    [book_title] => 特种阔少
    [author_name] => 沈哲楠
    [word_count] => 1838469
    [chapter_count] => 604
    [channel_id] => 40932296
    [statistics_year] => 2016
    [statistics_month] => 12
    [total_income] => 3044
    [give_income] => 812
    [income] => 2232
    [buckle_income] => 1188
    [createtime] => 2016-12-26 13:49:29
)
661
6611
Array
(
    [sum_total_income] => 3044
    [sum_give_income] => 812
    [sum_income] => 2232
    [sum_buckle_income] => 1188
)
result=1
7
8
9
book_id=2012058
2
3
4
5
Array
(
    [total_income] => 90
    [income] => 90
    [give_income] => 0
    [buckle_income] => 41
    [buckle_coefficient] => 0.55
)
Array
(
    [book_id] => 2012058
    [book_title] => 鬼妻
    [author_name] => 曲神
    [word_count] => 1707163
    [chapter_count] => 844
    [channel_id] => 40932296
    [statistics_day] => 2016-12-18
    [total_income] => 90
    [give_income] => 0
    [income] => 90
    [buckle_income] => 41
    [buckle_coefficient] => 0.55
    [createtime] => 2016-12-26 13:52:13
)
6
66
Array
(
    [id] => 29
    [book_id] => 2012058
    [book_title] => 鬼妻
    [author_name] => 曲神
    [word_count] => 1707163
    [chapter_count] => 844
    [channel_id] => 40932296
    [statistics_year] => 2016
    [statistics_month] => 12
    [total_income] => 90
    [give_income] => 0
    [income] => 90
    [buckle_income] => 40
    [createtime] => 2016-12-26 13:49:29
)
661
6611
Array
(
    [sum_total_income] => 90
    [sum_give_income] => 0
    [sum_income] => 90
    [sum_buckle_income] => 41
)
result=1
7
8
9
book_id=2012059
2
3
4
5
Array
(
    [total_income] => 5244
    [income] => 4634
    [give_income] => 610
    [buckle_income] => 1783
    [buckle_coefficient] => 0.66
)
Array
(
    [book_id] => 2012059
    [book_title] => 校园贴心高手
    [author_name] => 火少
    [word_count] => 1986965
    [chapter_count] => 932
    [channel_id] => 40932296
    [statistics_day] => 2016-12-18
    [total_income] => 5244
    [give_income] => 610
    [income] => 4634
    [buckle_income] => 1783
    [buckle_coefficient] => 0.66
    [createtime] => 2016-12-26 13:52:13
)
6
66
Array
(
    [id] => 30
    [book_id] => 2012059
    [book_title] => 校园贴心高手
    [author_name] => 火少
    [word_count] => 1986965
    [chapter_count] => 932
    [channel_id] => 40932296
    [statistics_year] => 2016
    [statistics_month] => 12
    [total_income] => 5244
    [give_income] => 610
    [income] => 4634
    [buckle_income] => 2098
    [createtime] => 2016-12-26 13:49:29
)
661
6611
Array
(
    [sum_total_income] => 5244
    [sum_give_income] => 610
    [sum_income] => 4634
    [sum_buckle_income] => 1783
)
result=1
7
8
9
book_id=2013395
2
3
4
5
Array
(
    [total_income] => 1996
    [income] => 1622
    [give_income] => 374
    [buckle_income] => 879
    [buckle_coefficient] => 0.56
)
Array
(
    [book_id] => 2013395
    [book_title] => 绝世狂徒
    [author_name] => 风圣大鹏
    [word_count] => 3940129
    [chapter_count] => 1188
    [channel_id] => 40932296
    [statistics_day] => 2016-12-18
    [total_income] => 1996
    [give_income] => 374
    [income] => 1622
    [buckle_income] => 879
    [buckle_coefficient] => 0.56
    [createtime] => 2016-12-26 13:52:13
)
6
66
Array
(
    [id] => 31
    [book_id] => 2013395
    [book_title] => 绝世狂徒
    [author_name] => 风圣大鹏
    [word_count] => 3940129
    [chapter_count] => 1188
    [channel_id] => 40932296
    [statistics_year] => 2016
    [statistics_month] => 12
    [total_income] => 1996
    [give_income] => 374
    [income] => 1622
    [buckle_income] => 779
    [createtime] => 2016-12-26 13:49:29
)
661
6611
Array
(
    [sum_total_income] => 1996
    [sum_give_income] => 374
    [sum_income] => 1622
    [sum_buckle_income] => 879
)
result=1
7
8
9
channel_id=41007241
book=23
i=5
1
book_id=2015006
2
3
4
5
Array
(
    [total_income] => 592
    [income] => 592
    [give_income] => 0
    [buckle_income] => 243
    [buckle_coefficient] => 0.59
)
Array
(
    [book_id] => 2015006
    [book_title] => 鉴宝大宗师
    [author_name] => 不起泡的啤酒
    [word_count] => 3746388
    [chapter_count] => 1142
    [channel_id] => 41007241
    [statistics_day] => 2016-12-18
    [total_income] => 592
    [give_income] => 0
    [income] => 592
    [buckle_income] => 243
    [buckle_coefficient] => 0.59
    [createtime] => 2016-12-26 13:52:14
)
6
66
Array
(
    [id] => 32
    [book_id] => 2015006
    [book_title] => 鉴宝大宗师
    [author_name] => 不起泡的啤酒
    [word_count] => 3746388
    [chapter_count] => 1142
    [channel_id] => 41007241
    [statistics_year] => 2016
    [statistics_month] => 12
    [total_income] => 592
    [give_income] => 0
    [income] => 592
    [buckle_income] => 237
    [createtime] => 2016-12-26 13:49:30
)
661
6611
Array
(
    [sum_total_income] => 592
    [sum_give_income] => 0
    [sum_income] => 592
    [sum_buckle_income] => 243
)
result=1
7
8
9
book_id=2015009
2
3
4
5
Array
(
    [total_income] => 8836
    [income] => 8253
    [give_income] => 583
    [buckle_income] => 3447
    [buckle_coefficient] => 0.61
)
Array
(
    [book_id] => 2015009
    [book_title] => 麻辣催眠师
    [author_name] => 浅吻
    [word_count] => 3821354
    [chapter_count] => 1831
    [channel_id] => 41007241
    [statistics_day] => 2016-12-18
    [total_income] => 8836
    [give_income] => 583
    [income] => 8253
    [buckle_income] => 3447
    [buckle_coefficient] => 0.61
    [createtime] => 2016-12-26 13:52:14
)
6
66
Array
(
    [id] => 33
    [book_id] => 2015009
    [book_title] => 麻辣催眠师
    [author_name] => 浅吻
    [word_count] => 3821354
    [chapter_count] => 1831
    [channel_id] => 41007241
    [statistics_year] => 2016
    [statistics_month] => 12
    [total_income] => 8836
    [give_income] => 583
    [income] => 8253
    [buckle_income] => 3181
    [createtime] => 2016-12-26 13:49:30
)
661
6611
Array
(
    [sum_total_income] => 8836
    [sum_give_income] => 583
    [sum_income] => 8253
    [sum_buckle_income] => 3447
)
result=1
7
8
9
book_id=2015022
2
3
4
5
Array
(
    [total_income] => 75339
    [income] => 67822
    [give_income] => 7517
    [buckle_income] => 31643
    [buckle_coefficient] => 0.58
)
Array
(
    [book_id] => 2015022
    [book_title] => 护花高手在都市
    [author_name] => 心在流浪
    [word_count] => 3914769
    [chapter_count] => 1480
    [channel_id] => 41007241
    [statistics_day] => 2016-12-18
    [total_income] => 75339
    [give_income] => 7517
    [income] => 67822
    [buckle_income] => 31643
    [buckle_coefficient] => 0.58
    [createtime] => 2016-12-26 13:52:15
)
6
66
Array
(
    [id] => 1
    [book_id] => 2015022
    [book_title] => 护花高手在都市
    [author_name] => 心在流浪
    [word_count] => 3914769
    [chapter_count] => 1480
    [channel_id] => 41007241
    [statistics_year] => 2016
    [statistics_month] => 12
    [total_income] => 75354
    [give_income] => 7517
    [income] => 67837
    [buckle_income] => 30146
    [createtime] => 2016-12-26 13:49:30
)
661
6611
Array
(
    [sum_total_income] => 75354
    [sum_give_income] => 7517
    [sum_income] => 67837
    [sum_buckle_income] => 31653
)
result=1
7
8
9
book_id=2015024
2
3
4
5
Array
(
    [total_income] => 349
    [income] => 349
    [give_income] => 0
    [buckle_income] => 151
    [buckle_coefficient] => 0.57
)
Array
(
    [book_id] => 2015024
    [book_title] => 特种兵痞在校园
    [author_name] => 艾连
    [word_count] => 4038551
    [chapter_count] => 1285
    [channel_id] => 41007241
    [statistics_day] => 2016-12-18
    [total_income] => 349
    [give_income] => 0
    [income] => 349
    [buckle_income] => 151
    [buckle_coefficient] => 0.57
    [createtime] => 2016-12-26 13:52:15
)
6
66
Array
(
    [id] => 35
    [book_id] => 2015024
    [book_title] => 特种兵痞在校园
    [author_name] => 艾连
    [word_count] => 4038551
    [chapter_count] => 1285
    [channel_id] => 41007241
    [statistics_year] => 2016
    [statistics_month] => 12
    [total_income] => 349
    [give_income] => 0
    [income] => 349
    [buckle_income] => 130
    [createtime] => 2016-12-26 13:49:31
)
661
6611
Array
(
    [sum_total_income] => 349
    [sum_give_income] => 0
    [sum_income] => 349
    [sum_buckle_income] => 151
)
result=1
7
8
9
book_id=2015026
2
3
4
5
Array
(
    [total_income] => 330
    [income] => 330
    [give_income] => 0
    [buckle_income] => 126
    [buckle_coefficient] => 0.62
)
Array
(
    [book_id] => 2015026
    [book_title] => 家有萌妻
    [author_name] => 莳莳
    [word_count] => 1301149
    [chapter_count] => 611
    [channel_id] => 41007241
    [statistics_day] => 2016-12-18
    [total_income] => 330
    [give_income] => 0
    [income] => 330
    [buckle_income] => 126
    [buckle_coefficient] => 0.62
    [createtime] => 2016-12-26 13:52:15
)
6
66
Array
(
    [id] => 36
    [book_id] => 2015026
    [book_title] => 家有萌妻
    [author_name] => 莳莳
    [word_count] => 1301149
    [chapter_count] => 611
    [channel_id] => 41007241
    [statistics_year] => 2016
    [statistics_month] => 12
    [total_income] => 330
    [give_income] => 0
    [income] => 330
    [buckle_income] => 136
    [createtime] => 2016-12-26 13:49:31
)
661
6611
Array
(
    [sum_total_income] => 330
    [sum_give_income] => 0
    [sum_income] => 330
    [sum_buckle_income] => 126
)
result=1
7
8
9
book_id=2015033
2
3
4
5
Array
(
    [total_income] => 1052
    [income] => 680
    [give_income] => 372
    [buckle_income] => 358
    [buckle_coefficient] => 0.66
)
Array
(
    [book_id] => 2015033
    [book_title] => 重生之大明摄政王
    [author_name] => 晓风
    [word_count] => 2532994
    [chapter_count] => 825
    [channel_id] => 41007241
    [statistics_day] => 2016-12-18
    [total_income] => 1052
    [give_income] => 372
    [income] => 680
    [buckle_income] => 358
    [buckle_coefficient] => 0.66
    [createtime] => 2016-12-26 13:52:15
)
6
66
Array
(
    [id] => 37
    [book_id] => 2015033
    [book_title] => 重生之大明摄政王
    [author_name] => 晓风
    [word_count] => 2532994
    [chapter_count] => 825
    [channel_id] => 41007241
    [statistics_year] => 2016
    [statistics_month] => 12
    [total_income] => 1052
    [give_income] => 372
    [income] => 680
    [buckle_income] => 400
    [createtime] => 2016-12-26 13:49:31
)
661
6611
Array
(
    [sum_total_income] => 1052
    [sum_give_income] => 372
    [sum_income] => 680
    [sum_buckle_income] => 358
)
result=1
7
8
9
book_id=2015035
2
3
4
5
Array
(
    [total_income] => 2125
    [income] => 1855
    [give_income] => 270
    [buckle_income] => 765
    [buckle_coefficient] => 0.64
)
Array
(
    [book_id] => 2015035
    [book_title] => 和校花合租的日子
    [author_name] => 仙人
    [word_count] => 3093077
    [chapter_count] => 1327
    [channel_id] => 41007241
    [statistics_day] => 2016-12-18
    [total_income] => 2125
    [give_income] => 270
    [income] => 1855
    [buckle_income] => 765
    [buckle_coefficient] => 0.64
    [createtime] => 2016-12-26 13:52:15
)
6
66
Array
(
    [id] => 38
    [book_id] => 2015035
    [book_title] => 和校花合租的日子
    [author_name] => 仙人
    [word_count] => 3093077
    [chapter_count] => 1327
    [channel_id] => 41007241
    [statistics_year] => 2016
    [statistics_month] => 12
    [total_income] => 2125
    [give_income] => 270
    [income] => 1855
    [buckle_income] => 914
    [createtime] => 2016-12-26 13:49:31
)
661
6611
Array
(
    [sum_total_income] => 2125
    [sum_give_income] => 270
    [sum_income] => 1855
    [sum_buckle_income] => 765
)
result=1
7
8
9
book_id=2015037
2
3
4
5
Array
(
    [total_income] => 62961
    [income] => 53330
    [give_income] => 9631
    [buckle_income] => 23926
    [buckle_coefficient] => 0.62
)
Array
(
    [book_id] => 2015037
    [book_title] => 美女的超级保镖
    [author_name] => 日月星辰
    [word_count] => 6606598
    [chapter_count] => 3168
    [channel_id] => 41007241
    [statistics_day] => 2016-12-18
    [total_income] => 62961
    [give_income] => 9631
    [income] => 53330
    [buckle_income] => 23926
    [buckle_coefficient] => 0.62
    [createtime] => 2016-12-26 13:52:16
)
6
66
Array
(
    [id] => 39
    [book_id] => 2015037
    [book_title] => 美女的超级保镖
    [author_name] => 日月星辰
    [word_count] => 6606598
    [chapter_count] => 3168
    [channel_id] => 41007241
    [statistics_year] => 2016
    [statistics_month] => 12
    [total_income] => 62961
    [give_income] => 9631
    [income] => 53330
    [buckle_income] => 27074
    [createtime] => 2016-12-26 13:49:32
)
661
6611
Array
(
    [sum_total_income] => 62961
    [sum_give_income] => 9631
    [sum_income] => 53330
    [sum_buckle_income] => 23926
)
result=1
7
8
9
book_id=2015038
2
3
4
5
Array
(
    [total_income] => 2036
    [income] => 1734
    [give_income] => 302
    [buckle_income] => 856
    [buckle_coefficient] => 0.58
)
Array
(
    [book_id] => 2015038
    [book_title] => 超能高手在都市
    [author_name] => 落尘
    [word_count] => 4621192
    [chapter_count] => 2141
    [channel_id] => 41007241
    [statistics_day] => 2016-12-18
    [total_income] => 2036
    [give_income] => 302
    [income] => 1734
    [buckle_income] => 856
    [buckle_coefficient] => 0.58
    [createtime] => 2016-12-26 13:52:16
)
6
66
Array
(
    [id] => 40
    [book_id] => 2015038
    [book_title] => 超能高手在都市
    [author_name] => 落尘
    [word_count] => 4621192
    [chapter_count] => 2141
    [channel_id] => 41007241
    [statistics_year] => 2016
    [statistics_month] => 12
    [total_income] => 2036
    [give_income] => 302
    [income] => 1734
    [buckle_income] => 693
    [createtime] => 2016-12-26 13:49:32
)
661
6611
Array
(
    [sum_total_income] => 2036
    [sum_give_income] => 302
    [sum_income] => 1734
    [sum_buckle_income] => 856
)
result=1
7
8
9
book_id=2015042
2
3
4
5
Array
(
    [total_income] => 47733
    [income] => 43892
    [give_income] => 3841
    [buckle_income] => 20048
    [buckle_coefficient] => 0.58
)
Array
(
    [book_id] => 2015042
    [book_title] => 少年御医
    [author_name] => 银色武士装
    [word_count] => 2500398
    [chapter_count] => 775
    [channel_id] => 41007241
    [statistics_day] => 2016-12-18
    [total_income] => 47733
    [give_income] => 3841
    [income] => 43892
    [buckle_income] => 20048
    [buckle_coefficient] => 0.58
    [createtime] => 2016-12-26 13:52:16
)
6
66
Array
(
    [id] => 41
    [book_id] => 2015042
    [book_title] => 少年御医
    [author_name] => 银色武士装
    [word_count] => 2500398
    [chapter_count] => 775
    [channel_id] => 41007241
    [statistics_year] => 2016
    [statistics_month] => 12
    [total_income] => 47733
    [give_income] => 3841
    [income] => 43892
    [buckle_income] => 19094
    [createtime] => 2016-12-26 13:49:32
)
661
6611
Array
(
    [sum_total_income] => 47733
    [sum_give_income] => 3841
    [sum_income] => 43892
    [sum_buckle_income] => 20048
)
result=1
7
8
9
book_id=2015045
2
3
4
5
Array
(
    [total_income] => 111
    [income] => 111
    [give_income] => 0
    [buckle_income] => 48
    [buckle_coefficient] => 0.57
)
Array
(
    [book_id] => 2015045
    [book_title] => 天才律师
    [author_name] => 落宝金钱
    [word_count] => 4357049
    [chapter_count] => 1380
    [channel_id] => 41007241
    [statistics_day] => 2016-12-18
    [total_income] => 111
    [give_income] => 0
    [income] => 111
    [buckle_income] => 48
    [buckle_coefficient] => 0.57
    [createtime] => 2016-12-26 13:52:16
)
6
66
Array
(
    [id] => 42
    [book_id] => 2015045
    [book_title] => 天才律师
    [author_name] => 落宝金钱
    [word_count] => 4357049
    [chapter_count] => 1380
    [channel_id] => 41007241
    [statistics_year] => 2016
    [statistics_month] => 12
    [total_income] => 111
    [give_income] => 0
    [income] => 111
    [buckle_income] => 44
    [createtime] => 2016-12-26 13:49:32
)
661
6611
Array
(
    [sum_total_income] => 111
    [sum_give_income] => 0
    [sum_income] => 111
    [sum_buckle_income] => 48
)
result=1
7
8
9
book_id=2015046
2
3
4
5
Array
(
    [total_income] => 2493
    [income] => 2442
    [give_income] => 51
    [buckle_income] => 1072
    [buckle_coefficient] => 0.57
)
Array
(
    [book_id] => 2015046
    [book_title] => 都市苍龙
    [author_name] => 左岸
    [word_count] => 2641587
    [chapter_count] => 876
    [channel_id] => 41007241
    [statistics_day] => 2016-12-18
    [total_income] => 2493
    [give_income] => 51
    [income] => 2442
    [buckle_income] => 1072
    [buckle_coefficient] => 0.57
    [createtime] => 2016-12-26 13:52:17
)
6
66
Array
(
    [id] => 43
    [book_id] => 2015046
    [book_title] => 都市苍龙
    [author_name] => 左岸
    [word_count] => 2641587
    [chapter_count] => 876
    [channel_id] => 41007241
    [statistics_year] => 2016
    [statistics_month] => 12
    [total_income] => 2493
    [give_income] => 51
    [income] => 2442
    [buckle_income] => 973
    [createtime] => 2016-12-26 13:49:32
)
661
6611
Array
(
    [sum_total_income] => 2493
    [sum_give_income] => 51
    [sum_income] => 2442
    [sum_buckle_income] => 1072
)
result=1
7
8
9
book_id=2015055
2
3
4
5
Array
(
    [total_income] => 793
    [income] => 793
    [give_income] => 0
    [buckle_income] => 357
    [buckle_coefficient] => 0.55
)
Array
(
    [book_id] => 2015055
    [book_title] => 鬼手狂医
    [author_name] => 佐墨
    [word_count] => 1418628
    [chapter_count] => 619
    [channel_id] => 41007241
    [statistics_day] => 2016-12-18
    [total_income] => 793
    [give_income] => 0
    [income] => 793
    [buckle_income] => 357
    [buckle_coefficient] => 0.55
    [createtime] => 2016-12-26 13:52:17
)
6
66
Array
(
    [id] => 44
    [book_id] => 2015055
    [book_title] => 鬼手狂医
    [author_name] => 佐墨
    [word_count] => 1418628
    [chapter_count] => 619
    [channel_id] => 41007241
    [statistics_year] => 2016
    [statistics_month] => 12
    [total_income] => 793
    [give_income] => 0
    [income] => 793
    [buckle_income] => 334
    [createtime] => 2016-12-26 13:49:32
)
661
6611
Array
(
    [sum_total_income] => 793
    [sum_give_income] => 0
    [sum_income] => 793
    [sum_buckle_income] => 357
)
result=1
7
8
9
book_id=2015057
2
3
4
5
Array
(
    [total_income] => 924
    [income] => 924
    [give_income] => 0
    [buckle_income] => 333
    [buckle_coefficient] => 0.64
)
Array
(
    [book_id] => 2015057
    [book_title] => 我的老婆是天后
    [author_name] => 九天御风
    [word_count] => 5127086
    [chapter_count] => 1625
    [channel_id] => 41007241
    [statistics_day] => 2016-12-18
    [total_income] => 924
    [give_income] => 0
    [income] => 924
    [buckle_income] => 333
    [buckle_coefficient] => 0.64
    [createtime] => 2016-12-26 13:52:17
)
6
66
Array
(
    [id] => 45
    [book_id] => 2015057
    [book_title] => 我的老婆是天后
    [author_name] => 九天御风
    [word_count] => 5127086
    [chapter_count] => 1625
    [channel_id] => 41007241
    [statistics_year] => 2016
    [statistics_month] => 12
    [total_income] => 924
    [give_income] => 0
    [income] => 924
    [buckle_income] => 407
    [createtime] => 2016-12-26 13:49:33
)
661
6611
Array
(
    [sum_total_income] => 924
    [sum_give_income] => 0
    [sum_income] => 924
    [sum_buckle_income] => 333
)
result=1
7
8
9
book_id=2015063
2
3
4
5
Array
(
    [total_income] => 870
    [income] => 870
    [give_income] => 0
    [buckle_income] => 348
    [buckle_coefficient] => 0.6
)
Array
(
    [book_id] => 2015063
    [book_title] => 蚀骨宠婚
    [author_name] => 苏如烟
    [word_count] => 3837402
    [chapter_count] => 1805
    [channel_id] => 41007241
    [statistics_day] => 2016-12-18
    [total_income] => 870
    [give_income] => 0
    [income] => 870
    [buckle_income] => 348
    [buckle_coefficient] => 0.6
    [createtime] => 2016-12-26 13:52:17
)
6
66
Array
(
    [id] => 46
    [book_id] => 2015063
    [book_title] => 蚀骨宠婚
    [author_name] => 苏如烟
    [word_count] => 3837402
    [chapter_count] => 1805
    [channel_id] => 41007241
    [statistics_year] => 2016
    [statistics_month] => 12
    [total_income] => 870
    [give_income] => 0
    [income] => 870
    [buckle_income] => 340
    [createtime] => 2016-12-26 13:49:33
)
661
6611
Array
(
    [sum_total_income] => 870
    [sum_give_income] => 0
    [sum_income] => 870
    [sum_buckle_income] => 348
)
result=1
7
8
9
book_id=2016003
2
3
4
5
Array
(
    [total_income] => 505
    [income] => 195
    [give_income] => 310
    [buckle_income] => 218
    [buckle_coefficient] => 0.57
)
Array
(
    [book_id] => 2016003
    [book_title] => 重生护花高手
    [author_name] => 朽木可雕
    [word_count] => 2010539
    [chapter_count] => 595
    [channel_id] => 41007241
    [statistics_day] => 2016-12-18
    [total_income] => 505
    [give_income] => 310
    [income] => 195
    [buckle_income] => 218
    [buckle_coefficient] => 0.57
    [createtime] => 2016-12-26 13:52:17
)
6
66
Array
(
    [id] => 47
    [book_id] => 2016003
    [book_title] => 重生护花高手
    [author_name] => 朽木可雕
    [word_count] => 2010539
    [chapter_count] => 595
    [channel_id] => 41007241
    [statistics_year] => 2016
    [statistics_month] => 12
    [total_income] => 505
    [give_income] => 310
    [income] => 195
    [buckle_income] => 213
    [createtime] => 2016-12-26 13:49:33
)
661
6611
Array
(
    [sum_total_income] => 505
    [sum_give_income] => 310
    [sum_income] => 195
    [sum_buckle_income] => 218
)
result=1
7
8
9
book_id=2016004
2
3
4
5
Array
(
    [total_income] => 9337
    [income] => 8197
    [give_income] => 1140
    [buckle_income] => 4015
    [buckle_coefficient] => 0.57
)
Array
(
    [book_id] => 2016004
    [book_title] => 天才少年
    [author_name] => 坐怀不乱
    [word_count] => 2398555
    [chapter_count] => 858
    [channel_id] => 41007241
    [statistics_day] => 2016-12-18
    [total_income] => 9337
    [give_income] => 1140
    [income] => 8197
    [buckle_income] => 4015
    [buckle_coefficient] => 0.57
    [createtime] => 2016-12-26 13:52:18
)
6
66
Array
(
    [id] => 48
    [book_id] => 2016004
    [book_title] => 天才少年
    [author_name] => 坐怀不乱
    [word_count] => 2398555
    [chapter_count] => 858
    [channel_id] => 41007241
    [statistics_year] => 2016
    [statistics_month] => 12
    [total_income] => 9337
    [give_income] => 1140
    [income] => 8197
    [buckle_income] => 3642
    [createtime] => 2016-12-26 13:49:33
)
661
6611
Array
(
    [sum_total_income] => 9337
    [sum_give_income] => 1140
    [sum_income] => 8197
    [sum_buckle_income] => 4015
)
result=1
7
8
9
book_id=2016020
2
3
4
5
Array
(
    [total_income] => 2729
    [income] => 2729
    [give_income] => 0
    [buckle_income] => 1147
    [buckle_coefficient] => 0.58
)
Array
(
    [book_id] => 2016020
    [book_title] => 怒血保镖
    [author_name] => 根号三
    [word_count] => 3059504
    [chapter_count] => 965
    [channel_id] => 41007241
    [statistics_day] => 2016-12-18
    [total_income] => 2729
    [give_income] => 0
    [income] => 2729
    [buckle_income] => 1147
    [buckle_coefficient] => 0.58
    [createtime] => 2016-12-26 13:52:18
)
6
66
Array
(
    [id] => 49
    [book_id] => 2016020
    [book_title] => 怒血保镖
    [author_name] => 根号三
    [word_count] => 3059504
    [chapter_count] => 965
    [channel_id] => 41007241
    [statistics_year] => 2016
    [statistics_month] => 12
    [total_income] => 2729
    [give_income] => 0
    [income] => 2729
    [buckle_income] => 1010
    [createtime] => 2016-12-26 13:49:33
)
661
6611
Array
(
    [sum_total_income] => 2729
    [sum_give_income] => 0
    [sum_income] => 2729
    [sum_buckle_income] => 1147
)
result=1
7
8
9
book_id=2016354
2
3
4
5
Array
(
    [total_income] => 518
    [income] => 518
    [give_income] => 0
    [buckle_income] => 192
    [buckle_coefficient] => 0.63
)
Array
(
    [book_id] => 2016354
    [book_title] => 天才医生
    [author_name] => 空余
    [word_count] => 2026604
    [chapter_count] => 603
    [channel_id] => 41007241
    [statistics_day] => 2016-12-18
    [total_income] => 518
    [give_income] => 0
    [income] => 518
    [buckle_income] => 192
    [buckle_coefficient] => 0.63
    [createtime] => 2016-12-26 13:52:18
)
6
66
Array
(
    [id] => 50
    [book_id] => 2016354
    [book_title] => 天才医生
    [author_name] => 空余
    [word_count] => 2026604
    [chapter_count] => 603
    [channel_id] => 41007241
    [statistics_year] => 2016
    [statistics_month] => 12
    [total_income] => 518
    [give_income] => 0
    [income] => 518
    [buckle_income] => 182
    [createtime] => 2016-12-26 13:49:33
)
661
6611
Array
(
    [sum_total_income] => 518
    [sum_give_income] => 0
    [sum_income] => 518
    [sum_buckle_income] => 192
)
result=1
7
8
9
book_id=2016363
2
3
4
5
Array
(
    [total_income] => 145
    [income] => 145
    [give_income] => 0
    [buckle_income] => 51
    [buckle_coefficient] => 0.65
)
Array
(
    [book_id] => 2016363
    [book_title] => 美女的贴身狂兵
    [author_name] => 千军万马
    [word_count] => 3183515
    [chapter_count] => 960
    [channel_id] => 41007241
    [statistics_day] => 2016-12-18
    [total_income] => 145
    [give_income] => 0
    [income] => 145
    [buckle_income] => 51
    [buckle_coefficient] => 0.65
    [createtime] => 2016-12-26 13:52:18
)
6
66
Array
(
    [id] => 51
    [book_id] => 2016363
    [book_title] => 美女的贴身狂兵
    [author_name] => 千军万马
    [word_count] => 3183515
    [chapter_count] => 960
    [channel_id] => 41007241
    [statistics_year] => 2016
    [statistics_month] => 12
    [total_income] => 145
    [give_income] => 0
    [income] => 145
    [buckle_income] => 53
    [createtime] => 2016-12-26 13:49:33
)
661
6611
Array
(
    [sum_total_income] => 145
    [sum_give_income] => 0
    [sum_income] => 145
    [sum_buckle_income] => 51
)
result=1
7
8
9
book_id=2016371
2
3
4
5
Array
(
    [total_income] => 133
    [income] => 51
    [give_income] => 82
    [buckle_income] => 55
    [buckle_coefficient] => 0.59
)
Array
(
    [book_id] => 2016371
    [book_title] => 我的女友是神婆
    [author_name] => 蓝天白菜
    [word_count] => 1995844
    [chapter_count] => 718
    [channel_id] => 41007241
    [statistics_day] => 2016-12-18
    [total_income] => 133
    [give_income] => 82
    [income] => 51
    [buckle_income] => 55
    [buckle_coefficient] => 0.59
    [createtime] => 2016-12-26 13:52:18
)
6
66
Array
(
    [id] => 52
    [book_id] => 2016371
    [book_title] => 我的女友是神婆
    [author_name] => 蓝天白菜
    [word_count] => 1995844
    [chapter_count] => 718
    [channel_id] => 41007241
    [statistics_year] => 2016
    [statistics_month] => 12
    [total_income] => 133
    [give_income] => 82
    [income] => 51
    [buckle_income] => 56
    [createtime] => 2016-12-26 13:49:33
)
661
6611
Array
(
    [sum_total_income] => 133
    [sum_give_income] => 82
    [sum_income] => 51
    [sum_buckle_income] => 55
)
result=1
7
8
9
book_id=2016638
2
3
4
5
Array
(
    [total_income] => 2448
    [income] => 2110
    [give_income] => 338
    [buckle_income] => 833
    [buckle_coefficient] => 0.66
)
Array
(
    [book_id] => 2016638
    [book_title] => 超凡高手
    [author_name] => 小小大英雄
    [word_count] => 3445559
    [chapter_count] => 1138
    [channel_id] => 41007241
    [statistics_day] => 2016-12-18
    [total_income] => 2448
    [give_income] => 338
    [income] => 2110
    [buckle_income] => 833
    [buckle_coefficient] => 0.66
    [createtime] => 2016-12-26 13:52:18
)
6
66
Array
(
    [id] => 53
    [book_id] => 2016638
    [book_title] => 超凡高手
    [author_name] => 小小大英雄
    [word_count] => 3445559
    [chapter_count] => 1138
    [channel_id] => 41007241
    [statistics_year] => 2016
    [statistics_month] => 12
    [total_income] => 2448
    [give_income] => 338
    [income] => 2110
    [buckle_income] => 1078
    [createtime] => 2016-12-26 13:49:33
)
661
6611
Array
(
    [sum_total_income] => 2448
    [sum_give_income] => 338
    [sum_income] => 2110
    [sum_buckle_income] => 833
)
result=1
7
8
9
book_id=2017252
2
3
4
5
Array
(
    [total_income] => 239
    [income] => 239
    [give_income] => 0
    [buckle_income] => 96
    [buckle_coefficient] => 0.6
)
Array
(
    [book_id] => 2017252
    [book_title] => 傲武仙尊
    [author_name] => 冰墙
    [word_count] => 1923148
    [chapter_count] => 613
    [channel_id] => 41007241
    [statistics_day] => 2016-12-18
    [total_income] => 239
    [give_income] => 0
    [income] => 239
    [buckle_income] => 96
    [buckle_coefficient] => 0.6
    [createtime] => 2016-12-26 13:52:18
)
6
66
Array
(
    [id] => 54
    [book_id] => 2017252
    [book_title] => 傲武仙尊
    [author_name] => 冰墙
    [word_count] => 1923148
    [chapter_count] => 613
    [channel_id] => 41007241
    [statistics_year] => 2016
    [statistics_month] => 12
    [total_income] => 239
    [give_income] => 0
    [income] => 239
    [buckle_income] => 108
    [createtime] => 2016-12-26 13:49:33
)
661
6611
Array
(
    [sum_total_income] => 239
    [sum_give_income] => 0
    [sum_income] => 239
    [sum_buckle_income] => 96
)
result=1
7
8
9
channel_id=80916206
book=0
i=6
channel_id=91006181
book=32
i=7
1
book_id=2014305
2
3
4
5
Array
(
    [total_income] => 2542
    [income] => 2376
    [give_income] => 166
    [buckle_income] => 890
    [buckle_coefficient] => 0.65
)
Array
(
    [book_id] => 2014305
    [book_title] => 邪凛花都
    [author_name] => 天涯风
    [word_count] => 1425160
    [chapter_count] => 439
    [channel_id] => 91006181
    [statistics_day] => 2016-12-18
    [total_income] => 2542
    [give_income] => 166
    [income] => 2376
    [buckle_income] => 890
    [buckle_coefficient] => 0.65
    [createtime] => 2016-12-26 13:52:19
)
6
66
Array
(
    [id] => 55
    [book_id] => 2014305
    [book_title] => 邪凛花都
    [author_name] => 天涯风
    [word_count] => 1425160
    [chapter_count] => 439
    [channel_id] => 91006181
    [statistics_year] => 2016
    [statistics_month] => 12
    [total_income] => 2542
    [give_income] => 166
    [income] => 2376
    [buckle_income] => 1068
    [createtime] => 2016-12-26 13:49:34
)
661
6611
Array
(
    [sum_total_income] => 2542
    [sum_give_income] => 166
    [sum_income] => 2376
    [sum_buckle_income] => 890
)
result=1
7
8
9
book_id=2014382
2
3
4
5
Array
(
    [total_income] => 346
    [income] => 346
    [give_income] => 0
    [buckle_income] => 156
    [buckle_coefficient] => 0.55
)
Array
(
    [book_id] => 2014382
    [book_title] => 我的枕边有女鬼
    [author_name] => 黑色洋葱
    [word_count] => 1342112
    [chapter_count] => 470
    [channel_id] => 91006181
    [statistics_day] => 2016-12-18
    [total_income] => 346
    [give_income] => 0
    [income] => 346
    [buckle_income] => 156
    [buckle_coefficient] => 0.55
    [createtime] => 2016-12-26 13:52:19
)
6
66
Array
(
    [id] => 56
    [book_id] => 2014382
    [book_title] => 我的枕边有女鬼
    [author_name] => 黑色洋葱
    [word_count] => 1342112
    [chapter_count] => 470
    [channel_id] => 91006181
    [statistics_year] => 2016
    [statistics_month] => 12
    [total_income] => 346
    [give_income] => 0
    [income] => 346
    [buckle_income] => 139
    [createtime] => 2016-12-26 13:49:34
)
661
6611
Array
(
    [sum_total_income] => 346
    [sum_give_income] => 0
    [sum_income] => 346
    [sum_buckle_income] => 156
)
result=1
7
8
9
book_id=2014389
2
3
4
5
Array
(
    [total_income] => 8080
    [income] => 7469
    [give_income] => 611
    [buckle_income] => 2909
    [buckle_coefficient] => 0.64
)
Array
(
    [book_id] => 2014389
    [book_title] => 妇科男医师
    [author_name] => 星月天下
    [word_count] => 926105
    [chapter_count] => 344
    [channel_id] => 91006181
    [statistics_day] => 2016-12-18
    [total_income] => 8080
    [give_income] => 611
    [income] => 7469
    [buckle_income] => 2909
    [buckle_coefficient] => 0.64
    [createtime] => 2016-12-26 13:52:19
)
6
66
Array
(
    [id] => 57
    [book_id] => 2014389
    [book_title] => 妇科男医师
    [author_name] => 星月天下
    [word_count] => 926105
    [chapter_count] => 344
    [channel_id] => 91006181
    [statistics_year] => 2016
    [statistics_month] => 12
    [total_income] => 8080
    [give_income] => 611
    [income] => 7469
    [buckle_income] => 2748
    [createtime] => 2016-12-26 13:49:34
)
661
6611
Array
(
    [sum_total_income] => 8080
    [sum_give_income] => 611
    [sum_income] => 7469
    [sum_buckle_income] => 2909
)
result=1
7
8
9
book_id=2014390
2
3
4
5
Array
(
    [total_income] => 19
    [income] => 19
    [give_income] => 0
    [buckle_income] => 12
    [buckle_coefficient] => 0.39
)
Array
(
    [book_id] => 2014390
    [book_title] => 前夫，别来无恙
    [author_name] => 桑鱼小姐
    [word_count] => 1224245
    [chapter_count] => 570
    [channel_id] => 91006181
    [statistics_day] => 2016-12-18
    [total_income] => 19
    [give_income] => 0
    [income] => 19
    [buckle_income] => 12
    [buckle_coefficient] => 0.39
    [createtime] => 2016-12-26 13:52:19
)
6
66
Array
(
    [id] => 58
    [book_id] => 2014390
    [book_title] => 前夫，别来无恙
    [author_name] => 桑鱼小姐
    [word_count] => 1224245
    [chapter_count] => 570
    [channel_id] => 91006181
    [statistics_year] => 2016
    [statistics_month] => 12
    [total_income] => 19
    [give_income] => 0
    [income] => 19
    [buckle_income] => 12
    [createtime] => 2016-12-26 13:49:34
)
661
6611
Array
(
    [sum_total_income] => 19
    [sum_give_income] => 0
    [sum_income] => 19
    [sum_buckle_income] => 12
)
result=1
7
8
9
book_id=2014392
2
3
4
5
Array
(
    [total_income] => 8728
    [income] => 7919
    [give_income] => 809
    [buckle_income] => 3317
    [buckle_coefficient] => 0.62
)
Array
(
    [book_id] => 2014392
    [book_title] => 我的贴身女总裁
    [author_name] => 夏冰
    [word_count] => 1539094
    [chapter_count] => 479
    [channel_id] => 91006181
    [statistics_day] => 2016-12-18
    [total_income] => 8728
    [give_income] => 809
    [income] => 7919
    [buckle_income] => 3317
    [buckle_coefficient] => 0.62
    [createtime] => 2016-12-26 13:52:19
)
6
66
Array
(
    [id] => 59
    [book_id] => 2014392
    [book_title] => 我的贴身女总裁
    [author_name] => 夏冰
    [word_count] => 1539094
    [chapter_count] => 479
    [channel_id] => 91006181
    [statistics_year] => 2016
    [statistics_month] => 12
    [total_income] => 8728
    [give_income] => 809
    [income] => 7919
    [buckle_income] => 2968
    [createtime] => 2016-12-26 13:49:35
)
661
6611
Array
(
    [sum_total_income] => 8728
    [sum_give_income] => 809
    [sum_income] => 7919
    [sum_buckle_income] => 3317
)
result=1
7
8
9
book_id=2014394
2
3
4
5
Array
(
    [total_income] => 482
    [income] => 482
    [give_income] => 0
    [buckle_income] => 174
    [buckle_coefficient] => 0.64
)
Array
(
    [book_id] => 2014394
    [book_title] => 豪门缠婚：尤物小娇妻
    [author_name] => 抓猫的鱼
    [word_count] => 1459067
    [chapter_count] => 593
    [channel_id] => 91006181
    [statistics_day] => 2016-12-18
    [total_income] => 482
    [give_income] => 0
    [income] => 482
    [buckle_income] => 174
    [buckle_coefficient] => 0.64
    [createtime] => 2016-12-26 13:52:19
)
6
66
Array
(
    [id] => 60
    [book_id] => 2014394
    [book_title] => 豪门缠婚：尤物小娇妻
    [author_name] => 抓猫的鱼
    [word_count] => 1459067
    [chapter_count] => 593
    [channel_id] => 91006181
    [statistics_year] => 2016
    [statistics_month] => 12
    [total_income] => 482
    [give_income] => 0
    [income] => 482
    [buckle_income] => 213
    [createtime] => 2016-12-26 13:49:35
)
661
6611
Array
(
    [sum_total_income] => 482
    [sum_give_income] => 0
    [sum_income] => 482
    [sum_buckle_income] => 174
)
result=1
7
8
9
book_id=2014398
2
3
4
5
Array
(
    [total_income] => 165
    [income] => 165
    [give_income] => 0
    [buckle_income] => 65
    [buckle_coefficient] => 0.61
)
Array
(
    [book_id] => 2014398
    [book_title] => 流氓系统
    [author_name] => 钻石老板凳
    [word_count] => 946815
    [chapter_count] => 311
    [channel_id] => 91006181
    [statistics_day] => 2016-12-18
    [total_income] => 165
    [give_income] => 0
    [income] => 165
    [buckle_income] => 65
    [buckle_coefficient] => 0.61
    [createtime] => 2016-12-26 13:52:19
)
6
66
Array
(
    [id] => 61
    [book_id] => 2014398
    [book_title] => 流氓系统
    [author_name] => 钻石老板凳
    [word_count] => 946815
    [chapter_count] => 311
    [channel_id] => 91006181
    [statistics_year] => 2016
    [statistics_month] => 12
    [total_income] => 165
    [give_income] => 0
    [income] => 165
    [buckle_income] => 70
    [createtime] => 2016-12-26 13:49:35
)
661
6611
Array
(
    [sum_total_income] => 165
    [sum_give_income] => 0
    [sum_income] => 165
    [sum_buckle_income] => 65
)
result=1
7
8
9
book_id=2014401
2
3
4
5
Array
(
    [total_income] => 1054
    [income] => 1054
    [give_income] => 0
    [buckle_income] => 390
    [buckle_coefficient] => 0.63
)
Array
(
    [book_id] => 2014401
    [book_title] => 玩转娱乐圈之潜规则
    [author_name] => 潘小贤
    [word_count] => 1886799
    [chapter_count] => 516
    [channel_id] => 91006181
    [statistics_day] => 2016-12-18
    [total_income] => 1054
    [give_income] => 0
    [income] => 1054
    [buckle_income] => 390
    [buckle_coefficient] => 0.63
    [createtime] => 2016-12-26 13:52:19
)
6
66
Array
(
    [id] => 62
    [book_id] => 2014401
    [book_title] => 玩转娱乐圈之潜规则
    [author_name] => 潘小贤
    [word_count] => 1886799
    [chapter_count] => 516
    [channel_id] => 91006181
    [statistics_year] => 2016
    [statistics_month] => 12
    [total_income] => 1054
    [give_income] => 0
    [income] => 1054
    [buckle_income] => 412
    [createtime] => 2016-12-26 13:49:35
)
661
6611
Array
(
    [sum_total_income] => 1054
    [sum_give_income] => 0
    [sum_income] => 1054
    [sum_buckle_income] => 390
)
result=1
7
8
9
book_id=2014404
2
3
4
5
Array
(
    [total_income] => 8556
    [income] => 7792
    [give_income] => 764
    [buckle_income] => 3680
    [buckle_coefficient] => 0.57
)
Array
(
    [book_id] => 2014404
    [book_title] => 桃花鬼医
    [author_name] => 魅力大叔
    [word_count] => 2202738
    [chapter_count] => 597
    [channel_id] => 91006181
    [statistics_day] => 2016-12-18
    [total_income] => 8556
    [give_income] => 764
    [income] => 7792
    [buckle_income] => 3680
    [buckle_coefficient] => 0.57
    [createtime] => 2016-12-26 13:52:19
)
6
66
Array
(
    [id] => 63
    [book_id] => 2014404
    [book_title] => 桃花鬼医
    [author_name] => 魅力大叔
    [word_count] => 2202738
    [chapter_count] => 597
    [channel_id] => 91006181
    [statistics_year] => 2016
    [statistics_month] => 12
    [total_income] => 8556
    [give_income] => 764
    [income] => 7792
    [buckle_income] => 3337
    [createtime] => 2016-12-26 13:49:35
)
661
6611
Array
(
    [sum_total_income] => 8556
    [sum_give_income] => 764
    [sum_income] => 7792
    [sum_buckle_income] => 3680
)
result=1
7
8
9
book_id=2014408
2
3
4
5
Array
(
    [total_income] => 4888
    [income] => 4505
    [give_income] => 383
    [buckle_income] => 2200
    [buckle_coefficient] => 0.55
)
Array
(
    [book_id] => 2014408
    [book_title] => 超品小农民
    [author_name] => 东方邵康
    [word_count] => 1502974
    [chapter_count] => 451
    [channel_id] => 91006181
    [statistics_day] => 2016-12-18
    [total_income] => 4888
    [give_income] => 383
    [income] => 4505
    [buckle_income] => 2200
    [buckle_coefficient] => 0.55
    [createtime] => 2016-12-26 13:52:20
)
6
66
Array
(
    [id] => 64
    [book_id] => 2014408
    [book_title] => 超品小农民
    [author_name] => 东方邵康
    [word_count] => 1502974
    [chapter_count] => 451
    [channel_id] => 91006181
    [statistics_year] => 2016
    [statistics_month] => 12
    [total_income] => 4888
    [give_income] => 383
    [income] => 4505
    [buckle_income] => 2151
    [createtime] => 2016-12-26 13:49:35
)
661
6611
Array
(
    [sum_total_income] => 4888
    [sum_give_income] => 383
    [sum_income] => 4505
    [sum_buckle_income] => 2200
)
result=1
7
8
9
book_id=2014413
2
3
4
5
Array
(
    [total_income] => 3364
    [income] => 2859
    [give_income] => 505
    [buckle_income] => 1514
    [buckle_coefficient] => 0.55
)
Array
(
    [book_id] => 2014413
    [book_title] => 我的眼睛能透视
    [author_name] => 平地一声雷
    [word_count] => 812556
    [chapter_count] => 278
    [channel_id] => 91006181
    [statistics_day] => 2016-12-18
    [total_income] => 3364
    [give_income] => 505
    [income] => 2859
    [buckle_income] => 1514
    [buckle_coefficient] => 0.55
    [createtime] => 2016-12-26 13:52:20
)
6
66
Array
(
    [id] => 65
    [book_id] => 2014413
    [book_title] => 我的眼睛能透视
    [author_name] => 平地一声雷
    [word_count] => 812556
    [chapter_count] => 278
    [channel_id] => 91006181
    [statistics_year] => 2016
    [statistics_month] => 12
    [total_income] => 3364
    [give_income] => 505
    [income] => 2859
    [buckle_income] => 1144
    [createtime] => 2016-12-26 13:49:36
)
661
6611
Array
(
    [sum_total_income] => 3364
    [sum_give_income] => 505
    [sum_income] => 2859
    [sum_buckle_income] => 1514
)
result=1
7
8
9
book_id=2014422
2
3
4
5
Array
(
    [total_income] => 3016
    [income] => 3016
    [give_income] => 0
    [buckle_income] => 1237
    [buckle_coefficient] => 0.59
)
Array
(
    [book_id] => 2014422
    [book_title] => 极品百媚图
    [author_name] => 胡说大师
    [word_count] => 860224
    [chapter_count] => 417
    [channel_id] => 91006181
    [statistics_day] => 2016-12-18
    [total_income] => 3016
    [give_income] => 0
    [income] => 3016
    [buckle_income] => 1237
    [buckle_coefficient] => 0.59
    [createtime] => 2016-12-26 13:52:20
)
6
66
Array
(
    [id] => 66
    [book_id] => 2014422
    [book_title] => 极品百媚图
    [author_name] => 胡说大师
    [word_count] => 860224
    [chapter_count] => 417
    [channel_id] => 91006181
    [statistics_year] => 2016
    [statistics_month] => 12
    [total_income] => 3016
    [give_income] => 0
    [income] => 3016
    [buckle_income] => 1267
    [createtime] => 2016-12-26 13:49:36
)
661
6611
Array
(
    [sum_total_income] => 3016
    [sum_give_income] => 0
    [sum_income] => 3016
    [sum_buckle_income] => 1237
)
result=1
7
8
9
book_id=2014424
2
3
4
5
Array
(
    [total_income] => 27461
    [income] => 24907
    [give_income] => 2554
    [buckle_income] => 10161
    [buckle_coefficient] => 0.63
)
Array
(
    [book_id] => 2014424
    [book_title] => 超级全能戒指
    [author_name] => 黄河之水
    [word_count] => 888974
    [chapter_count] => 401
    [channel_id] => 91006181
    [statistics_day] => 2016-12-18
    [total_income] => 27461
    [give_income] => 2554
    [income] => 24907
    [buckle_income] => 10161
    [buckle_coefficient] => 0.63
    [createtime] => 2016-12-26 13:52:20
)
6
66
Array
(
    [id] => 67
    [book_id] => 2014424
    [book_title] => 超级全能戒指
    [author_name] => 黄河之水
    [word_count] => 888974
    [chapter_count] => 401
    [channel_id] => 91006181
    [statistics_year] => 2016
    [statistics_month] => 12
    [total_income] => 27461
    [give_income] => 2554
    [income] => 24907
    [buckle_income] => 10985
    [createtime] => 2016-12-26 13:49:36
)
661
6611
Array
(
    [sum_total_income] => 27461
    [sum_give_income] => 2554
    [sum_income] => 24907
    [sum_buckle_income] => 10161
)
result=1
7
8
9
book_id=2014425
2
3
4
5
Array
(
    [total_income] => 30
    [income] => 30
    [give_income] => 0
    [buckle_income] => 11
    [buckle_coefficient] => 0.66
)
Array
(
    [book_id] => 2014425
    [book_title] => 鬼名
    [author_name] => 青山老妖
    [word_count] => 851338
    [chapter_count] => 414
    [channel_id] => 91006181
    [statistics_day] => 2016-12-18
    [total_income] => 30
    [give_income] => 0
    [income] => 30
    [buckle_income] => 11
    [buckle_coefficient] => 0.66
    [createtime] => 2016-12-26 13:52:20
)
6
66
Array
(
    [id] => 68
    [book_id] => 2014425
    [book_title] => 鬼名
    [author_name] => 青山老妖
    [word_count] => 851338
    [chapter_count] => 414
    [channel_id] => 91006181
    [statistics_year] => 2016
    [statistics_month] => 12
    [total_income] => 30
    [give_income] => 0
    [income] => 30
    [buckle_income] => 12
    [createtime] => 2016-12-26 13:49:36
)
661
6611
Array
(
    [sum_total_income] => 30
    [sum_give_income] => 0
    [sum_income] => 30
    [sum_buckle_income] => 11
)
result=1
7
8
9
book_id=2014426
2
3
4
5
Array
(
    [total_income] => 1687
    [income] => 1687
    [give_income] => 0
    [buckle_income] => 726
    [buckle_coefficient] => 0.57
)
Array
(
    [book_id] => 2014426
    [book_title] => 凶案现场
    [author_name] => 月半墙
    [word_count] => 1078525
    [chapter_count] => 337
    [channel_id] => 91006181
    [statistics_day] => 2016-12-18
    [total_income] => 1687
    [give_income] => 0
    [income] => 1687
    [buckle_income] => 726
    [buckle_coefficient] => 0.57
    [createtime] => 2016-12-26 13:52:20
)
6
66
Array
(
    [id] => 69
    [book_id] => 2014426
    [book_title] => 凶案现场
    [author_name] => 月半墙
    [word_count] => 1078525
    [chapter_count] => 337
    [channel_id] => 91006181
    [statistics_year] => 2016
    [statistics_month] => 12
    [total_income] => 1687
    [give_income] => 0
    [income] => 1687
    [buckle_income] => 658
    [createtime] => 2016-12-26 13:49:37
)
661
6611
Array
(
    [sum_total_income] => 1687
    [sum_give_income] => 0
    [sum_income] => 1687
    [sum_buckle_income] => 726
)
result=1
7
8
9
book_id=2014437
2
3
4
5
Array
(
    [total_income] => 124
    [income] => 124
    [give_income] => 0
    [buckle_income] => 51
    [buckle_coefficient] => 0.59
)
Array
(
    [book_id] => 2014437
    [book_title] => 校花老婆爱上我
    [author_name] => 纯洁的地瓜
    [word_count] => 1260716
    [chapter_count] => 558
    [channel_id] => 91006181
    [statistics_day] => 2016-12-18
    [total_income] => 124
    [give_income] => 0
    [income] => 124
    [buckle_income] => 51
    [buckle_coefficient] => 0.59
    [createtime] => 2016-12-26 13:52:20
)
6
66
Array
(
    [id] => 70
    [book_id] => 2014437
    [book_title] => 校花老婆爱上我
    [author_name] => 纯洁的地瓜
    [word_count] => 1260716
    [chapter_count] => 558
    [channel_id] => 91006181
    [statistics_year] => 2016
    [statistics_month] => 12
    [total_income] => 124
    [give_income] => 0
    [income] => 124
    [buckle_income] => 46
    [createtime] => 2016-12-26 13:49:37
)
661
6611
Array
(
    [sum_total_income] => 124
    [sum_give_income] => 0
    [sum_income] => 124
    [sum_buckle_income] => 51
)
result=1
7
8
9
book_id=2014440
2
3
4
5
Array
(
    [total_income] => 330
    [income] => 330
    [give_income] => 0
    [buckle_income] => 139
    [buckle_coefficient] => 0.58
)
Array
(
    [book_id] => 2014440
    [book_title] => 娇辣警花爱上我
    [author_name] => 冰皇傲天
    [word_count] => 1615226
    [chapter_count] => 543
    [channel_id] => 91006181
    [statistics_day] => 2016-12-18
    [total_income] => 330
    [give_income] => 0
    [income] => 330
    [buckle_income] => 139
    [buckle_coefficient] => 0.58
    [createtime] => 2016-12-26 13:52:20
)
6
66
Array
(
    [id] => 71
    [book_id] => 2014440
    [book_title] => 娇辣警花爱上我
    [author_name] => 冰皇傲天
    [word_count] => 1615226
    [chapter_count] => 543
    [channel_id] => 91006181
    [statistics_year] => 2016
    [statistics_month] => 12
    [total_income] => 330
    [give_income] => 0
    [income] => 330
    [buckle_income] => 129
    [createtime] => 2016-12-26 13:49:37
)
661
6611
Array
(
    [sum_total_income] => 330
    [sum_give_income] => 0
    [sum_income] => 330
    [sum_buckle_income] => 139
)
result=1
7
8
9
book_id=2014441
2
3
4
5
Array
(
    [total_income] => 3371
    [income] => 2562
    [give_income] => 809
    [buckle_income] => 1349
    [buckle_coefficient] => 0.6
)
Array
(
    [book_id] => 2014441
    [book_title] => 风水大师混官场
    [author_name] => 鬼鬼
    [word_count] => 1372460
    [chapter_count] => 673
    [channel_id] => 91006181
    [statistics_day] => 2016-12-18
    [total_income] => 3371
    [give_income] => 809
    [income] => 2562
    [buckle_income] => 1349
    [buckle_coefficient] => 0.6
    [createtime] => 2016-12-26 13:52:20
)
6
66
Array
(
    [id] => 72
    [book_id] => 2014441
    [book_title] => 风水大师混官场
    [author_name] => 鬼鬼
    [word_count] => 1372460
    [chapter_count] => 673
    [channel_id] => 91006181
    [statistics_year] => 2016
    [statistics_month] => 12
    [total_income] => 3371
    [give_income] => 809
    [income] => 2562
    [buckle_income] => 1147
    [createtime] => 2016-12-26 13:49:37
)
661
6611
Array
(
    [sum_total_income] => 3371
    [sum_give_income] => 809
    [sum_income] => 2562
    [sum_buckle_income] => 1349
)
result=1
7
8
9
book_id=2014446
2
3
4
5
Array
(
    [total_income] => 1615
    [income] => 1615
    [give_income] => 0
    [buckle_income] => 630
    [buckle_coefficient] => 0.61
)
Array
(
    [book_id] => 2014446
    [book_title] => 湘西诡闻录
    [author_name] => 农夫仙拳
    [word_count] => 1587213
    [chapter_count] => 481
    [channel_id] => 91006181
    [statistics_day] => 2016-12-18
    [total_income] => 1615
    [give_income] => 0
    [income] => 1615
    [buckle_income] => 630
    [buckle_coefficient] => 0.61
    [createtime] => 2016-12-26 13:52:20
)
6
66
Array
(
    [id] => 73
    [book_id] => 2014446
    [book_title] => 湘西诡闻录
    [author_name] => 农夫仙拳
    [word_count] => 1587213
    [chapter_count] => 481
    [channel_id] => 91006181
    [statistics_year] => 2016
    [statistics_month] => 12
    [total_income] => 1615
    [give_income] => 0
    [income] => 1615
    [buckle_income] => 695
    [createtime] => 2016-12-26 13:49:37
)
661
6611
Array
(
    [sum_total_income] => 1615
    [sum_give_income] => 0
    [sum_income] => 1615
    [sum_buckle_income] => 630
)
result=1
7
8
9
book_id=2014449
2
3
4
5
Array
(
    [total_income] => 42212
    [income] => 38115
    [give_income] => 4097
    [buckle_income] => 16885
    [buckle_coefficient] => 0.6
)
Array
(
    [book_id] => 2014449
    [book_title] => 妇科小村医
    [author_name] => 静待成魔
    [word_count] => 1356299
    [chapter_count] => 465
    [channel_id] => 91006181
    [statistics_day] => 2016-12-18
    [total_income] => 42212
    [give_income] => 4097
    [income] => 38115
    [buckle_income] => 16885
    [buckle_coefficient] => 0.6
    [createtime] => 2016-12-26 13:52:21
)
6
66
Array
(
    [id] => 74
    [book_id] => 2014449
    [book_title] => 妇科小村医
    [author_name] => 静待成魔
    [word_count] => 1356299
    [chapter_count] => 465
    [channel_id] => 91006181
    [statistics_year] => 2016
    [statistics_month] => 12
    [total_income] => 42212
    [give_income] => 4097
    [income] => 38115
    [buckle_income] => 18996
    [createtime] => 2016-12-26 13:49:37
)
661
6611
Array
(
    [sum_total_income] => 42212
    [sum_give_income] => 4097
    [sum_income] => 38115
    [sum_buckle_income] => 16885
)
result=1
7
8
9
book_id=2014453
2
3
4
5
Array
(
    [total_income] => 805
    [income] => 641
    [give_income] => 164
    [buckle_income] => 314
    [buckle_coefficient] => 0.61
)
Array
(
    [book_id] => 2014453
    [book_title] => 珠宝大亨追美记
    [author_name] => 拈花一笑
    [word_count] => 1117773
    [chapter_count] => 337
    [channel_id] => 91006181
    [statistics_day] => 2016-12-18
    [total_income] => 805
    [give_income] => 164
    [income] => 641
    [buckle_income] => 314
    [buckle_coefficient] => 0.61
    [createtime] => 2016-12-26 13:52:21
)
6
66
Array
(
    [id] => 75
    [book_id] => 2014453
    [book_title] => 珠宝大亨追美记
    [author_name] => 拈花一笑
    [word_count] => 1117773
    [chapter_count] => 337
    [channel_id] => 91006181
    [statistics_year] => 2016
    [statistics_month] => 12
    [total_income] => 805
    [give_income] => 164
    [income] => 641
    [buckle_income] => 339
    [createtime] => 2016-12-26 13:49:38
)
661
6611
Array
(
    [sum_total_income] => 805
    [sum_give_income] => 164
    [sum_income] => 641
    [sum_buckle_income] => 314
)
result=1
7
8
9
book_id=2014457
2
3
4
5
Array
(
    [total_income] => 7210
    [income] => 6257
    [give_income] => 953
    [buckle_income] => 2957
    [buckle_coefficient] => 0.59
)
Array
(
    [book_id] => 2014457
    [book_title] => 随身带着一亩地
    [author_name] => 我吃大玉米
    [word_count] => 3449500
    [chapter_count] => 1338
    [channel_id] => 91006181
    [statistics_day] => 2016-12-18
    [total_income] => 7210
    [give_income] => 953
    [income] => 6257
    [buckle_income] => 2957
    [buckle_coefficient] => 0.59
    [createtime] => 2016-12-26 13:52:21
)
6
66
Array
(
    [id] => 76
    [book_id] => 2014457
    [book_title] => 随身带着一亩地
    [author_name] => 我吃大玉米
    [word_count] => 3449500
    [chapter_count] => 1338
    [channel_id] => 91006181
    [statistics_year] => 2016
    [statistics_month] => 12
    [total_income] => 7210
    [give_income] => 953
    [income] => 6257
    [buckle_income] => 2957
    [createtime] => 2016-12-26 13:49:38
)
661
6611
Array
(
    [sum_total_income] => 7210
    [sum_give_income] => 953
    [sum_income] => 6257
    [sum_buckle_income] => 2957
)
result=1
7
8
9
book_id=2014460
2
3
4
5
Array
(
    [total_income] => 31393
    [income] => 28375
    [give_income] => 3018
    [buckle_income] => 10674
    [buckle_coefficient] => 0.66
)
Array
(
    [book_id] => 2014460
    [book_title] => 桃运民工
    [author_name] => 狐大仙森
    [word_count] => 3521081
    [chapter_count] => 1104
    [channel_id] => 91006181
    [statistics_day] => 2016-12-18
    [total_income] => 31393
    [give_income] => 3018
    [income] => 28375
    [buckle_income] => 10674
    [buckle_coefficient] => 0.66
    [createtime] => 2016-12-26 13:52:21
)
6
66
Array
(
    [id] => 77
    [book_id] => 2014460
    [book_title] => 桃运民工
    [author_name] => 狐大仙森
    [word_count] => 3521081
    [chapter_count] => 1104
    [channel_id] => 91006181
    [statistics_year] => 2016
    [statistics_month] => 12
    [total_income] => 31393
    [give_income] => 3018
    [income] => 28375
    [buckle_income] => 11930
    [createtime] => 2016-12-26 13:49:38
)
661
6611
Array
(
    [sum_total_income] => 31393
    [sum_give_income] => 3018
    [sum_income] => 28375
    [sum_buckle_income] => 10674
)
result=1
7
8
9
book_id=2014462
2
3
4
5
Array
(
    [total_income] => 73397
    [income] => 67069
    [give_income] => 6328
    [buckle_income] => 26423
    [buckle_coefficient] => 0.64
)
Array
(
    [book_id] => 2014462
    [book_title] => 山村如此多娇
    [author_name] => 云熙堂
    [word_count] => 2215957
    [chapter_count] => 883
    [channel_id] => 91006181
    [statistics_day] => 2016-12-18
    [total_income] => 73397
    [give_income] => 6328
    [income] => 67069
    [buckle_income] => 26423
    [buckle_coefficient] => 0.64
    [createtime] => 2016-12-26 13:52:22
)
6
66
Array
(
    [id] => 78
    [book_id] => 2014462
    [book_title] => 山村如此多娇
    [author_name] => 云熙堂
    [word_count] => 2215957
    [chapter_count] => 883
    [channel_id] => 91006181
    [statistics_year] => 2016
    [statistics_month] => 12
    [total_income] => 73397
    [give_income] => 6328
    [income] => 67069
    [buckle_income] => 28625
    [createtime] => 2016-12-26 13:49:40
)
661
6611
Array
(
    [sum_total_income] => 73397
    [sum_give_income] => 6328
    [sum_income] => 67069
    [sum_buckle_income] => 26423
)
result=1
7
8
9
book_id=2014467
2
3
4
5
Array
(
    [total_income] => 51060
    [income] => 46027
    [give_income] => 5033
    [buckle_income] => 19914
    [buckle_coefficient] => 0.61
)
Array
(
    [book_id] => 2014467
    [book_title] => 亡灵禁地
    [author_name] => 农夫仙拳
    [word_count] => 2316099
    [chapter_count] => 758
    [channel_id] => 91006181
    [statistics_day] => 2016-12-18
    [total_income] => 51060
    [give_income] => 5033
    [income] => 46027
    [buckle_income] => 19914
    [buckle_coefficient] => 0.61
    [createtime] => 2016-12-26 13:52:22
)
6
66
Array
(
    [id] => 79
    [book_id] => 2014467
    [book_title] => 亡灵禁地
    [author_name] => 农夫仙拳
    [word_count] => 2316099
    [chapter_count] => 758
    [channel_id] => 91006181
    [statistics_year] => 2016
    [statistics_month] => 12
    [total_income] => 51060
    [give_income] => 5033
    [income] => 46027
    [buckle_income] => 17871
    [createtime] => 2016-12-26 13:49:40
)
661
6611
Array
(
    [sum_total_income] => 51060
    [sum_give_income] => 5033
    [sum_income] => 46027
    [sum_buckle_income] => 19914
)
result=1
7
8
9
book_id=2014468
2
3
4
5
Array
(
    [total_income] => 314
    [income] => 314
    [give_income] => 0
    [buckle_income] => 136
    [buckle_coefficient] => 0.57
)
Array
(
    [book_id] => 2014468
    [book_title] => 与女神合租的日子
    [author_name] => 狂拽炫酷
    [word_count] => 1166830
    [chapter_count] => 527
    [channel_id] => 91006181
    [statistics_day] => 2016-12-18
    [total_income] => 314
    [give_income] => 0
    [income] => 314
    [buckle_income] => 136
    [buckle_coefficient] => 0.57
    [createtime] => 2016-12-26 13:52:22
)
6
66
Array
(
    [id] => 80
    [book_id] => 2014468
    [book_title] => 与女神合租的日子
    [author_name] => 狂拽炫酷
    [word_count] => 1166830
    [chapter_count] => 527
    [channel_id] => 91006181
    [statistics_year] => 2016
    [statistics_month] => 12
    [total_income] => 314
    [give_income] => 0
    [income] => 314
    [buckle_income] => 129
    [createtime] => 2016-12-26 13:49:41
)
661
6611
Array
(
    [sum_total_income] => 314
    [sum_give_income] => 0
    [sum_income] => 314
    [sum_buckle_income] => 136
)
result=1
7
8
9
book_id=2014471
2
3
4
5
Array
(
    [total_income] => 4516
    [income] => 4156
    [give_income] => 360
    [buckle_income] => 1807
    [buckle_coefficient] => 0.6
)
Array
(
    [book_id] => 2014471
    [book_title] => 合租美女
    [author_name] => 醉夜偶艳
    [word_count] => 5301531
    [chapter_count] => 1693
    [channel_id] => 91006181
    [statistics_day] => 2016-12-18
    [total_income] => 4516
    [give_income] => 360
    [income] => 4156
    [buckle_income] => 1807
    [buckle_coefficient] => 0.6
    [createtime] => 2016-12-26 13:52:23
)
6
66
Array
(
    [id] => 81
    [book_id] => 2014471
    [book_title] => 合租美女
    [author_name] => 醉夜偶艳
    [word_count] => 5301531
    [chapter_count] => 1693
    [channel_id] => 91006181
    [statistics_year] => 2016
    [statistics_month] => 12
    [total_income] => 4516
    [give_income] => 360
    [income] => 4156
    [buckle_income] => 1807
    [createtime] => 2016-12-26 13:49:41
)
661
6611
Array
(
    [sum_total_income] => 4516
    [sum_give_income] => 360
    [sum_income] => 4156
    [sum_buckle_income] => 1807
)
result=1
7
8
9
book_id=2014472
2
3
4
5
Array
(
    [total_income] => 49
    [income] => 49
    [give_income] => 0
    [buckle_income] => 21
    [buckle_coefficient] => 0.59
)
Array
(
    [book_id] => 2014472
    [book_title] => 荒宅怨灵
    [author_name] => 单细胞
    [word_count] => 1189792
    [chapter_count] => 376
    [channel_id] => 91006181
    [statistics_day] => 2016-12-18
    [total_income] => 49
    [give_income] => 0
    [income] => 49
    [buckle_income] => 21
    [buckle_coefficient] => 0.59
    [createtime] => 2016-12-26 13:52:23
)
6
66
Array
(
    [id] => 82
    [book_id] => 2014472
    [book_title] => 荒宅怨灵
    [author_name] => 单细胞
    [word_count] => 1189792
    [chapter_count] => 376
    [channel_id] => 91006181
    [statistics_year] => 2016
    [statistics_month] => 12
    [total_income] => 49
    [give_income] => 0
    [income] => 49
    [buckle_income] => 19
    [createtime] => 2016-12-26 13:49:41
)
661
6611
Array
(
    [sum_total_income] => 49
    [sum_give_income] => 0
    [sum_income] => 49
    [sum_buckle_income] => 21
)
result=1
7
8
9
book_id=2014475
2
3
4
5
Array
(
    [total_income] => 215
    [income] => 0
    [give_income] => 215
    [buckle_income] => 82
    [buckle_coefficient] => 0.62
)
Array
(
    [book_id] => 2014475
    [book_title] => 打工奇谈
    [author_name] => 一口黑锅
    [word_count] => 1341173
    [chapter_count] => 433
    [channel_id] => 91006181
    [statistics_day] => 2016-12-18
    [total_income] => 215
    [give_income] => 215
    [income] => 0
    [buckle_income] => 82
    [buckle_coefficient] => 0.62
    [createtime] => 2016-12-26 13:52:23
)
6
66
Array
(
    [id] => 83
    [book_id] => 2014475
    [book_title] => 打工奇谈
    [author_name] => 一口黑锅
    [word_count] => 1341173
    [chapter_count] => 433
    [channel_id] => 91006181
    [statistics_year] => 2016
    [statistics_month] => 12
    [total_income] => 215
    [give_income] => 215
    [income] => 0
    [buckle_income] => 82
    [createtime] => 2016-12-26 13:49:41
)
661
6611
Array
(
    [sum_total_income] => 215
    [sum_give_income] => 215
    [sum_income] => 0
    [sum_buckle_income] => 82
)
result=1
7
8
9
book_id=2014482
2
3
4
5
Array
(
    [total_income] => 802
    [income] => 802
    [give_income] => 0
    [buckle_income] => 321
    [buckle_coefficient] => 0.6
)
Array
(
    [book_id] => 2014482
    [book_title] => 邪魅总裁：你只配代孕
    [author_name] => 漫妖娆
    [word_count] => 1686473
    [chapter_count] => 623
    [channel_id] => 91006181
    [statistics_day] => 2016-12-18
    [total_income] => 802
    [give_income] => 0
    [income] => 802
    [buckle_income] => 321
    [buckle_coefficient] => 0.6
    [createtime] => 2016-12-26 13:52:23
)
6
66
Array
(
    [id] => 84
    [book_id] => 2014482
    [book_title] => 邪魅总裁：你只配代孕
    [author_name] => 漫妖娆
    [word_count] => 1686473
    [chapter_count] => 623
    [channel_id] => 91006181
    [statistics_year] => 2016
    [statistics_month] => 12
    [total_income] => 802
    [give_income] => 0
    [income] => 802
    [buckle_income] => 305
    [createtime] => 2016-12-26 13:49:41
)
661
6611
Array
(
    [sum_total_income] => 802
    [sum_give_income] => 0
    [sum_income] => 802
    [sum_buckle_income] => 321
)
result=1
7
8
9
book_id=2014483
2
3
4
5
Array
(
    [total_income] => 13213
    [income] => 12293
    [give_income] => 920
    [buckle_income] => 4625
    [buckle_coefficient] => 0.65
)
Array
(
    [book_id] => 2014483
    [book_title] => 花手赌圣
    [author_name] => 玄同
    [word_count] => 2005153
    [chapter_count] => 929
    [channel_id] => 91006181
    [statistics_day] => 2016-12-18
    [total_income] => 13213
    [give_income] => 920
    [income] => 12293
    [buckle_income] => 4625
    [buckle_coefficient] => 0.65
    [createtime] => 2016-12-26 13:52:23
)
6
66
Array
(
    [id] => 85
    [book_id] => 2014483
    [book_title] => 花手赌圣
    [author_name] => 玄同
    [word_count] => 2005153
    [chapter_count] => 929
    [channel_id] => 91006181
    [statistics_year] => 2016
    [statistics_month] => 12
    [total_income] => 13213
    [give_income] => 920
    [income] => 12293
    [buckle_income] => 5021
    [createtime] => 2016-12-26 13:49:42
)
661
6611
Array
(
    [sum_total_income] => 13213
    [sum_give_income] => 920
    [sum_income] => 12293
    [sum_buckle_income] => 4625
)
result=1
7
8
9
book_id=2014488
2
3
4
5
Array
(
    [total_income] => 72
    [income] => 72
    [give_income] => 0
    [buckle_income] => 29
    [buckle_coefficient] => 0.61
)
Array
(
    [book_id] => 2014488
    [book_title] => 花都逍遥游
    [author_name] => 感冒小宝
    [word_count] => 804901
    [chapter_count] => 236
    [channel_id] => 91006181
    [statistics_day] => 2016-12-18
    [total_income] => 72
    [give_income] => 0
    [income] => 72
    [buckle_income] => 29
    [buckle_coefficient] => 0.61
    [createtime] => 2016-12-26 13:52:23
)
6
66
Array
(
    [id] => 86
    [book_id] => 2014488
    [book_title] => 花都逍遥游
    [author_name] => 感冒小宝
    [word_count] => 804901
    [chapter_count] => 236
    [channel_id] => 91006181
    [statistics_year] => 2016
    [statistics_month] => 12
    [total_income] => 72
    [give_income] => 0
    [income] => 72
    [buckle_income] => 25
    [createtime] => 2016-12-26 13:49:42
)
661
6611
Array
(
    [sum_total_income] => 72
    [sum_give_income] => 0
    [sum_income] => 72
    [sum_buckle_income] => 29
)
result=1
7
8
9
channel_id=91029277
book=0
i=8
channel_id=91033284
book=2
i=9
1
book_id=2015757
2
3
4
5
Array
(
    [total_income] => 4894
    [income] => 3815
    [give_income] => 1079
    [buckle_income] => 1958
    [buckle_coefficient] => 0.6
)
Array
(
    [book_id] => 2015757
    [book_title] => 透视之瞳
    [author_name] => 旸谷
    [word_count] => 1823137
    [chapter_count] => 888
    [channel_id] => 91033284
    [statistics_day] => 2016-12-18
    [total_income] => 4894
    [give_income] => 1079
    [income] => 3815
    [buckle_income] => 1958
    [buckle_coefficient] => 0.6
    [createtime] => 2016-12-26 13:52:23
)
6
66
Array
(
    [id] => 87
    [book_id] => 2015757
    [book_title] => 透视之瞳
    [author_name] => 旸谷
    [word_count] => 1823137
    [chapter_count] => 888
    [channel_id] => 91033284
    [statistics_year] => 2016
    [statistics_month] => 12
    [total_income] => 4894
    [give_income] => 1079
    [income] => 3815
    [buckle_income] => 2203
    [createtime] => 2016-12-26 13:49:42
)
661
6611
Array
(
    [sum_total_income] => 4894
    [sum_give_income] => 1079
    [sum_income] => 3815
    [sum_buckle_income] => 1958
)
result=1
7
8
9
book_id=2015785
2
3
4
5
Array
(
    [total_income] => 466
    [income] => 466
    [give_income] => 0
    [buckle_income] => 178
    [buckle_coefficient] => 0.62
)
Array
(
    [book_id] => 2015785
    [book_title] => 美女的超级高手
    [author_name] => 陌上花开
    [word_count] => 3589742
    [chapter_count] => 1643
    [channel_id] => 91033284
    [statistics_day] => 2016-12-18
    [total_income] => 466
    [give_income] => 0
    [income] => 466
    [buckle_income] => 178
    [buckle_coefficient] => 0.62
    [createtime] => 2016-12-26 13:52:23
)
6
66
Array
(
    [id] => 88
    [book_id] => 2015785
    [book_title] => 美女的超级高手
    [author_name] => 陌上花开
    [word_count] => 3589742
    [chapter_count] => 1643
    [channel_id] => 91033284
    [statistics_year] => 2016
    [statistics_month] => 12
    [total_income] => 466
    [give_income] => 0
    [income] => 466
    [buckle_income] => 178
    [createtime] => 2016-12-26 13:49:42
)
661
6611
Array
(
    [sum_total_income] => 466
    [sum_give_income] => 0
    [sum_income] => 466
    [sum_buckle_income] => 178
)
result=1
7
8
9
channel_id=91104074
book=1
i=10
1
book_id=2016697
2
3
4
5
Array
(
    [total_income] => 428
    [income] => 428
    [give_income] => 0
    [buckle_income] => 189
    [buckle_coefficient] => 0.56
)
Array
(
    [book_id] => 2016697
    [book_title] => 腹黑萌宝俏娘亲
    [author_name] => 阿妆
    [word_count] => 938203
    [chapter_count] => 301
    [channel_id] => 91104074
    [statistics_day] => 2016-12-18
    [total_income] => 428
    [give_income] => 0
    [income] => 428
    [buckle_income] => 189
    [buckle_coefficient] => 0.56
    [createtime] => 2016-12-26 13:52:23
)
6
66
Array
(
    [id] => 89
    [book_id] => 2016697
    [book_title] => 腹黑萌宝俏娘亲
    [author_name] => 阿妆
    [word_count] => 938203
    [chapter_count] => 301
    [channel_id] => 91104074
    [statistics_year] => 2016
    [statistics_month] => 12
    [total_income] => 428
    [give_income] => 0
    [income] => 428
    [buckle_income] => 155
    [createtime] => 2016-12-26 13:49:42
)
661
6611
Array
(
    [sum_total_income] => 428
    [sum_give_income] => 0
    [sum_income] => 428
    [sum_buckle_income] => 189
)
result=1
7
8
9
channel_id=91200264
book=0
i=11
channel_id=0
book=241
i=12
1
book_id=311
2
3
4
5
Array
(
    [total_income] => 21
    [income] => 21
    [give_income] => 0
    [buckle_income] => 15
    [buckle_coefficient] => 0.33
)
Array
(
    [book_id] => 311
    [book_title] => 兽之幻想
    [author_name] => 月色花前酒
    [word_count] => 171169
    [chapter_count] => 82
    [channel_id] => 0
    [statistics_day] => 2016-12-18
    [total_income] => 21
    [give_income] => 0
    [income] => 21
    [buckle_income] => 15
    [buckle_coefficient] => 0.33
    [createtime] => 2016-12-26 13:52:31
)
6
66
Array
(
    [id] => 90
    [book_id] => 311
    [book_title] => 兽之幻想
    [author_name] => 月色花前酒
    [word_count] => 171169
    [chapter_count] => 82
    [channel_id] => 0
    [statistics_year] => 2016
    [statistics_month] => 12
    [total_income] => 21
    [give_income] => 0
    [income] => 21
    [buckle_income] => 15
    [createtime] => 2016-12-26 13:49:50
)
661
6611
Array
(
    [sum_total_income] => 21
    [sum_give_income] => 0
    [sum_income] => 21
    [sum_buckle_income] => 15
)
result=1
7
8
9
book_id=11898
2
3
4
5
Array
(
    [total_income] => 1060
    [income] => 1060
    [give_income] => 0
    [buckle_income] => 435
    [buckle_coefficient] => 0.59
)
Array
(
    [book_id] => 11898
    [book_title] => 邪路英雄
    [author_name] => 深海游龙
    [word_count] => 1090448
    [chapter_count] => 408
    [channel_id] => 0
    [statistics_day] => 2016-12-18
    [total_income] => 1060
    [give_income] => 0
    [income] => 1060
    [buckle_income] => 435
    [buckle_coefficient] => 0.59
    [createtime] => 2016-12-26 13:52:31
)
6
66
Array
(
    [id] => 91
    [book_id] => 11898
    [book_title] => 邪路英雄
    [author_name] => 深海游龙
    [word_count] => 1090448
    [chapter_count] => 408
    [channel_id] => 0
    [statistics_year] => 2016
    [statistics_month] => 12
    [total_income] => 1060
    [give_income] => 0
    [income] => 1060
    [buckle_income] => 393
    [createtime] => 2016-12-26 13:49:51
)
661
6611
Array
(
    [sum_total_income] => 1060
    [sum_give_income] => 0
    [sum_income] => 1060
    [sum_buckle_income] => 435
)
result=1
7
8
9
book_id=12881
2
3
4
5
Array
(
    [total_income] => 5045
    [income] => 5045
    [give_income] => 0
    [buckle_income] => 1918
    [buckle_coefficient] => 0.62
)
Array
(
    [book_id] => 12881
    [book_title] => 美女图
    [author_name] => 我是多余人
    [word_count] => 6875897
    [chapter_count] => 2528
    [channel_id] => 0
    [statistics_day] => 2016-12-18
    [total_income] => 5045
    [give_income] => 0
    [income] => 5045
    [buckle_income] => 1918
    [buckle_coefficient] => 0.62
    [createtime] => 2016-12-26 13:52:32
)
6
66
Array
(
    [id] => 92
    [book_id] => 12881
    [book_title] => 美女图
    [author_name] => 我是多余人
    [word_count] => 6875897
    [chapter_count] => 2528
    [channel_id] => 0
    [statistics_year] => 2016
    [statistics_month] => 12
    [total_income] => 5045
    [give_income] => 0
    [income] => 5045
    [buckle_income] => 2271
    [createtime] => 2016-12-26 13:49:51
)
661
6611
Array
(
    [sum_total_income] => 5045
    [sum_give_income] => 0
    [sum_income] => 5045
    [sum_buckle_income] => 1918
)
result=1
7
8
9
book_id=15556
2
3
4
5
Array
(
    [total_income] => 67
    [income] => 55
    [give_income] => 12
    [buckle_income] => 25
    [buckle_coefficient] => 0.64
)
Array
(
    [book_id] => 15556
    [book_title] => 害羞的王者
    [author_name] => 海南小小蟋蟀
    [word_count] => 1048503
    [chapter_count] => 408
    [channel_id] => 0
    [statistics_day] => 2016-12-18
    [total_income] => 67
    [give_income] => 12
    [income] => 55
    [buckle_income] => 25
    [buckle_coefficient] => 0.64
    [createtime] => 2016-12-26 13:52:32
)
6
66
Array
(
    [id] => 93
    [book_id] => 15556
    [book_title] => 害羞的王者
    [author_name] => 海南小小蟋蟀
    [word_count] => 1048503
    [chapter_count] => 408
    [channel_id] => 0
    [statistics_year] => 2016
    [statistics_month] => 12
    [total_income] => 67
    [give_income] => 12
    [income] => 55
    [buckle_income] => 27
    [createtime] => 2016-12-26 13:49:51
)
661
6611
Array
(
    [sum_total_income] => 67
    [sum_give_income] => 12
    [sum_income] => 55
    [sum_buckle_income] => 25
)
result=1
7
8
9
book_id=15684
2
3
4
5
Array
(
    [total_income] => 12775
    [income] => 11697
    [give_income] => 1078
    [buckle_income] => 4855
    [buckle_coefficient] => 0.62
)
Array
(
    [book_id] => 15684
    [book_title] => 都市第一混
    [author_name] => 飘逸居士
    [word_count] => 1093140
    [chapter_count] => 487
    [channel_id] => 0
    [statistics_day] => 2016-12-18
    [total_income] => 12775
    [give_income] => 1078
    [income] => 11697
    [buckle_income] => 4855
    [buckle_coefficient] => 0.62
    [createtime] => 2016-12-26 13:52:32
)
6
66
Array
(
    [id] => 94
    [book_id] => 15684
    [book_title] => 都市第一混
    [author_name] => 飘逸居士
    [word_count] => 1093140
    [chapter_count] => 487
    [channel_id] => 0
    [statistics_year] => 2016
    [statistics_month] => 12
    [total_income] => 12775
    [give_income] => 1078
    [income] => 11697
    [buckle_income] => 5494
    [createtime] => 2016-12-26 13:49:51
)
661
6611
Array
(
    [sum_total_income] => 12775
    [sum_give_income] => 1078
    [sum_income] => 11697
    [sum_buckle_income] => 4855
)
result=1
7
8
9
book_id=19345
2
3
4
5
Array
(
    [total_income] => 24
    [income] => 24
    [give_income] => 0
    [buckle_income] => 10
    [buckle_coefficient] => 0.62
)
Array
(
    [book_id] => 19345
    [book_title] => 打工妹杨兰的爱情故事
    [author_name] => 秋水伊人1
    [word_count] => 1107202
    [chapter_count] => 452
    [channel_id] => 0
    [statistics_day] => 2016-12-18
    [total_income] => 24
    [give_income] => 0
    [income] => 24
    [buckle_income] => 10
    [buckle_coefficient] => 0.62
    [createtime] => 2016-12-26 13:52:32
)
6
66
Array
(
    [id] => 95
    [book_id] => 19345
    [book_title] => 打工妹杨兰的爱情故事
    [author_name] => 秋水伊人1
    [word_count] => 1107202
    [chapter_count] => 452
    [channel_id] => 0
    [statistics_year] => 2016
    [statistics_month] => 12
    [total_income] => 24
    [give_income] => 0
    [income] => 24
    [buckle_income] => 11
    [createtime] => 2016-12-26 13:49:51
)
661
6611
Array
(
    [sum_total_income] => 24
    [sum_give_income] => 0
    [sum_income] => 24
    [sum_buckle_income] => 10
)
result=1
7
8
9
book_id=20717
2
3
4
5
Array
(
    [total_income] => 17388
    [income] => 16089
    [give_income] => 1299
    [buckle_income] => 6260
    [buckle_coefficient] => 0.64
)
Array
(
    [book_id] => 20717
    [book_title] => 极品纨绔
    [author_name] => 左妻右妾
    [word_count] => 3573297
    [chapter_count] => 1162
    [channel_id] => 0
    [statistics_day] => 2016-12-18
    [total_income] => 17388
    [give_income] => 1299
    [income] => 16089
    [buckle_income] => 6260
    [buckle_coefficient] => 0.64
    [createtime] => 2016-12-26 13:52:32
)
6
66
Array
(
    [id] => 96
    [book_id] => 20717
    [book_title] => 极品纨绔
    [author_name] => 左妻右妾
    [word_count] => 3573297
    [chapter_count] => 1162
    [channel_id] => 0
    [statistics_year] => 2016
    [statistics_month] => 12
    [total_income] => 17388
    [give_income] => 1299
    [income] => 16089
    [buckle_income] => 6782
    [createtime] => 2016-12-26 13:49:51
)
661
6611
Array
(
    [sum_total_income] => 17388
    [sum_give_income] => 1299
    [sum_income] => 16089
    [sum_buckle_income] => 6260
)
result=1
7
8
9
book_id=20721
2
3
4
5
Array
(
    [total_income] => 35
    [income] => 0
    [give_income] => 35
    [buckle_income] => 16
    [buckle_coefficient] => 0.55
)
Array
(
    [book_id] => 20721
    [book_title] => 穿越时空再续情缘
    [author_name] => 楓之幻想
    [word_count] => 1854280
    [chapter_count] => 888
    [channel_id] => 0
    [statistics_day] => 2016-12-18
    [total_income] => 35
    [give_income] => 35
    [income] => 0
    [buckle_income] => 16
    [buckle_coefficient] => 0.55
    [createtime] => 2016-12-26 13:52:32
)
6
66
Array
(
    [id] => 97
    [book_id] => 20721
    [book_title] => 穿越时空再续情缘
    [author_name] => 楓之幻想
    [word_count] => 1854280
    [chapter_count] => 888
    [channel_id] => 0
    [statistics_year] => 2016
    [statistics_month] => 12
    [total_income] => 35
    [give_income] => 35
    [income] => 0
    [buckle_income] => 14
    [createtime] => 2016-12-26 13:49:51
)
661
6611
Array
(
    [sum_total_income] => 35
    [sum_give_income] => 35
    [sum_income] => 0
    [sum_buckle_income] => 16
)
result=1
7
8
9
book_id=21616
2
3
4
5
Array
(
    [total_income] => 32401
    [income] => 30420
    [give_income] => 1981
    [buckle_income] => 13285
    [buckle_coefficient] => 0.59
)
Array
(
    [book_id] => 21616
    [book_title] => 极品戒指
    [author_name] => 不是蚊子
    [word_count] => 5525581
    [chapter_count] => 1804
    [channel_id] => 0
    [statistics_day] => 2016-12-18
    [total_income] => 32401
    [give_income] => 1981
    [income] => 30420
    [buckle_income] => 13285
    [buckle_coefficient] => 0.59
    [createtime] => 2016-12-26 13:52:32
)
6
66
Array
(
    [id] => 98
    [book_id] => 21616
    [book_title] => 极品戒指
    [author_name] => 不是蚊子
    [word_count] => 5525581
    [chapter_count] => 1804
    [channel_id] => 0
    [statistics_year] => 2016
    [statistics_month] => 12
    [total_income] => 32401
    [give_income] => 1981
    [income] => 30420
    [buckle_income] => 12313
    [createtime] => 2016-12-26 13:49:52
)
661
6611
Array
(
    [sum_total_income] => 32401
    [sum_give_income] => 1981
    [sum_income] => 30420
    [sum_buckle_income] => 13285
)
result=1
7
8
9
book_id=23860
2
3
4
5
Array
(
    [total_income] => 388
    [income] => 388
    [give_income] => 0
    [buckle_income] => 140
    [buckle_coefficient] => 0.64
)
Array
(
    [book_id] => 23860
    [book_title] => 九阳邪君
    [author_name] => 小妖
    [word_count] => 3921190
    [chapter_count] => 1461
    [channel_id] => 0
    [statistics_day] => 2016-12-18
    [total_income] => 388
    [give_income] => 0
    [income] => 388
    [buckle_income] => 140
    [buckle_coefficient] => 0.64
    [createtime] => 2016-12-26 13:52:33
)
6
66
Array
(
    [id] => 99
    [book_id] => 23860
    [book_title] => 九阳邪君
    [author_name] => 小妖
    [word_count] => 3921190
    [chapter_count] => 1461
    [channel_id] => 0
    [statistics_year] => 2016
    [statistics_month] => 12
    [total_income] => 388
    [give_income] => 0
    [income] => 388
    [buckle_income] => 175
    [createtime] => 2016-12-26 13:49:52
)
661
6611
Array
(
    [sum_total_income] => 388
    [sum_give_income] => 0
    [sum_income] => 388
    [sum_buckle_income] => 140
)
result=1
7
8
9
book_id=25056
2
3
4
5
Array
(
    [total_income] => 2181
    [income] => 2181
    [give_income] => 0
    [buckle_income] => 938
    [buckle_coefficient] => 0.57
)
Array
(
    [book_id] => 25056
    [book_title] => 皇后很萌很倾城
    [author_name] => 一缕相思
    [word_count] => 516017
    [chapter_count] => 238
    [channel_id] => 0
    [statistics_day] => 2016-12-18
    [total_income] => 2181
    [give_income] => 0
    [income] => 2181
    [buckle_income] => 938
    [buckle_coefficient] => 0.57
    [createtime] => 2016-12-26 13:52:33
)
6
66
Array
(
    [id] => 100
    [book_id] => 25056
    [book_title] => 皇后很萌很倾城
    [author_name] => 一缕相思
    [word_count] => 516017
    [chapter_count] => 238
    [channel_id] => 0
    [statistics_year] => 2016
    [statistics_month] => 12
    [total_income] => 2181
    [give_income] => 0
    [income] => 2181
    [buckle_income] => 982
    [createtime] => 2016-12-26 13:49:52
)
661
6611
Array
(
    [sum_total_income] => 2181
    [sum_give_income] => 0
    [sum_income] => 2181
    [sum_buckle_income] => 938
)
result=1
7
8
9
book_id=25404
2
3
4
5
Array
(
    [total_income] => 227
    [income] => 227
    [give_income] => 0
    [buckle_income] => 84
    [buckle_coefficient] => 0.63
)
Array
(
    [book_id] => 25404
    [book_title] => 抗战之红色军神
    [author_name] => 心上雪
    [word_count] => 1320181
    [chapter_count] => 424
    [channel_id] => 0
    [statistics_day] => 2016-12-18
    [total_income] => 227
    [give_income] => 0
    [income] => 227
    [buckle_income] => 84
    [buckle_coefficient] => 0.63
    [createtime] => 2016-12-26 13:52:33
)
6
66
Array
(
    [id] => 101
    [book_id] => 25404
    [book_title] => 抗战之红色军神
    [author_name] => 心上雪
    [word_count] => 1320181
    [chapter_count] => 424
    [channel_id] => 0
    [statistics_year] => 2016
    [statistics_month] => 12
    [total_income] => 227
    [give_income] => 0
    [income] => 227
    [buckle_income] => 96
    [createtime] => 2016-12-26 13:49:52
)
661
6611
Array
(
    [sum_total_income] => 227
    [sum_give_income] => 0
    [sum_income] => 227
    [sum_buckle_income] => 84
)
result=1
7
8
9
book_id=25415
2
3
4
5
Array
(
    [total_income] => 59929
    [income] => 55491
    [give_income] => 4438
    [buckle_income] => 26969
    [buckle_coefficient] => 0.55
)
Array
(
    [book_id] => 25415
    [book_title] => 贴身保安
    [author_name] => 深海游龙
    [word_count] => 5254889
    [chapter_count] => 1722
    [channel_id] => 0
    [statistics_day] => 2016-12-18
    [total_income] => 59929
    [give_income] => 4438
    [income] => 55491
    [buckle_income] => 26969
    [buckle_coefficient] => 0.55
    [createtime] => 2016-12-26 13:52:33
)
6
66
Array
(
    [id] => 102
    [book_id] => 25415
    [book_title] => 贴身保安
    [author_name] => 深海游龙
    [word_count] => 5254889
    [chapter_count] => 1722
    [channel_id] => 0
    [statistics_year] => 2016
    [statistics_month] => 12
    [total_income] => 59929
    [give_income] => 4438
    [income] => 55491
    [buckle_income] => 22774
    [createtime] => 2016-12-26 13:49:53
)
661
6611
Array
(
    [sum_total_income] => 59929
    [sum_give_income] => 4438
    [sum_income] => 55491
    [sum_buckle_income] => 26969
)
result=1
7
8
9
book_id=26064
2
3
4
5
Array
(
    [total_income] => 181
    [income] => 181
    [give_income] => 0
    [buckle_income] => 69
    [buckle_coefficient] => 0.62
)
Array
(
    [book_id] => 26064
    [book_title] => 极品眼镜
    [author_name] => 福月
    [word_count] => 671262
    [chapter_count] => 225
    [channel_id] => 0
    [statistics_day] => 2016-12-18
    [total_income] => 181
    [give_income] => 0
    [income] => 181
    [buckle_income] => 69
    [buckle_coefficient] => 0.62
    [createtime] => 2016-12-26 13:52:34
)
6
66
Array
(
    [id] => 103
    [book_id] => 26064
    [book_title] => 极品眼镜
    [author_name] => 福月
    [word_count] => 671262
    [chapter_count] => 225
    [channel_id] => 0
    [statistics_year] => 2016
    [statistics_month] => 12
    [total_income] => 181
    [give_income] => 0
    [income] => 181
    [buckle_income] => 62
    [createtime] => 2016-12-26 13:49:53
)
661
6611
Array
(
    [sum_total_income] => 181
    [sum_give_income] => 0
    [sum_income] => 181
    [sum_buckle_income] => 69
)
result=1
7
8
9
book_id=26985
2
3
4
5
Array
(
    [total_income] => 1445
    [income] => 1428
    [give_income] => 17
    [buckle_income] => 607
    [buckle_coefficient] => 0.58
)
Array
(
    [book_id] => 26985
    [book_title] => 美女的花心护卫
    [author_name] => 风岚
    [word_count] => 3024837
    [chapter_count] => 981
    [channel_id] => 0
    [statistics_day] => 2016-12-18
    [total_income] => 1445
    [give_income] => 17
    [income] => 1428
    [buckle_income] => 607
    [buckle_coefficient] => 0.58
    [createtime] => 2016-12-26 13:52:34
)
6
66
Array
(
    [id] => 104
    [book_id] => 26985
    [book_title] => 美女的花心护卫
    [author_name] => 风岚
    [word_count] => 3024837
    [chapter_count] => 981
    [channel_id] => 0
    [statistics_year] => 2016
    [statistics_month] => 12
    [total_income] => 1445
    [give_income] => 17
    [income] => 1428
    [buckle_income] => 564
    [createtime] => 2016-12-26 13:49:53
)
661
6611
Array
(
    [sum_total_income] => 1445
    [sum_give_income] => 17
    [sum_income] => 1428
    [sum_buckle_income] => 607
)
result=1
7
8
9
book_id=27464
2
3
4
5
Array
(
    [total_income] => 694
    [income] => 694
    [give_income] => 0
    [buckle_income] => 271
    [buckle_coefficient] => 0.61
)
Array
(
    [book_id] => 27464
    [book_title] => 超级囚徒
    [author_name] => 码字小神
    [word_count] => 2166001
    [chapter_count] => 700
    [channel_id] => 0
    [statistics_day] => 2016-12-18
    [total_income] => 694
    [give_income] => 0
    [income] => 694
    [buckle_income] => 271
    [buckle_coefficient] => 0.61
    [createtime] => 2016-12-26 13:52:34
)
6
66
Array
(
    [id] => 105
    [book_id] => 27464
    [book_title] => 超级囚徒
    [author_name] => 码字小神
    [word_count] => 2166001
    [chapter_count] => 700
    [channel_id] => 0
    [statistics_year] => 2016
    [statistics_month] => 12
    [total_income] => 694
    [give_income] => 0
    [income] => 694
    [buckle_income] => 257
    [createtime] => 2016-12-26 13:49:53
)
661
6611
Array
(
    [sum_total_income] => 694
    [sum_give_income] => 0
    [sum_income] => 694
    [sum_buckle_income] => 271
)
result=1
7
8
9
book_id=27482
2
3
4
5
Array
(
    [total_income] => 154635
    [income] => 138290
    [give_income] => 16345
    [buckle_income] => 66494
    [buckle_coefficient] => 0.57
)
Array
(
    [book_id] => 27482
    [book_title] => 超级保安
    [author_name] => 杨老三
    [word_count] => 2233005
    [chapter_count] => 722
    [channel_id] => 0
    [statistics_day] => 2016-12-18
    [total_income] => 154635
    [give_income] => 16345
    [income] => 138290
    [buckle_income] => 66494
    [buckle_coefficient] => 0.57
    [createtime] => 2016-12-26 13:52:35
)
6
66
Array
(
    [id] => 106
    [book_id] => 27482
    [book_title] => 超级保安
    [author_name] => 杨老三
    [word_count] => 2233005
    [chapter_count] => 722
    [channel_id] => 0
    [statistics_year] => 2016
    [statistics_month] => 12
    [total_income] => 154635
    [give_income] => 16345
    [income] => 138290
    [buckle_income] => 64947
    [createtime] => 2016-12-26 13:49:54
)
661
6611
Array
(
    [sum_total_income] => 154635
    [sum_give_income] => 16345
    [sum_income] => 138290
    [sum_buckle_income] => 66494
)
result=1
7
8
9
book_id=27631
2
3
4
5
Array
(
    [total_income] => 29751
    [income] => 26003
    [give_income] => 3748
    [buckle_income] => 11306
    [buckle_coefficient] => 0.62
)
Array
(
    [book_id] => 27631
    [book_title] => 我的美女姐妹花
    [author_name] => 宁道远
    [word_count] => 2942611
    [chapter_count] => 962
    [channel_id] => 0
    [statistics_day] => 2016-12-18
    [total_income] => 29751
    [give_income] => 3748
    [income] => 26003
    [buckle_income] => 11306
    [buckle_coefficient] => 0.62
    [createtime] => 2016-12-26 13:52:35
)
6
66
Array
(
    [id] => 107
    [book_id] => 27631
    [book_title] => 我的美女姐妹花
    [author_name] => 宁道远
    [word_count] => 2942611
    [chapter_count] => 962
    [channel_id] => 0
    [statistics_year] => 2016
    [statistics_month] => 12
    [total_income] => 29751
    [give_income] => 3748
    [income] => 26003
    [buckle_income] => 10413
    [createtime] => 2016-12-26 13:49:54
)
661
6611
Array
(
    [sum_total_income] => 29751
    [sum_give_income] => 3748
    [sum_income] => 26003
    [sum_buckle_income] => 11306
)
result=1
7
8
9
book_id=27666
2
3
4
5
Array
(
    [total_income] => 1691
    [income] => 1691
    [give_income] => 0
    [buckle_income] => 660
    [buckle_coefficient] => 0.61
)
Array
(
    [book_id] => 27666
    [book_title] => 冰山首席PK替嫁新娘
    [author_name] => 四舍五入
    [word_count] => 2174163
    [chapter_count] => 704
    [channel_id] => 0
    [statistics_day] => 2016-12-18
    [total_income] => 1691
    [give_income] => 0
    [income] => 1691
    [buckle_income] => 660
    [buckle_coefficient] => 0.61
    [createtime] => 2016-12-26 13:52:35
)
6
66
Array
(
    [id] => 108
    [book_id] => 27666
    [book_title] => 冰山首席PK替嫁新娘
    [author_name] => 四舍五入
    [word_count] => 2174163
    [chapter_count] => 704
    [channel_id] => 0
    [statistics_year] => 2016
    [statistics_month] => 12
    [total_income] => 1691
    [give_income] => 0
    [income] => 1691
    [buckle_income] => 694
    [createtime] => 2016-12-26 13:49:54
)
661
6611
Array
(
    [sum_total_income] => 1691
    [sum_give_income] => 0
    [sum_income] => 1691
    [sum_buckle_income] => 660
)
result=1
7
8
9
book_id=27898
2
3
4
5
Array
(
    [total_income] => 22207
    [income] => 20184
    [give_income] => 2023
    [buckle_income] => 7551
    [buckle_coefficient] => 0.66
)
Array
(
    [book_id] => 27898
    [book_title] => 巨枭
    [author_name] => 步非凡
    [word_count] => 1827344
    [chapter_count] => 561
    [channel_id] => 0
    [statistics_day] => 2016-12-18
    [total_income] => 22207
    [give_income] => 2023
    [income] => 20184
    [buckle_income] => 7551
    [buckle_coefficient] => 0.66
    [createtime] => 2016-12-26 13:52:35
)
6
66
Array
(
    [id] => 109
    [book_id] => 27898
    [book_title] => 巨枭
    [author_name] => 步非凡
    [word_count] => 1827344
    [chapter_count] => 561
    [channel_id] => 0
    [statistics_year] => 2016
    [statistics_month] => 12
    [total_income] => 22207
    [give_income] => 2023
    [income] => 20184
    [buckle_income] => 7995
    [createtime] => 2016-12-26 13:49:54
)
661
6611
Array
(
    [sum_total_income] => 22207
    [sum_give_income] => 2023
    [sum_income] => 20184
    [sum_buckle_income] => 7551
)
result=1
7
8
9
book_id=28192
2
3
4
5
Array
(
    [total_income] => 591
    [income] => 431
    [give_income] => 160
    [buckle_income] => 255
    [buckle_coefficient] => 0.57
)
Array
(
    [book_id] => 28192
    [book_title] => 少年魔神
    [author_name] => 周大少
    [word_count] => 5137462
    [chapter_count] => 1634
    [channel_id] => 0
    [statistics_day] => 2016-12-18
    [total_income] => 591
    [give_income] => 160
    [income] => 431
    [buckle_income] => 255
    [buckle_coefficient] => 0.57
    [createtime] => 2016-12-26 13:52:35
)
6
66
Array
(
    [id] => 110
    [book_id] => 28192
    [book_title] => 少年魔神
    [author_name] => 周大少
    [word_count] => 5137462
    [chapter_count] => 1634
    [channel_id] => 0
    [statistics_year] => 2016
    [statistics_month] => 12
    [total_income] => 591
    [give_income] => 160
    [income] => 431
    [buckle_income] => 219
    [createtime] => 2016-12-26 13:49:55
)
661
6611
Array
(
    [sum_total_income] => 591
    [sum_give_income] => 160
    [sum_income] => 431
    [sum_buckle_income] => 255
)
result=1
7
8
9
book_id=28332
2
3
4
5
Array
(
    [total_income] => 12286
    [income] => 9550
    [give_income] => 2736
    [buckle_income] => 4546
    [buckle_coefficient] => 0.63
)
Array
(
    [book_id] => 28332
    [book_title] => 都市寻美记
    [author_name] => 忘记一些
    [word_count] => 2502407
    [chapter_count] => 772
    [channel_id] => 0
    [statistics_day] => 2016-12-18
    [total_income] => 12286
    [give_income] => 2736
    [income] => 9550
    [buckle_income] => 4546
    [buckle_coefficient] => 0.63
    [createtime] => 2016-12-26 13:52:35
)
6
66
Array
(
    [id] => 111
    [book_id] => 28332
    [book_title] => 都市寻美记
    [author_name] => 忘记一些
    [word_count] => 2502407
    [chapter_count] => 772
    [channel_id] => 0
    [statistics_year] => 2016
    [statistics_month] => 12
    [total_income] => 12286
    [give_income] => 2736
    [income] => 9550
    [buckle_income] => 4546
    [createtime] => 2016-12-26 13:49:55
)
661
6611
Array
(
    [sum_total_income] => 12286
    [sum_give_income] => 2736
    [sum_income] => 9550
    [sum_buckle_income] => 4546
)
result=1
7
8
9
book_id=28983
2
3
4
5
Array
(
    [total_income] => 19111
    [income] => 17008
    [give_income] => 2103
    [buckle_income] => 7836
    [buckle_coefficient] => 0.59
)
Array
(
    [book_id] => 28983
    [book_title] => 一夜欢恋：霸上恶首席
    [author_name] => 七喜丸子
    [word_count] => 1476805
    [chapter_count] => 467
    [channel_id] => 0
    [statistics_day] => 2016-12-18
    [total_income] => 19111
    [give_income] => 2103
    [income] => 17008
    [buckle_income] => 7836
    [buckle_coefficient] => 0.59
    [createtime] => 2016-12-26 13:52:36
)
6
66
Array
(
    [id] => 112
    [book_id] => 28983
    [book_title] => 一夜欢恋：霸上恶首席
    [author_name] => 七喜丸子
    [word_count] => 1476805
    [chapter_count] => 467
    [channel_id] => 0
    [statistics_year] => 2016
    [statistics_month] => 12
    [total_income] => 19111
    [give_income] => 2103
    [income] => 17008
    [buckle_income] => 8027
    [createtime] => 2016-12-26 13:49:55
)
661
6611
Array
(
    [sum_total_income] => 19111
    [sum_give_income] => 2103
    [sum_income] => 17008
    [sum_buckle_income] => 7836
)
result=1
7
8
9
book_id=29487
2
3
4
5
Array
(
    [total_income] => 581
    [income] => 581
    [give_income] => 0
    [buckle_income] => 221
    [buckle_coefficient] => 0.62
)
Array
(
    [book_id] => 29487
    [book_title] => 我的妖孽小姨子
    [author_name] => 怒马照云
    [word_count] => 1807159
    [chapter_count] => 567
    [channel_id] => 0
    [statistics_day] => 2016-12-18
    [total_income] => 581
    [give_income] => 0
    [income] => 581
    [buckle_income] => 221
    [buckle_coefficient] => 0.62
    [createtime] => 2016-12-26 13:52:36
)
6
66
Array
(
    [id] => 113
    [book_id] => 29487
    [book_title] => 我的妖孽小姨子
    [author_name] => 怒马照云
    [word_count] => 1807159
    [chapter_count] => 567
    [channel_id] => 0
    [statistics_year] => 2016
    [statistics_month] => 12
    [total_income] => 581
    [give_income] => 0
    [income] => 581
    [buckle_income] => 239
    [createtime] => 2016-12-26 13:49:55
)
661
6611
Array
(
    [sum_total_income] => 581
    [sum_give_income] => 0
    [sum_income] => 581
    [sum_buckle_income] => 221
)
result=1
7
8
9
book_id=29786
2
3
4
5
Array
(
    [total_income] => 9933
    [income] => 8630
    [give_income] => 1303
    [buckle_income] => 4073
    [buckle_coefficient] => 0.59
)
Array
(
    [book_id] => 29786
    [book_title] => 美女公寓
    [author_name] => 明日复明日
    [word_count] => 5244184
    [chapter_count] => 1707
    [channel_id] => 0
    [statistics_day] => 2016-12-18
    [total_income] => 9933
    [give_income] => 1303
    [income] => 8630
    [buckle_income] => 4073
    [buckle_coefficient] => 0.59
    [createtime] => 2016-12-26 13:52:36
)
6
66
Array
(
    [id] => 114
    [book_id] => 29786
    [book_title] => 美女公寓
    [author_name] => 明日复明日
    [word_count] => 5244184
    [chapter_count] => 1707
    [channel_id] => 0
    [statistics_year] => 2016
    [statistics_month] => 12
    [total_income] => 9933
    [give_income] => 1303
    [income] => 8630
    [buckle_income] => 4073
    [createtime] => 2016-12-26 13:49:55
)
661
6611
Array
(
    [sum_total_income] => 9933
    [sum_give_income] => 1303
    [sum_income] => 8630
    [sum_buckle_income] => 4073
)
result=1
7
8
9
book_id=29983
2
3
4
5
Array
(
    [total_income] => 157
    [income] => 157
    [give_income] => 0
    [buckle_income] => 55
    [buckle_coefficient] => 0.65
)
Array
(
    [book_id] => 29983
    [book_title] => 野蛮合租
    [author_name] => 一丝不苟
    [word_count] => 2106695
    [chapter_count] => 682
    [channel_id] => 0
    [statistics_day] => 2016-12-18
    [total_income] => 157
    [give_income] => 0
    [income] => 157
    [buckle_income] => 55
    [buckle_coefficient] => 0.65
    [createtime] => 2016-12-26 13:52:36
)
6
66
Array
(
    [id] => 115
    [book_id] => 29983
    [book_title] => 野蛮合租
    [author_name] => 一丝不苟
    [word_count] => 2106695
    [chapter_count] => 682
    [channel_id] => 0
    [statistics_year] => 2016
    [statistics_month] => 12
    [total_income] => 157
    [give_income] => 0
    [income] => 157
    [buckle_income] => 54
    [createtime] => 2016-12-26 13:49:55
)
661
6611
Array
(
    [sum_total_income] => 157
    [sum_give_income] => 0
    [sum_income] => 157
    [sum_buckle_income] => 55
)
result=1
7
8
9
book_id=30354
2
3
4
5
Array
(
    [total_income] => 1364
    [income] => 1304
    [give_income] => 60
    [buckle_income] => 546
    [buckle_coefficient] => 0.6
)
Array
(
    [book_id] => 30354
    [book_title] => 只手遮天
    [author_name] => 东航
    [word_count] => 1358694
    [chapter_count] => 438
    [channel_id] => 0
    [statistics_day] => 2016-12-18
    [total_income] => 1364
    [give_income] => 60
    [income] => 1304
    [buckle_income] => 546
    [buckle_coefficient] => 0.6
    [createtime] => 2016-12-26 13:52:36
)
6
66
Array
(
    [id] => 116
    [book_id] => 30354
    [book_title] => 只手遮天
    [author_name] => 东航
    [word_count] => 1358694
    [chapter_count] => 438
    [channel_id] => 0
    [statistics_year] => 2016
    [statistics_month] => 12
    [total_income] => 1364
    [give_income] => 60
    [income] => 1304
    [buckle_income] => 464
    [createtime] => 2016-12-26 13:49:55
)
661
6611
Array
(
    [sum_total_income] => 1364
    [sum_give_income] => 60
    [sum_income] => 1304
    [sum_buckle_income] => 546
)
result=1
7
8
9
book_id=30378
2
3
4
5
Array
(
    [total_income] => 1380
    [income] => 816
    [give_income] => 564
    [buckle_income] => 483
    [buckle_coefficient] => 0.65
)
Array
(
    [book_id] => 30378
    [book_title] => 天命邪君
    [author_name] => 紫衣封侯
    [word_count] => 1245680
    [chapter_count] => 395
    [channel_id] => 0
    [statistics_day] => 2016-12-18
    [total_income] => 1380
    [give_income] => 564
    [income] => 816
    [buckle_income] => 483
    [buckle_coefficient] => 0.65
    [createtime] => 2016-12-26 13:52:36
)
6
66
Array
(
    [id] => 117
    [book_id] => 30378
    [book_title] => 天命邪君
    [author_name] => 紫衣封侯
    [word_count] => 1245680
    [chapter_count] => 395
    [channel_id] => 0
    [statistics_year] => 2016
    [statistics_month] => 12
    [total_income] => 1380
    [give_income] => 564
    [income] => 816
    [buckle_income] => 580
    [createtime] => 2016-12-26 13:49:55
)
661
6611
Array
(
    [sum_total_income] => 1380
    [sum_give_income] => 564
    [sum_income] => 816
    [sum_buckle_income] => 483
)
result=1
7
8
9
book_id=30741
2
3
4
5
Array
(
    [total_income] => 44
    [income] => 44
    [give_income] => 0
    [buckle_income] => 19
    [buckle_coefficient] => 0.58
)
Array
(
    [book_id] => 30741
    [book_title] => 野店
    [author_name] => 闻松听涛
    [word_count] => 2262234
    [chapter_count] => 728
    [channel_id] => 0
    [statistics_day] => 2016-12-18
    [total_income] => 44
    [give_income] => 0
    [income] => 44
    [buckle_income] => 19
    [buckle_coefficient] => 0.58
    [createtime] => 2016-12-26 13:52:36
)
6
66
Array
(
    [id] => 118
    [book_id] => 30741
    [book_title] => 野店
    [author_name] => 闻松听涛
    [word_count] => 2262234
    [chapter_count] => 728
    [channel_id] => 0
    [statistics_year] => 2016
    [statistics_month] => 12
    [total_income] => 44
    [give_income] => 0
    [income] => 44
    [buckle_income] => 20
    [createtime] => 2016-12-26 13:49:55
)
661
6611
Array
(
    [sum_total_income] => 44
    [sum_give_income] => 0
    [sum_income] => 44
    [sum_buckle_income] => 19
)
result=1
7
8
9
book_id=30997
2
3
4
5
Array
(
    [total_income] => 22682
    [income] => 20984
    [give_income] => 1698
    [buckle_income] => 10207
    [buckle_coefficient] => 0.55
)
Array
(
    [book_id] => 30997
    [book_title] => 御用特工
    [author_name] => 花生是米
    [word_count] => 5664525
    [chapter_count] => 2038
    [channel_id] => 0
    [statistics_day] => 2016-12-18
    [total_income] => 22682
    [give_income] => 1698
    [income] => 20984
    [buckle_income] => 10207
    [buckle_coefficient] => 0.55
    [createtime] => 2016-12-26 13:52:36
)
6
66
Array
(
    [id] => 119
    [book_id] => 30997
    [book_title] => 御用特工
    [author_name] => 花生是米
    [word_count] => 5664525
    [chapter_count] => 2038
    [channel_id] => 0
    [statistics_year] => 2016
    [statistics_month] => 12
    [total_income] => 22682
    [give_income] => 1698
    [income] => 20984
    [buckle_income] => 8846
    [createtime] => 2016-12-26 13:49:56
)
661
6611
Array
(
    [sum_total_income] => 22682
    [sum_give_income] => 1698
    [sum_income] => 20984
    [sum_buckle_income] => 10207
)
result=1
7
8
9
book_id=31272
2
3
4
5
Array
(
    [total_income] => 959
    [income] => 959
    [give_income] => 0
    [buckle_income] => 327
    [buckle_coefficient] => 0.66
)
Array
(
    [book_id] => 31272
    [book_title] => 养个猫妖当老婆
    [author_name] => 茶楼小二
    [word_count] => 1650518
    [chapter_count] => 534
    [channel_id] => 0
    [statistics_day] => 2016-12-18
    [total_income] => 959
    [give_income] => 0
    [income] => 959
    [buckle_income] => 327
    [buckle_coefficient] => 0.66
    [createtime] => 2016-12-26 13:52:36
)
6
66
Array
(
    [id] => 120
    [book_id] => 31272
    [book_title] => 养个猫妖当老婆
    [author_name] => 茶楼小二
    [word_count] => 1650518
    [chapter_count] => 534
    [channel_id] => 0
    [statistics_year] => 2016
    [statistics_month] => 12
    [total_income] => 959
    [give_income] => 0
    [income] => 959
    [buckle_income] => 432
    [createtime] => 2016-12-26 13:49:56
)
661
6611
Array
(
    [sum_total_income] => 959
    [sum_give_income] => 0
    [sum_income] => 959
    [sum_buckle_income] => 327
)
result=1
7
8
9
book_id=31666
2
3
4
5
Array
(
    [total_income] => 1359
    [income] => 975
    [give_income] => 384
    [buckle_income] => 558
    [buckle_coefficient] => 0.59
)
Array
(
    [book_id] => 31666
    [book_title] => 魔仙弑神
    [author_name] => 冷光月
    [word_count] => 3859190
    [chapter_count] => 1253
    [channel_id] => 0
    [statistics_day] => 2016-12-18
    [total_income] => 1359
    [give_income] => 384
    [income] => 975
    [buckle_income] => 558
    [buckle_coefficient] => 0.59
    [createtime] => 2016-12-26 13:52:36
)
6
66
Array
(
    [id] => 121
    [book_id] => 31666
    [book_title] => 魔仙弑神
    [author_name] => 冷光月
    [word_count] => 3859190
    [chapter_count] => 1253
    [channel_id] => 0
    [statistics_year] => 2016
    [statistics_month] => 12
    [total_income] => 1359
    [give_income] => 384
    [income] => 975
    [buckle_income] => 612
    [createtime] => 2016-12-26 13:49:56
)
661
6611
Array
(
    [sum_total_income] => 1359
    [sum_give_income] => 384
    [sum_income] => 975
    [sum_buckle_income] => 558
)
result=1
7
8
9
book_id=31769
2
3
4
5
Array
(
    [total_income] => 9654
    [income] => 8558
    [give_income] => 1096
    [buckle_income] => 3862
    [buckle_coefficient] => 0.6
)
Array
(
    [book_id] => 31769
    [book_title] => 神控天下
    [author_name] => 我本纯洁
    [word_count] => 5418640
    [chapter_count] => 1746
    [channel_id] => 0
    [statistics_day] => 2016-12-18
    [total_income] => 9654
    [give_income] => 1096
    [income] => 8558
    [buckle_income] => 3862
    [buckle_coefficient] => 0.6
    [createtime] => 2016-12-26 13:52:37
)
6
66
Array
(
    [id] => 122
    [book_id] => 31769
    [book_title] => 神控天下
    [author_name] => 我本纯洁
    [word_count] => 5418640
    [chapter_count] => 1746
    [channel_id] => 0
    [statistics_year] => 2016
    [statistics_month] => 12
    [total_income] => 9654
    [give_income] => 1096
    [income] => 8558
    [buckle_income] => 4055
    [createtime] => 2016-12-26 13:49:56
)
661
6611
Array
(
    [sum_total_income] => 9654
    [sum_give_income] => 1096
    [sum_income] => 8558
    [sum_buckle_income] => 3862
)
result=1
7
8
9
book_id=37234
2
3
4
5
Array
(
    [total_income] => 16
    [income] => 16
    [give_income] => 0
    [buckle_income] => 10
    [buckle_coefficient] => 0.39
)
Array
(
    [book_id] => 37234
    [book_title] => 灵怪笔录
    [author_name] => 染血鬼手
    [word_count] => 1962544
    [chapter_count] => 704
    [channel_id] => 0
    [statistics_day] => 2016-12-18
    [total_income] => 16
    [give_income] => 0
    [income] => 16
    [buckle_income] => 10
    [buckle_coefficient] => 0.39
    [createtime] => 2016-12-26 13:52:37
)
6
66
Array
(
    [id] => 123
    [book_id] => 37234
    [book_title] => 灵怪笔录
    [author_name] => 染血鬼手
    [word_count] => 1962544
    [chapter_count] => 704
    [channel_id] => 0
    [statistics_year] => 2016
    [statistics_month] => 12
    [total_income] => 16
    [give_income] => 0
    [income] => 16
    [buckle_income] => 11
    [createtime] => 2016-12-26 13:49:56
)
661
6611
Array
(
    [sum_total_income] => 16
    [sum_give_income] => 0
    [sum_income] => 16
    [sum_buckle_income] => 10
)
result=1
7
8
9
book_id=37501
2
3
4
5
Array
(
    [total_income] => 1927
    [income] => 1927
    [give_income] => 0
    [buckle_income] => 829
    [buckle_coefficient] => 0.57
)
Array
(
    [book_id] => 37501
    [book_title] => 贴身妖孽
    [author_name] => 唐箫
    [word_count] => 2273678
    [chapter_count] => 730
    [channel_id] => 0
    [statistics_day] => 2016-12-18
    [total_income] => 1927
    [give_income] => 0
    [income] => 1927
    [buckle_income] => 829
    [buckle_coefficient] => 0.57
    [createtime] => 2016-12-26 13:52:37
)
6
66
Array
(
    [id] => 124
    [book_id] => 37501
    [book_title] => 贴身妖孽
    [author_name] => 唐箫
    [word_count] => 2273678
    [chapter_count] => 730
    [channel_id] => 0
    [statistics_year] => 2016
    [statistics_month] => 12
    [total_income] => 1927
    [give_income] => 0
    [income] => 1927
    [buckle_income] => 733
    [createtime] => 2016-12-26 13:49:56
)
661
6611
Array
(
    [sum_total_income] => 1927
    [sum_give_income] => 0
    [sum_income] => 1927
    [sum_buckle_income] => 829
)
result=1
7
8
9
book_id=37882
2
3
4
5
Array
(
    [total_income] => 304
    [income] => 304
    [give_income] => 0
    [buckle_income] => 137
    [buckle_coefficient] => 0.55
)
Array
(
    [book_id] => 37882
    [book_title] => 血狼
    [author_name] => 我爱123
    [word_count] => 1203725
    [chapter_count] => 366
    [channel_id] => 0
    [statistics_day] => 2016-12-18
    [total_income] => 304
    [give_income] => 0
    [income] => 304
    [buckle_income] => 137
    [buckle_coefficient] => 0.55
    [createtime] => 2016-12-26 13:52:37
)
6
66
Array
(
    [id] => 125
    [book_id] => 37882
    [book_title] => 血狼
    [author_name] => 我爱123
    [word_count] => 1203725
    [chapter_count] => 366
    [channel_id] => 0
    [statistics_year] => 2016
    [statistics_month] => 12
    [total_income] => 304
    [give_income] => 0
    [income] => 304
    [buckle_income] => 119
    [createtime] => 2016-12-26 13:49:57
)
661
6611
Array
(
    [sum_total_income] => 304
    [sum_give_income] => 0
    [sum_income] => 304
    [sum_buckle_income] => 137
)
result=1
7
8
9
book_id=38438
2
3
4
5
Array
(
    [total_income] => 361
    [income] => 226
    [give_income] => 135
    [buckle_income] => 156
    [buckle_coefficient] => 0.57
)
Array
(
    [book_id] => 38438
    [book_title] => 狂仙弑神
    [author_name] => 泪似雨
    [word_count] => 1825576
    [chapter_count] => 594
    [channel_id] => 0
    [statistics_day] => 2016-12-18
    [total_income] => 361
    [give_income] => 135
    [income] => 226
    [buckle_income] => 156
    [buckle_coefficient] => 0.57
    [createtime] => 2016-12-26 13:52:37
)
6
66
Array
(
    [id] => 126
    [book_id] => 38438
    [book_title] => 狂仙弑神
    [author_name] => 泪似雨
    [word_count] => 1825576
    [chapter_count] => 594
    [channel_id] => 0
    [statistics_year] => 2016
    [statistics_month] => 12
    [total_income] => 361
    [give_income] => 135
    [income] => 226
    [buckle_income] => 152
    [createtime] => 2016-12-26 13:49:57
)
661
6611
Array
(
    [sum_total_income] => 361
    [sum_give_income] => 135
    [sum_income] => 226
    [sum_buckle_income] => 156
)
result=1
7
8
9
book_id=38756
2
3
4
5
Array
(
    [total_income] => 2581
    [income] => 1895
    [give_income] => 686
    [buckle_income] => 878
    [buckle_coefficient] => 0.66
)
Array
(
    [book_id] => 38756
    [book_title] => 楼兰诅咒
    [author_name] => 千羽兮
    [word_count] => 1097023
    [chapter_count] => 350
    [channel_id] => 0
    [statistics_day] => 2016-12-18
    [total_income] => 2581
    [give_income] => 686
    [income] => 1895
    [buckle_income] => 878
    [buckle_coefficient] => 0.66
    [createtime] => 2016-12-26 13:52:37
)
6
66
Array
(
    [id] => 127
    [book_id] => 38756
    [book_title] => 楼兰诅咒
    [author_name] => 千羽兮
    [word_count] => 1097023
    [chapter_count] => 350
    [channel_id] => 0
    [statistics_year] => 2016
    [statistics_month] => 12
    [total_income] => 2581
    [give_income] => 686
    [income] => 1895
    [buckle_income] => 1136
    [createtime] => 2016-12-26 13:49:57
)
661
6611
Array
(
    [sum_total_income] => 2581
    [sum_give_income] => 686
    [sum_income] => 1895
    [sum_buckle_income] => 878
)
result=1
7
8
9
book_id=40058
2
3
4
5
Array
(
    [total_income] => 2845
    [income] => 2785
    [give_income] => 60
    [buckle_income] => 1281
    [buckle_coefficient] => 0.55
)
Array
(
    [book_id] => 40058
    [book_title] => 校花的极品保镖
    [author_name] => 军用刺刀
    [word_count] => 862585
    [chapter_count] => 282
    [channel_id] => 0
    [statistics_day] => 2016-12-18
    [total_income] => 2845
    [give_income] => 60
    [income] => 2785
    [buckle_income] => 1281
    [buckle_coefficient] => 0.55
    [createtime] => 2016-12-26 13:52:37
)
6
66
Array
(
    [id] => 128
    [book_id] => 40058
    [book_title] => 校花的极品保镖
    [author_name] => 军用刺刀
    [word_count] => 862585
    [chapter_count] => 282
    [channel_id] => 0
    [statistics_year] => 2016
    [statistics_month] => 12
    [total_income] => 2845
    [give_income] => 60
    [income] => 2785
    [buckle_income] => 1281
    [createtime] => 2016-12-26 13:49:57
)
661
6611
Array
(
    [sum_total_income] => 2845
    [sum_give_income] => 60
    [sum_income] => 2785
    [sum_buckle_income] => 1281
)
result=1
7
8
9
book_id=42360
2
3
4
5
Array
(
    [total_income] => 6945
    [income] => 6199
    [give_income] => 746
    [buckle_income] => 2709
    [buckle_coefficient] => 0.61
)
Array
(
    [book_id] => 42360
    [book_title] => 医世无双
    [author_name] => 夏一流
    [word_count] => 4315367
    [chapter_count] => 1493
    [channel_id] => 0
    [statistics_day] => 2016-12-18
    [total_income] => 6945
    [give_income] => 746
    [income] => 6199
    [buckle_income] => 2709
    [buckle_coefficient] => 0.61
    [createtime] => 2016-12-26 13:52:37
)
6
66
Array
(
    [id] => 129
    [book_id] => 42360
    [book_title] => 医世无双
    [author_name] => 夏一流
    [word_count] => 4315367
    [chapter_count] => 1493
    [channel_id] => 0
    [statistics_year] => 2016
    [statistics_month] => 12
    [total_income] => 6945
    [give_income] => 746
    [income] => 6199
    [buckle_income] => 2431
    [createtime] => 2016-12-26 13:49:57
)
661
6611
Array
(
    [sum_total_income] => 6945
    [sum_give_income] => 746
    [sum_income] => 6199
    [sum_buckle_income] => 2709
)
result=1
7
8
9
book_id=43896
2
3
4
5
Array
(
    [total_income] => 11103
    [income] => 10176
    [give_income] => 927
    [buckle_income] => 3998
    [buckle_coefficient] => 0.64
)
Array
(
    [book_id] => 43896
    [book_title] => 我的美女养成计划
    [author_name] => 一言生死与卿同
    [word_count] => 976172
    [chapter_count] => 314
    [channel_id] => 0
    [statistics_day] => 2016-12-18
    [total_income] => 11103
    [give_income] => 927
    [income] => 10176
    [buckle_income] => 3998
    [buckle_coefficient] => 0.64
    [createtime] => 2016-12-26 13:52:37
)
6
66
Array
(
    [id] => 130
    [book_id] => 43896
    [book_title] => 我的美女养成计划
    [author_name] => 一言生死与卿同
    [word_count] => 976172
    [chapter_count] => 314
    [channel_id] => 0
    [statistics_year] => 2016
    [statistics_month] => 12
    [total_income] => 11103
    [give_income] => 927
    [income] => 10176
    [buckle_income] => 4775
    [createtime] => 2016-12-26 13:49:57
)
661
6611
Array
(
    [sum_total_income] => 11103
    [sum_give_income] => 927
    [sum_income] => 10176
    [sum_buckle_income] => 3998
)
result=1
7
8
9
book_id=45010
2
3
4
5
Array
(
    [total_income] => 13405
    [income] => 12460
    [give_income] => 945
    [buckle_income] => 5765
    [buckle_coefficient] => 0.57
)
Array
(
    [book_id] => 45010
    [book_title] => 极品老板娘
    [author_name] => 杨老三
    [word_count] => 3522225
    [chapter_count] => 1211
    [channel_id] => 0
    [statistics_day] => 2016-12-18
    [total_income] => 13405
    [give_income] => 945
    [income] => 12460
    [buckle_income] => 5765
    [buckle_coefficient] => 0.57
    [createtime] => 2016-12-26 13:52:37
)
6
66
Array
(
    [id] => 131
    [book_id] => 45010
    [book_title] => 极品老板娘
    [author_name] => 杨老三
    [word_count] => 3522225
    [chapter_count] => 1211
    [channel_id] => 0
    [statistics_year] => 2016
    [statistics_month] => 12
    [total_income] => 13405
    [give_income] => 945
    [income] => 12460
    [buckle_income] => 6033
    [createtime] => 2016-12-26 13:49:57
)
661
6611
Array
(
    [sum_total_income] => 13405
    [sum_give_income] => 945
    [sum_income] => 12460
    [sum_buckle_income] => 5765
)
result=1
7
8
9
book_id=46868
2
3
4
5
Array
(
    [total_income] => 185
    [income] => 25
    [give_income] => 160
    [buckle_income] => 78
    [buckle_coefficient] => 0.58
)
Array
(
    [book_id] => 46868
    [book_title] => 盛宠小辣妈
    [author_name] => 七喜丸子
    [word_count] => 900805
    [chapter_count] => 462
    [channel_id] => 0
    [statistics_day] => 2016-12-18
    [total_income] => 185
    [give_income] => 160
    [income] => 25
    [buckle_income] => 78
    [buckle_coefficient] => 0.58
    [createtime] => 2016-12-26 13:52:37
)
6
66
Array
(
    [id] => 132
    [book_id] => 46868
    [book_title] => 盛宠小辣妈
    [author_name] => 七喜丸子
    [word_count] => 900805
    [chapter_count] => 462
    [channel_id] => 0
    [statistics_year] => 2016
    [statistics_month] => 12
    [total_income] => 185
    [give_income] => 160
    [income] => 25
    [buckle_income] => 80
    [createtime] => 2016-12-26 13:49:57
)
661
6611
Array
(
    [sum_total_income] => 185
    [sum_give_income] => 160
    [sum_income] => 25
    [sum_buckle_income] => 78
)
result=1
7
8
9
book_id=46983
2
3
4
5
Array
(
    [total_income] => 2757
    [income] => 2341
    [give_income] => 416
    [buckle_income] => 993
    [buckle_coefficient] => 0.64
)
Array
(
    [book_id] => 46983
    [book_title] => 偷心攻略
    [author_name] => 粘叶不湿身
    [word_count] => 1367768
    [chapter_count] => 407
    [channel_id] => 0
    [statistics_day] => 2016-12-18
    [total_income] => 2757
    [give_income] => 416
    [income] => 2341
    [buckle_income] => 993
    [buckle_coefficient] => 0.64
    [createtime] => 2016-12-26 13:52:38
)
6
66
Array
(
    [id] => 133
    [book_id] => 46983
    [book_title] => 偷心攻略
    [author_name] => 粘叶不湿身
    [word_count] => 1367768
    [chapter_count] => 407
    [channel_id] => 0
    [statistics_year] => 2016
    [statistics_month] => 12
    [total_income] => 2757
    [give_income] => 416
    [income] => 2341
    [buckle_income] => 993
    [createtime] => 2016-12-26 13:49:57
)
661
6611
Array
(
    [sum_total_income] => 2757
    [sum_give_income] => 416
    [sum_income] => 2341
    [sum_buckle_income] => 993
)
result=1
7
8
9
book_id=47062
2
3
4
5
Array
(
    [total_income] => 561
    [income] => 561
    [give_income] => 0
    [buckle_income] => 197
    [buckle_coefficient] => 0.65
)
Array
(
    [book_id] => 47062
    [book_title] => 本宫很狂很低调
    [author_name] => 盛瑟王子
    [word_count] => 1300695
    [chapter_count] => 549
    [channel_id] => 0
    [statistics_day] => 2016-12-18
    [total_income] => 561
    [give_income] => 0
    [income] => 561
    [buckle_income] => 197
    [buckle_coefficient] => 0.65
    [createtime] => 2016-12-26 13:52:38
)
6
66
Array
(
    [id] => 134
    [book_id] => 47062
    [book_title] => 本宫很狂很低调
    [author_name] => 盛瑟王子
    [word_count] => 1300695
    [chapter_count] => 549
    [channel_id] => 0
    [statistics_year] => 2016
    [statistics_month] => 12
    [total_income] => 561
    [give_income] => 0
    [income] => 561
    [buckle_income] => 253
    [createtime] => 2016-12-26 13:49:57
)
661
6611
Array
(
    [sum_total_income] => 561
    [sum_give_income] => 0
    [sum_income] => 561
    [sum_buckle_income] => 197
)
result=1
7
8
9
book_id=47398
2
3
4
5
Array
(
    [total_income] => 18998
    [income] => 17569
    [give_income] => 1429
    [buckle_income] => 7410
    [buckle_coefficient] => 0.61
)
Array
(
    [book_id] => 47398
    [book_title] => 妙手狂医
    [author_name] => 大肚鱼
    [word_count] => 5378544
    [chapter_count] => 1726
    [channel_id] => 0
    [statistics_day] => 2016-12-18
    [total_income] => 18998
    [give_income] => 1429
    [income] => 17569
    [buckle_income] => 7410
    [buckle_coefficient] => 0.61
    [createtime] => 2016-12-26 13:52:38
)
6
66
Array
(
    [id] => 135
    [book_id] => 47398
    [book_title] => 妙手狂医
    [author_name] => 大肚鱼
    [word_count] => 5378544
    [chapter_count] => 1726
    [channel_id] => 0
    [statistics_year] => 2016
    [statistics_month] => 12
    [total_income] => 18998
    [give_income] => 1429
    [income] => 17569
    [buckle_income] => 7030
    [createtime] => 2016-12-26 13:49:58
)
661
6611
Array
(
    [sum_total_income] => 18998
    [sum_give_income] => 1429
    [sum_income] => 17569
    [sum_buckle_income] => 7410
)
result=1
7
8
9
book_id=48522
2
3
4
5
Array
(
    [total_income] => 13346
    [income] => 11606
    [give_income] => 1740
    [buckle_income] => 5472
    [buckle_coefficient] => 0.59
)
Array
(
    [book_id] => 48522
    [book_title] => 凤唳九天
    [author_name] => 晓云
    [word_count] => 1573469
    [chapter_count] => 666
    [channel_id] => 0
    [statistics_day] => 2016-12-18
    [total_income] => 13346
    [give_income] => 1740
    [income] => 11606
    [buckle_income] => 5472
    [buckle_coefficient] => 0.59
    [createtime] => 2016-12-26 13:52:38
)
6
66
Array
(
    [id] => 136
    [book_id] => 48522
    [book_title] => 凤唳九天
    [author_name] => 晓云
    [word_count] => 1573469
    [chapter_count] => 666
    [channel_id] => 0
    [statistics_year] => 2016
    [statistics_month] => 12
    [total_income] => 13346
    [give_income] => 1740
    [income] => 11606
    [buckle_income] => 5205
    [createtime] => 2016-12-26 13:49:58
)
661
6611
Array
(
    [sum_total_income] => 13346
    [sum_give_income] => 1740
    [sum_income] => 11606
    [sum_buckle_income] => 5472
)
result=1
7
8
9
book_id=48826
2
3
4
5
Array
(
    [total_income] => 610
    [income] => 520
    [give_income] => 90
    [buckle_income] => 275
    [buckle_coefficient] => 0.55
)
Array
(
    [book_id] => 48826
    [book_title] => 都市特种兵
    [author_name] => 无冬夜
    [word_count] => 5926348
    [chapter_count] => 2177
    [channel_id] => 0
    [statistics_day] => 2016-12-18
    [total_income] => 610
    [give_income] => 90
    [income] => 520
    [buckle_income] => 275
    [buckle_coefficient] => 0.55
    [createtime] => 2016-12-26 13:52:38
)
6
66
Array
(
    [id] => 137
    [book_id] => 48826
    [book_title] => 都市特种兵
    [author_name] => 无冬夜
    [word_count] => 5926348
    [chapter_count] => 2177
    [channel_id] => 0
    [statistics_year] => 2016
    [statistics_month] => 12
    [total_income] => 610
    [give_income] => 90
    [income] => 520
    [buckle_income] => 257
    [createtime] => 2016-12-26 13:49:58
)
661
6611
Array
(
    [sum_total_income] => 610
    [sum_give_income] => 90
    [sum_income] => 520
    [sum_buckle_income] => 275
)
result=1
7
8
9
book_id=49451
2
3
4
5
Array
(
    [total_income] => 9708
    [income] => 7864
    [give_income] => 1844
    [buckle_income] => 4272
    [buckle_coefficient] => 0.56
)
Array
(
    [book_id] => 49451
    [book_title] => 暗夜绝宠
    [author_name] => 齐成琨
    [word_count] => 1153586
    [chapter_count] => 532
    [channel_id] => 0
    [statistics_day] => 2016-12-18
    [total_income] => 9708
    [give_income] => 1844
    [income] => 7864
    [buckle_income] => 4272
    [buckle_coefficient] => 0.56
    [createtime] => 2016-12-26 13:52:38
)
6
66
Array
(
    [id] => 138
    [book_id] => 49451
    [book_title] => 暗夜绝宠
    [author_name] => 齐成琨
    [word_count] => 1153586
    [chapter_count] => 532
    [channel_id] => 0
    [statistics_year] => 2016
    [statistics_month] => 12
    [total_income] => 9708
    [give_income] => 1844
    [income] => 7864
    [buckle_income] => 3787
    [createtime] => 2016-12-26 13:49:58
)
661
6611
Array
(
    [sum_total_income] => 9708
    [sum_give_income] => 1844
    [sum_income] => 7864
    [sum_buckle_income] => 4272
)
result=1
7
8
9
book_id=50260
2
3
4
5
Array
(
    [total_income] => 19381
    [income] => 17745
    [give_income] => 1636
    [buckle_income] => 6784
    [buckle_coefficient] => 0.65
)
Array
(
    [book_id] => 50260
    [book_title] => 步步青云
    [author_name] => 飘逸居士
    [word_count] => 3142546
    [chapter_count] => 1163
    [channel_id] => 0
    [statistics_day] => 2016-12-18
    [total_income] => 19381
    [give_income] => 1636
    [income] => 17745
    [buckle_income] => 6784
    [buckle_coefficient] => 0.65
    [createtime] => 2016-12-26 13:52:38
)
6
66
Array
(
    [id] => 139
    [book_id] => 50260
    [book_title] => 步步青云
    [author_name] => 飘逸居士
    [word_count] => 3142546
    [chapter_count] => 1163
    [channel_id] => 0
    [statistics_year] => 2016
    [statistics_month] => 12
    [total_income] => 19381
    [give_income] => 1636
    [income] => 17745
    [buckle_income] => 6784
    [createtime] => 2016-12-26 13:49:58
)
661
6611
Array
(
    [sum_total_income] => 19381
    [sum_give_income] => 1636
    [sum_income] => 17745
    [sum_buckle_income] => 6784
)
result=1
7
8
9
book_id=50701
2
3
4
5
Array
(
    [total_income] => 1301
    [income] => 1301
    [give_income] => 0
    [buckle_income] => 443
    [buckle_coefficient] => 0.66
)
Array
(
    [book_id] => 50701
    [book_title] => 枕上婚爱
    [author_name] => 微凉
    [word_count] => 2051551
    [chapter_count] => 621
    [channel_id] => 0
    [statistics_day] => 2016-12-18
    [total_income] => 1301
    [give_income] => 0
    [income] => 1301
    [buckle_income] => 443
    [buckle_coefficient] => 0.66
    [createtime] => 2016-12-26 13:52:39
)
6
66
Array
(
    [id] => 140
    [book_id] => 50701
    [book_title] => 枕上婚爱
    [author_name] => 微凉
    [word_count] => 2051551
    [chapter_count] => 621
    [channel_id] => 0
    [statistics_year] => 2016
    [statistics_month] => 12
    [total_income] => 1301
    [give_income] => 0
    [income] => 1301
    [buckle_income] => 573
    [createtime] => 2016-12-26 13:49:59
)
661
6611
Array
(
    [sum_total_income] => 1301
    [sum_give_income] => 0
    [sum_income] => 1301
    [sum_buckle_income] => 443
)
result=1
7
8
9
book_id=50764
2
3
4
5
Array
(
    [total_income] => 5902
    [income] => 4950
    [give_income] => 952
    [buckle_income] => 2420
    [buckle_coefficient] => 0.59
)
Array
(
    [book_id] => 50764
    [book_title] => 凤霸天下：狼皇警妃
    [author_name] => 紫苏1
    [word_count] => 738021
    [chapter_count] => 221
    [channel_id] => 0
    [statistics_day] => 2016-12-18
    [total_income] => 5902
    [give_income] => 952
    [income] => 4950
    [buckle_income] => 2420
    [buckle_coefficient] => 0.59
    [createtime] => 2016-12-26 13:52:39
)
6
66
Array
(
    [id] => 141
    [book_id] => 50764
    [book_title] => 凤霸天下：狼皇警妃
    [author_name] => 紫苏1
    [word_count] => 738021
    [chapter_count] => 221
    [channel_id] => 0
    [statistics_year] => 2016
    [statistics_month] => 12
    [total_income] => 5902
    [give_income] => 952
    [income] => 4950
    [buckle_income] => 2479
    [createtime] => 2016-12-26 13:49:59
)
661
6611
Array
(
    [sum_total_income] => 5902
    [sum_give_income] => 952
    [sum_income] => 4950
    [sum_buckle_income] => 2420
)
result=1
7
8
9
book_id=51564
2
3
4
5
Array
(
    [total_income] => 2652
    [income] => 2652
    [give_income] => 0
    [buckle_income] => 1008
    [buckle_coefficient] => 0.62
)
Array
(
    [book_id] => 51564
    [book_title] => 女总裁的全能保镖
    [author_name] => 桃子卖没了
    [word_count] => 1599549
    [chapter_count] => 501
    [channel_id] => 0
    [statistics_day] => 2016-12-18
    [total_income] => 2652
    [give_income] => 0
    [income] => 2652
    [buckle_income] => 1008
    [buckle_coefficient] => 0.62
    [createtime] => 2016-12-26 13:52:39
)
6
66
Array
(
    [id] => 142
    [book_id] => 51564
    [book_title] => 女总裁的全能保镖
    [author_name] => 桃子卖没了
    [word_count] => 1599549
    [chapter_count] => 501
    [channel_id] => 0
    [statistics_year] => 2016
    [statistics_month] => 12
    [total_income] => 2652
    [give_income] => 0
    [income] => 2652
    [buckle_income] => 1008
    [createtime] => 2016-12-26 13:49:59
)
661
6611
Array
(
    [sum_total_income] => 2652
    [sum_give_income] => 0
    [sum_income] => 2652
    [sum_buckle_income] => 1008
)
result=1
7
8
9
book_id=52572
2
3
4
5
Array
(
    [total_income] => 53400
    [income] => 48089
    [give_income] => 5311
    [buckle_income] => 21894
    [buckle_coefficient] => 0.59
)
Array
(
    [book_id] => 52572
    [book_title] => 绝品透视
    [author_name] => 小妖
    [word_count] => 4110776
    [chapter_count] => 1478
    [channel_id] => 0
    [statistics_day] => 2016-12-18
    [total_income] => 53400
    [give_income] => 5311
    [income] => 48089
    [buckle_income] => 21894
    [buckle_coefficient] => 0.59
    [createtime] => 2016-12-26 13:52:40
)
6
66
Array
(
    [id] => 143
    [book_id] => 52572
    [book_title] => 绝品透视
    [author_name] => 小妖
    [word_count] => 4110776
    [chapter_count] => 1478
    [channel_id] => 0
    [statistics_year] => 2016
    [statistics_month] => 12
    [total_income] => 53400
    [give_income] => 5311
    [income] => 48089
    [buckle_income] => 21360
    [createtime] => 2016-12-26 13:50:00
)
661
6611
Array
(
    [sum_total_income] => 53400
    [sum_give_income] => 5311
    [sum_income] => 48089
    [sum_buckle_income] => 21894
)
result=1
7
8
9
book_id=52622
2
3
4
5
Array
(
    [total_income] => 10096
    [income] => 8116
    [give_income] => 1980
    [buckle_income] => 3433
    [buckle_coefficient] => 0.66
)
Array
(
    [book_id] => 52622
    [book_title] => 顾少的二婚新娘
    [author_name] => 南洛
    [word_count] => 708053
    [chapter_count] => 319
    [channel_id] => 0
    [statistics_day] => 2016-12-18
    [total_income] => 10096
    [give_income] => 1980
    [income] => 8116
    [buckle_income] => 3433
    [buckle_coefficient] => 0.66
    [createtime] => 2016-12-26 13:52:40
)
6
66
Array
(
    [id] => 144
    [book_id] => 52622
    [book_title] => 顾少的二婚新娘
    [author_name] => 南洛
    [word_count] => 708053
    [chapter_count] => 319
    [channel_id] => 0
    [statistics_year] => 2016
    [statistics_month] => 12
    [total_income] => 10096
    [give_income] => 1980
    [income] => 8116
    [buckle_income] => 3837
    [createtime] => 2016-12-26 13:50:00
)
661
6611
Array
(
    [sum_total_income] => 10096
    [sum_give_income] => 1980
    [sum_income] => 8116
    [sum_buckle_income] => 3433
)
result=1
7
8
9
book_id=53049
2
3
4
5
Array
(
    [total_income] => 739
    [income] => 650
    [give_income] => 89
    [buckle_income] => 252
    [buckle_coefficient] => 0.66
)
Array
(
    [book_id] => 53049
    [book_title] => 护花强男
    [author_name] => 风中的阳光
    [word_count] => 299491
    [chapter_count] => 103
    [channel_id] => 0
    [statistics_day] => 2016-12-18
    [total_income] => 739
    [give_income] => 89
    [income] => 650
    [buckle_income] => 252
    [buckle_coefficient] => 0.66
    [createtime] => 2016-12-26 13:52:40
)
6
66
Array
(
    [id] => 145
    [book_id] => 53049
    [book_title] => 护花强男
    [author_name] => 风中的阳光
    [word_count] => 299491
    [chapter_count] => 103
    [channel_id] => 0
    [statistics_year] => 2016
    [statistics_month] => 12
    [total_income] => 739
    [give_income] => 89
    [income] => 650
    [buckle_income] => 252
    [createtime] => 2016-12-26 13:50:00
)
661
6611
Array
(
    [sum_total_income] => 739
    [sum_give_income] => 89
    [sum_income] => 650
    [sum_buckle_income] => 252
)
result=1
7
8
9
book_id=53061
2
3
4
5
Array
(
    [total_income] => 1403
    [income] => 1403
    [give_income] => 0
    [buckle_income] => 604
    [buckle_coefficient] => 0.57
)
Array
(
    [book_id] => 53061
    [book_title] => 试爱萌妻
    [author_name] => 秋如水
    [word_count] => 1614741
    [chapter_count] => 708
    [channel_id] => 0
    [statistics_day] => 2016-12-18
    [total_income] => 1403
    [give_income] => 0
    [income] => 1403
    [buckle_income] => 604
    [buckle_coefficient] => 0.57
    [createtime] => 2016-12-26 13:52:40
)
6
66
Array
(
    [id] => 146
    [book_id] => 53061
    [book_title] => 试爱萌妻
    [author_name] => 秋如水
    [word_count] => 1614741
    [chapter_count] => 708
    [channel_id] => 0
    [statistics_year] => 2016
    [statistics_month] => 12
    [total_income] => 1403
    [give_income] => 0
    [income] => 1403
    [buckle_income] => 576
    [createtime] => 2016-12-26 13:50:00
)
661
6611
Array
(
    [sum_total_income] => 1403
    [sum_give_income] => 0
    [sum_income] => 1403
    [sum_buckle_income] => 604
)
result=1
7
8
9
book_id=53078
2
3
4
5
Array
(
    [total_income] => 3589
    [income] => 3208
    [give_income] => 381
    [buckle_income] => 1472
    [buckle_coefficient] => 0.59
)
Array
(
    [book_id] => 53078
    [book_title] => 驭兽魔后
    [author_name] => 冰山
    [word_count] => 1884674
    [chapter_count] => 860
    [channel_id] => 0
    [statistics_day] => 2016-12-18
    [total_income] => 3589
    [give_income] => 381
    [income] => 3208
    [buckle_income] => 1472
    [buckle_coefficient] => 0.59
    [createtime] => 2016-12-26 13:52:40
)
6
66
Array
(
    [id] => 147
    [book_id] => 53078
    [book_title] => 驭兽魔后
    [author_name] => 冰山
    [word_count] => 1884674
    [chapter_count] => 860
    [channel_id] => 0
    [statistics_year] => 2016
    [statistics_month] => 12
    [total_income] => 3589
    [give_income] => 381
    [income] => 3208
    [buckle_income] => 1364
    [createtime] => 2016-12-26 13:50:00
)
661
6611
Array
(
    [sum_total_income] => 3589
    [sum_give_income] => 381
    [sum_income] => 3208
    [sum_buckle_income] => 1472
)
result=1
7
8
9
book_id=53301
2
3
4
5
Array
(
    [total_income] => 2966
    [income] => 2584
    [give_income] => 382
    [buckle_income] => 1039
    [buckle_coefficient] => 0.65
)
Array
(
    [book_id] => 53301
    [book_title] => 我的老婆是女神
    [author_name] => 不吃苹果不健康
    [word_count] => 1846384
    [chapter_count] => 596
    [channel_id] => 0
    [statistics_day] => 2016-12-18
    [total_income] => 2966
    [give_income] => 382
    [income] => 2584
    [buckle_income] => 1039
    [buckle_coefficient] => 0.65
    [createtime] => 2016-12-26 13:52:40
)
6
66
Array
(
    [id] => 148
    [book_id] => 53301
    [book_title] => 我的老婆是女神
    [author_name] => 不吃苹果不健康
    [word_count] => 1846384
    [chapter_count] => 596
    [channel_id] => 0
    [statistics_year] => 2016
    [statistics_month] => 12
    [total_income] => 2966
    [give_income] => 382
    [income] => 2584
    [buckle_income] => 1246
    [createtime] => 2016-12-26 13:50:00
)
661
6611
Array
(
    [sum_total_income] => 2966
    [sum_give_income] => 382
    [sum_income] => 2584
    [sum_buckle_income] => 1039
)
result=1
7
8
9
book_id=53785
2
3
4
5
Array
(
    [total_income] => 1536
    [income] => 1536
    [give_income] => 0
    [buckle_income] => 615
    [buckle_coefficient] => 0.6
)
Array
(
    [book_id] => 53785
    [book_title] => 一品妖后
    [author_name] => 我心狂
    [word_count] => 971297
    [chapter_count] => 400
    [channel_id] => 0
    [statistics_day] => 2016-12-18
    [total_income] => 1536
    [give_income] => 0
    [income] => 1536
    [buckle_income] => 615
    [buckle_coefficient] => 0.6
    [createtime] => 2016-12-26 13:52:40
)
6
66
Array
(
    [id] => 149
    [book_id] => 53785
    [book_title] => 一品妖后
    [author_name] => 我心狂
    [word_count] => 971297
    [chapter_count] => 400
    [channel_id] => 0
    [statistics_year] => 2016
    [statistics_month] => 12
    [total_income] => 1536
    [give_income] => 0
    [income] => 1536
    [buckle_income] => 630
    [createtime] => 2016-12-26 13:50:00
)
661
6611
Array
(
    [sum_total_income] => 1536
    [sum_give_income] => 0
    [sum_income] => 1536
    [sum_buckle_income] => 615
)
result=1
7
8
9
book_id=54031
2
3
4
5
Array
(
    [total_income] => 27426
    [income] => 23842
    [give_income] => 3584
    [buckle_income] => 11245
    [buckle_coefficient] => 0.59
)
Array
(
    [book_id] => 54031
    [book_title] => 天才侍卫
    [author_name] => 弓楚
    [word_count] => 2835920
    [chapter_count] => 893
    [channel_id] => 0
    [statistics_day] => 2016-12-18
    [total_income] => 27426
    [give_income] => 3584
    [income] => 23842
    [buckle_income] => 11245
    [buckle_coefficient] => 0.59
    [createtime] => 2016-12-26 13:52:41
)
6
66
Array
(
    [id] => 150
    [book_id] => 54031
    [book_title] => 天才侍卫
    [author_name] => 弓楚
    [word_count] => 2835920
    [chapter_count] => 893
    [channel_id] => 0
    [statistics_year] => 2016
    [statistics_month] => 12
    [total_income] => 27426
    [give_income] => 3584
    [income] => 23842
    [buckle_income] => 11794
    [createtime] => 2016-12-26 13:50:01
)
661
6611
Array
(
    [sum_total_income] => 27426
    [sum_give_income] => 3584
    [sum_income] => 23842
    [sum_buckle_income] => 11245
)
result=1
7
8
9
book_id=54185
2
3
4
5
Array
(
    [total_income] => 969
    [income] => 969
    [give_income] => 0
    [buckle_income] => 340
    [buckle_coefficient] => 0.65
)
Array
(
    [book_id] => 54185
    [book_title] => 猎爱失忆小宠儿
    [author_name] => 天街一号
    [word_count] => 1627730
    [chapter_count] => 510
    [channel_id] => 0
    [statistics_day] => 2016-12-18
    [total_income] => 969
    [give_income] => 0
    [income] => 969
    [buckle_income] => 340
    [buckle_coefficient] => 0.65
    [createtime] => 2016-12-26 13:52:41
)
6
66
Array
(
    [id] => 151
    [book_id] => 54185
    [book_title] => 猎爱失忆小宠儿
    [author_name] => 天街一号
    [word_count] => 1627730
    [chapter_count] => 510
    [channel_id] => 0
    [statistics_year] => 2016
    [statistics_month] => 12
    [total_income] => 969
    [give_income] => 0
    [income] => 969
    [buckle_income] => 398
    [createtime] => 2016-12-26 13:50:01
)
661
6611
Array
(
    [sum_total_income] => 969
    [sum_give_income] => 0
    [sum_income] => 969
    [sum_buckle_income] => 340
)
result=1
7
8
9
book_id=54740
2
3
4
5
Array
(
    [total_income] => 13256
    [income] => 11266
    [give_income] => 1990
    [buckle_income] => 4640
    [buckle_coefficient] => 0.65
)
Array
(
    [book_id] => 54740
    [book_title] => 贴身兵王
    [author_name] => 快乐的茄子
    [word_count] => 721909
    [chapter_count] => 240
    [channel_id] => 0
    [statistics_day] => 2016-12-18
    [total_income] => 13256
    [give_income] => 1990
    [income] => 11266
    [buckle_income] => 4640
    [buckle_coefficient] => 0.65
    [createtime] => 2016-12-26 13:52:41
)
6
66
Array
(
    [id] => 152
    [book_id] => 54740
    [book_title] => 贴身兵王
    [author_name] => 快乐的茄子
    [word_count] => 721909
    [chapter_count] => 240
    [channel_id] => 0
    [statistics_year] => 2016
    [statistics_month] => 12
    [total_income] => 13256
    [give_income] => 1990
    [income] => 11266
    [buckle_income] => 5303
    [createtime] => 2016-12-26 13:50:01
)
661
6611
Array
(
    [sum_total_income] => 13256
    [sum_give_income] => 1990
    [sum_income] => 11266
    [sum_buckle_income] => 4640
)
result=1
7
8
9
book_id=55568
2
3
4
5
Array
(
    [total_income] => 2403
    [income] => 2403
    [give_income] => 0
    [buckle_income] => 866
    [buckle_coefficient] => 0.64
)
Array
(
    [book_id] => 55568
    [book_title] => 早安，小逃妻
    [author_name] => 悠悠古哥
    [word_count] => 1404581
    [chapter_count] => 456
    [channel_id] => 0
    [statistics_day] => 2016-12-18
    [total_income] => 2403
    [give_income] => 0
    [income] => 2403
    [buckle_income] => 866
    [buckle_coefficient] => 0.64
    [createtime] => 2016-12-26 13:52:41
)
6
66
Array
(
    [id] => 153
    [book_id] => 55568
    [book_title] => 早安，小逃妻
    [author_name] => 悠悠古哥
    [word_count] => 1404581
    [chapter_count] => 456
    [channel_id] => 0
    [statistics_year] => 2016
    [statistics_month] => 12
    [total_income] => 2403
    [give_income] => 0
    [income] => 2403
    [buckle_income] => 962
    [createtime] => 2016-12-26 13:50:01
)
661
6611
Array
(
    [sum_total_income] => 2403
    [sum_give_income] => 0
    [sum_income] => 2403
    [sum_buckle_income] => 866
)
result=1
7
8
9
book_id=57300
2
3
4
5
Array
(
    [total_income] => 21646
    [income] => 18583
    [give_income] => 3063
    [buckle_income] => 8659
    [buckle_coefficient] => 0.6
)
Array
(
    [book_id] => 57300
    [book_title] => 错宠天价名媛
    [author_name] => 惜纯璐
    [word_count] => 810902
    [chapter_count] => 234
    [channel_id] => 0
    [statistics_day] => 2016-12-18
    [total_income] => 21646
    [give_income] => 3063
    [income] => 18583
    [buckle_income] => 8659
    [buckle_coefficient] => 0.6
    [createtime] => 2016-12-26 13:52:41
)
6
66
Array
(
    [id] => 154
    [book_id] => 57300
    [book_title] => 错宠天价名媛
    [author_name] => 惜纯璐
    [word_count] => 810902
    [chapter_count] => 234
    [channel_id] => 0
    [statistics_year] => 2016
    [statistics_month] => 12
    [total_income] => 21646
    [give_income] => 3063
    [income] => 18583
    [buckle_income] => 8659
    [createtime] => 2016-12-26 13:50:01
)
661
6611
Array
(
    [sum_total_income] => 21646
    [sum_give_income] => 3063
    [sum_income] => 18583
    [sum_buckle_income] => 8659
)
result=1
7
8
9
book_id=57355
2
3
4
5
Array
(
    [total_income] => 117703
    [income] => 109544
    [give_income] => 8159
    [buckle_income] => 52967
    [buckle_coefficient] => 0.55
)
Array
(
    [book_id] => 57355
    [book_title] => 极品辣妈好v5
    [author_name] => 齐成琨
    [word_count] => 2224154
    [chapter_count] => 1074
    [channel_id] => 0
    [statistics_day] => 2016-12-18
    [total_income] => 117703
    [give_income] => 8159
    [income] => 109544
    [buckle_income] => 52967
    [buckle_coefficient] => 0.55
    [createtime] => 2016-12-26 13:52:42
)
6
66
Array
(
    [id] => 155
    [book_id] => 57355
    [book_title] => 极品辣妈好v5
    [author_name] => 齐成琨
    [word_count] => 2224154
    [chapter_count] => 1074
    [channel_id] => 0
    [statistics_year] => 2016
    [statistics_month] => 12
    [total_income] => 117703
    [give_income] => 8159
    [income] => 109544
    [buckle_income] => 51790
    [createtime] => 2016-12-26 13:50:02
)
661
6611
Array
(
    [sum_total_income] => 117703
    [sum_give_income] => 8159
    [sum_income] => 109544
    [sum_buckle_income] => 52967
)
result=1
7
8
9
book_id=58902
2
3
4
5
Array
(
    [total_income] => 15287
    [income] => 14097
    [give_income] => 1190
    [buckle_income] => 5351
    [buckle_coefficient] => 0.65
)
Array
(
    [book_id] => 58902
    [book_title] => 桃花宝典
    [author_name] => 未苍
    [word_count] => 1998927
    [chapter_count] => 645
    [channel_id] => 0
    [statistics_day] => 2016-12-18
    [total_income] => 15287
    [give_income] => 1190
    [income] => 14097
    [buckle_income] => 5351
    [buckle_coefficient] => 0.65
    [createtime] => 2016-12-26 13:52:42
)
6
66
Array
(
    [id] => 156
    [book_id] => 58902
    [book_title] => 桃花宝典
    [author_name] => 未苍
    [word_count] => 1998927
    [chapter_count] => 645
    [channel_id] => 0
    [statistics_year] => 2016
    [statistics_month] => 12
    [total_income] => 15287
    [give_income] => 1190
    [income] => 14097
    [buckle_income] => 5198
    [createtime] => 2016-12-26 13:50:02
)
661
6611
Array
(
    [sum_total_income] => 15287
    [sum_give_income] => 1190
    [sum_income] => 14097
    [sum_buckle_income] => 5351
)
result=1
7
8
9
book_id=59825
2
3
4
5
Array
(
    [total_income] => 6228
    [income] => 5935
    [give_income] => 293
    [buckle_income] => 2367
    [buckle_coefficient] => 0.62
)
Array
(
    [book_id] => 59825
    [book_title] => 薄情前夫太嚣张
    [author_name] => 卓三柳
    [word_count] => 1167826
    [chapter_count] => 387
    [channel_id] => 0
    [statistics_day] => 2016-12-18
    [total_income] => 6228
    [give_income] => 293
    [income] => 5935
    [buckle_income] => 2367
    [buckle_coefficient] => 0.62
    [createtime] => 2016-12-26 13:52:42
)
6
66
Array
(
    [id] => 157
    [book_id] => 59825
    [book_title] => 薄情前夫太嚣张
    [author_name] => 卓三柳
    [word_count] => 1167826
    [chapter_count] => 387
    [channel_id] => 0
    [statistics_year] => 2016
    [statistics_month] => 12
    [total_income] => 6228
    [give_income] => 293
    [income] => 5935
    [buckle_income] => 2243
    [createtime] => 2016-12-26 13:50:03
)
661
6611
Array
(
    [sum_total_income] => 6228
    [sum_give_income] => 293
    [sum_income] => 5935
    [sum_buckle_income] => 2367
)
result=1
7
8
9
book_id=61245
2
3
4
5
Array
(
    [total_income] => 7383
    [income] => 6258
    [give_income] => 1125
    [buckle_income] => 3323
    [buckle_coefficient] => 0.55
)
Array
(
    [book_id] => 61245
    [book_title] => 寰宇强少
    [author_name] => 我打出租车
    [word_count] => 1025500
    [chapter_count] => 434
    [channel_id] => 0
    [statistics_day] => 2016-12-18
    [total_income] => 7383
    [give_income] => 1125
    [income] => 6258
    [buckle_income] => 3323
    [buckle_coefficient] => 0.55
    [createtime] => 2016-12-26 13:52:43
)
6
66
Array
(
    [id] => 158
    [book_id] => 61245
    [book_title] => 寰宇强少
    [author_name] => 我打出租车
    [word_count] => 1025500
    [chapter_count] => 434
    [channel_id] => 0
    [statistics_year] => 2016
    [statistics_month] => 12
    [total_income] => 7383
    [give_income] => 1125
    [income] => 6258
    [buckle_income] => 3175
    [createtime] => 2016-12-26 13:50:03
)
661
6611
Array
(
    [sum_total_income] => 7383
    [sum_give_income] => 1125
    [sum_income] => 6258
    [sum_buckle_income] => 3323
)
result=1
7
8
9
book_id=62936
2
3
4
5
Array
(
    [total_income] => 1258
    [income] => 1258
    [give_income] => 0
    [buckle_income] => 441
    [buckle_coefficient] => 0.65
)
Array
(
    [book_id] => 62936
    [book_title] => 傲娇甜心太难宠
    [author_name] => 微凉
    [word_count] => 1835837
    [chapter_count] => 838
    [channel_id] => 0
    [statistics_day] => 2016-12-18
    [total_income] => 1258
    [give_income] => 0
    [income] => 1258
    [buckle_income] => 441
    [buckle_coefficient] => 0.65
    [createtime] => 2016-12-26 13:52:43
)
6
66
Array
(
    [id] => 159
    [book_id] => 62936
    [book_title] => 傲娇甜心太难宠
    [author_name] => 微凉
    [word_count] => 1835837
    [chapter_count] => 838
    [channel_id] => 0
    [statistics_year] => 2016
    [statistics_month] => 12
    [total_income] => 1258
    [give_income] => 0
    [income] => 1258
    [buckle_income] => 567
    [createtime] => 2016-12-26 13:50:03
)
661
6611
Array
(
    [sum_total_income] => 1258
    [sum_give_income] => 0
    [sum_income] => 1258
    [sum_buckle_income] => 441
)
result=1
7
8
9
book_id=63349
2
3
4
5
Array
(
    [total_income] => 32
    [income] => 32
    [give_income] => 0
    [buckle_income] => 14
    [buckle_coefficient] => 0.57
)
Array
(
    [book_id] => 63349
    [book_title] => 最强护卫
    [author_name] => 玄幻豆豆
    [word_count] => 1641173
    [chapter_count] => 491
    [channel_id] => 0
    [statistics_day] => 2016-12-18
    [total_income] => 32
    [give_income] => 0
    [income] => 32
    [buckle_income] => 14
    [buckle_coefficient] => 0.57
    [createtime] => 2016-12-26 13:52:43
)
6
66
Array
(
    [id] => 160
    [book_id] => 63349
    [book_title] => 最强护卫
    [author_name] => 玄幻豆豆
    [word_count] => 1641173
    [chapter_count] => 491
    [channel_id] => 0
    [statistics_year] => 2016
    [statistics_month] => 12
    [total_income] => 32
    [give_income] => 0
    [income] => 32
    [buckle_income] => 13
    [createtime] => 2016-12-26 13:50:03
)
661
6611
Array
(
    [sum_total_income] => 32
    [sum_give_income] => 0
    [sum_income] => 32
    [sum_buckle_income] => 14
)
result=1
7
8
9
book_id=64147
2
3
4
5
Array
(
    [total_income] => 209
    [income] => 209
    [give_income] => 0
    [buckle_income] => 76
    [buckle_coefficient] => 0.64
)
Array
(
    [book_id] => 64147
    [book_title] => 暗影特工
    [author_name] => 韦小鸨
    [word_count] => 1058137
    [chapter_count] => 364
    [channel_id] => 0
    [statistics_day] => 2016-12-18
    [total_income] => 209
    [give_income] => 0
    [income] => 209
    [buckle_income] => 76
    [buckle_coefficient] => 0.64
    [createtime] => 2016-12-26 13:52:43
)
6
66
Array
(
    [id] => 161
    [book_id] => 64147
    [book_title] => 暗影特工
    [author_name] => 韦小鸨
    [word_count] => 1058137
    [chapter_count] => 364
    [channel_id] => 0
    [statistics_year] => 2016
    [statistics_month] => 12
    [total_income] => 209
    [give_income] => 0
    [income] => 209
    [buckle_income] => 84
    [createtime] => 2016-12-26 13:50:03
)
661
6611
Array
(
    [sum_total_income] => 209
    [sum_give_income] => 0
    [sum_income] => 209
    [sum_buckle_income] => 76
)
result=1
7
8
9
book_id=64250
2
3
4
5
Array
(
    [total_income] => 21
    [income] => 21
    [give_income] => 0
    [buckle_income] => 14
    [buckle_coefficient] => 0.34
)
Array
(
    [book_id] => 64250
    [book_title] => 三世姻缘
    [author_name] => 妖娆玉妃
    [word_count] => 237976
    [chapter_count] => 57
    [channel_id] => 0
    [statistics_day] => 2016-12-18
    [total_income] => 21
    [give_income] => 0
    [income] => 21
    [buckle_income] => 14
    [buckle_coefficient] => 0.34
    [createtime] => 2016-12-26 13:52:43
)
6
66
Array
(
    [id] => 162
    [book_id] => 64250
    [book_title] => 三世姻缘
    [author_name] => 妖娆玉妃
    [word_count] => 237976
    [chapter_count] => 57
    [channel_id] => 0
    [statistics_year] => 2016
    [statistics_month] => 12
    [total_income] => 21
    [give_income] => 0
    [income] => 21
    [buckle_income] => 15
    [createtime] => 2016-12-26 13:50:03
)
661
6611
Array
(
    [sum_total_income] => 21
    [sum_give_income] => 0
    [sum_income] => 21
    [sum_buckle_income] => 14
)
result=1
7
8
9
book_id=65104
2
3
4
5
Array
(
    [total_income] => 23719
    [income] => 21186
    [give_income] => 2533
    [buckle_income] => 9488
    [buckle_coefficient] => 0.6
)
Array
(
    [book_id] => 65104
    [book_title] => 修真高手混都市
    [author_name] => 左妻右妾
    [word_count] => 1527551
    [chapter_count] => 582
    [channel_id] => 0
    [statistics_day] => 2016-12-18
    [total_income] => 23719
    [give_income] => 2533
    [income] => 21186
    [buckle_income] => 9488
    [buckle_coefficient] => 0.6
    [createtime] => 2016-12-26 13:52:44
)
6
66
Array
(
    [id] => 163
    [book_id] => 65104
    [book_title] => 修真高手混都市
    [author_name] => 左妻右妾
    [word_count] => 1527551
    [chapter_count] => 582
    [channel_id] => 0
    [statistics_year] => 2016
    [statistics_month] => 12
    [total_income] => 23719
    [give_income] => 2533
    [income] => 21186
    [buckle_income] => 8539
    [createtime] => 2016-12-26 13:50:03
)
661
6611
Array
(
    [sum_total_income] => 23719
    [sum_give_income] => 2533
    [sum_income] => 21186
    [sum_buckle_income] => 9488
)
result=1
7
8
9
book_id=66939
2
3
4
5
Array
(
    [total_income] => 31935
    [income] => 29354
    [give_income] => 2581
    [buckle_income] => 12136
    [buckle_coefficient] => 0.62
)
Array
(
    [book_id] => 66939
    [book_title] => 我的老婆是妖精
    [author_name] => 潘小贤
    [word_count] => 997094
    [chapter_count] => 295
    [channel_id] => 0
    [statistics_day] => 2016-12-18
    [total_income] => 31935
    [give_income] => 2581
    [income] => 29354
    [buckle_income] => 12136
    [buckle_coefficient] => 0.62
    [createtime] => 2016-12-26 13:52:44
)
6
66
Array
(
    [id] => 164
    [book_id] => 66939
    [book_title] => 我的老婆是妖精
    [author_name] => 潘小贤
    [word_count] => 997094
    [chapter_count] => 295
    [channel_id] => 0
    [statistics_year] => 2016
    [statistics_month] => 12
    [total_income] => 31935
    [give_income] => 2581
    [income] => 29354
    [buckle_income] => 13733
    [createtime] => 2016-12-26 13:50:03
)
661
6611
Array
(
    [sum_total_income] => 31935
    [sum_give_income] => 2581
    [sum_income] => 29354
    [sum_buckle_income] => 12136
)
result=1
7
8
9
book_id=67004
2
3
4
5
Array
(
    [total_income] => 2221
    [income] => 1932
    [give_income] => 289
    [buckle_income] => 756
    [buckle_coefficient] => 0.66
)
Array
(
    [book_id] => 67004
    [book_title] => 最强教师
    [author_name] => 生花妙笔
    [word_count] => 3938684
    [chapter_count] => 1424
    [channel_id] => 0
    [statistics_day] => 2016-12-18
    [total_income] => 2221
    [give_income] => 289
    [income] => 1932
    [buckle_income] => 756
    [buckle_coefficient] => 0.66
    [createtime] => 2016-12-26 13:52:44
)
6
66
Array
(
    [id] => 165
    [book_id] => 67004
    [book_title] => 最强教师
    [author_name] => 生花妙笔
    [word_count] => 3938684
    [chapter_count] => 1424
    [channel_id] => 0
    [statistics_year] => 2016
    [statistics_month] => 12
    [total_income] => 2221
    [give_income] => 289
    [income] => 1932
    [buckle_income] => 1000
    [createtime] => 2016-12-26 13:50:03
)
661
6611
Array
(
    [sum_total_income] => 2221
    [sum_give_income] => 289
    [sum_income] => 1932
    [sum_buckle_income] => 756
)
result=1
7
8
9
book_id=67296
2
3
4
5
Array
(
    [total_income] => 539070
    [income] => 437319
    [give_income] => 101751
    [buckle_income] => 183284
    [buckle_coefficient] => 0.66
)
Array
(
    [book_id] => 67296
    [book_title] => 小溪村的诱惑
    [author_name] => 青椒豆腐
    [word_count] => 2633964
    [chapter_count] => 822
    [channel_id] => 0
    [statistics_day] => 2016-12-18
    [total_income] => 539070
    [give_income] => 101751
    [income] => 437319
    [buckle_income] => 183284
    [buckle_coefficient] => 0.66
    [createtime] => 2016-12-26 13:52:47
)
6
66
Array
(
    [id] => 166
    [book_id] => 67296
    [book_title] => 小溪村的诱惑
    [author_name] => 青椒豆腐
    [word_count] => 2633964
    [chapter_count] => 822
    [channel_id] => 0
    [statistics_year] => 2016
    [statistics_month] => 12
    [total_income] => 539070
    [give_income] => 101751
    [income] => 437319
    [buckle_income] => 215628
    [createtime] => 2016-12-26 13:50:06
)
661
6611
Array
(
    [sum_total_income] => 539070
    [sum_give_income] => 101751
    [sum_income] => 437319
    [sum_buckle_income] => 183284
)
result=1
7
8
9
book_id=68375
2
3
4
5
Array
(
    [total_income] => 216
    [income] => 216
    [give_income] => 0
    [buckle_income] => 74
    [buckle_coefficient] => 0.66
)
Array
(
    [book_id] => 68375
    [book_title] => 古武狂少
    [author_name] => 疯狂小牛
    [word_count] => 1050258
    [chapter_count] => 340
    [channel_id] => 0
    [statistics_day] => 2016-12-18
    [total_income] => 216
    [give_income] => 0
    [income] => 216
    [buckle_income] => 74
    [buckle_coefficient] => 0.66
    [createtime] => 2016-12-26 13:52:47
)
6
66
Array
(
    [id] => 167
    [book_id] => 68375
    [book_title] => 古武狂少
    [author_name] => 疯狂小牛
    [word_count] => 1050258
    [chapter_count] => 340
    [channel_id] => 0
    [statistics_year] => 2016
    [statistics_month] => 12
    [total_income] => 216
    [give_income] => 0
    [income] => 216
    [buckle_income] => 78
    [createtime] => 2016-12-26 13:50:07
)
661
6611
Array
(
    [sum_total_income] => 216
    [sum_give_income] => 0
    [sum_income] => 216
    [sum_buckle_income] => 74
)
result=1
7
8
9
book_id=69127
2
3
4
5
Array
(
    [total_income] => 53
    [income] => 53
    [give_income] => 0
    [buckle_income] => 19
    [buckle_coefficient] => 0.66
)
Array
(
    [book_id] => 69127
    [book_title] => 花都杀神
    [author_name] => 沉默-羔羊
    [word_count] => 1634938
    [chapter_count] => 586
    [channel_id] => 0
    [statistics_day] => 2016-12-18
    [total_income] => 53
    [give_income] => 0
    [income] => 53
    [buckle_income] => 19
    [buckle_coefficient] => 0.66
    [createtime] => 2016-12-26 13:52:47
)
6
66
Array
(
    [id] => 168
    [book_id] => 69127
    [book_title] => 花都杀神
    [author_name] => 沉默-羔羊
    [word_count] => 1634938
    [chapter_count] => 586
    [channel_id] => 0
    [statistics_year] => 2016
    [statistics_month] => 12
    [total_income] => 53
    [give_income] => 0
    [income] => 53
    [buckle_income] => 23
    [createtime] => 2016-12-26 13:50:07
)
661
6611
Array
(
    [sum_total_income] => 53
    [sum_give_income] => 0
    [sum_income] => 53
    [sum_buckle_income] => 19
)
result=1
7
8
9
book_id=70044
2
3
4
5
Array
(
    [total_income] => 1373
    [income] => 1373
    [give_income] => 0
    [buckle_income] => 605
    [buckle_coefficient] => 0.56
)
Array
(
    [book_id] => 70044
    [book_title] => 无双狂龙
    [author_name] => 亦童
    [word_count] => 903879
    [chapter_count] => 304
    [channel_id] => 0
    [statistics_day] => 2016-12-18
    [total_income] => 1373
    [give_income] => 0
    [income] => 1373
    [buckle_income] => 605
    [buckle_coefficient] => 0.56
    [createtime] => 2016-12-26 13:52:47
)
6
66
Array
(
    [id] => 169
    [book_id] => 70044
    [book_title] => 无双狂龙
    [author_name] => 亦童
    [word_count] => 903879
    [chapter_count] => 304
    [channel_id] => 0
    [statistics_year] => 2016
    [statistics_month] => 12
    [total_income] => 1373
    [give_income] => 0
    [income] => 1373
    [buckle_income] => 618
    [createtime] => 2016-12-26 13:50:07
)
661
6611
Array
(
    [sum_total_income] => 1373
    [sum_give_income] => 0
    [sum_income] => 1373
    [sum_buckle_income] => 605
)
result=1
7
8
9
book_id=70154
2
3
4
5
Array
(
    [total_income] => 810
    [income] => 810
    [give_income] => 0
    [buckle_income] => 284
    [buckle_coefficient] => 0.65
)
Array
(
    [book_id] => 70154
    [book_title] => 袅凤有毒
    [author_name] => 怪味腰果
    [word_count] => 954592
    [chapter_count] => 304
    [channel_id] => 0
    [statistics_day] => 2016-12-18
    [total_income] => 810
    [give_income] => 0
    [income] => 810
    [buckle_income] => 284
    [buckle_coefficient] => 0.65
    [createtime] => 2016-12-26 13:52:47
)
6
66
Array
(
    [id] => 170
    [book_id] => 70154
    [book_title] => 袅凤有毒
    [author_name] => 怪味腰果
    [word_count] => 954592
    [chapter_count] => 304
    [channel_id] => 0
    [statistics_year] => 2016
    [statistics_month] => 12
    [total_income] => 810
    [give_income] => 0
    [income] => 810
    [buckle_income] => 300
    [createtime] => 2016-12-26 13:50:07
)
661
6611
Array
(
    [sum_total_income] => 810
    [sum_give_income] => 0
    [sum_income] => 810
    [sum_buckle_income] => 284
)
result=1
7
8
9
book_id=70159
2
3
4
5
Array
(
    [total_income] => 40056
    [income] => 35714
    [give_income] => 4342
    [buckle_income] => 13620
    [buckle_coefficient] => 0.66
)
Array
(
    [book_id] => 70159
    [book_title] => 善良的小姨子
    [author_name] => 苦哈哈
    [word_count] => 4007844
    [chapter_count] => 1307
    [channel_id] => 0
    [statistics_day] => 2016-12-18
    [total_income] => 40056
    [give_income] => 4342
    [income] => 35714
    [buckle_income] => 13620
    [buckle_coefficient] => 0.66
    [createtime] => 2016-12-26 13:52:48
)
6
66
Array
(
    [id] => 171
    [book_id] => 70159
    [book_title] => 善良的小姨子
    [author_name] => 苦哈哈
    [word_count] => 4007844
    [chapter_count] => 1307
    [channel_id] => 0
    [statistics_year] => 2016
    [statistics_month] => 12
    [total_income] => 40056
    [give_income] => 4342
    [income] => 35714
    [buckle_income] => 16023
    [createtime] => 2016-12-26 13:50:07
)
661
6611
Array
(
    [sum_total_income] => 40056
    [sum_give_income] => 4342
    [sum_income] => 35714
    [sum_buckle_income] => 13620
)
result=1
7
8
9
book_id=70339
2
3
4
5
Array
(
    [total_income] => 5258
    [income] => 4386
    [give_income] => 872
    [buckle_income] => 2104
    [buckle_coefficient] => 0.6
)
Array
(
    [book_id] => 70339
    [book_title] => 纯情丫头火辣辣
    [author_name] => 齐成琨
    [word_count] => 2098938
    [chapter_count] => 581
    [channel_id] => 0
    [statistics_day] => 2016-12-18
    [total_income] => 5258
    [give_income] => 872
    [income] => 4386
    [buckle_income] => 2104
    [buckle_coefficient] => 0.6
    [createtime] => 2016-12-26 13:52:48
)
6
66
Array
(
    [id] => 172
    [book_id] => 70339
    [book_title] => 纯情丫头火辣辣
    [author_name] => 齐成琨
    [word_count] => 2098938
    [chapter_count] => 581
    [channel_id] => 0
    [statistics_year] => 2016
    [statistics_month] => 12
    [total_income] => 5258
    [give_income] => 872
    [income] => 4386
    [buckle_income] => 2209
    [createtime] => 2016-12-26 13:50:07
)
661
6611
Array
(
    [sum_total_income] => 5258
    [sum_give_income] => 872
    [sum_income] => 4386
    [sum_buckle_income] => 2104
)
result=1
7
8
9
book_id=70390
2
3
4
5
Array
(
    [total_income] => 1218
    [income] => 1117
    [give_income] => 101
    [buckle_income] => 476
    [buckle_coefficient] => 0.61
)
Array
(
    [book_id] => 70390
    [book_title] => 首领霸宠俏佳人
    [author_name] => 恋小爱
    [word_count] => 1033027
    [chapter_count] => 478
    [channel_id] => 0
    [statistics_day] => 2016-12-18
    [total_income] => 1218
    [give_income] => 101
    [income] => 1117
    [buckle_income] => 476
    [buckle_coefficient] => 0.61
    [createtime] => 2016-12-26 13:52:48
)
6
66
Array
(
    [id] => 173
    [book_id] => 70390
    [book_title] => 首领霸宠俏佳人
    [author_name] => 恋小爱
    [word_count] => 1033027
    [chapter_count] => 478
    [channel_id] => 0
    [statistics_year] => 2016
    [statistics_month] => 12
    [total_income] => 1218
    [give_income] => 101
    [income] => 1117
    [buckle_income] => 512
    [createtime] => 2016-12-26 13:50:07
)
661
6611
Array
(
    [sum_total_income] => 1218
    [sum_give_income] => 101
    [sum_income] => 1117
    [sum_buckle_income] => 476
)
result=1
7
8
9
book_id=70804
2
3
4
5
Array
(
    [total_income] => 210
    [income] => 210
    [give_income] => 0
    [buckle_income] => 89
    [buckle_coefficient] => 0.58
)
Array
(
    [book_id] => 70804
    [book_title] => 龙腾都市
    [author_name] => 半岛听涛
    [word_count] => 1441376
    [chapter_count] => 454
    [channel_id] => 0
    [statistics_day] => 2016-12-18
    [total_income] => 210
    [give_income] => 0
    [income] => 210
    [buckle_income] => 89
    [buckle_coefficient] => 0.58
    [createtime] => 2016-12-26 13:52:48
)
6
66
Array
(
    [id] => 174
    [book_id] => 70804
    [book_title] => 龙腾都市
    [author_name] => 半岛听涛
    [word_count] => 1441376
    [chapter_count] => 454
    [channel_id] => 0
    [statistics_year] => 2016
    [statistics_month] => 12
    [total_income] => 210
    [give_income] => 0
    [income] => 210
    [buckle_income] => 74
    [createtime] => 2016-12-26 13:50:07
)
661
6611
Array
(
    [sum_total_income] => 210
    [sum_give_income] => 0
    [sum_income] => 210
    [sum_buckle_income] => 89
)
result=1
7
8
9
book_id=71505
2
3
4
5
Array
(
    [total_income] => 560
    [income] => 483
    [give_income] => 77
    [buckle_income] => 230
    [buckle_coefficient] => 0.59
)
Array
(
    [book_id] => 71505
    [book_title] => 名门弃少
    [author_name] => 夜上
    [word_count] => 1157272
    [chapter_count] => 363
    [channel_id] => 0
    [statistics_day] => 2016-12-18
    [total_income] => 560
    [give_income] => 77
    [income] => 483
    [buckle_income] => 230
    [buckle_coefficient] => 0.59
    [createtime] => 2016-12-26 13:52:48
)
6
66
Array
(
    [id] => 175
    [book_id] => 71505
    [book_title] => 名门弃少
    [author_name] => 夜上
    [word_count] => 1157272
    [chapter_count] => 363
    [channel_id] => 0
    [statistics_year] => 2016
    [statistics_month] => 12
    [total_income] => 560
    [give_income] => 77
    [income] => 483
    [buckle_income] => 191
    [createtime] => 2016-12-26 13:50:08
)
661
6611
Array
(
    [sum_total_income] => 560
    [sum_give_income] => 77
    [sum_income] => 483
    [sum_buckle_income] => 230
)
result=1
7
8
9
book_id=72106
2
3
4
5
Array
(
    [total_income] => 1785
    [income] => 1769
    [give_income] => 16
    [buckle_income] => 697
    [buckle_coefficient] => 0.61
)
Array
(
    [book_id] => 72106
    [book_title] => 完美高手
    [author_name] => 烟色欲望
    [word_count] => 1132676
    [chapter_count] => 357
    [channel_id] => 0
    [statistics_day] => 2016-12-18
    [total_income] => 1785
    [give_income] => 16
    [income] => 1769
    [buckle_income] => 697
    [buckle_coefficient] => 0.61
    [createtime] => 2016-12-26 13:52:48
)
6
66
Array
(
    [id] => 176
    [book_id] => 72106
    [book_title] => 完美高手
    [author_name] => 烟色欲望
    [word_count] => 1132676
    [chapter_count] => 357
    [channel_id] => 0
    [statistics_year] => 2016
    [statistics_month] => 12
    [total_income] => 1785
    [give_income] => 16
    [income] => 1769
    [buckle_income] => 750
    [createtime] => 2016-12-26 13:50:08
)
661
6611
Array
(
    [sum_total_income] => 1785
    [sum_give_income] => 16
    [sum_income] => 1769
    [sum_buckle_income] => 697
)
result=1
7
8
9
book_id=72370
2
3
4
5
Array
(
    [total_income] => 461
    [income] => 461
    [give_income] => 0
    [buckle_income] => 185
    [buckle_coefficient] => 0.6
)
Array
(
    [book_id] => 72370
    [book_title] => 最强术士
    [author_name] => 还我
    [word_count] => 994923
    [chapter_count] => 314
    [channel_id] => 0
    [statistics_day] => 2016-12-18
    [total_income] => 461
    [give_income] => 0
    [income] => 461
    [buckle_income] => 185
    [buckle_coefficient] => 0.6
    [createtime] => 2016-12-26 13:52:48
)
6
66
Array
(
    [id] => 177
    [book_id] => 72370
    [book_title] => 最强术士
    [author_name] => 还我
    [word_count] => 994923
    [chapter_count] => 314
    [channel_id] => 0
    [statistics_year] => 2016
    [statistics_month] => 12
    [total_income] => 461
    [give_income] => 0
    [income] => 461
    [buckle_income] => 199
    [createtime] => 2016-12-26 13:50:08
)
661
6611
Array
(
    [sum_total_income] => 461
    [sum_give_income] => 0
    [sum_income] => 461
    [sum_buckle_income] => 185
)
result=1
7
8
9
book_id=74855
2
3
4
5
Array
(
    [total_income] => 12665
    [income] => 11338
    [give_income] => 1327
    [buckle_income] => 4560
    [buckle_coefficient] => 0.64
)
Array
(
    [book_id] => 74855
    [book_title] => 至强财术
    [author_name] => E盘隐藏文件
    [word_count] => 1663705
    [chapter_count] => 536
    [channel_id] => 0
    [statistics_day] => 2016-12-18
    [total_income] => 12665
    [give_income] => 1327
    [income] => 11338
    [buckle_income] => 4560
    [buckle_coefficient] => 0.64
    [createtime] => 2016-12-26 13:52:49
)
6
66
Array
(
    [id] => 178
    [book_id] => 74855
    [book_title] => 至强财术
    [author_name] => E盘隐藏文件
    [word_count] => 1663705
    [chapter_count] => 536
    [channel_id] => 0
    [statistics_year] => 2016
    [statistics_month] => 12
    [total_income] => 12665
    [give_income] => 1327
    [income] => 11338
    [buckle_income] => 4940
    [createtime] => 2016-12-26 13:50:08
)
661
6611
Array
(
    [sum_total_income] => 12665
    [sum_give_income] => 1327
    [sum_income] => 11338
    [sum_buckle_income] => 4560
)
result=1
7
8
9
book_id=75035
2
3
4
5
Array
(
    [total_income] => 1091
    [income] => 787
    [give_income] => 304
    [buckle_income] => 437
    [buckle_coefficient] => 0.6
)
Array
(
    [book_id] => 75035
    [book_title] => 辣手小天师
    [author_name] => 一壶老酒
    [word_count] => 1168802
    [chapter_count] => 376
    [channel_id] => 0
    [statistics_day] => 2016-12-18
    [total_income] => 1091
    [give_income] => 304
    [income] => 787
    [buckle_income] => 437
    [buckle_coefficient] => 0.6
    [createtime] => 2016-12-26 13:52:49
)
6
66
Array
(
    [id] => 179
    [book_id] => 75035
    [book_title] => 辣手小天师
    [author_name] => 一壶老酒
    [word_count] => 1168802
    [chapter_count] => 376
    [channel_id] => 0
    [statistics_year] => 2016
    [statistics_month] => 12
    [total_income] => 1091
    [give_income] => 304
    [income] => 787
    [buckle_income] => 426
    [createtime] => 2016-12-26 13:50:08
)
661
6611
Array
(
    [sum_total_income] => 1091
    [sum_give_income] => 304
    [sum_income] => 787
    [sum_buckle_income] => 437
)
result=1
7
8
9
book_id=77678
2
3
4
5
Array
(
    [total_income] => 454
    [income] => 454
    [give_income] => 0
    [buckle_income] => 155
    [buckle_coefficient] => 0.66
)
Array
(
    [book_id] => 77678
    [book_title] => 超级高手
    [author_name] => 潇湘公子
    [word_count] => 1755160
    [chapter_count] => 568
    [channel_id] => 0
    [statistics_day] => 2016-12-18
    [total_income] => 454
    [give_income] => 0
    [income] => 454
    [buckle_income] => 155
    [buckle_coefficient] => 0.66
    [createtime] => 2016-12-26 13:52:49
)
6
66
Array
(
    [id] => 180
    [book_id] => 77678
    [book_title] => 超级高手
    [author_name] => 潇湘公子
    [word_count] => 1755160
    [chapter_count] => 568
    [channel_id] => 0
    [statistics_year] => 2016
    [statistics_month] => 12
    [total_income] => 454
    [give_income] => 0
    [income] => 454
    [buckle_income] => 173
    [createtime] => 2016-12-26 13:50:08
)
661
6611
Array
(
    [sum_total_income] => 454
    [sum_give_income] => 0
    [sum_income] => 454
    [sum_buckle_income] => 155
)
result=1
7
8
9
book_id=77694
2
3
4
5
Array
(
    [total_income] => 7682
    [income] => 6945
    [give_income] => 737
    [buckle_income] => 3381
    [buckle_coefficient] => 0.56
)
Array
(
    [book_id] => 77694
    [book_title] => 天眼狂少
    [author_name] => 皮卡丘
    [word_count] => 3042899
    [chapter_count] => 940
    [channel_id] => 0
    [statistics_day] => 2016-12-18
    [total_income] => 7682
    [give_income] => 737
    [income] => 6945
    [buckle_income] => 3381
    [buckle_coefficient] => 0.56
    [createtime] => 2016-12-26 13:52:49
)
6
66
Array
(
    [id] => 181
    [book_id] => 77694
    [book_title] => 天眼狂少
    [author_name] => 皮卡丘
    [word_count] => 3042899
    [chapter_count] => 940
    [channel_id] => 0
    [statistics_year] => 2016
    [statistics_month] => 12
    [total_income] => 7682
    [give_income] => 737
    [income] => 6945
    [buckle_income] => 2766
    [createtime] => 2016-12-26 13:50:08
)
661
6611
Array
(
    [sum_total_income] => 7682
    [sum_give_income] => 737
    [sum_income] => 6945
    [sum_buckle_income] => 3381
)
result=1
7
8
9
book_id=78354
2
3
4
5
Array
(
    [total_income] => 273580
    [income] => 241797
    [give_income] => 31783
    [buckle_income] => 114904
    [buckle_coefficient] => 0.58
)
Array
(
    [book_id] => 78354
    [book_title] => 华佗宝典
    [author_name] => 我吃肉夹馍
    [word_count] => 1966266
    [chapter_count] => 621
    [channel_id] => 0
    [statistics_day] => 2016-12-18
    [total_income] => 273580
    [give_income] => 31783
    [income] => 241797
    [buckle_income] => 114904
    [buckle_coefficient] => 0.58
    [createtime] => 2016-12-26 13:52:52
)
6
66
Array
(
    [id] => 182
    [book_id] => 78354
    [book_title] => 华佗宝典
    [author_name] => 我吃肉夹馍
    [word_count] => 1966266
    [chapter_count] => 621
    [channel_id] => 0
    [statistics_year] => 2016
    [statistics_month] => 12
    [total_income] => 273580
    [give_income] => 31783
    [income] => 241797
    [buckle_income] => 93018
    [createtime] => 2016-12-26 13:50:11
)
661
6611
Array
(
    [sum_total_income] => 273580
    [sum_give_income] => 31783
    [sum_income] => 241797
    [sum_buckle_income] => 114904
)
result=1
7
8
9
book_id=81609
2
3
4
5
Array
(
    [total_income] => 22231
    [income] => 20411
    [give_income] => 1820
    [buckle_income] => 8004
    [buckle_coefficient] => 0.64
)
Array
(
    [book_id] => 81609
    [book_title] => 天生财术
    [author_name] => 军用刺刀
    [word_count] => 1956114
    [chapter_count] => 687
    [channel_id] => 0
    [statistics_day] => 2016-12-18
    [total_income] => 22231
    [give_income] => 1820
    [income] => 20411
    [buckle_income] => 8004
    [buckle_coefficient] => 0.64
    [createtime] => 2016-12-26 13:52:53
)
6
66
Array
(
    [id] => 183
    [book_id] => 81609
    [book_title] => 天生财术
    [author_name] => 军用刺刀
    [word_count] => 1956114
    [chapter_count] => 687
    [channel_id] => 0
    [statistics_year] => 2016
    [statistics_month] => 12
    [total_income] => 22231
    [give_income] => 1820
    [income] => 20411
    [buckle_income] => 9782
    [createtime] => 2016-12-26 13:50:12
)
661
6611
Array
(
    [sum_total_income] => 22231
    [sum_give_income] => 1820
    [sum_income] => 20411
    [sum_buckle_income] => 8004
)
result=1
7
8
9
book_id=82453
2
3
4
5
Array
(
    [total_income] => 429
    [income] => 429
    [give_income] => 0
    [buckle_income] => 146
    [buckle_coefficient] => 0.66
)
Array
(
    [book_id] => 82453
    [book_title] => 至强战纪
    [author_name] => 步留痕
    [word_count] => 2879489
    [chapter_count] => 1042
    [channel_id] => 0
    [statistics_day] => 2016-12-18
    [total_income] => 429
    [give_income] => 0
    [income] => 429
    [buckle_income] => 146
    [buckle_coefficient] => 0.66
    [createtime] => 2016-12-26 13:52:53
)
6
66
Array
(
    [id] => 184
    [book_id] => 82453
    [book_title] => 至强战纪
    [author_name] => 步留痕
    [word_count] => 2879489
    [chapter_count] => 1042
    [channel_id] => 0
    [statistics_year] => 2016
    [statistics_month] => 12
    [total_income] => 429
    [give_income] => 0
    [income] => 429
    [buckle_income] => 185
    [createtime] => 2016-12-26 13:50:12
)
661
6611
Array
(
    [sum_total_income] => 429
    [sum_give_income] => 0
    [sum_income] => 429
    [sum_buckle_income] => 146
)
result=1
7
8
9
book_id=82573
2
3
4
5
Array
(
    [total_income] => 1627
    [income] => 1134
    [give_income] => 493
    [buckle_income] => 602
    [buckle_coefficient] => 0.63
)
Array
(
    [book_id] => 82573
    [book_title] => 我在古代皇宫混
    [author_name] => 冰山
    [word_count] => 1533563
    [chapter_count] => 558
    [channel_id] => 0
    [statistics_day] => 2016-12-18
    [total_income] => 1627
    [give_income] => 493
    [income] => 1134
    [buckle_income] => 602
    [buckle_coefficient] => 0.63
    [createtime] => 2016-12-26 13:52:53
)
6
66
Array
(
    [id] => 185
    [book_id] => 82573
    [book_title] => 我在古代皇宫混
    [author_name] => 冰山
    [word_count] => 1533563
    [chapter_count] => 558
    [channel_id] => 0
    [statistics_year] => 2016
    [statistics_month] => 12
    [total_income] => 1627
    [give_income] => 493
    [income] => 1134
    [buckle_income] => 651
    [createtime] => 2016-12-26 13:50:12
)
661
6611
Array
(
    [sum_total_income] => 1627
    [sum_give_income] => 493
    [sum_income] => 1134
    [sum_buckle_income] => 602
)
result=1
7
8
9
book_id=82593
2
3
4
5
Array
(
    [total_income] => 1941
    [income] => 1941
    [give_income] => 0
    [buckle_income] => 680
    [buckle_coefficient] => 0.65
)
Array
(
    [book_id] => 82593
    [book_title] => 盛宠嫡女
    [author_name] => 公子小九
    [word_count] => 889862
    [chapter_count] => 318
    [channel_id] => 0
    [statistics_day] => 2016-12-18
    [total_income] => 1941
    [give_income] => 0
    [income] => 1941
    [buckle_income] => 680
    [buckle_coefficient] => 0.65
    [createtime] => 2016-12-26 13:52:54
)
6
66
Array
(
    [id] => 186
    [book_id] => 82593
    [book_title] => 盛宠嫡女
    [author_name] => 公子小九
    [word_count] => 889862
    [chapter_count] => 318
    [channel_id] => 0
    [statistics_year] => 2016
    [statistics_month] => 12
    [total_income] => 1941
    [give_income] => 0
    [income] => 1941
    [buckle_income] => 835
    [createtime] => 2016-12-26 13:50:12
)
661
6611
Array
(
    [sum_total_income] => 1941
    [sum_give_income] => 0
    [sum_income] => 1941
    [sum_buckle_income] => 680
)
result=1
7
8
9
book_id=83184
2
3
4
5
Array
(
    [total_income] => 5306
    [income] => 4605
    [give_income] => 701
    [buckle_income] => 1911
    [buckle_coefficient] => 0.64
)
Array
(
    [book_id] => 83184
    [book_title] => 老婆大人听你的
    [author_name] => 安慧娴
    [word_count] => 1566968
    [chapter_count] => 492
    [channel_id] => 0
    [statistics_day] => 2016-12-18
    [total_income] => 5306
    [give_income] => 701
    [income] => 4605
    [buckle_income] => 1911
    [buckle_coefficient] => 0.64
    [createtime] => 2016-12-26 13:52:54
)
6
66
Array
(
    [id] => 187
    [book_id] => 83184
    [book_title] => 老婆大人听你的
    [author_name] => 安慧娴
    [word_count] => 1566968
    [chapter_count] => 492
    [channel_id] => 0
    [statistics_year] => 2016
    [statistics_month] => 12
    [total_income] => 5306
    [give_income] => 701
    [income] => 4605
    [buckle_income] => 2282
    [createtime] => 2016-12-26 13:50:12
)
661
6611
Array
(
    [sum_total_income] => 5306
    [sum_give_income] => 701
    [sum_income] => 4605
    [sum_buckle_income] => 1911
)
result=1
7
8
9
book_id=84446
2
3
4
5
Array
(
    [total_income] => 174845
    [income] => 146759
    [give_income] => 28086
    [buckle_income] => 71687
    [buckle_coefficient] => 0.59
)
Array
(
    [book_id] => 84446
    [book_title] => 乡野春潮
    [author_name] => 落魄小书童
    [word_count] => 3274356
    [chapter_count] => 1044
    [channel_id] => 0
    [statistics_day] => 2016-12-18
    [total_income] => 174845
    [give_income] => 28086
    [income] => 146759
    [buckle_income] => 71687
    [buckle_coefficient] => 0.59
    [createtime] => 2016-12-26 13:52:55
)
6
66
Array
(
    [id] => 188
    [book_id] => 84446
    [book_title] => 乡野春潮
    [author_name] => 落魄小书童
    [word_count] => 3274356
    [chapter_count] => 1044
    [channel_id] => 0
    [statistics_year] => 2016
    [statistics_month] => 12
    [total_income] => 174845
    [give_income] => 28086
    [income] => 146759
    [buckle_income] => 75184
    [createtime] => 2016-12-26 13:50:13
)
661
6611
Array
(
    [sum_total_income] => 174845
    [sum_give_income] => 28086
    [sum_income] => 146759
    [sum_buckle_income] => 71687
)
result=1
7
8
9
book_id=85407
2
3
4
5
Array
(
    [total_income] => 14352
    [income] => 13062
    [give_income] => 1290
    [buckle_income] => 5024
    [buckle_coefficient] => 0.65
)
Array
(
    [book_id] => 85407
    [book_title] => 妙手宗师
    [author_name] => 醉蝠
    [word_count] => 2327481
    [chapter_count] => 753
    [channel_id] => 0
    [statistics_day] => 2016-12-18
    [total_income] => 14352
    [give_income] => 1290
    [income] => 13062
    [buckle_income] => 5024
    [buckle_coefficient] => 0.65
    [createtime] => 2016-12-26 13:52:55
)
6
66
Array
(
    [id] => 189
    [book_id] => 85407
    [book_title] => 妙手宗师
    [author_name] => 醉蝠
    [word_count] => 2327481
    [chapter_count] => 753
    [channel_id] => 0
    [statistics_year] => 2016
    [statistics_month] => 12
    [total_income] => 14352
    [give_income] => 1290
    [income] => 13062
    [buckle_income] => 5741
    [createtime] => 2016-12-26 13:50:13
)
661
6611
Array
(
    [sum_total_income] => 14352
    [sum_give_income] => 1290
    [sum_income] => 13062
    [sum_buckle_income] => 5024
)
result=1
7
8
9
book_id=85444
2
3
4
5
Array
(
    [total_income] => 743
    [income] => 531
    [give_income] => 212
    [buckle_income] => 275
    [buckle_coefficient] => 0.63
)
Array
(
    [book_id] => 85444
    [book_title] => 完美盛宴
    [author_name] => 深海游龙
    [word_count] => 2227377
    [chapter_count] => 702
    [channel_id] => 0
    [statistics_day] => 2016-12-18
    [total_income] => 743
    [give_income] => 212
    [income] => 531
    [buckle_income] => 275
    [buckle_coefficient] => 0.63
    [createtime] => 2016-12-26 13:52:55
)
6
66
Array
(
    [id] => 190
    [book_id] => 85444
    [book_title] => 完美盛宴
    [author_name] => 深海游龙
    [word_count] => 2227377
    [chapter_count] => 702
    [channel_id] => 0
    [statistics_year] => 2016
    [statistics_month] => 12
    [total_income] => 743
    [give_income] => 212
    [income] => 531
    [buckle_income] => 320
    [createtime] => 2016-12-26 13:50:14
)
661
6611
Array
(
    [sum_total_income] => 743
    [sum_give_income] => 212
    [sum_income] => 531
    [sum_buckle_income] => 275
)
result=1
7
8
9
book_id=86690
2
3
4
5
Array
(
    [total_income] => 751
    [income] => 581
    [give_income] => 170
    [buckle_income] => 286
    [buckle_coefficient] => 0.62
)
Array
(
    [book_id] => 86690
    [book_title] => 都市之超级高手
    [author_name] => 暴君王者
    [word_count] => 498099
    [chapter_count] => 267
    [channel_id] => 0
    [statistics_day] => 2016-12-18
    [total_income] => 751
    [give_income] => 170
    [income] => 581
    [buckle_income] => 286
    [buckle_coefficient] => 0.62
    [createtime] => 2016-12-26 13:52:55
)
6
66
Array
(
    [id] => 191
    [book_id] => 86690
    [book_title] => 都市之超级高手
    [author_name] => 暴君王者
    [word_count] => 498099
    [chapter_count] => 267
    [channel_id] => 0
    [statistics_year] => 2016
    [statistics_month] => 12
    [total_income] => 751
    [give_income] => 170
    [income] => 581
    [buckle_income] => 271
    [createtime] => 2016-12-26 13:50:14
)
661
6611
Array
(
    [sum_total_income] => 751
    [sum_give_income] => 170
    [sum_income] => 581
    [sum_buckle_income] => 286
)
result=1
7
8
9
book_id=86913
2
3
4
5
Array
(
    [total_income] => 279844
    [income] => 228190
    [give_income] => 51654
    [buckle_income] => 103543
    [buckle_coefficient] => 0.63
)
Array
(
    [book_id] => 86913
    [book_title] => 妙手圣医
    [author_name] => 随心如梦
    [word_count] => 1099468
    [chapter_count] => 353
    [channel_id] => 0
    [statistics_day] => 2016-12-18
    [total_income] => 279844
    [give_income] => 51654
    [income] => 228190
    [buckle_income] => 103543
    [buckle_coefficient] => 0.63
    [createtime] => 2016-12-26 13:52:57
)
6
66
Array
(
    [id] => 192
    [book_id] => 86913
    [book_title] => 妙手圣医
    [author_name] => 随心如梦
    [word_count] => 1099468
    [chapter_count] => 353
    [channel_id] => 0
    [statistics_year] => 2016
    [statistics_month] => 12
    [total_income] => 279844
    [give_income] => 51654
    [income] => 228190
    [buckle_income] => 97946
    [createtime] => 2016-12-26 13:50:15
)
661
6611
Array
(
    [sum_total_income] => 279844
    [sum_give_income] => 51654
    [sum_income] => 228190
    [sum_buckle_income] => 103543
)
result=1
7
8
9
book_id=88248
2
3
4
5
Array
(
    [total_income] => 11673
    [income] => 10948
    [give_income] => 725
    [buckle_income] => 4203
    [buckle_coefficient] => 0.64
)
Array
(
    [book_id] => 88248
    [book_title] => 暧昧医院
    [author_name] => 唐太宗李世刚
    [word_count] => 644602
    [chapter_count] => 231
    [channel_id] => 0
    [statistics_day] => 2016-12-18
    [total_income] => 11673
    [give_income] => 725
    [income] => 10948
    [buckle_income] => 4203
    [buckle_coefficient] => 0.64
    [createtime] => 2016-12-26 13:52:57
)
6
66
Array
(
    [id] => 193
    [book_id] => 88248
    [book_title] => 暧昧医院
    [author_name] => 唐太宗李世刚
    [word_count] => 644602
    [chapter_count] => 231
    [channel_id] => 0
    [statistics_year] => 2016
    [statistics_month] => 12
    [total_income] => 11673
    [give_income] => 725
    [income] => 10948
    [buckle_income] => 4903
    [createtime] => 2016-12-26 13:50:15
)
661
6611
Array
(
    [sum_total_income] => 11673
    [sum_give_income] => 725
    [sum_income] => 10948
    [sum_buckle_income] => 4203
)
result=1
7
8
9
book_id=91159
2
3
4
5
Array
(
    [total_income] => 32771
    [income] => 28679
    [give_income] => 4092
    [buckle_income] => 14747
    [buckle_coefficient] => 0.55
)
Array
(
    [book_id] => 91159
    [book_title] => 近身武王
    [author_name] => 未苍
    [word_count] => 2060653
    [chapter_count] => 652
    [channel_id] => 0
    [statistics_day] => 2016-12-18
    [total_income] => 32771
    [give_income] => 4092
    [income] => 28679
    [buckle_income] => 14747
    [buckle_coefficient] => 0.55
    [createtime] => 2016-12-26 13:52:57
)
6
66
Array
(
    [id] => 194
    [book_id] => 91159
    [book_title] => 近身武王
    [author_name] => 未苍
    [word_count] => 2060653
    [chapter_count] => 652
    [channel_id] => 0
    [statistics_year] => 2016
    [statistics_month] => 12
    [total_income] => 32771
    [give_income] => 4092
    [income] => 28679
    [buckle_income] => 12453
    [createtime] => 2016-12-26 13:50:15
)
661
6611
Array
(
    [sum_total_income] => 32771
    [sum_give_income] => 4092
    [sum_income] => 28679
    [sum_buckle_income] => 14747
)
result=1
7
8
9
book_id=91563
2
3
4
5
Array
(
    [total_income] => 11142
    [income] => 10613
    [give_income] => 529
    [buckle_income] => 4680
    [buckle_coefficient] => 0.58
)
Array
(
    [book_id] => 91563
    [book_title] => 千金闲妻
    [author_name] => 倾世繁华
    [word_count] => 2144952
    [chapter_count] => 691
    [channel_id] => 0
    [statistics_day] => 2016-12-18
    [total_income] => 11142
    [give_income] => 529
    [income] => 10613
    [buckle_income] => 4680
    [buckle_coefficient] => 0.58
    [createtime] => 2016-12-26 13:52:57
)
6
66
Array
(
    [id] => 195
    [book_id] => 91563
    [book_title] => 千金闲妻
    [author_name] => 倾世繁华
    [word_count] => 2144952
    [chapter_count] => 691
    [channel_id] => 0
    [statistics_year] => 2016
    [statistics_month] => 12
    [total_income] => 11142
    [give_income] => 529
    [income] => 10613
    [buckle_income] => 4903
    [createtime] => 2016-12-26 13:50:16
)
661
6611
Array
(
    [sum_total_income] => 11142
    [sum_give_income] => 529
    [sum_income] => 10613
    [sum_buckle_income] => 4680
)
result=1
7
8
9
book_id=91566
2
3
4
5
Array
(
    [total_income] => 390
    [income] => 390
    [give_income] => 0
    [buckle_income] => 145
    [buckle_coefficient] => 0.63
)
Array
(
    [book_id] => 91566
    [book_title] => 嫡女要狠
    [author_name] => 幺蛾子大人
    [word_count] => 1346998
    [chapter_count] => 432
    [channel_id] => 0
    [statistics_day] => 2016-12-18
    [total_income] => 390
    [give_income] => 0
    [income] => 390
    [buckle_income] => 145
    [buckle_coefficient] => 0.63
    [createtime] => 2016-12-26 13:52:57
)
6
66
Array
(
    [id] => 196
    [book_id] => 91566
    [book_title] => 嫡女要狠
    [author_name] => 幺蛾子大人
    [word_count] => 1346998
    [chapter_count] => 432
    [channel_id] => 0
    [statistics_year] => 2016
    [statistics_month] => 12
    [total_income] => 390
    [give_income] => 0
    [income] => 390
    [buckle_income] => 160
    [createtime] => 2016-12-26 13:50:16
)
661
6611
Array
(
    [sum_total_income] => 390
    [sum_give_income] => 0
    [sum_income] => 390
    [sum_buckle_income] => 145
)
result=1
7
8
9
book_id=94039
2
3
4
5
Array
(
    [total_income] => 62
    [income] => 62
    [give_income] => 0
    [buckle_income] => 28
    [buckle_coefficient] => 0.55
)
Array
(
    [book_id] => 94039
    [book_title] => 绝世男仆
    [author_name] => 生花妙笔
    [word_count] => 3721261
    [chapter_count] => 1724
    [channel_id] => 0
    [statistics_day] => 2016-12-18
    [total_income] => 62
    [give_income] => 0
    [income] => 62
    [buckle_income] => 28
    [buckle_coefficient] => 0.55
    [createtime] => 2016-12-26 13:52:57
)
6
66
Array
(
    [id] => 197
    [book_id] => 94039
    [book_title] => 绝世男仆
    [author_name] => 生花妙笔
    [word_count] => 3721261
    [chapter_count] => 1724
    [channel_id] => 0
    [statistics_year] => 2016
    [statistics_month] => 12
    [total_income] => 62
    [give_income] => 0
    [income] => 62
    [buckle_income] => 28
    [createtime] => 2016-12-26 13:50:16
)
661
6611
Array
(
    [sum_total_income] => 62
    [sum_give_income] => 0
    [sum_income] => 62
    [sum_buckle_income] => 28
)
result=1
7
8
9
book_id=94595
2
3
4
5
Array
(
    [total_income] => 54016
    [income] => 49006
    [give_income] => 5010
    [buckle_income] => 22687
    [buckle_coefficient] => 0.58
)
Array
(
    [book_id] => 94595
    [book_title] => 超能兵王
    [author_name] => 小脚丫
    [word_count] => 939612
    [chapter_count] => 301
    [channel_id] => 0
    [statistics_day] => 2016-12-18
    [total_income] => 54016
    [give_income] => 5010
    [income] => 49006
    [buckle_income] => 22687
    [buckle_coefficient] => 0.58
    [createtime] => 2016-12-26 13:52:57
)
6
66
Array
(
    [id] => 198
    [book_id] => 94595
    [book_title] => 超能兵王
    [author_name] => 小脚丫
    [word_count] => 939612
    [chapter_count] => 301
    [channel_id] => 0
    [statistics_year] => 2016
    [statistics_month] => 12
    [total_income] => 54016
    [give_income] => 5010
    [income] => 49006
    [buckle_income] => 18366
    [createtime] => 2016-12-26 13:50:16
)
661
6611
Array
(
    [sum_total_income] => 54016
    [sum_give_income] => 5010
    [sum_income] => 49006
    [sum_buckle_income] => 22687
)
result=1
7
8
9
book_id=95256
2
3
4
5
Array
(
    [total_income] => 1428
    [income] => 1428
    [give_income] => 0
    [buckle_income] => 529
    [buckle_coefficient] => 0.63
)
Array
(
    [book_id] => 95256
    [book_title] => 官途之春色满园
    [author_name] => 绝境中的哥
    [word_count] => 721344
    [chapter_count] => 238
    [channel_id] => 0
    [statistics_day] => 2016-12-18
    [total_income] => 1428
    [give_income] => 0
    [income] => 1428
    [buckle_income] => 529
    [buckle_coefficient] => 0.63
    [createtime] => 2016-12-26 13:52:57
)
6
66
Array
(
    [id] => 199
    [book_id] => 95256
    [book_title] => 官途之春色满园
    [author_name] => 绝境中的哥
    [word_count] => 721344
    [chapter_count] => 238
    [channel_id] => 0
    [statistics_year] => 2016
    [statistics_month] => 12
    [total_income] => 1428
    [give_income] => 0
    [income] => 1428
    [buckle_income] => 529
    [createtime] => 2016-12-26 13:50:16
)
661
6611
Array
(
    [sum_total_income] => 1428
    [sum_give_income] => 0
    [sum_income] => 1428
    [sum_buckle_income] => 529
)
result=1
7
8
9
book_id=96176
2
3
4
5
Array
(
    [total_income] => 8709
    [income] => 7824
    [give_income] => 885
    [buckle_income] => 3745
    [buckle_coefficient] => 0.57
)
Array
(
    [book_id] => 96176
    [book_title] => 医疗圣手
    [author_name] => 平庸的上帝
    [word_count] => 1649710
    [chapter_count] => 563
    [channel_id] => 0
    [statistics_day] => 2016-12-18
    [total_income] => 8709
    [give_income] => 885
    [income] => 7824
    [buckle_income] => 3745
    [buckle_coefficient] => 0.57
    [createtime] => 2016-12-26 13:52:58
)
6
66
Array
(
    [id] => 200
    [book_id] => 96176
    [book_title] => 医疗圣手
    [author_name] => 平庸的上帝
    [word_count] => 1649710
    [chapter_count] => 563
    [channel_id] => 0
    [statistics_year] => 2016
    [statistics_month] => 12
    [total_income] => 8709
    [give_income] => 885
    [income] => 7824
    [buckle_income] => 3832
    [createtime] => 2016-12-26 13:50:16
)
661
6611
Array
(
    [sum_total_income] => 8709
    [sum_give_income] => 885
    [sum_income] => 7824
    [sum_buckle_income] => 3745
)
result=1
7
8
9
book_id=97424
2
3
4
5
Array
(
    [total_income] => 138
    [income] => 138
    [give_income] => 0
    [buckle_income] => 60
    [buckle_coefficient] => 0.57
)
Array
(
    [book_id] => 97424
    [book_title] => 凤浴九霄
    [author_name] => 一曲浅歌
    [word_count] => 449434
    [chapter_count] => 148
    [channel_id] => 0
    [statistics_day] => 2016-12-18
    [total_income] => 138
    [give_income] => 0
    [income] => 138
    [buckle_income] => 60
    [buckle_coefficient] => 0.57
    [createtime] => 2016-12-26 13:52:58
)
6
66
Array
(
    [id] => 201
    [book_id] => 97424
    [book_title] => 凤浴九霄
    [author_name] => 一曲浅歌
    [word_count] => 449434
    [chapter_count] => 148
    [channel_id] => 0
    [statistics_year] => 2016
    [statistics_month] => 12
    [total_income] => 138
    [give_income] => 0
    [income] => 138
    [buckle_income] => 53
    [createtime] => 2016-12-26 13:50:16
)
661
6611
Array
(
    [sum_total_income] => 138
    [sum_give_income] => 0
    [sum_income] => 138
    [sum_buckle_income] => 60
)
result=1
7
8
9
book_id=98302
2
3
4
5
Array
(
    [total_income] => 1884
    [income] => 1884
    [give_income] => 0
    [buckle_income] => 716
    [buckle_coefficient] => 0.62
)
Array
(
    [book_id] => 98302
    [book_title] => 驭蛇小娘子
    [author_name] => 怪味腰果
    [word_count] => 1080014
    [chapter_count] => 451
    [channel_id] => 0
    [statistics_day] => 2016-12-18
    [total_income] => 1884
    [give_income] => 0
    [income] => 1884
    [buckle_income] => 716
    [buckle_coefficient] => 0.62
    [createtime] => 2016-12-26 13:52:58
)
6
66
Array
(
    [id] => 202
    [book_id] => 98302
    [book_title] => 驭蛇小娘子
    [author_name] => 怪味腰果
    [word_count] => 1080014
    [chapter_count] => 451
    [channel_id] => 0
    [statistics_year] => 2016
    [statistics_month] => 12
    [total_income] => 1884
    [give_income] => 0
    [income] => 1884
    [buckle_income] => 829
    [createtime] => 2016-12-26 13:50:16
)
661
6611
Array
(
    [sum_total_income] => 1884
    [sum_give_income] => 0
    [sum_income] => 1884
    [sum_buckle_income] => 716
)
result=1
7
8
9
book_id=99956
2
3
4
5
Array
(
    [total_income] => 6803
    [income] => 6034
    [give_income] => 769
    [buckle_income] => 2518
    [buckle_coefficient] => 0.63
)
Array
(
    [book_id] => 99956
    [book_title] => 步步花香
    [author_name] => 虫子
    [word_count] => 648595
    [chapter_count] => 201
    [channel_id] => 0
    [statistics_day] => 2016-12-18
    [total_income] => 6803
    [give_income] => 769
    [income] => 6034
    [buckle_income] => 2518
    [buckle_coefficient] => 0.63
    [createtime] => 2016-12-26 13:52:58
)
6
66
Array
(
    [id] => 203
    [book_id] => 99956
    [book_title] => 步步花香
    [author_name] => 虫子
    [word_count] => 648595
    [chapter_count] => 201
    [channel_id] => 0
    [statistics_year] => 2016
    [statistics_month] => 12
    [total_income] => 6803
    [give_income] => 769
    [income] => 6034
    [buckle_income] => 2722
    [createtime] => 2016-12-26 13:50:16
)
661
6611
Array
(
    [sum_total_income] => 6803
    [sum_give_income] => 769
    [sum_income] => 6034
    [sum_buckle_income] => 2518
)
result=1
7
8
9
book_id=102789
2
3
4
5
Array
(
    [total_income] => 397
    [income] => 97
    [give_income] => 300
    [buckle_income] => 147
    [buckle_coefficient] => 0.63
)
Array
(
    [book_id] => 102789
    [book_title] => 冷酷帝少步步逼婚
    [author_name] => 金元宝
    [word_count] => 1528703
    [chapter_count] => 565
    [channel_id] => 0
    [statistics_day] => 2016-12-18
    [total_income] => 397
    [give_income] => 300
    [income] => 97
    [buckle_income] => 147
    [buckle_coefficient] => 0.63
    [createtime] => 2016-12-26 13:52:58
)
6
66
Array
(
    [id] => 204
    [book_id] => 102789
    [book_title] => 冷酷帝少步步逼婚
    [author_name] => 金元宝
    [word_count] => 1528703
    [chapter_count] => 565
    [channel_id] => 0
    [statistics_year] => 2016
    [statistics_month] => 12
    [total_income] => 397
    [give_income] => 300
    [income] => 97
    [buckle_income] => 139
    [createtime] => 2016-12-26 13:50:16
)
661
6611
Array
(
    [sum_total_income] => 397
    [sum_give_income] => 300
    [sum_income] => 97
    [sum_buckle_income] => 147
)
result=1
7
8
9
book_id=102858
2
3
4
5
Array
(
    [total_income] => 15872
    [income] => 14561
    [give_income] => 1311
    [buckle_income] => 5556
    [buckle_coefficient] => 0.65
)
Array
(
    [book_id] => 102858
    [book_title] => 女王妈咪驾到
    [author_name] => 齐成琨
    [word_count] => 3746013
    [chapter_count] => 1775
    [channel_id] => 0
    [statistics_day] => 2016-12-18
    [total_income] => 15872
    [give_income] => 1311
    [income] => 14561
    [buckle_income] => 5556
    [buckle_coefficient] => 0.65
    [createtime] => 2016-12-26 13:52:58
)
6
66
Array
(
    [id] => 205
    [book_id] => 102858
    [book_title] => 女王妈咪驾到
    [author_name] => 齐成琨
    [word_count] => 3746013
    [chapter_count] => 1775
    [channel_id] => 0
    [statistics_year] => 2016
    [statistics_month] => 12
    [total_income] => 15872
    [give_income] => 1311
    [income] => 14561
    [buckle_income] => 5397
    [createtime] => 2016-12-26 13:50:17
)
661
6611
Array
(
    [sum_total_income] => 15872
    [sum_give_income] => 1311
    [sum_income] => 14561
    [sum_buckle_income] => 5556
)
result=1
7
8
9
book_id=103051
2
3
4
5
Array
(
    [total_income] => 3519
    [income] => 3277
    [give_income] => 242
    [buckle_income] => 1549
    [buckle_coefficient] => 0.56
)
Array
(
    [book_id] => 103051
    [book_title] => 闪婚疯妻休想逃
    [author_name] => 惜纯璐
    [word_count] => 1123723
    [chapter_count] => 278
    [channel_id] => 0
    [statistics_day] => 2016-12-18
    [total_income] => 3519
    [give_income] => 242
    [income] => 3277
    [buckle_income] => 1549
    [buckle_coefficient] => 0.56
    [createtime] => 2016-12-26 13:52:58
)
6
66
Array
(
    [id] => 206
    [book_id] => 103051
    [book_title] => 闪婚疯妻休想逃
    [author_name] => 惜纯璐
    [word_count] => 1123723
    [chapter_count] => 278
    [channel_id] => 0
    [statistics_year] => 2016
    [statistics_month] => 12
    [total_income] => 3519
    [give_income] => 242
    [income] => 3277
    [buckle_income] => 1408
    [createtime] => 2016-12-26 13:50:17
)
661
6611
Array
(
    [sum_total_income] => 3519
    [sum_give_income] => 242
    [sum_income] => 3277
    [sum_buckle_income] => 1549
)
result=1
7
8
9
book_id=104086
2
3
4
5
Array
(
    [total_income] => 190
    [income] => 190
    [give_income] => 0
    [buckle_income] => 82
    [buckle_coefficient] => 0.57
)
Array
(
    [book_id] => 104086
    [book_title] => 绝世高手在都市
    [author_name] => 潇洒公子
    [word_count] => 1537177
    [chapter_count] => 674
    [channel_id] => 0
    [statistics_day] => 2016-12-18
    [total_income] => 190
    [give_income] => 0
    [income] => 190
    [buckle_income] => 82
    [buckle_coefficient] => 0.57
    [createtime] => 2016-12-26 13:52:58
)
6
66
Array
(
    [id] => 207
    [book_id] => 104086
    [book_title] => 绝世高手在都市
    [author_name] => 潇洒公子
    [word_count] => 1537177
    [chapter_count] => 674
    [channel_id] => 0
    [statistics_year] => 2016
    [statistics_month] => 12
    [total_income] => 190
    [give_income] => 0
    [income] => 190
    [buckle_income] => 84
    [createtime] => 2016-12-26 13:50:17
)
661
6611
Array
(
    [sum_total_income] => 190
    [sum_give_income] => 0
    [sum_income] => 190
    [sum_buckle_income] => 82
)
result=1
7
8
9
book_id=104993
2
3
4
5
Array
(
    [total_income] => 1357
    [income] => 1192
    [give_income] => 165
    [buckle_income] => 570
    [buckle_coefficient] => 0.58
)
Array
(
    [book_id] => 104993
    [book_title] => 第一婚宠
    [author_name] => 月盈
    [word_count] => 1691851
    [chapter_count] => 554
    [channel_id] => 0
    [statistics_day] => 2016-12-18
    [total_income] => 1357
    [give_income] => 165
    [income] => 1192
    [buckle_income] => 570
    [buckle_coefficient] => 0.58
    [createtime] => 2016-12-26 13:52:58
)
6
66
Array
(
    [id] => 208
    [book_id] => 104993
    [book_title] => 第一婚宠
    [author_name] => 月盈
    [word_count] => 1691851
    [chapter_count] => 554
    [channel_id] => 0
    [statistics_year] => 2016
    [statistics_month] => 12
    [total_income] => 1357
    [give_income] => 165
    [income] => 1192
    [buckle_income] => 584
    [createtime] => 2016-12-26 13:50:17
)
661
6611
Array
(
    [sum_total_income] => 1357
    [sum_give_income] => 165
    [sum_income] => 1192
    [sum_buckle_income] => 570
)
result=1
7
8
9
book_id=105624
2
3
4
5
Array
(
    [total_income] => 212
    [income] => 212
    [give_income] => 0
    [buckle_income] => 75
    [buckle_coefficient] => 0.65
)
Array
(
    [book_id] => 105624
    [book_title] => 官道之辉煌人生
    [author_name] => 不否
    [word_count] => 1346498
    [chapter_count] => 403
    [channel_id] => 0
    [statistics_day] => 2016-12-18
    [total_income] => 212
    [give_income] => 0
    [income] => 212
    [buckle_income] => 75
    [buckle_coefficient] => 0.65
    [createtime] => 2016-12-26 13:52:59
)
6
66
Array
(
    [id] => 209
    [book_id] => 105624
    [book_title] => 官道之辉煌人生
    [author_name] => 不否
    [word_count] => 1346498
    [chapter_count] => 403
    [channel_id] => 0
    [statistics_year] => 2016
    [statistics_month] => 12
    [total_income] => 212
    [give_income] => 0
    [income] => 212
    [buckle_income] => 73
    [createtime] => 2016-12-26 13:50:17
)
661
6611
Array
(
    [sum_total_income] => 212
    [sum_give_income] => 0
    [sum_income] => 212
    [sum_buckle_income] => 75
)
result=1
7
8
9
book_id=109499
2
3
4
5
Array
(
    [total_income] => 8319
    [income] => 7781
    [give_income] => 538
    [buckle_income] => 3162
    [buckle_coefficient] => 0.62
)
Array
(
    [book_id] => 109499
    [book_title] => 极品复制
    [author_name] => 不是蚊子
    [word_count] => 956224
    [chapter_count] => 334
    [channel_id] => 0
    [statistics_day] => 2016-12-18
    [total_income] => 8319
    [give_income] => 538
    [income] => 7781
    [buckle_income] => 3162
    [buckle_coefficient] => 0.62
    [createtime] => 2016-12-26 13:52:59
)
6
66
Array
(
    [id] => 210
    [book_id] => 109499
    [book_title] => 极品复制
    [author_name] => 不是蚊子
    [word_count] => 956224
    [chapter_count] => 334
    [channel_id] => 0
    [statistics_year] => 2016
    [statistics_month] => 12
    [total_income] => 8319
    [give_income] => 538
    [income] => 7781
    [buckle_income] => 3079
    [createtime] => 2016-12-26 13:50:17
)
661
6611
Array
(
    [sum_total_income] => 8319
    [sum_give_income] => 538
    [sum_income] => 7781
    [sum_buckle_income] => 3162
)
result=1
7
8
9
book_id=110079
2
3
4
5
Array
(
    [total_income] => 42
    [income] => 42
    [give_income] => 0
    [buckle_income] => 18
    [buckle_coefficient] => 0.58
)
Array
(
    [book_id] => 110079
    [book_title] => 超级保镖
    [author_name] => 百年一木
    [word_count] => 5504620
    [chapter_count] => 2103
    [channel_id] => 0
    [statistics_day] => 2016-12-18
    [total_income] => 42
    [give_income] => 0
    [income] => 42
    [buckle_income] => 18
    [buckle_coefficient] => 0.58
    [createtime] => 2016-12-26 13:52:59
)
6
66
Array
(
    [id] => 211
    [book_id] => 110079
    [book_title] => 超级保镖
    [author_name] => 百年一木
    [word_count] => 5504620
    [chapter_count] => 2103
    [channel_id] => 0
    [statistics_year] => 2016
    [statistics_month] => 12
    [total_income] => 42
    [give_income] => 0
    [income] => 42
    [buckle_income] => 15
    [createtime] => 2016-12-26 13:50:17
)
661
6611
Array
(
    [sum_total_income] => 42
    [sum_give_income] => 0
    [sum_income] => 42
    [sum_buckle_income] => 18
)
result=1
7
8
9
book_id=110161
2
3
4
5
Array
(
    [total_income] => 10018
    [income] => 9520
    [give_income] => 498
    [buckle_income] => 4509
    [buckle_coefficient] => 0.55
)
Array
(
    [book_id] => 110161
    [book_title] => 我的局长老婆
    [author_name] => 喝杯浓茶
    [word_count] => 1628469
    [chapter_count] => 488
    [channel_id] => 0
    [statistics_day] => 2016-12-18
    [total_income] => 10018
    [give_income] => 498
    [income] => 9520
    [buckle_income] => 4509
    [buckle_coefficient] => 0.55
    [createtime] => 2016-12-26 13:52:59
)
6
66
Array
(
    [id] => 212
    [book_id] => 110161
    [book_title] => 我的局长老婆
    [author_name] => 喝杯浓茶
    [word_count] => 1628469
    [chapter_count] => 488
    [channel_id] => 0
    [statistics_year] => 2016
    [statistics_month] => 12
    [total_income] => 10018
    [give_income] => 498
    [income] => 9520
    [buckle_income] => 3607
    [createtime] => 2016-12-26 13:50:18
)
661
6611
Array
(
    [sum_total_income] => 10018
    [sum_give_income] => 498
    [sum_income] => 9520
    [sum_buckle_income] => 4509
)
result=1
7
8
9
book_id=110604
2
3
4
5
Array
(
    [total_income] => 4844
    [income] => 4707
    [give_income] => 137
    [buckle_income] => 1647
    [buckle_coefficient] => 0.66
)
Array
(
    [book_id] => 110604
    [book_title] => 极品高手混都市
    [author_name] => 田小鸡
    [word_count] => 1041121
    [chapter_count] => 385
    [channel_id] => 0
    [statistics_day] => 2016-12-18
    [total_income] => 4844
    [give_income] => 137
    [income] => 4707
    [buckle_income] => 1647
    [buckle_coefficient] => 0.66
    [createtime] => 2016-12-26 13:52:59
)
6
66
Array
(
    [id] => 213
    [book_id] => 110604
    [book_title] => 极品高手混都市
    [author_name] => 田小鸡
    [word_count] => 1041121
    [chapter_count] => 385
    [channel_id] => 0
    [statistics_year] => 2016
    [statistics_month] => 12
    [total_income] => 4844
    [give_income] => 137
    [income] => 4707
    [buckle_income] => 1841
    [createtime] => 2016-12-26 13:50:18
)
661
6611
Array
(
    [sum_total_income] => 4844
    [sum_give_income] => 137
    [sum_income] => 4707
    [sum_buckle_income] => 1647
)
result=1
7
8
9
book_id=113446
2
3
4
5
Array
(
    [total_income] => 14182
    [income] => 12873
    [give_income] => 1309
    [buckle_income] => 6241
    [buckle_coefficient] => 0.56
)
Array
(
    [book_id] => 113446
    [book_title] => 银杏花开
    [author_name] => 闻松听涛
    [word_count] => 2302791
    [chapter_count] => 723
    [channel_id] => 0
    [statistics_day] => 2016-12-18
    [total_income] => 14182
    [give_income] => 1309
    [income] => 12873
    [buckle_income] => 6241
    [buckle_coefficient] => 0.56
    [createtime] => 2016-12-26 13:52:59
)
6
66
Array
(
    [id] => 214
    [book_id] => 113446
    [book_title] => 银杏花开
    [author_name] => 闻松听涛
    [word_count] => 2302791
    [chapter_count] => 723
    [channel_id] => 0
    [statistics_year] => 2016
    [statistics_month] => 12
    [total_income] => 14182
    [give_income] => 1309
    [income] => 12873
    [buckle_income] => 6382
    [createtime] => 2016-12-26 13:50:35
)
661
6611
Array
(
    [sum_total_income] => 14182
    [sum_give_income] => 1309
    [sum_income] => 12873
    [sum_buckle_income] => 6241
)
result=1
7
8
9
book_id=114961
2
3
4
5
Array
(
    [total_income] => 6409
    [income] => 5487
    [give_income] => 922
    [buckle_income] => 2180
    [buckle_coefficient] => 0.66
)
Array
(
    [book_id] => 114961
    [book_title] => 独家宠婚，骗来的军嫂
    [author_name] => 夜雨星辰
    [word_count] => 786711
    [chapter_count] => 273
    [channel_id] => 0
    [statistics_day] => 2016-12-18
    [total_income] => 6409
    [give_income] => 922
    [income] => 5487
    [buckle_income] => 2180
    [buckle_coefficient] => 0.66
    [createtime] => 2016-12-26 13:52:59
)
6
66
Array
(
    [id] => 215
    [book_id] => 114961
    [book_title] => 独家宠婚，骗来的军嫂
    [author_name] => 夜雨星辰
    [word_count] => 786711
    [chapter_count] => 273
    [channel_id] => 0
    [statistics_year] => 2016
    [statistics_month] => 12
    [total_income] => 6409
    [give_income] => 922
    [income] => 5487
    [buckle_income] => 2885
    [createtime] => 2016-12-26 13:50:35
)
661
6611
Array
(
    [sum_total_income] => 6409
    [sum_give_income] => 922
    [sum_income] => 5487
    [sum_buckle_income] => 2180
)
result=1
7
8
9
book_id=115706
2
3
4
5
Array
(
    [total_income] => 3725
    [income] => 3575
    [give_income] => 150
    [buckle_income] => 1379
    [buckle_coefficient] => 0.63
)
Array
(
    [book_id] => 115706
    [book_title] => 我的极品总裁老婆
    [author_name] => 夜上
    [word_count] => 3570704
    [chapter_count] => 1140
    [channel_id] => 0
    [statistics_day] => 2016-12-18
    [total_income] => 3725
    [give_income] => 150
    [income] => 3575
    [buckle_income] => 1379
    [buckle_coefficient] => 0.63
    [createtime] => 2016-12-26 13:52:59
)
6
66
Array
(
    [id] => 216
    [book_id] => 115706
    [book_title] => 我的极品总裁老婆
    [author_name] => 夜上
    [word_count] => 3570704
    [chapter_count] => 1140
    [channel_id] => 0
    [statistics_year] => 2016
    [statistics_month] => 12
    [total_income] => 3725
    [give_income] => 150
    [income] => 3575
    [buckle_income] => 1677
    [createtime] => 2016-12-26 13:50:35
)
661
6611
Array
(
    [sum_total_income] => 3725
    [sum_give_income] => 150
    [sum_income] => 3575
    [sum_buckle_income] => 1379
)
result=1
7
8
9
book_id=116917
2
3
4
5
Array
(
    [total_income] => 78
    [income] => 78
    [give_income] => 0
    [buckle_income] => 27
    [buckle_coefficient] => 0.66
)
Array
(
    [book_id] => 116917
    [book_title] => 我的女友是虞姬
    [author_name] => 羽千航
    [word_count] => 1199003
    [chapter_count] => 355
    [channel_id] => 0
    [statistics_day] => 2016-12-18
    [total_income] => 78
    [give_income] => 0
    [income] => 78
    [buckle_income] => 27
    [buckle_coefficient] => 0.66
    [createtime] => 2016-12-26 13:52:59
)
6
66
Array
(
    [id] => 217
    [book_id] => 116917
    [book_title] => 我的女友是虞姬
    [author_name] => 羽千航
    [word_count] => 1199003
    [chapter_count] => 355
    [channel_id] => 0
    [statistics_year] => 2016
    [statistics_month] => 12
    [total_income] => 78
    [give_income] => 0
    [income] => 78
    [buckle_income] => 34
    [createtime] => 2016-12-26 13:50:35
)
661
6611
Array
(
    [sum_total_income] => 78
    [sum_give_income] => 0
    [sum_income] => 78
    [sum_buckle_income] => 27
)
result=1
7
8
9
book_id=119587
2
3
4
5
Array
(
    [total_income] => 1736
    [income] => 1736
    [give_income] => 0
    [buckle_income] => 625
    [buckle_coefficient] => 0.64
)
Array
(
    [book_id] => 119587
    [book_title] => 极品逍遥高手
    [author_name] => 青山依旧在
    [word_count] => 4811105
    [chapter_count] => 1550
    [channel_id] => 0
    [statistics_day] => 2016-12-18
    [total_income] => 1736
    [give_income] => 0
    [income] => 1736
    [buckle_income] => 625
    [buckle_coefficient] => 0.64
    [createtime] => 2016-12-26 13:53:00
)
6
66
Array
(
    [id] => 218
    [book_id] => 119587
    [book_title] => 极品逍遥高手
    [author_name] => 青山依旧在
    [word_count] => 4811105
    [chapter_count] => 1550
    [channel_id] => 0
    [statistics_year] => 2016
    [statistics_month] => 12
    [total_income] => 1736
    [give_income] => 0
    [income] => 1736
    [buckle_income] => 730
    [createtime] => 2016-12-26 13:50:36
)
661
6611
Array
(
    [sum_total_income] => 1736
    [sum_give_income] => 0
    [sum_income] => 1736
    [sum_buckle_income] => 625
)
result=1
7
8
9
book_id=120549
2
3
4
5
Array
(
    [total_income] => 46171
    [income] => 42391
    [give_income] => 3780
    [buckle_income] => 20777
    [buckle_coefficient] => 0.55
)
Array
(
    [book_id] => 120549
    [book_title] => 我的无心鬼丈夫
    [author_name] => 水云寒
    [word_count] => 657541
    [chapter_count] => 268
    [channel_id] => 0
    [statistics_day] => 2016-12-18
    [total_income] => 46171
    [give_income] => 3780
    [income] => 42391
    [buckle_income] => 20777
    [buckle_coefficient] => 0.55
    [createtime] => 2016-12-26 13:53:00
)
6
66
Array
(
    [id] => 219
    [book_id] => 120549
    [book_title] => 我的无心鬼丈夫
    [author_name] => 水云寒
    [word_count] => 657541
    [chapter_count] => 268
    [channel_id] => 0
    [statistics_year] => 2016
    [statistics_month] => 12
    [total_income] => 46171
    [give_income] => 3780
    [income] => 42391
    [buckle_income] => 19854
    [createtime] => 2016-12-26 13:50:36
)
661
6611
Array
(
    [sum_total_income] => 46171
    [sum_give_income] => 3780
    [sum_income] => 42391
    [sum_buckle_income] => 20777
)
result=1
7
8
9
book_id=121857
2
3
4
5
Array
(
    [total_income] => 65
    [income] => 65
    [give_income] => 0
    [buckle_income] => 23
    [buckle_coefficient] => 0.65
)
Array
(
    [book_id] => 121857
    [book_title] => 谈婚论价
    [author_name] => 我是鱼
    [word_count] => 2163622
    [chapter_count] => 707
    [channel_id] => 0
    [statistics_day] => 2016-12-18
    [total_income] => 65
    [give_income] => 0
    [income] => 65
    [buckle_income] => 23
    [buckle_coefficient] => 0.65
    [createtime] => 2016-12-26 13:53:00
)
6
66
Array
(
    [id] => 220
    [book_id] => 121857
    [book_title] => 谈婚论价
    [author_name] => 我是鱼
    [word_count] => 2163622
    [chapter_count] => 707
    [channel_id] => 0
    [statistics_year] => 2016
    [statistics_month] => 12
    [total_income] => 65
    [give_income] => 0
    [income] => 65
    [buckle_income] => 25
    [createtime] => 2016-12-26 13:50:36
)
661
6611
Array
(
    [sum_total_income] => 65
    [sum_give_income] => 0
    [sum_income] => 65
    [sum_buckle_income] => 23
)
result=1
7
8
9
book_id=122419
2
3
4
5
Array
(
    [total_income] => 190
    [income] => 45
    [give_income] => 145
    [buckle_income] => 76
    [buckle_coefficient] => 0.6
)
Array
(
    [book_id] => 122419
    [book_title] => 别动那个墓
    [author_name] => 歪少
    [word_count] => 685244
    [chapter_count] => 240
    [channel_id] => 0
    [statistics_day] => 2016-12-18
    [total_income] => 190
    [give_income] => 145
    [income] => 45
    [buckle_income] => 76
    [buckle_coefficient] => 0.6
    [createtime] => 2016-12-26 13:53:00
)
6
66
Array
(
    [id] => 221
    [book_id] => 122419
    [book_title] => 别动那个墓
    [author_name] => 歪少
    [word_count] => 685244
    [chapter_count] => 240
    [channel_id] => 0
    [statistics_year] => 2016
    [statistics_month] => 12
    [total_income] => 190
    [give_income] => 145
    [income] => 45
    [buckle_income] => 76
    [createtime] => 2016-12-26 13:50:36
)
661
6611
Array
(
    [sum_total_income] => 190
    [sum_give_income] => 145
    [sum_income] => 45
    [sum_buckle_income] => 76
)
result=1
7
8
9
book_id=123734
2
3
4
5
Array
(
    [total_income] => 1627
    [income] => 1627
    [give_income] => 0
    [buckle_income] => 619
    [buckle_coefficient] => 0.62
)
Array
(
    [book_id] => 123734
    [book_title] => 独霸苍穹
    [author_name] => 一枚祸害
    [word_count] => 1152046
    [chapter_count] => 393
    [channel_id] => 0
    [statistics_day] => 2016-12-18
    [total_income] => 1627
    [give_income] => 0
    [income] => 1627
    [buckle_income] => 619
    [buckle_coefficient] => 0.62
    [createtime] => 2016-12-26 13:53:00
)
6
66
Array
(
    [id] => 222
    [book_id] => 123734
    [book_title] => 独霸苍穹
    [author_name] => 一枚祸害
    [word_count] => 1152046
    [chapter_count] => 393
    [channel_id] => 0
    [statistics_year] => 2016
    [statistics_month] => 12
    [total_income] => 1627
    [give_income] => 0
    [income] => 1627
    [buckle_income] => 733
    [createtime] => 2016-12-26 13:50:36
)
661
6611
Array
(
    [sum_total_income] => 1627
    [sum_give_income] => 0
    [sum_income] => 1627
    [sum_buckle_income] => 619
)
result=1
7
8
9
book_id=123891
2
3
4
5
Array
(
    [total_income] => 9219
    [income] => 8301
    [give_income] => 918
    [buckle_income] => 3596
    [buckle_coefficient] => 0.61
)
Array
(
    [book_id] => 123891
    [book_title] => 世界第一军婚
    [author_name] => 雅园弄墨
    [word_count] => 1287867
    [chapter_count] => 639
    [channel_id] => 0
    [statistics_day] => 2016-12-18
    [total_income] => 9219
    [give_income] => 918
    [income] => 8301
    [buckle_income] => 3596
    [buckle_coefficient] => 0.61
    [createtime] => 2016-12-26 13:53:00
)
6
66
Array
(
    [id] => 223
    [book_id] => 123891
    [book_title] => 世界第一军婚
    [author_name] => 雅园弄墨
    [word_count] => 1287867
    [chapter_count] => 639
    [channel_id] => 0
    [statistics_year] => 2016
    [statistics_month] => 12
    [total_income] => 9219
    [give_income] => 918
    [income] => 8301
    [buckle_income] => 3504
    [createtime] => 2016-12-26 13:50:37
)
661
6611
Array
(
    [sum_total_income] => 9219
    [sum_give_income] => 918
    [sum_income] => 8301
    [sum_buckle_income] => 3596
)
result=1
7
8
9
book_id=126602
2
3
4
5
Array
(
    [total_income] => 703
    [income] => 703
    [give_income] => 0
    [buckle_income] => 303
    [buckle_coefficient] => 0.57
)
Array
(
    [book_id] => 126602
    [book_title] => 凰令萌妃
    [author_name] => 手雷斩云
    [word_count] => 552832
    [chapter_count] => 202
    [channel_id] => 0
    [statistics_day] => 2016-12-18
    [total_income] => 703
    [give_income] => 0
    [income] => 703
    [buckle_income] => 303
    [buckle_coefficient] => 0.57
    [createtime] => 2016-12-26 13:53:00
)
6
66
Array
(
    [id] => 224
    [book_id] => 126602
    [book_title] => 凰令萌妃
    [author_name] => 手雷斩云
    [word_count] => 552832
    [chapter_count] => 202
    [channel_id] => 0
    [statistics_year] => 2016
    [statistics_month] => 12
    [total_income] => 703
    [give_income] => 0
    [income] => 703
    [buckle_income] => 254
    [createtime] => 2016-12-26 13:50:37
)
661
6611
Array
(
    [sum_total_income] => 703
    [sum_give_income] => 0
    [sum_income] => 703
    [sum_buckle_income] => 303
)
result=1
7
8
9
book_id=144691
2
3
4
5
Array
(
    [total_income] => 5
    [income] => 5
    [give_income] => 0
    [buckle_income] => 5
    [buckle_coefficient] => 
)
Array
(
    [book_id] => 144691
    [book_title] => 阴阳鬼眼
    [author_name] => 芭蕉叶
    [word_count] => 105461
    [chapter_count] => 70
    [channel_id] => 0
    [statistics_day] => 2016-12-18
    [total_income] => 5
    [give_income] => 0
    [income] => 5
    [buckle_income] => 5
    [buckle_coefficient] => 
    [createtime] => 2016-12-26 13:53:00
)
6
66
Array
(
    [id] => 225
    [book_id] => 144691
    [book_title] => 阴阳鬼眼
    [author_name] => 芭蕉叶
    [word_count] => 105461
    [chapter_count] => 70
    [channel_id] => 0
    [statistics_year] => 2016
    [statistics_month] => 12
    [total_income] => 5
    [give_income] => 0
    [income] => 5
    [buckle_income] => 5
    [createtime] => 2016-12-26 13:50:37
)
661
6611
Array
(
    [sum_total_income] => 5
    [sum_give_income] => 0
    [sum_income] => 5
    [sum_buckle_income] => 5
)
result=1
7
8
9
book_id=145007
2
3
4
5
Array
(
    [total_income] => 8700
    [income] => 7453
    [give_income] => 1247
    [buckle_income] => 3219
    [buckle_coefficient] => 0.63
)
Array
(
    [book_id] => 145007
    [book_title] => 我的26岁女上司
    [author_name] => 韭菜盒子
    [word_count] => 2116067
    [chapter_count] => 1014
    [channel_id] => 0
    [statistics_day] => 2016-12-18
    [total_income] => 8700
    [give_income] => 1247
    [income] => 7453
    [buckle_income] => 3219
    [buckle_coefficient] => 0.63
    [createtime] => 2016-12-26 13:53:01
)
6
66
Array
(
    [id] => 226
    [book_id] => 145007
    [book_title] => 我的26岁女上司
    [author_name] => 韭菜盒子
    [word_count] => 2116067
    [chapter_count] => 1014
    [channel_id] => 0
    [statistics_year] => 2016
    [statistics_month] => 12
    [total_income] => 8700
    [give_income] => 1247
    [income] => 7453
    [buckle_income] => 3306
    [createtime] => 2016-12-26 13:50:37
)
661
6611
Array
(
    [sum_total_income] => 8700
    [sum_give_income] => 1247
    [sum_income] => 7453
    [sum_buckle_income] => 3219
)
result=1
7
8
9
book_id=146959
2
3
4
5
Array
(
    [total_income] => 15640
    [income] => 14567
    [give_income] => 1073
    [buckle_income] => 5474
    [buckle_coefficient] => 0.65
)
Array
(
    [book_id] => 146959
    [book_title] => 功夫神医
    [author_name] => 猪爬树
    [word_count] => 1523197
    [chapter_count] => 731
    [channel_id] => 0
    [statistics_day] => 2016-12-18
    [total_income] => 15640
    [give_income] => 1073
    [income] => 14567
    [buckle_income] => 5474
    [buckle_coefficient] => 0.65
    [createtime] => 2016-12-26 13:53:01
)
6
66
Array
(
    [id] => 2
    [book_id] => 146959
    [book_title] => 功夫神医
    [author_name] => 猪爬树
    [word_count] => 1523197
    [chapter_count] => 731
    [channel_id] => 0
    [statistics_year] => 2016
    [statistics_month] => 12
    [total_income] => 15650
    [give_income] => 1073
    [income] => 14577
    [buckle_income] => 5797
    [createtime] => 2016-12-26 13:50:37
)
661
6611
Array
(
    [sum_total_income] => 15650
    [sum_give_income] => 1073
    [sum_income] => 14577
    [sum_buckle_income] => 5484
)
result=1
7
8
9
book_id=147301
2
3
4
5
Array
(
    [total_income] => 1971
    [income] => 1768
    [give_income] => 203
    [buckle_income] => 671
    [buckle_coefficient] => 0.66
)
Array
(
    [book_id] => 147301
    [book_title] => 野蛮合租
    [author_name] => 东城
    [word_count] => 2061594
    [chapter_count] => 607
    [channel_id] => 0
    [statistics_day] => 2016-12-18
    [total_income] => 1971
    [give_income] => 203
    [income] => 1768
    [buckle_income] => 671
    [buckle_coefficient] => 0.66
    [createtime] => 2016-12-26 13:53:01
)
6
66
Array
(
    [id] => 227
    [book_id] => 147301
    [book_title] => 野蛮合租
    [author_name] => 东城
    [word_count] => 2061594
    [chapter_count] => 607
    [channel_id] => 0
    [statistics_year] => 2016
    [statistics_month] => 12
    [total_income] => 1971
    [give_income] => 203
    [income] => 1768
    [buckle_income] => 868
    [createtime] => 2016-12-26 13:50:38
)
661
6611
Array
(
    [sum_total_income] => 1971
    [sum_give_income] => 203
    [sum_income] => 1768
    [sum_buckle_income] => 671
)
result=1
7
8
9
book_id=150270
2
3
4
5
Array
(
    [total_income] => 242
    [income] => 242
    [give_income] => 0
    [buckle_income] => 88
    [buckle_coefficient] => 0.64
)
Array
(
    [book_id] => 150270
    [book_title] => 唇唇欲动
    [author_name] => 锁清秋
    [word_count] => 308037
    [chapter_count] => 100
    [channel_id] => 0
    [statistics_day] => 2016-12-18
    [total_income] => 242
    [give_income] => 0
    [income] => 242
    [buckle_income] => 88
    [buckle_coefficient] => 0.64
    [createtime] => 2016-12-26 13:53:01
)
6
66
Array
(
    [id] => 228
    [book_id] => 150270
    [book_title] => 唇唇欲动
    [author_name] => 锁清秋
    [word_count] => 308037
    [chapter_count] => 100
    [channel_id] => 0
    [statistics_year] => 2016
    [statistics_month] => 12
    [total_income] => 242
    [give_income] => 0
    [income] => 242
    [buckle_income] => 90
    [createtime] => 2016-12-26 13:50:38
)
661
6611
Array
(
    [sum_total_income] => 242
    [sum_give_income] => 0
    [sum_income] => 242
    [sum_buckle_income] => 88
)
result=1
7
8
9
book_id=151549
2
3
4
5
Array
(
    [total_income] => 3341
    [income] => 3341
    [give_income] => 0
    [buckle_income] => 1471
    [buckle_coefficient] => 0.56
)
Array
(
    [book_id] => 151549
    [book_title] => 我的极品美女总裁
    [author_name] => 平庸的上帝
    [word_count] => 2413290
    [chapter_count] => 755
    [channel_id] => 0
    [statistics_day] => 2016-12-18
    [total_income] => 3341
    [give_income] => 0
    [income] => 3341
    [buckle_income] => 1471
    [buckle_coefficient] => 0.56
    [createtime] => 2016-12-26 13:53:01
)
6
66
Array
(
    [id] => 229
    [book_id] => 151549
    [book_title] => 我的极品美女总裁
    [author_name] => 平庸的上帝
    [word_count] => 2413290
    [chapter_count] => 755
    [channel_id] => 0
    [statistics_year] => 2016
    [statistics_month] => 12
    [total_income] => 3341
    [give_income] => 0
    [income] => 3341
    [buckle_income] => 1270
    [createtime] => 2016-12-26 13:50:38
)
661
6611
Array
(
    [sum_total_income] => 3341
    [sum_give_income] => 0
    [sum_income] => 3341
    [sum_buckle_income] => 1471
)
result=1
7
8
9
book_id=152381
2
3
4
5
Array
(
    [total_income] => 10936
    [income] => 9626
    [give_income] => 1310
    [buckle_income] => 4156
    [buckle_coefficient] => 0.62
)
Array
(
    [book_id] => 152381
    [book_title] => 特级保安
    [author_name] => 花家大少
    [word_count] => 1181068
    [chapter_count] => 545
    [channel_id] => 0
    [statistics_day] => 2016-12-18
    [total_income] => 10936
    [give_income] => 1310
    [income] => 9626
    [buckle_income] => 4156
    [buckle_coefficient] => 0.62
    [createtime] => 2016-12-26 13:53:02
)
6
66
Array
(
    [id] => 230
    [book_id] => 152381
    [book_title] => 特级保安
    [author_name] => 花家大少
    [word_count] => 1181068
    [chapter_count] => 545
    [channel_id] => 0
    [statistics_year] => 2016
    [statistics_month] => 12
    [total_income] => 10936
    [give_income] => 1310
    [income] => 9626
    [buckle_income] => 3937
    [createtime] => 2016-12-26 13:50:38
)
661
6611
Array
(
    [sum_total_income] => 10936
    [sum_give_income] => 1310
    [sum_income] => 9626
    [sum_buckle_income] => 4156
)
result=1
7
8
9
book_id=153110
2
3
4
5
Array
(
    [total_income] => 24
    [income] => 24
    [give_income] => 0
    [buckle_income] => 11
    [buckle_coefficient] => 0.55
)
Array
(
    [book_id] => 153110
    [book_title] => 狼王盛宠：萌妻在手
    [author_name] => 夜堇兮
    [word_count] => 200340
    [chapter_count] => 92
    [channel_id] => 0
    [statistics_day] => 2016-12-18
    [total_income] => 24
    [give_income] => 0
    [income] => 24
    [buckle_income] => 11
    [buckle_coefficient] => 0.55
    [createtime] => 2016-12-26 13:53:02
)
6
66
Array
(
    [id] => 231
    [book_id] => 153110
    [book_title] => 狼王盛宠：萌妻在手
    [author_name] => 夜堇兮
    [word_count] => 200340
    [chapter_count] => 92
    [channel_id] => 0
    [statistics_year] => 2016
    [statistics_month] => 12
    [total_income] => 24
    [give_income] => 0
    [income] => 24
    [buckle_income] => 9
    [createtime] => 2016-12-26 13:50:38
)
661
6611
Array
(
    [sum_total_income] => 24
    [sum_give_income] => 0
    [sum_income] => 24
    [sum_buckle_income] => 11
)
result=1
7
8
9
book_id=153243
2
3
4
5
Array
(
    [total_income] => 1462
    [income] => 1462
    [give_income] => 0
    [buckle_income] => 615
    [buckle_coefficient] => 0.58
)
Array
(
    [book_id] => 153243
    [book_title] => 特种兵王在都市
    [author_name] => 皮卡丘
    [word_count] => 3544318
    [chapter_count] => 1082
    [channel_id] => 0
    [statistics_day] => 2016-12-18
    [total_income] => 1462
    [give_income] => 0
    [income] => 1462
    [buckle_income] => 615
    [buckle_coefficient] => 0.58
    [createtime] => 2016-12-26 13:53:02
)
6
66
Array
(
    [id] => 232
    [book_id] => 153243
    [book_title] => 特种兵王在都市
    [author_name] => 皮卡丘
    [word_count] => 3544318
    [chapter_count] => 1082
    [channel_id] => 0
    [statistics_year] => 2016
    [statistics_month] => 12
    [total_income] => 1462
    [give_income] => 0
    [income] => 1462
    [buckle_income] => 629
    [createtime] => 2016-12-26 13:50:38
)
661
6611
Array
(
    [sum_total_income] => 1462
    [sum_give_income] => 0
    [sum_income] => 1462
    [sum_buckle_income] => 615
)
result=1
7
8
9
book_id=153844
2
3
4
5
Array
(
    [total_income] => 1839
    [income] => 1503
    [give_income] => 336
    [buckle_income] => 791
    [buckle_coefficient] => 0.57
)
Array
(
    [book_id] => 153844
    [book_title] => 神级保安
    [author_name] => 三藏大师
    [word_count] => 1867331
    [chapter_count] => 871
    [channel_id] => 0
    [statistics_day] => 2016-12-18
    [total_income] => 1839
    [give_income] => 336
    [income] => 1503
    [buckle_income] => 791
    [buckle_coefficient] => 0.57
    [createtime] => 2016-12-26 13:53:02
)
6
66
Array
(
    [id] => 233
    [book_id] => 153844
    [book_title] => 神级保安
    [author_name] => 三藏大师
    [word_count] => 1867331
    [chapter_count] => 871
    [channel_id] => 0
    [statistics_year] => 2016
    [statistics_month] => 12
    [total_income] => 1839
    [give_income] => 336
    [income] => 1503
    [buckle_income] => 644
    [createtime] => 2016-12-26 13:50:39
)
661
6611
Array
(
    [sum_total_income] => 1839
    [sum_give_income] => 336
    [sum_income] => 1503
    [sum_buckle_income] => 791
)
result=1
7
8
9
book_id=156377
2
3
4
5
Array
(
    [total_income] => 120
    [income] => 120
    [give_income] => 0
    [buckle_income] => 45
    [buckle_coefficient] => 0.63
)
Array
(
    [book_id] => 156377
    [book_title] => 完美公寓
    [author_name] => 此剑无名
    [word_count] => 801846
    [chapter_count] => 263
    [channel_id] => 0
    [statistics_day] => 2016-12-18
    [total_income] => 120
    [give_income] => 0
    [income] => 120
    [buckle_income] => 45
    [buckle_coefficient] => 0.63
    [createtime] => 2016-12-26 13:53:02
)
6
66
Array
(
    [id] => 234
    [book_id] => 156377
    [book_title] => 完美公寓
    [author_name] => 此剑无名
    [word_count] => 801846
    [chapter_count] => 263
    [channel_id] => 0
    [statistics_year] => 2016
    [statistics_month] => 12
    [total_income] => 120
    [give_income] => 0
    [income] => 120
    [buckle_income] => 51
    [createtime] => 2016-12-26 13:50:39
)
661
6611
Array
(
    [sum_total_income] => 120
    [sum_give_income] => 0
    [sum_income] => 120
    [sum_buckle_income] => 45
)
result=1
7
8
9
book_id=156549
2
3
4
5
Array
(
    [total_income] => 1552
    [income] => 1092
    [give_income] => 460
    [buckle_income] => 699
    [buckle_coefficient] => 0.55
)
Array
(
    [book_id] => 156549
    [book_title] => 乾坤八针
    [author_name] => 李森森
    [word_count] => 1169216
    [chapter_count] => 343
    [channel_id] => 0
    [statistics_day] => 2016-12-18
    [total_income] => 1552
    [give_income] => 460
    [income] => 1092
    [buckle_income] => 699
    [buckle_coefficient] => 0.55
    [createtime] => 2016-12-26 13:53:02
)
6
66
Array
(
    [id] => 235
    [book_id] => 156549
    [book_title] => 乾坤八针
    [author_name] => 李森森
    [word_count] => 1169216
    [chapter_count] => 343
    [channel_id] => 0
    [statistics_year] => 2016
    [statistics_month] => 12
    [total_income] => 1552
    [give_income] => 460
    [income] => 1092
    [buckle_income] => 683
    [createtime] => 2016-12-26 13:50:39
)
661
6611
Array
(
    [sum_total_income] => 1552
    [sum_give_income] => 460
    [sum_income] => 1092
    [sum_buckle_income] => 699
)
result=1
7
8
9
book_id=156559
2
3
4
5
Array
(
    [total_income] => 6639
    [income] => 5717
    [give_income] => 922
    [buckle_income] => 2922
    [buckle_coefficient] => 0.56
)
Array
(
    [book_id] => 156559
    [book_title] => 超能狂神
    [author_name] => 青椒豆腐
    [word_count] => 2058068
    [chapter_count] => 693
    [channel_id] => 0
    [statistics_day] => 2016-12-18
    [total_income] => 6639
    [give_income] => 922
    [income] => 5717
    [buckle_income] => 2922
    [buckle_coefficient] => 0.56
    [createtime] => 2016-12-26 13:53:02
)
6
66
Array
(
    [id] => 236
    [book_id] => 156559
    [book_title] => 超能狂神
    [author_name] => 青椒豆腐
    [word_count] => 2058068
    [chapter_count] => 693
    [channel_id] => 0
    [statistics_year] => 2016
    [statistics_month] => 12
    [total_income] => 6639
    [give_income] => 922
    [income] => 5717
    [buckle_income] => 2324
    [createtime] => 2016-12-26 13:50:40
)
661
6611
Array
(
    [sum_total_income] => 6639
    [sum_give_income] => 922
    [sum_income] => 5717
    [sum_buckle_income] => 2922
)
result=1
7
8
9
book_id=161377
2
3
4
5
Array
(
    [total_income] => 32
    [income] => 32
    [give_income] => 0
    [buckle_income] => 12
    [buckle_coefficient] => 0.64
)
Array
(
    [book_id] => 161377
    [book_title] => 冤家路窄
    [author_name] => 手雷斩云
    [word_count] => 1202914
    [chapter_count] => 373
    [channel_id] => 0
    [statistics_day] => 2016-12-18
    [total_income] => 32
    [give_income] => 0
    [income] => 32
    [buckle_income] => 12
    [buckle_coefficient] => 0.64
    [createtime] => 2016-12-26 13:53:02
)
6
66
Array
(
    [id] => 237
    [book_id] => 161377
    [book_title] => 冤家路窄
    [author_name] => 手雷斩云
    [word_count] => 1202914
    [chapter_count] => 373
    [channel_id] => 0
    [statistics_year] => 2016
    [statistics_month] => 12
    [total_income] => 32
    [give_income] => 0
    [income] => 32
    [buckle_income] => 12
    [createtime] => 2016-12-26 13:50:40
)
661
6611
Array
(
    [sum_total_income] => 32
    [sum_give_income] => 0
    [sum_income] => 32
    [sum_buckle_income] => 12
)
result=1
7
8
9
book_id=163935
2
3
4
5
Array
(
    [total_income] => 18388
    [income] => 15574
    [give_income] => 2814
    [buckle_income] => 7723
    [buckle_coefficient] => 0.58
)
Array
(
    [book_id] => 163935
    [book_title] => 女儿红
    [author_name] => 喝杯浓茶
    [word_count] => 3149316
    [chapter_count] => 940
    [channel_id] => 0
    [statistics_day] => 2016-12-18
    [total_income] => 18388
    [give_income] => 2814
    [income] => 15574
    [buckle_income] => 7723
    [buckle_coefficient] => 0.58
    [createtime] => 2016-12-26 13:53:02
)
6
66
Array
(
    [id] => 238
    [book_id] => 163935
    [book_title] => 女儿红
    [author_name] => 喝杯浓茶
    [word_count] => 3149316
    [chapter_count] => 940
    [channel_id] => 0
    [statistics_year] => 2016
    [statistics_month] => 12
    [total_income] => 18388
    [give_income] => 2814
    [income] => 15574
    [buckle_income] => 7723
    [createtime] => 2016-12-26 13:50:40
)
661
6611
Array
(
    [sum_total_income] => 18388
    [sum_give_income] => 2814
    [sum_income] => 15574
    [sum_buckle_income] => 7723
)
result=1
7
8
9
book_id=165117
2
3
4
5
Array
(
    [total_income] => 160
    [income] => 160
    [give_income] => 0
    [buckle_income] => 64
    [buckle_coefficient] => 0.6
)
Array
(
    [book_id] => 165117
    [book_title] => 重生之侯门毒妃
    [author_name] => 且为东风住
    [word_count] => 703683
    [chapter_count] => 272
    [channel_id] => 0
    [statistics_day] => 2016-12-18
    [total_income] => 160
    [give_income] => 0
    [income] => 160
    [buckle_income] => 64
    [buckle_coefficient] => 0.6
    [createtime] => 2016-12-26 13:53:02
)
6
66
Array
(
    [id] => 239
    [book_id] => 165117
    [book_title] => 重生之侯门毒妃
    [author_name] => 且为东风住
    [word_count] => 703683
    [chapter_count] => 272
    [channel_id] => 0
    [statistics_year] => 2016
    [statistics_month] => 12
    [total_income] => 160
    [give_income] => 0
    [income] => 160
    [buckle_income] => 72
    [createtime] => 2016-12-26 13:50:40
)
661
6611
Array
(
    [sum_total_income] => 160
    [sum_give_income] => 0
    [sum_income] => 160
    [sum_buckle_income] => 64
)
result=1
7
8
9
book_id=165120
2
3
4
5
Array
(
    [total_income] => 587
    [income] => 397
    [give_income] => 190
    [buckle_income] => 218
    [buckle_coefficient] => 0.63
)
Array
(
    [book_id] => 165120
    [book_title] => 爱妻站住，求复婚
    [author_name] => 残菊
    [word_count] => 871969
    [chapter_count] => 414
    [channel_id] => 0
    [statistics_day] => 2016-12-18
    [total_income] => 587
    [give_income] => 190
    [income] => 397
    [buckle_income] => 218
    [buckle_coefficient] => 0.63
    [createtime] => 2016-12-26 13:53:03
)
6
66
Array
(
    [id] => 240
    [book_id] => 165120
    [book_title] => 爱妻站住，求复婚
    [author_name] => 残菊
    [word_count] => 871969
    [chapter_count] => 414
    [channel_id] => 0
    [statistics_year] => 2016
    [statistics_month] => 12
    [total_income] => 587
    [give_income] => 190
    [income] => 397
    [buckle_income] => 218
    [createtime] => 2016-12-26 13:50:40
)
661
6611
Array
(
    [sum_total_income] => 587
    [sum_give_income] => 190
    [sum_income] => 397
    [sum_buckle_income] => 218
)
result=1
7
8
9
book_id=165628
2
3
4
5
Array
(
    [total_income] => 2496
    [income] => 2209
    [give_income] => 287
    [buckle_income] => 874
    [buckle_coefficient] => 0.65
)
Array
(
    [book_id] => 165628
    [book_title] => 贴身高手
    [author_name] => 卧南斋
    [word_count] => 2736202
    [chapter_count] => 897
    [channel_id] => 0
    [statistics_day] => 2016-12-18
    [total_income] => 2496
    [give_income] => 287
    [income] => 2209
    [buckle_income] => 874
    [buckle_coefficient] => 0.65
    [createtime] => 2016-12-26 13:53:03
)
6
66
Array
(
    [id] => 241
    [book_id] => 165628
    [book_title] => 贴身高手
    [author_name] => 卧南斋
    [word_count] => 2736202
    [chapter_count] => 897
    [channel_id] => 0
    [statistics_year] => 2016
    [statistics_month] => 12
    [total_income] => 2496
    [give_income] => 287
    [income] => 2209
    [buckle_income] => 849
    [createtime] => 2016-12-26 13:50:40
)
661
6611
Array
(
    [sum_total_income] => 2496
    [sum_give_income] => 287
    [sum_income] => 2209
    [sum_buckle_income] => 874
)
result=1
7
8
9
book_id=165797
2
3
4
5
Array
(
    [total_income] => 38335
    [income] => 34383
    [give_income] => 3952
    [buckle_income] => 14184
    [buckle_coefficient] => 0.63
)
Array
(
    [book_id] => 165797
    [book_title] => 嚣张兵王
    [author_name] => 可乐炖鸡翅
    [word_count] => 2708900
    [chapter_count] => 749
    [channel_id] => 0
    [statistics_day] => 2016-12-18
    [total_income] => 38335
    [give_income] => 3952
    [income] => 34383
    [buckle_income] => 14184
    [buckle_coefficient] => 0.63
    [createtime] => 2016-12-26 13:53:03
)
6
66
Array
(
    [id] => 242
    [book_id] => 165797
    [book_title] => 嚣张兵王
    [author_name] => 可乐炖鸡翅
    [word_count] => 2708900
    [chapter_count] => 749
    [channel_id] => 0
    [statistics_year] => 2016
    [statistics_month] => 12
    [total_income] => 38335
    [give_income] => 3952
    [income] => 34383
    [buckle_income] => 13034
    [createtime] => 2016-12-26 13:50:40
)
661
6611
Array
(
    [sum_total_income] => 38335
    [sum_give_income] => 3952
    [sum_income] => 34383
    [sum_buckle_income] => 14184
)
result=1
7
8
9
book_id=166201
2
3
4
5
Array
(
    [total_income] => 606
    [income] => 606
    [give_income] => 0
    [buckle_income] => 225
    [buckle_coefficient] => 0.63
)
Array
(
    [book_id] => 166201
    [book_title] => 不死佣兵
    [author_name] => 爱吃小龙虾
    [word_count] => 3212969
    [chapter_count] => 1011
    [channel_id] => 0
    [statistics_day] => 2016-12-18
    [total_income] => 606
    [give_income] => 0
    [income] => 606
    [buckle_income] => 225
    [buckle_coefficient] => 0.63
    [createtime] => 2016-12-26 13:53:03
)
6
66
Array
(
    [id] => 243
    [book_id] => 166201
    [book_title] => 不死佣兵
    [author_name] => 爱吃小龙虾
    [word_count] => 3212969
    [chapter_count] => 1011
    [channel_id] => 0
    [statistics_year] => 2016
    [statistics_month] => 12
    [total_income] => 606
    [give_income] => 0
    [income] => 606
    [buckle_income] => 243
    [createtime] => 2016-12-26 13:50:41
)
661
6611
Array
(
    [sum_total_income] => 606
    [sum_give_income] => 0
    [sum_income] => 606
    [sum_buckle_income] => 225
)
result=1
7
8
9
book_id=166242
2
3
4
5
Array
(
    [total_income] => 1772
    [income] => 1772
    [give_income] => 0
    [buckle_income] => 621
    [buckle_coefficient] => 0.65
)
Array
(
    [book_id] => 166242
    [book_title] => 腹黑boss的糊涂妻
    [author_name] => 写出一心人
    [word_count] => 1405401
    [chapter_count] => 463
    [channel_id] => 0
    [statistics_day] => 2016-12-18
    [total_income] => 1772
    [give_income] => 0
    [income] => 1772
    [buckle_income] => 621
    [buckle_coefficient] => 0.65
    [createtime] => 2016-12-26 13:53:03
)
6
66
Array
(
    [id] => 244
    [book_id] => 166242
    [book_title] => 腹黑boss的糊涂妻
    [author_name] => 写出一心人
    [word_count] => 1405401
    [chapter_count] => 463
    [channel_id] => 0
    [statistics_year] => 2016
    [statistics_month] => 12
    [total_income] => 1772
    [give_income] => 0
    [income] => 1772
    [buckle_income] => 674
    [createtime] => 2016-12-26 13:50:41
)
661
6611
Array
(
    [sum_total_income] => 1772
    [sum_give_income] => 0
    [sum_income] => 1772
    [sum_buckle_income] => 621
)
result=1
7
8
9
book_id=168236
2
3
4
5
Array
(
    [total_income] => 75
    [income] => 75
    [give_income] => 0
    [buckle_income] => 27
    [buckle_coefficient] => 0.64
)
Array
(
    [book_id] => 168236
    [book_title] => 万妖至皇
    [author_name] => 胖头鱼
    [word_count] => 2365600
    [chapter_count] => 762
    [channel_id] => 0
    [statistics_day] => 2016-12-18
    [total_income] => 75
    [give_income] => 0
    [income] => 75
    [buckle_income] => 27
    [buckle_coefficient] => 0.64
    [createtime] => 2016-12-26 13:53:03
)
6
66
Array
(
    [id] => 245
    [book_id] => 168236
    [book_title] => 万妖至皇
    [author_name] => 胖头鱼
    [word_count] => 2365600
    [chapter_count] => 762
    [channel_id] => 0
    [statistics_year] => 2016
    [statistics_month] => 12
    [total_income] => 75
    [give_income] => 0
    [income] => 75
    [buckle_income] => 26
    [createtime] => 2016-12-26 13:50:41
)
661
6611
Array
(
    [sum_total_income] => 75
    [sum_give_income] => 0
    [sum_income] => 75
    [sum_buckle_income] => 27
)
result=1
7
8
9
book_id=168928
2
3
4
5
Array
(
    [total_income] => 58
    [income] => 58
    [give_income] => 0
    [buckle_income] => 22
    [buckle_coefficient] => 0.63
)
Array
(
    [book_id] => 168928
    [book_title] => 冥婚厚爱
    [author_name] => 锁清秋
    [word_count] => 748797
    [chapter_count] => 392
    [channel_id] => 0
    [statistics_day] => 2016-12-18
    [total_income] => 58
    [give_income] => 0
    [income] => 58
    [buckle_income] => 22
    [buckle_coefficient] => 0.63
    [createtime] => 2016-12-26 13:53:03
)
6
66
Array
(
    [id] => 246
    [book_id] => 168928
    [book_title] => 冥婚厚爱
    [author_name] => 锁清秋
    [word_count] => 748797
    [chapter_count] => 392
    [channel_id] => 0
    [statistics_year] => 2016
    [statistics_month] => 12
    [total_income] => 58
    [give_income] => 0
    [income] => 58
    [buckle_income] => 24
    [createtime] => 2016-12-26 13:50:41
)
661
6611
Array
(
    [sum_total_income] => 58
    [sum_give_income] => 0
    [sum_income] => 58
    [sum_buckle_income] => 22
)
result=1
7
8
9
book_id=169657
2
3
4
5
Array
(
    [total_income] => 1296
    [income] => 1296
    [give_income] => 0
    [buckle_income] => 506
    [buckle_coefficient] => 0.61
)
Array
(
    [book_id] => 169657
    [book_title] => 神级护花高手
    [author_name] => 天齐
    [word_count] => 2627876
    [chapter_count] => 838
    [channel_id] => 0
    [statistics_day] => 2016-12-18
    [total_income] => 1296
    [give_income] => 0
    [income] => 1296
    [buckle_income] => 506
    [buckle_coefficient] => 0.61
    [createtime] => 2016-12-26 13:53:03
)
6
66
Array
(
    [id] => 247
    [book_id] => 169657
    [book_title] => 神级护花高手
    [author_name] => 天齐
    [word_count] => 2627876
    [chapter_count] => 838
    [channel_id] => 0
    [statistics_year] => 2016
    [statistics_month] => 12
    [total_income] => 1296
    [give_income] => 0
    [income] => 1296
    [buckle_income] => 493
    [createtime] => 2016-12-26 13:50:41
)
661
6611
Array
(
    [sum_total_income] => 1296
    [sum_give_income] => 0
    [sum_income] => 1296
    [sum_buckle_income] => 506
)
result=1
7
8
9
book_id=171340
2
3
4
5
Array
(
    [total_income] => 114
    [income] => 114
    [give_income] => 0
    [buckle_income] => 42
    [buckle_coefficient] => 0.64
)
Array
(
    [book_id] => 171340
    [book_title] => 官者诡道
    [author_name] => 不否
    [word_count] => 2598351
    [chapter_count] => 684
    [channel_id] => 0
    [statistics_day] => 2016-12-18
    [total_income] => 114
    [give_income] => 0
    [income] => 114
    [buckle_income] => 42
    [buckle_coefficient] => 0.64
    [createtime] => 2016-12-26 13:53:03
)
6
66
Array
(
    [id] => 248
    [book_id] => 171340
    [book_title] => 官者诡道
    [author_name] => 不否
    [word_count] => 2598351
    [chapter_count] => 684
    [channel_id] => 0
    [statistics_year] => 2016
    [statistics_month] => 12
    [total_income] => 114
    [give_income] => 0
    [income] => 114
    [buckle_income] => 50
    [createtime] => 2016-12-26 13:50:41
)
661
6611
Array
(
    [sum_total_income] => 114
    [sum_give_income] => 0
    [sum_income] => 114
    [sum_buckle_income] => 42
)
result=1
7
8
9
book_id=171616
2
3
4
5
Array
(
    [total_income] => 833
    [income] => 833
    [give_income] => 0
    [buckle_income] => 334
    [buckle_coefficient] => 0.6
)
Array
(
    [book_id] => 171616
    [book_title] => 我的明朝鬼丈夫
    [author_name] => 渝唐子卿
    [word_count] => 865898
    [chapter_count] => 273
    [channel_id] => 0
    [statistics_day] => 2016-12-18
    [total_income] => 833
    [give_income] => 0
    [income] => 833
    [buckle_income] => 334
    [buckle_coefficient] => 0.6
    [createtime] => 2016-12-26 13:53:03
)
6
66
Array
(
    [id] => 249
    [book_id] => 171616
    [book_title] => 我的明朝鬼丈夫
    [author_name] => 渝唐子卿
    [word_count] => 865898
    [chapter_count] => 273
    [channel_id] => 0
    [statistics_year] => 2016
    [statistics_month] => 12
    [total_income] => 833
    [give_income] => 0
    [income] => 833
    [buckle_income] => 309
    [createtime] => 2016-12-26 13:50:41
)
661
6611
Array
(
    [sum_total_income] => 833
    [sum_give_income] => 0
    [sum_income] => 833
    [sum_buckle_income] => 334
)
result=1
7
8
9
book_id=172798
2
3
4
5
Array
(
    [total_income] => 2762
    [income] => 2459
    [give_income] => 303
    [buckle_income] => 1050
    [buckle_coefficient] => 0.62
)
Array
(
    [book_id] => 172798
    [book_title] => 武道独尊
    [author_name] => 小妖
    [word_count] => 1785372
    [chapter_count] => 591
    [channel_id] => 0
    [statistics_day] => 2016-12-18
    [total_income] => 2762
    [give_income] => 303
    [income] => 2459
    [buckle_income] => 1050
    [buckle_coefficient] => 0.62
    [createtime] => 2016-12-26 13:53:03
)
6
66
Array
(
    [id] => 250
    [book_id] => 172798
    [book_title] => 武道独尊
    [author_name] => 小妖
    [word_count] => 1785372
    [chapter_count] => 591
    [channel_id] => 0
    [statistics_year] => 2016
    [statistics_month] => 12
    [total_income] => 2762
    [give_income] => 303
    [income] => 2459
    [buckle_income] => 967
    [createtime] => 2016-12-26 13:50:41
)
661
6611
Array
(
    [sum_total_income] => 2762
    [sum_give_income] => 303
    [sum_income] => 2459
    [sum_buckle_income] => 1050
)
result=1
7
8
9
book_id=173972
2
3
4
5
Array
(
    [total_income] => 7680
    [income] => 6919
    [give_income] => 761
    [buckle_income] => 2919
    [buckle_coefficient] => 0.62
)
Array
(
    [book_id] => 173972
    [book_title] => 我和灵异的不解之缘
    [author_name] => 会跳舞的猫
    [word_count] => 633729
    [chapter_count] => 356
    [channel_id] => 0
    [statistics_day] => 2016-12-18
    [total_income] => 7680
    [give_income] => 761
    [income] => 6919
    [buckle_income] => 2919
    [buckle_coefficient] => 0.62
    [createtime] => 2016-12-26 13:53:04
)
6
66
Array
(
    [id] => 251
    [book_id] => 173972
    [book_title] => 我和灵异的不解之缘
    [author_name] => 会跳舞的猫
    [word_count] => 633729
    [chapter_count] => 356
    [channel_id] => 0
    [statistics_year] => 2016
    [statistics_month] => 12
    [total_income] => 7680
    [give_income] => 761
    [income] => 6919
    [buckle_income] => 2688
    [createtime] => 2016-12-26 13:50:41
)
661
6611
Array
(
    [sum_total_income] => 7680
    [sum_give_income] => 761
    [sum_income] => 6919
    [sum_buckle_income] => 2919
)
result=1
7
8
9
book_id=174301
2
3
4
5
Array
(
    [total_income] => 474
    [income] => 474
    [give_income] => 0
    [buckle_income] => 166
    [buckle_coefficient] => 0.65
)
Array
(
    [book_id] => 174301
    [book_title] => 一宠成婚：楚少的千金娇妻
    [author_name] => 公子小九
    [word_count] => 531810
    [chapter_count] => 251
    [channel_id] => 0
    [statistics_day] => 2016-12-18
    [total_income] => 474
    [give_income] => 0
    [income] => 474
    [buckle_income] => 166
    [buckle_coefficient] => 0.65
    [createtime] => 2016-12-26 13:53:04
)
6
66
Array
(
    [id] => 252
    [book_id] => 174301
    [book_title] => 一宠成婚：楚少的千金娇妻
    [author_name] => 公子小九
    [word_count] => 531810
    [chapter_count] => 251
    [channel_id] => 0
    [statistics_year] => 2016
    [statistics_month] => 12
    [total_income] => 474
    [give_income] => 0
    [income] => 474
    [buckle_income] => 204
    [createtime] => 2016-12-26 13:50:41
)
661
6611
Array
(
    [sum_total_income] => 474
    [sum_give_income] => 0
    [sum_income] => 474
    [sum_buckle_income] => 166
)
result=1
7
8
9
book_id=175244
2
3
4
5
Array
(
    [total_income] => 79
    [income] => 79
    [give_income] => 0
    [buckle_income] => 34
    [buckle_coefficient] => 0.58
)
Array
(
    [book_id] => 175244
    [book_title] => 诡墓谜情
    [author_name] => 诗然君
    [word_count] => 1059939
    [chapter_count] => 506
    [channel_id] => 0
    [statistics_day] => 2016-12-18
    [total_income] => 79
    [give_income] => 0
    [income] => 79
    [buckle_income] => 34
    [buckle_coefficient] => 0.58
    [createtime] => 2016-12-26 13:53:04
)
6
66
Array
(
    [id] => 253
    [book_id] => 175244
    [book_title] => 诡墓谜情
    [author_name] => 诗然君
    [word_count] => 1059939
    [chapter_count] => 506
    [channel_id] => 0
    [statistics_year] => 2016
    [statistics_month] => 12
    [total_income] => 79
    [give_income] => 0
    [income] => 79
    [buckle_income] => 28
    [createtime] => 2016-12-26 13:50:41
)
661
6611
Array
(
    [sum_total_income] => 79
    [sum_give_income] => 0
    [sum_income] => 79
    [sum_buckle_income] => 34
)
result=1
7
8
9
book_id=175447
2
3
4
5
Array
(
    [total_income] => 225
    [income] => 225
    [give_income] => 0
    [buckle_income] => 97
    [buckle_coefficient] => 0.57
)
Array
(
    [book_id] => 175447
    [book_title] => 巨灵神
    [author_name] => 熊猫思竹
    [word_count] => 1505100
    [chapter_count] => 555
    [channel_id] => 0
    [statistics_day] => 2016-12-18
    [total_income] => 225
    [give_income] => 0
    [income] => 225
    [buckle_income] => 97
    [buckle_coefficient] => 0.57
    [createtime] => 2016-12-26 13:53:04
)
6
66
Array
(
    [id] => 254
    [book_id] => 175447
    [book_title] => 巨灵神
    [author_name] => 熊猫思竹
    [word_count] => 1505100
    [chapter_count] => 555
    [channel_id] => 0
    [statistics_year] => 2016
    [statistics_month] => 12
    [total_income] => 225
    [give_income] => 0
    [income] => 225
    [buckle_income] => 90
    [createtime] => 2016-12-26 13:50:41
)
661
6611
Array
(
    [sum_total_income] => 225
    [sum_give_income] => 0
    [sum_income] => 225
    [sum_buckle_income] => 97
)
result=1
7
8
9
book_id=176061
2
3
4
5
Array
(
    [total_income] => 18223
    [income] => 15910
    [give_income] => 2313
    [buckle_income] => 8019
    [buckle_coefficient] => 0.56
)
Array
(
    [book_id] => 176061
    [book_title] => 侠盗神医
    [author_name] => 风雨白鸽
    [word_count] => 2714633
    [chapter_count] => 869
    [channel_id] => 0
    [statistics_day] => 2016-12-18
    [total_income] => 18223
    [give_income] => 2313
    [income] => 15910
    [buckle_income] => 8019
    [buckle_coefficient] => 0.56
    [createtime] => 2016-12-26 13:53:04
)
6
66
Array
(
    [id] => 255
    [book_id] => 176061
    [book_title] => 侠盗神医
    [author_name] => 风雨白鸽
    [word_count] => 2714633
    [chapter_count] => 869
    [channel_id] => 0
    [statistics_year] => 2016
    [statistics_month] => 12
    [total_income] => 18223
    [give_income] => 2313
    [income] => 15910
    [buckle_income] => 6196
    [createtime] => 2016-12-26 13:50:42
)
661
6611
Array
(
    [sum_total_income] => 18223
    [sum_give_income] => 2313
    [sum_income] => 15910
    [sum_buckle_income] => 8019
)
result=1
7
8
9
book_id=176461
2
3
4
5
Array
(
    [total_income] => 5330
    [income] => 4715
    [give_income] => 615
    [buckle_income] => 1813
    [buckle_coefficient] => 0.66
)
Array
(
    [book_id] => 176461
    [book_title] => 前夫追妻路漫漫
    [author_name] => 爱上风的辛夷花
    [word_count] => 1049523
    [chapter_count] => 318
    [channel_id] => 0
    [statistics_day] => 2016-12-18
    [total_income] => 5330
    [give_income] => 615
    [income] => 4715
    [buckle_income] => 1813
    [buckle_coefficient] => 0.66
    [createtime] => 2016-12-26 13:53:04
)
6
66
Array
(
    [id] => 256
    [book_id] => 176461
    [book_title] => 前夫追妻路漫漫
    [author_name] => 爱上风的辛夷花
    [word_count] => 1049523
    [chapter_count] => 318
    [channel_id] => 0
    [statistics_year] => 2016
    [statistics_month] => 12
    [total_income] => 5330
    [give_income] => 615
    [income] => 4715
    [buckle_income] => 2132
    [createtime] => 2016-12-26 13:50:42
)
661
6611
Array
(
    [sum_total_income] => 5330
    [sum_give_income] => 615
    [sum_income] => 4715
    [sum_buckle_income] => 1813
)
result=1
7
8
9
book_id=179132
2
3
4
5
Array
(
    [total_income] => 16052
    [income] => 13852
    [give_income] => 2200
    [buckle_income] => 7224
    [buckle_coefficient] => 0.55
)
Array
(
    [book_id] => 179132
    [book_title] => 骗个老婆好过年
    [author_name] => 手雷斩云
    [word_count] => 997911
    [chapter_count] => 309
    [channel_id] => 0
    [statistics_day] => 2016-12-18
    [total_income] => 16052
    [give_income] => 2200
    [income] => 13852
    [buckle_income] => 7224
    [buckle_coefficient] => 0.55
    [createtime] => 2016-12-26 13:53:04
)
6
66
Array
(
    [id] => 257
    [book_id] => 179132
    [book_title] => 骗个老婆好过年
    [author_name] => 手雷斩云
    [word_count] => 997911
    [chapter_count] => 309
    [channel_id] => 0
    [statistics_year] => 2016
    [statistics_month] => 12
    [total_income] => 16052
    [give_income] => 2200
    [income] => 13852
    [buckle_income] => 6903
    [createtime] => 2016-12-26 13:50:42
)
661
6611
Array
(
    [sum_total_income] => 16052
    [sum_give_income] => 2200
    [sum_income] => 13852
    [sum_buckle_income] => 7224
)
result=1
7
8
9
book_id=179383
2
3
4
5
Array
(
    [total_income] => 2039
    [income] => 1949
    [give_income] => 90
    [buckle_income] => 918
    [buckle_coefficient] => 0.55
)
Array
(
    [book_id] => 179383
    [book_title] => 大叔的甜心
    [author_name] => 残菊
    [word_count] => 459253
    [chapter_count] => 228
    [channel_id] => 0
    [statistics_day] => 2016-12-18
    [total_income] => 2039
    [give_income] => 90
    [income] => 1949
    [buckle_income] => 918
    [buckle_coefficient] => 0.55
    [createtime] => 2016-12-26 13:53:04
)
6
66
Array
(
    [id] => 258
    [book_id] => 179383
    [book_title] => 大叔的甜心
    [author_name] => 残菊
    [word_count] => 459253
    [chapter_count] => 228
    [channel_id] => 0
    [statistics_year] => 2016
    [statistics_month] => 12
    [total_income] => 2039
    [give_income] => 90
    [income] => 1949
    [buckle_income] => 918
    [createtime] => 2016-12-26 13:50:42
)
661
6611
Array
(
    [sum_total_income] => 2039
    [sum_give_income] => 90
    [sum_income] => 1949
    [sum_buckle_income] => 918
)
result=1
7
8
9
book_id=179474
2
3
4
5
Array
(
    [total_income] => 54
    [income] => 54
    [give_income] => 0
    [buckle_income] => 20
    [buckle_coefficient] => 0.64
)
Array
(
    [book_id] => 179474
    [book_title] => 古墓诡事
    [author_name] => 凶唱
    [word_count] => 1442114
    [chapter_count] => 439
    [channel_id] => 0
    [statistics_day] => 2016-12-18
    [total_income] => 54
    [give_income] => 0
    [income] => 54
    [buckle_income] => 20
    [buckle_coefficient] => 0.64
    [createtime] => 2016-12-26 13:53:04
)
6
66
Array
(
    [id] => 259
    [book_id] => 179474
    [book_title] => 古墓诡事
    [author_name] => 凶唱
    [word_count] => 1442114
    [chapter_count] => 439
    [channel_id] => 0
    [statistics_year] => 2016
    [statistics_month] => 12
    [total_income] => 54
    [give_income] => 0
    [income] => 54
    [buckle_income] => 24
    [createtime] => 2016-12-26 13:50:42
)
661
6611
Array
(
    [sum_total_income] => 54
    [sum_give_income] => 0
    [sum_income] => 54
    [sum_buckle_income] => 20
)
result=1
7
8
9
book_id=181997
2
3
4
5
Array
(
    [total_income] => 364
    [income] => 364
    [give_income] => 0
    [buckle_income] => 157
    [buckle_coefficient] => 0.57
)
Array
(
    [book_id] => 181997
    [book_title] => 狼督军
    [author_name] => 懵懂独狼
    [word_count] => 1849422
    [chapter_count] => 490
    [channel_id] => 0
    [statistics_day] => 2016-12-18
    [total_income] => 364
    [give_income] => 0
    [income] => 364
    [buckle_income] => 157
    [buckle_coefficient] => 0.57
    [createtime] => 2016-12-26 13:53:04
)
6
66
Array
(
    [id] => 260
    [book_id] => 181997
    [book_title] => 狼督军
    [author_name] => 懵懂独狼
    [word_count] => 1849422
    [chapter_count] => 490
    [channel_id] => 0
    [statistics_year] => 2016
    [statistics_month] => 12
    [total_income] => 364
    [give_income] => 0
    [income] => 364
    [buckle_income] => 128
    [createtime] => 2016-12-26 13:50:42
)
661
6611
Array
(
    [sum_total_income] => 364
    [sum_give_income] => 0
    [sum_income] => 364
    [sum_buckle_income] => 157
)
result=1
7
8
9
book_id=182402
2
3
4
5
Array
(
    [total_income] => 10004
    [income] => 9111
    [give_income] => 893
    [buckle_income] => 3802
    [buckle_coefficient] => 0.62
)
Array
(
    [book_id] => 182402
    [book_title] => 纨绔教师
    [author_name] => 生花妙笔
    [word_count] => 1301148
    [chapter_count] => 542
    [channel_id] => 0
    [statistics_day] => 2016-12-18
    [total_income] => 10004
    [give_income] => 893
    [income] => 9111
    [buckle_income] => 3802
    [buckle_coefficient] => 0.62
    [createtime] => 2016-12-26 13:53:05
)
6
66
Array
(
    [id] => 3
    [book_id] => 182402
    [book_title] => 纨绔教师
    [author_name] => 生花妙笔
    [word_count] => 1301148
    [chapter_count] => 542
    [channel_id] => 0
    [statistics_year] => 2016
    [statistics_month] => 12
    [total_income] => 10014
    [give_income] => 893
    [income] => 9121
    [buckle_income] => 3512
    [createtime] => 2016-12-26 13:50:42
)
661
6611
Array
(
    [sum_total_income] => 10014
    [sum_give_income] => 893
    [sum_income] => 9121
    [sum_buckle_income] => 3812
)
result=1
7
8
9
book_id=182416
2
3
4
5
Array
(
    [total_income] => 327
    [income] => 22
    [give_income] => 305
    [buckle_income] => 118
    [buckle_coefficient] => 0.64
)
Array
(
    [book_id] => 182416
    [book_title] => 国民老公登堂入室
    [author_name] => 十殿女王
    [word_count] => 999441
    [chapter_count] => 315
    [channel_id] => 0
    [statistics_day] => 2016-12-18
    [total_income] => 327
    [give_income] => 305
    [income] => 22
    [buckle_income] => 118
    [buckle_coefficient] => 0.64
    [createtime] => 2016-12-26 13:53:05
)
6
66
Array
(
    [id] => 261
    [book_id] => 182416
    [book_title] => 国民老公登堂入室
    [author_name] => 十殿女王
    [word_count] => 999441
    [chapter_count] => 315
    [channel_id] => 0
    [statistics_year] => 2016
    [statistics_month] => 12
    [total_income] => 327
    [give_income] => 305
    [income] => 22
    [buckle_income] => 112
    [createtime] => 2016-12-26 13:50:42
)
661
6611
Array
(
    [sum_total_income] => 327
    [sum_give_income] => 305
    [sum_income] => 22
    [sum_buckle_income] => 118
)
result=1
7
8
9
book_id=184006
2
3
4
5
Array
(
    [total_income] => 5935
    [income] => 5227
    [give_income] => 708
    [buckle_income] => 2374
    [buckle_coefficient] => 0.6
)
Array
(
    [book_id] => 184006
    [book_title] => 驭鬼冥妻
    [author_name] => 白骨蔷薇
    [word_count] => 726626
    [chapter_count] => 354
    [channel_id] => 0
    [statistics_day] => 2016-12-18
    [total_income] => 5935
    [give_income] => 708
    [income] => 5227
    [buckle_income] => 2374
    [buckle_coefficient] => 0.6
    [createtime] => 2016-12-26 13:53:05
)
6
66
Array
(
    [id] => 262
    [book_id] => 184006
    [book_title] => 驭鬼冥妻
    [author_name] => 白骨蔷薇
    [word_count] => 726626
    [chapter_count] => 354
    [channel_id] => 0
    [statistics_year] => 2016
    [statistics_month] => 12
    [total_income] => 5935
    [give_income] => 708
    [income] => 5227
    [buckle_income] => 2612
    [createtime] => 2016-12-26 13:50:42
)
661
6611
Array
(
    [sum_total_income] => 5935
    [sum_give_income] => 708
    [sum_income] => 5227
    [sum_buckle_income] => 2374
)
result=1
7
8
9
book_id=184132
2
3
4
5
Array
(
    [total_income] => 15
    [income] => 15
    [give_income] => 0
    [buckle_income] => 9
    [buckle_coefficient] => 0.43
)
Array
(
    [book_id] => 184132
    [book_title] => 画尸怪谈
    [author_name] => 忆珂梦惜
    [word_count] => 722037
    [chapter_count] => 224
    [channel_id] => 0
    [statistics_day] => 2016-12-18
    [total_income] => 15
    [give_income] => 0
    [income] => 15
    [buckle_income] => 9
    [buckle_coefficient] => 0.43
    [createtime] => 2016-12-26 13:53:05
)
6
66
Array
(
    [id] => 263
    [book_id] => 184132
    [book_title] => 画尸怪谈
    [author_name] => 忆珂梦惜
    [word_count] => 722037
    [chapter_count] => 224
    [channel_id] => 0
    [statistics_year] => 2016
    [statistics_month] => 12
    [total_income] => 15
    [give_income] => 0
    [income] => 15
    [buckle_income] => 9
    [createtime] => 2016-12-26 13:50:42
)
661
6611
Array
(
    [sum_total_income] => 15
    [sum_give_income] => 0
    [sum_income] => 15
    [sum_buckle_income] => 9
)
result=1
7
8
9
book_id=184167
2
3
4
5
Array
(
    [total_income] => 178
    [income] => 178
    [give_income] => 0
    [buckle_income] => 72
    [buckle_coefficient] => 0.6
)
Array
(
    [book_id] => 184167
    [book_title] => 毒妃倾城
    [author_name] => 十八学士
    [word_count] => 593086
    [chapter_count] => 179
    [channel_id] => 0
    [statistics_day] => 2016-12-18
    [total_income] => 178
    [give_income] => 0
    [income] => 178
    [buckle_income] => 72
    [buckle_coefficient] => 0.6
    [createtime] => 2016-12-26 13:53:05
)
6
66
Array
(
    [id] => 264
    [book_id] => 184167
    [book_title] => 毒妃倾城
    [author_name] => 十八学士
    [word_count] => 593086
    [chapter_count] => 179
    [channel_id] => 0
    [statistics_year] => 2016
    [statistics_month] => 12
    [total_income] => 178
    [give_income] => 0
    [income] => 178
    [buckle_income] => 77
    [createtime] => 2016-12-26 13:50:42
)
661
6611
Array
(
    [sum_total_income] => 178
    [sum_give_income] => 0
    [sum_income] => 178
    [sum_buckle_income] => 72
)
result=1
7
8
9
book_id=186985
2
3
4
5
Array
(
    [total_income] => 30
    [income] => 30
    [give_income] => 0
    [buckle_income] => 12
    [buckle_coefficient] => 0.61
)
Array
(
    [book_id] => 186985
    [book_title] => 我的极品女友2
    [author_name] => 苦哈哈1
    [word_count] => 988538
    [chapter_count] => 324
    [channel_id] => 0
    [statistics_day] => 2016-12-18
    [total_income] => 30
    [give_income] => 0
    [income] => 30
    [buckle_income] => 12
    [buckle_coefficient] => 0.61
    [createtime] => 2016-12-26 13:53:05
)
6
66
Array
(
    [id] => 265
    [book_id] => 186985
    [book_title] => 我的极品女友2
    [author_name] => 苦哈哈1
    [word_count] => 988538
    [chapter_count] => 324
    [channel_id] => 0
    [statistics_year] => 2016
    [statistics_month] => 12
    [total_income] => 30
    [give_income] => 0
    [income] => 30
    [buckle_income] => 13
    [createtime] => 2016-12-26 13:50:42
)
661
6611
Array
(
    [sum_total_income] => 30
    [sum_give_income] => 0
    [sum_income] => 30
    [sum_buckle_income] => 12
)
result=1
7
8
9
book_id=187062
2
3
4
5
Array
(
    [total_income] => 1013
    [income] => 1013
    [give_income] => 0
    [buckle_income] => 456
    [buckle_coefficient] => 0.55
)
Array
(
    [book_id] => 187062
    [book_title] => 网游之神域传奇
    [author_name] => 玉虚
    [word_count] => 1350091
    [chapter_count] => 448
    [channel_id] => 0
    [statistics_day] => 2016-12-18
    [total_income] => 1013
    [give_income] => 0
    [income] => 1013
    [buckle_income] => 456
    [buckle_coefficient] => 0.55
    [createtime] => 2016-12-26 13:53:05
)
6
66
Array
(
    [id] => 266
    [book_id] => 187062
    [book_title] => 网游之神域传奇
    [author_name] => 玉虚
    [word_count] => 1350091
    [chapter_count] => 448
    [channel_id] => 0
    [statistics_year] => 2016
    [statistics_month] => 12
    [total_income] => 1013
    [give_income] => 0
    [income] => 1013
    [buckle_income] => 396
    [createtime] => 2016-12-26 13:50:43
)
661
6611
Array
(
    [sum_total_income] => 1013
    [sum_give_income] => 0
    [sum_income] => 1013
    [sum_buckle_income] => 456
)
result=1
7
8
9
book_id=187630
2
3
4
5
Array
(
    [total_income] => 75
    [income] => 75
    [give_income] => 0
    [buckle_income] => 32
    [buckle_coefficient] => 0.58
)
Array
(
    [book_id] => 187630
    [book_title] => 我的农家小生活
    [author_name] => 天香书院
    [word_count] => 1313255
    [chapter_count] => 411
    [channel_id] => 0
    [statistics_day] => 2016-12-18
    [total_income] => 75
    [give_income] => 0
    [income] => 75
    [buckle_income] => 32
    [buckle_coefficient] => 0.58
    [createtime] => 2016-12-26 13:53:05
)
6
66
Array
(
    [id] => 267
    [book_id] => 187630
    [book_title] => 我的农家小生活
    [author_name] => 天香书院
    [word_count] => 1313255
    [chapter_count] => 411
    [channel_id] => 0
    [statistics_year] => 2016
    [statistics_month] => 12
    [total_income] => 75
    [give_income] => 0
    [income] => 75
    [buckle_income] => 27
    [createtime] => 2016-12-26 13:50:43
)
661
6611
Array
(
    [sum_total_income] => 75
    [sum_give_income] => 0
    [sum_income] => 75
    [sum_buckle_income] => 32
)
result=1
7
8
9
book_id=188097
2
3
4
5
Array
(
    [total_income] => 31142
    [income] => 26286
    [give_income] => 4856
    [buckle_income] => 11212
    [buckle_coefficient] => 0.64
)
Array
(
    [book_id] => 188097
    [book_title] => 顾少的贴身小辣妻
    [author_name] => 许寒
    [word_count] => 906023
    [chapter_count] => 440
    [channel_id] => 0
    [statistics_day] => 2016-12-18
    [total_income] => 31142
    [give_income] => 4856
    [income] => 26286
    [buckle_income] => 11212
    [buckle_coefficient] => 0.64
    [createtime] => 2016-12-26 13:53:05
)
6
66
Array
(
    [id] => 268
    [book_id] => 188097
    [book_title] => 顾少的贴身小辣妻
    [author_name] => 许寒
    [word_count] => 906023
    [chapter_count] => 440
    [channel_id] => 0
    [statistics_year] => 2016
    [statistics_month] => 12
    [total_income] => 31142
    [give_income] => 4856
    [income] => 26286
    [buckle_income] => 12457
    [createtime] => 2016-12-26 13:50:43
)
661
6611
Array
(
    [sum_total_income] => 31142
    [sum_give_income] => 4856
    [sum_income] => 26286
    [sum_buckle_income] => 11212
)
result=1
7
8
9
book_id=188349
2
3
4
5
Array
(
    [total_income] => 502
    [income] => 392
    [give_income] => 110
    [buckle_income] => 201
    [buckle_coefficient] => 0.6
)
Array
(
    [book_id] => 188349
    [book_title] => 超级透视
    [author_name] => 颜祯
    [word_count] => 1920655
    [chapter_count] => 741
    [channel_id] => 0
    [statistics_day] => 2016-12-18
    [total_income] => 502
    [give_income] => 110
    [income] => 392
    [buckle_income] => 201
    [buckle_coefficient] => 0.6
    [createtime] => 2016-12-26 13:53:05
)
6
66
Array
(
    [id] => 269
    [book_id] => 188349
    [book_title] => 超级透视
    [author_name] => 颜祯
    [word_count] => 1920655
    [chapter_count] => 741
    [channel_id] => 0
    [statistics_year] => 2016
    [statistics_month] => 12
    [total_income] => 502
    [give_income] => 110
    [income] => 392
    [buckle_income] => 191
    [createtime] => 2016-12-26 13:50:43
)
661
6611
Array
(
    [sum_total_income] => 502
    [sum_give_income] => 110
    [sum_income] => 392
    [sum_buckle_income] => 201
)
result=1
7
8
9
book_id=189214
2
3
4
5
Array
(
    [total_income] => 229966
    [income] => 201327
    [give_income] => 28639
    [buckle_income] => 78189
    [buckle_coefficient] => 0.66
)
Array
(
    [book_id] => 189214
    [book_title] => 青春无悔
    [author_name] => 叶妖
    [word_count] => 1026366
    [chapter_count] => 385
    [channel_id] => 0
    [statistics_day] => 2016-12-18
    [total_income] => 229966
    [give_income] => 28639
    [income] => 201327
    [buckle_income] => 78189
    [buckle_coefficient] => 0.66
    [createtime] => 2016-12-26 13:53:08
)
6
66
Array
(
    [id] => 270
    [book_id] => 189214
    [book_title] => 青春无悔
    [author_name] => 叶妖
    [word_count] => 1026366
    [chapter_count] => 385
    [channel_id] => 0
    [statistics_year] => 2016
    [statistics_month] => 12
    [total_income] => 229966
    [give_income] => 28639
    [income] => 201327
    [buckle_income] => 89687
    [createtime] => 2016-12-26 13:50:46
)
661
6611
Array
(
    [sum_total_income] => 229966
    [sum_give_income] => 28639
    [sum_income] => 201327
    [sum_buckle_income] => 78189
)
result=1
7
8
9
book_id=189614
2
3
4
5
Array
(
    [total_income] => 75
    [income] => 75
    [give_income] => 0
    [buckle_income] => 28
    [buckle_coefficient] => 0.63
)
Array
(
    [book_id] => 189614
    [book_title] => 帝少宠妻无度
    [author_name] => 曲潇潇
    [word_count] => 903745
    [chapter_count] => 414
    [channel_id] => 0
    [statistics_day] => 2016-12-18
    [total_income] => 75
    [give_income] => 0
    [income] => 75
    [buckle_income] => 28
    [buckle_coefficient] => 0.63
    [createtime] => 2016-12-26 13:53:08
)
6
66
Array
(
    [id] => 271
    [book_id] => 189614
    [book_title] => 帝少宠妻无度
    [author_name] => 曲潇潇
    [word_count] => 903745
    [chapter_count] => 414
    [channel_id] => 0
    [statistics_year] => 2016
    [statistics_month] => 12
    [total_income] => 75
    [give_income] => 0
    [income] => 75
    [buckle_income] => 30
    [createtime] => 2016-12-26 13:50:46
)
661
6611
Array
(
    [sum_total_income] => 75
    [sum_give_income] => 0
    [sum_income] => 75
    [sum_buckle_income] => 28
)
result=1
7
8
9
book_id=189726
2
3
4
5
Array
(
    [total_income] => 50
    [income] => 50
    [give_income] => 0
    [buckle_income] => 22
    [buckle_coefficient] => 0.57
)
Array
(
    [book_id] => 189726
    [book_title] => 首席的名门天后
    [author_name] => 齐成琨
    [word_count] => 816039
    [chapter_count] => 406
    [channel_id] => 0
    [statistics_day] => 2016-12-18
    [total_income] => 50
    [give_income] => 0
    [income] => 50
    [buckle_income] => 22
    [buckle_coefficient] => 0.57
    [createtime] => 2016-12-26 13:53:08
)
6
66
Array
(
    [id] => 272
    [book_id] => 189726
    [book_title] => 首席的名门天后
    [author_name] => 齐成琨
    [word_count] => 816039
    [chapter_count] => 406
    [channel_id] => 0
    [statistics_year] => 2016
    [statistics_month] => 12
    [total_income] => 50
    [give_income] => 0
    [income] => 50
    [buckle_income] => 20
    [createtime] => 2016-12-26 13:50:46
)
661
6611
Array
(
    [sum_total_income] => 50
    [sum_give_income] => 0
    [sum_income] => 50
    [sum_buckle_income] => 22
)
result=1
7
8
9
book_id=189736
2
3
4
5
Array
(
    [total_income] => 3798
    [income] => 3230
    [give_income] => 568
    [buckle_income] => 1406
    [buckle_coefficient] => 0.63
)
Array
(
    [book_id] => 189736
    [book_title] => 豪门大亨的私有宝贝
    [author_name] => 桃子满园
    [word_count] => 1229398
    [chapter_count] => 374
    [channel_id] => 0
    [statistics_day] => 2016-12-18
    [total_income] => 3798
    [give_income] => 568
    [income] => 3230
    [buckle_income] => 1406
    [buckle_coefficient] => 0.63
    [createtime] => 2016-12-26 13:53:08
)
6
66
Array
(
    [id] => 273
    [book_id] => 189736
    [book_title] => 豪门大亨的私有宝贝
    [author_name] => 桃子满园
    [word_count] => 1229398
    [chapter_count] => 374
    [channel_id] => 0
    [statistics_year] => 2016
    [statistics_month] => 12
    [total_income] => 3798
    [give_income] => 568
    [income] => 3230
    [buckle_income] => 1292
    [createtime] => 2016-12-26 13:50:46
)
661
6611
Array
(
    [sum_total_income] => 3798
    [sum_give_income] => 568
    [sum_income] => 3230
    [sum_buckle_income] => 1406
)
result=1
7
8
9
book_id=192059
2
3
4
5
Array
(
    [total_income] => 1194
    [income] => 953
    [give_income] => 241
    [buckle_income] => 466
    [buckle_coefficient] => 0.61
)
Array
(
    [book_id] => 192059
    [book_title] => 撩火新欢
    [author_name] => 奇葩果果
    [word_count] => 2051741
    [chapter_count] => 624
    [channel_id] => 0
    [statistics_day] => 2016-12-18
    [total_income] => 1194
    [give_income] => 241
    [income] => 953
    [buckle_income] => 466
    [buckle_coefficient] => 0.61
    [createtime] => 2016-12-26 13:53:09
)
6
66
Array
(
    [id] => 274
    [book_id] => 192059
    [book_title] => 撩火新欢
    [author_name] => 奇葩果果
    [word_count] => 2051741
    [chapter_count] => 624
    [channel_id] => 0
    [statistics_year] => 2016
    [statistics_month] => 12
    [total_income] => 1194
    [give_income] => 241
    [income] => 953
    [buckle_income] => 538
    [createtime] => 2016-12-26 13:50:46
)
661
6611
Array
(
    [sum_total_income] => 1194
    [sum_give_income] => 241
    [sum_income] => 953
    [sum_buckle_income] => 466
)
result=1
7
8
9
book_id=192193
2
3
4
5
Array
(
    [total_income] => 180
    [income] => 102
    [give_income] => 78
    [buckle_income] => 81
    [buckle_coefficient] => 0.55
)
Array
(
    [book_id] => 192193
    [book_title] => 婚情难耐
    [author_name] => 公子小九
    [word_count] => 594001
    [chapter_count] => 201
    [channel_id] => 0
    [statistics_day] => 2016-12-18
    [total_income] => 180
    [give_income] => 78
    [income] => 102
    [buckle_income] => 81
    [buckle_coefficient] => 0.55
    [createtime] => 2016-12-26 13:53:09
)
6
66
Array
(
    [id] => 275
    [book_id] => 192193
    [book_title] => 婚情难耐
    [author_name] => 公子小九
    [word_count] => 594001
    [chapter_count] => 201
    [channel_id] => 0
    [statistics_year] => 2016
    [statistics_month] => 12
    [total_income] => 180
    [give_income] => 78
    [income] => 102
    [buckle_income] => 72
    [createtime] => 2016-12-26 13:50:46
)
661
6611
Array
(
    [sum_total_income] => 180
    [sum_give_income] => 78
    [sum_income] => 102
    [sum_buckle_income] => 81
)
result=1
7
8
9
book_id=192454
2
3
4
5
Array
(
    [total_income] => 597
    [income] => 597
    [give_income] => 0
    [buckle_income] => 245
    [buckle_coefficient] => 0.59
)
Array
(
    [book_id] => 192454
    [book_title] => 蜜制婚爱
    [author_name] => 倾世繁华
    [word_count] => 1348257
    [chapter_count] => 427
    [channel_id] => 0
    [statistics_day] => 2016-12-18
    [total_income] => 597
    [give_income] => 0
    [income] => 597
    [buckle_income] => 245
    [buckle_coefficient] => 0.59
    [createtime] => 2016-12-26 13:53:09
)
6
66
Array
(
    [id] => 276
    [book_id] => 192454
    [book_title] => 蜜制婚爱
    [author_name] => 倾世繁华
    [word_count] => 1348257
    [chapter_count] => 427
    [channel_id] => 0
    [statistics_year] => 2016
    [statistics_month] => 12
    [total_income] => 597
    [give_income] => 0
    [income] => 597
    [buckle_income] => 239
    [createtime] => 2016-12-26 13:50:46
)
661
6611
Array
(
    [sum_total_income] => 597
    [sum_give_income] => 0
    [sum_income] => 597
    [sum_buckle_income] => 245
)
result=1
7
8
9
book_id=192805
2
3
4
5
Array
(
    [total_income] => 26484
    [income] => 24406
    [give_income] => 2078
    [buckle_income] => 11918
    [buckle_coefficient] => 0.55
)
Array
(
    [book_id] => 192805
    [book_title] => 迫爱求欢
    [author_name] => 齐成琨
    [word_count] => 1906547
    [chapter_count] => 912
    [channel_id] => 0
    [statistics_day] => 2016-12-18
    [total_income] => 26484
    [give_income] => 2078
    [income] => 24406
    [buckle_income] => 11918
    [buckle_coefficient] => 0.55
    [createtime] => 2016-12-26 13:53:09
)
6
66
Array
(
    [id] => 277
    [book_id] => 192805
    [book_title] => 迫爱求欢
    [author_name] => 齐成琨
    [word_count] => 1906547
    [chapter_count] => 912
    [channel_id] => 0
    [statistics_year] => 2016
    [statistics_month] => 12
    [total_income] => 26484
    [give_income] => 2078
    [income] => 24406
    [buckle_income] => 10064
    [createtime] => 2016-12-26 13:50:47
)
661
6611
Array
(
    [sum_total_income] => 26484
    [sum_give_income] => 2078
    [sum_income] => 24406
    [sum_buckle_income] => 11918
)
result=1
7
8
9
book_id=193164
2
3
4
5
Array
(
    [total_income] => 8704
    [income] => 8272
    [give_income] => 432
    [buckle_income] => 3047
    [buckle_coefficient] => 0.65
)
Array
(
    [book_id] => 193164
    [book_title] => 和小姨子同居的日子
    [author_name] => 苦哈哈1
    [word_count] => 2658487
    [chapter_count] => 936
    [channel_id] => 0
    [statistics_day] => 2016-12-18
    [total_income] => 8704
    [give_income] => 432
    [income] => 8272
    [buckle_income] => 3047
    [buckle_coefficient] => 0.65
    [createtime] => 2016-12-26 13:53:09
)
6
66
Array
(
    [id] => 278
    [book_id] => 193164
    [book_title] => 和小姨子同居的日子
    [author_name] => 苦哈哈1
    [word_count] => 2658487
    [chapter_count] => 936
    [channel_id] => 0
    [statistics_year] => 2016
    [statistics_month] => 12
    [total_income] => 8704
    [give_income] => 432
    [income] => 8272
    [buckle_income] => 3221
    [createtime] => 2016-12-26 13:50:47
)
661
6611
Array
(
    [sum_total_income] => 8704
    [sum_give_income] => 432
    [sum_income] => 8272
    [sum_buckle_income] => 3047
)
result=1
7
8
9
book_id=193690
2
3
4
5
Array
(
    [total_income] => 616
    [income] => 616
    [give_income] => 0
    [buckle_income] => 222
    [buckle_coefficient] => 0.64
)
Array
(
    [book_id] => 193690
    [book_title] => 裴少的私宠娇妻
    [author_name] => 惜纯璐
    [word_count] => 365081
    [chapter_count] => 174
    [channel_id] => 0
    [statistics_day] => 2016-12-18
    [total_income] => 616
    [give_income] => 0
    [income] => 616
    [buckle_income] => 222
    [buckle_coefficient] => 0.64
    [createtime] => 2016-12-26 13:53:09
)
6
66
Array
(
    [id] => 279
    [book_id] => 193690
    [book_title] => 裴少的私宠娇妻
    [author_name] => 惜纯璐
    [word_count] => 365081
    [chapter_count] => 174
    [channel_id] => 0
    [statistics_year] => 2016
    [statistics_month] => 12
    [total_income] => 616
    [give_income] => 0
    [income] => 616
    [buckle_income] => 272
    [createtime] => 2016-12-26 13:50:47
)
661
6611
Array
(
    [sum_total_income] => 616
    [sum_give_income] => 0
    [sum_income] => 616
    [sum_buckle_income] => 222
)
result=1
7
8
9
book_id=2000999
2
3
4
5
Array
(
    [total_income] => 16
    [income] => 0
    [give_income] => 16
    [buckle_income] => 10
    [buckle_coefficient] => 0.4
)
Array
(
    [book_id] => 2000999
    [book_title] => 北派那些事儿
    [author_name] => 北派老四
    [word_count] => 648262
    [chapter_count] => 200
    [channel_id] => 0
    [statistics_day] => 2016-12-18
    [total_income] => 16
    [give_income] => 16
    [income] => 0
    [buckle_income] => 10
    [buckle_coefficient] => 0.4
    [createtime] => 2016-12-26 13:53:09
)
6
66
Array
(
    [id] => 280
    [book_id] => 2000999
    [book_title] => 北派那些事儿
    [author_name] => 北派老四
    [word_count] => 648262
    [chapter_count] => 200
    [channel_id] => 0
    [statistics_year] => 2016
    [statistics_month] => 12
    [total_income] => 16
    [give_income] => 16
    [income] => 0
    [buckle_income] => 10
    [createtime] => 2016-12-26 13:50:47
)
661
6611
Array
(
    [sum_total_income] => 16
    [sum_give_income] => 16
    [sum_income] => 0
    [sum_buckle_income] => 10
)
result=1
7
8
9
book_id=2002389
2
3
4
5
Array
(
    [total_income] => 12144
    [income] => 10381
    [give_income] => 1763
    [buckle_income] => 4858
    [buckle_coefficient] => 0.6
)
Array
(
    [book_id] => 2002389
    [book_title] => 小姐，不见不散
    [author_name] => 饿死宝宝啦
    [word_count] => 439235
    [chapter_count] => 173
    [channel_id] => 0
    [statistics_day] => 2016-12-18
    [total_income] => 12144
    [give_income] => 1763
    [income] => 10381
    [buckle_income] => 4858
    [buckle_coefficient] => 0.6
    [createtime] => 2016-12-26 13:53:09
)
6
66
Array
(
    [id] => 281
    [book_id] => 2002389
    [book_title] => 小姐，不见不散
    [author_name] => 饿死宝宝啦
    [word_count] => 439235
    [chapter_count] => 173
    [channel_id] => 0
    [statistics_year] => 2016
    [statistics_month] => 12
    [total_income] => 12144
    [give_income] => 1763
    [income] => 10381
    [buckle_income] => 4737
    [createtime] => 2016-12-26 13:50:47
)
661
6611
Array
(
    [sum_total_income] => 12144
    [sum_give_income] => 1763
    [sum_income] => 10381
    [sum_buckle_income] => 4858
)
result=1
7
8
9
book_id=2003118
2
3
4
5
Array
(
    [total_income] => 302
    [income] => 302
    [give_income] => 0
    [buckle_income] => 112
    [buckle_coefficient] => 0.63
)
Array
(
    [book_id] => 2003118
    [book_title] => 血奴
    [author_name] => 落笔花生
    [word_count] => 236433
    [chapter_count] => 105
    [channel_id] => 0
    [statistics_day] => 2016-12-18
    [total_income] => 302
    [give_income] => 0
    [income] => 302
    [buckle_income] => 112
    [buckle_coefficient] => 0.63
    [createtime] => 2016-12-26 13:53:09
)
6
66
Array
(
    [id] => 282
    [book_id] => 2003118
    [book_title] => 血奴
    [author_name] => 落笔花生
    [word_count] => 236433
    [chapter_count] => 105
    [channel_id] => 0
    [statistics_year] => 2016
    [statistics_month] => 12
    [total_income] => 302
    [give_income] => 0
    [income] => 302
    [buckle_income] => 127
    [createtime] => 2016-12-26 13:50:48
)
661
6611
Array
(
    [sum_total_income] => 302
    [sum_give_income] => 0
    [sum_income] => 302
    [sum_buckle_income] => 112
)
result=1
7
8
9
book_id=2005547
2
3
4
5
Array
(
    [total_income] => 3165
    [income] => 2687
    [give_income] => 478
    [buckle_income] => 1077
    [buckle_coefficient] => 0.66
)
Array
(
    [book_id] => 2005547
    [book_title] => 纯纯欲动
    [author_name] => 魅猫咪
    [word_count] => 516528
    [chapter_count] => 241
    [channel_id] => 0
    [statistics_day] => 2016-12-18
    [total_income] => 3165
    [give_income] => 478
    [income] => 2687
    [buckle_income] => 1077
    [buckle_coefficient] => 0.66
    [createtime] => 2016-12-26 13:53:09
)
6
66
Array
(
    [id] => 283
    [book_id] => 2005547
    [book_title] => 纯纯欲动
    [author_name] => 魅猫咪
    [word_count] => 516528
    [chapter_count] => 241
    [channel_id] => 0
    [statistics_year] => 2016
    [statistics_month] => 12
    [total_income] => 3165
    [give_income] => 478
    [income] => 2687
    [buckle_income] => 1298
    [createtime] => 2016-12-26 13:50:48
)
661
6611
Array
(
    [sum_total_income] => 3165
    [sum_give_income] => 478
    [sum_income] => 2687
    [sum_buckle_income] => 1077
)
result=1
7
8
9
book_id=2006307
2
3
4
5
Array
(
    [total_income] => 192429
    [income] => 176517
    [give_income] => 15912
    [buckle_income] => 71199
    [buckle_coefficient] => 0.63
)
Array
(
    [book_id] => 2006307
    [book_title] => 致青春
    [author_name] => 一枚祸害
    [word_count] => 712373
    [chapter_count] => 338
    [channel_id] => 0
    [statistics_day] => 2016-12-18
    [total_income] => 192429
    [give_income] => 15912
    [income] => 176517
    [buckle_income] => 71199
    [buckle_coefficient] => 0.63
    [createtime] => 2016-12-26 13:53:12
)
6
66
Array
(
    [id] => 284
    [book_id] => 2006307
    [book_title] => 致青春
    [author_name] => 一枚祸害
    [word_count] => 712373
    [chapter_count] => 338
    [channel_id] => 0
    [statistics_year] => 2016
    [statistics_month] => 12
    [total_income] => 192429
    [give_income] => 15912
    [income] => 176517
    [buckle_income] => 86594
    [createtime] => 2016-12-26 13:50:50
)
661
6611
Array
(
    [sum_total_income] => 192429
    [sum_give_income] => 15912
    [sum_income] => 176517
    [sum_buckle_income] => 71199
)
result=1
7
8
9
book_id=2006764
2
3
4
5
Array
(
    [total_income] => 24046
    [income] => 22006
    [give_income] => 2040
    [buckle_income] => 8657
    [buckle_coefficient] => 0.64
)
Array
(
    [book_id] => 2006764
    [book_title] => 桃花沟
    [author_name] => 闻松听涛
    [word_count] => 1324758
    [chapter_count] => 606
    [channel_id] => 0
    [statistics_day] => 2016-12-18
    [total_income] => 24046
    [give_income] => 2040
    [income] => 22006
    [buckle_income] => 8657
    [buckle_coefficient] => 0.64
    [createtime] => 2016-12-26 13:53:12
)
6
66
Array
(
    [id] => 285
    [book_id] => 2006764
    [book_title] => 桃花沟
    [author_name] => 闻松听涛
    [word_count] => 1324758
    [chapter_count] => 606
    [channel_id] => 0
    [statistics_year] => 2016
    [statistics_month] => 12
    [total_income] => 24046
    [give_income] => 2040
    [income] => 22006
    [buckle_income] => 10100
    [createtime] => 2016-12-26 13:50:50
)
661
6611
Array
(
    [sum_total_income] => 24046
    [sum_give_income] => 2040
    [sum_income] => 22006
    [sum_buckle_income] => 8657
)
result=1
7
8
9
book_id=2007405
2
3
4
5
Array
(
    [total_income] => 1434
    [income] => 1434
    [give_income] => 0
    [buckle_income] => 502
    [buckle_coefficient] => 0.65
)
Array
(
    [book_id] => 2007405
    [book_title] => 大叔，晚上见
    [author_name] => 沐离烟
    [word_count] => 540652
    [chapter_count] => 178
    [channel_id] => 0
    [statistics_day] => 2016-12-18
    [total_income] => 1434
    [give_income] => 0
    [income] => 1434
    [buckle_income] => 502
    [buckle_coefficient] => 0.65
    [createtime] => 2016-12-26 13:53:13
)
6
66
Array
(
    [id] => 286
    [book_id] => 2007405
    [book_title] => 大叔，晚上见
    [author_name] => 沐离烟
    [word_count] => 540652
    [chapter_count] => 178
    [channel_id] => 0
    [statistics_year] => 2016
    [statistics_month] => 12
    [total_income] => 1434
    [give_income] => 0
    [income] => 1434
    [buckle_income] => 502
    [createtime] => 2016-12-26 13:50:50
)
661
6611
Array
(
    [sum_total_income] => 1434
    [sum_give_income] => 0
    [sum_income] => 1434
    [sum_buckle_income] => 502
)
result=1
7
8
9
book_id=2008294
2
3
4
5
Array
(
    [total_income] => 147957
    [income] => 124219
    [give_income] => 23738
    [buckle_income] => 54745
    [buckle_coefficient] => 0.63
)
Array
(
    [book_id] => 2008294
    [book_title] => 亲爱的鬼先生
    [author_name] => 肉丸夫人
    [word_count] => 385380
    [chapter_count] => 135
    [channel_id] => 0
    [statistics_day] => 2016-12-18
    [total_income] => 147957
    [give_income] => 23738
    [income] => 124219
    [buckle_income] => 54745
    [buckle_coefficient] => 0.63
    [createtime] => 2016-12-26 13:53:14
)
6
66
Array
(
    [id] => 287
    [book_id] => 2008294
    [book_title] => 亲爱的鬼先生
    [author_name] => 肉丸夫人
    [word_count] => 385380
    [chapter_count] => 135
    [channel_id] => 0
    [statistics_year] => 2016
    [statistics_month] => 12
    [total_income] => 147957
    [give_income] => 23738
    [income] => 124219
    [buckle_income] => 62142
    [createtime] => 2016-12-26 13:50:52
)
661
6611
Array
(
    [sum_total_income] => 147957
    [sum_give_income] => 23738
    [sum_income] => 124219
    [sum_buckle_income] => 54745
)
result=1
7
8
9
book_id=2008333
2
3
4
5
Array
(
    [total_income] => 426
    [income] => 337
    [give_income] => 89
    [buckle_income] => 150
    [buckle_coefficient] => 0.65
)
Array
(
    [book_id] => 2008333
    [book_title] => 嫡女风采
    [author_name] => 幺蛾子大人
    [word_count] => 1334265
    [chapter_count] => 427
    [channel_id] => 0
    [statistics_day] => 2016-12-18
    [total_income] => 426
    [give_income] => 89
    [income] => 337
    [buckle_income] => 150
    [buckle_coefficient] => 0.65
    [createtime] => 2016-12-26 13:53:14
)
6
66
Array
(
    [id] => 288
    [book_id] => 2008333
    [book_title] => 嫡女风采
    [author_name] => 幺蛾子大人
    [word_count] => 1334265
    [chapter_count] => 427
    [channel_id] => 0
    [statistics_year] => 2016
    [statistics_month] => 12
    [total_income] => 426
    [give_income] => 89
    [income] => 337
    [buckle_income] => 175
    [createtime] => 2016-12-26 13:50:52
)
661
6611
Array
(
    [sum_total_income] => 426
    [sum_give_income] => 89
    [sum_income] => 337
    [sum_buckle_income] => 150
)
result=1
7
8
9
book_id=2008540
2
3
4
5
Array
(
    [total_income] => 2677
    [income] => 2633
    [give_income] => 44
    [buckle_income] => 991
    [buckle_coefficient] => 0.63
)
Array
(
    [book_id] => 2008540
    [book_title] => 乡村小裁缝
    [author_name] => 薄荷好吃
    [word_count] => 360417
    [chapter_count] => 116
    [channel_id] => 0
    [statistics_day] => 2016-12-18
    [total_income] => 2677
    [give_income] => 44
    [income] => 2633
    [buckle_income] => 991
    [buckle_coefficient] => 0.63
    [createtime] => 2016-12-26 13:53:14
)
6
66
Array
(
    [id] => 289
    [book_id] => 2008540
    [book_title] => 乡村小裁缝
    [author_name] => 薄荷好吃
    [word_count] => 360417
    [chapter_count] => 116
    [channel_id] => 0
    [statistics_year] => 2016
    [statistics_month] => 12
    [total_income] => 2677
    [give_income] => 44
    [income] => 2633
    [buckle_income] => 1205
    [createtime] => 2016-12-26 13:50:52
)
661
6611
Array
(
    [sum_total_income] => 2677
    [sum_give_income] => 44
    [sum_income] => 2633
    [sum_buckle_income] => 991
)
result=1
7
8
9
book_id=2008963
2
3
4
5
Array
(
    [total_income] => 437
    [income] => 437
    [give_income] => 0
    [buckle_income] => 153
    [buckle_coefficient] => 0.65
)
Array
(
    [book_id] => 2008963
    [book_title] => 谁的青春不热血
    [author_name] => 风南渡
    [word_count] => 347190
    [chapter_count] => 152
    [channel_id] => 0
    [statistics_day] => 2016-12-18
    [total_income] => 437
    [give_income] => 0
    [income] => 437
    [buckle_income] => 153
    [buckle_coefficient] => 0.65
    [createtime] => 2016-12-26 13:53:14
)
6
66
Array
(
    [id] => 290
    [book_id] => 2008963
    [book_title] => 谁的青春不热血
    [author_name] => 风南渡
    [word_count] => 347190
    [chapter_count] => 152
    [channel_id] => 0
    [statistics_year] => 2016
    [statistics_month] => 12
    [total_income] => 437
    [give_income] => 0
    [income] => 437
    [buckle_income] => 193
    [createtime] => 2016-12-26 13:50:52
)
661
6611
Array
(
    [sum_total_income] => 437
    [sum_give_income] => 0
    [sum_income] => 437
    [sum_buckle_income] => 153
)
result=1
7
8
9
book_id=2009288
2
3
4
5
Array
(
    [total_income] => 8708
    [income] => 7706
    [give_income] => 1002
    [buckle_income] => 3397
    [buckle_coefficient] => 0.61
)
Array
(
    [book_id] => 2009288
    [book_title] => 我的青梅竹马是校花
    [author_name] => 辣椒小鱼
    [word_count] => 398454
    [chapter_count] => 186
    [channel_id] => 0
    [statistics_day] => 2016-12-18
    [total_income] => 8708
    [give_income] => 1002
    [income] => 7706
    [buckle_income] => 3397
    [buckle_coefficient] => 0.61
    [createtime] => 2016-12-26 13:53:14
)
6
66
Array
(
    [id] => 291
    [book_id] => 2009288
    [book_title] => 我的青梅竹马是校花
    [author_name] => 辣椒小鱼
    [word_count] => 398454
    [chapter_count] => 186
    [channel_id] => 0
    [statistics_year] => 2016
    [statistics_month] => 12
    [total_income] => 8708
    [give_income] => 1002
    [income] => 7706
    [buckle_income] => 3745
    [createtime] => 2016-12-26 13:50:52
)
661
6611
Array
(
    [sum_total_income] => 8708
    [sum_give_income] => 1002
    [sum_income] => 7706
    [sum_buckle_income] => 3397
)
result=1
7
8
9
book_id=2009291
2
3
4
5
Array
(
    [total_income] => 30
    [income] => 30
    [give_income] => 0
    [buckle_income] => 12
    [buckle_coefficient] => 0.6
)
Array
(
    [book_id] => 2009291
    [book_title] => 逆乱青春
    [author_name] => 三里阳水
    [word_count] => 566288
    [chapter_count] => 195
    [channel_id] => 0
    [statistics_day] => 2016-12-18
    [total_income] => 30
    [give_income] => 0
    [income] => 30
    [buckle_income] => 12
    [buckle_coefficient] => 0.6
    [createtime] => 2016-12-26 13:53:14
)
6
66
Array
(
    [id] => 292
    [book_id] => 2009291
    [book_title] => 逆乱青春
    [author_name] => 三里阳水
    [word_count] => 566288
    [chapter_count] => 195
    [channel_id] => 0
    [statistics_year] => 2016
    [statistics_month] => 12
    [total_income] => 30
    [give_income] => 0
    [income] => 30
    [buckle_income] => 11
    [createtime] => 2016-12-26 13:50:52
)
661
6611
Array
(
    [sum_total_income] => 30
    [sum_give_income] => 0
    [sum_income] => 30
    [sum_buckle_income] => 12
)
result=1
7
8
9
book_id=2009378
2
3
4
5
Array
(
    [total_income] => 15723
    [income] => 13887
    [give_income] => 1836
    [buckle_income] => 6447
    [buckle_coefficient] => 0.59
)
Array
(
    [book_id] => 2009378
    [book_title] => 盛夏的秘密
    [author_name] => 一只纯小白
    [word_count] => 386830
    [chapter_count] => 203
    [channel_id] => 0
    [statistics_day] => 2016-12-18
    [total_income] => 15723
    [give_income] => 1836
    [income] => 13887
    [buckle_income] => 6447
    [buckle_coefficient] => 0.59
    [createtime] => 2016-12-26 13:53:14
)
6
66
Array
(
    [id] => 293
    [book_id] => 2009378
    [book_title] => 盛夏的秘密
    [author_name] => 一只纯小白
    [word_count] => 386830
    [chapter_count] => 203
    [channel_id] => 0
    [statistics_year] => 2016
    [statistics_month] => 12
    [total_income] => 15723
    [give_income] => 1836
    [income] => 13887
    [buckle_income] => 6761
    [createtime] => 2016-12-26 13:50:52
)
661
6611
Array
(
    [sum_total_income] => 15723
    [sum_give_income] => 1836
    [sum_income] => 13887
    [sum_buckle_income] => 6447
)
result=1
7
8
9
book_id=2009954
2
3
4
5
Array
(
    [total_income] => 339
    [income] => 339
    [give_income] => 0
    [buckle_income] => 139
    [buckle_coefficient] => 0.59
)
Array
(
    [book_id] => 2009954
    [book_title] => 凌乱青春
    [author_name] => 御膳可乐
    [word_count] => 208353
    [chapter_count] => 108
    [channel_id] => 0
    [statistics_day] => 2016-12-18
    [total_income] => 339
    [give_income] => 0
    [income] => 339
    [buckle_income] => 139
    [buckle_coefficient] => 0.59
    [createtime] => 2016-12-26 13:53:14
)
6
66
Array
(
    [id] => 294
    [book_id] => 2009954
    [book_title] => 凌乱青春
    [author_name] => 御膳可乐
    [word_count] => 208353
    [chapter_count] => 108
    [channel_id] => 0
    [statistics_year] => 2016
    [statistics_month] => 12
    [total_income] => 339
    [give_income] => 0
    [income] => 339
    [buckle_income] => 116
    [createtime] => 2016-12-26 13:50:52
)
661
6611
Array
(
    [sum_total_income] => 339
    [sum_give_income] => 0
    [sum_income] => 339
    [sum_buckle_income] => 139
)
result=1
7
8
9
book_id=2010697
2
3
4
5
Array
(
    [total_income] => 993
    [income] => 929
    [give_income] => 64
    [buckle_income] => 338
    [buckle_coefficient] => 0.66
)
Array
(
    [book_id] => 2010697
    [book_title] => 水样年华
    [author_name] => 胡大海
    [word_count] => 470063
    [chapter_count] => 154
    [channel_id] => 0
    [statistics_day] => 2016-12-18
    [total_income] => 993
    [give_income] => 64
    [income] => 929
    [buckle_income] => 338
    [buckle_coefficient] => 0.66
    [createtime] => 2016-12-26 13:53:15
)
6
66
Array
(
    [id] => 295
    [book_id] => 2010697
    [book_title] => 水样年华
    [author_name] => 胡大海
    [word_count] => 470063
    [chapter_count] => 154
    [channel_id] => 0
    [statistics_year] => 2016
    [statistics_month] => 12
    [total_income] => 993
    [give_income] => 64
    [income] => 929
    [buckle_income] => 437
    [createtime] => 2016-12-26 13:50:52
)
661
6611
Array
(
    [sum_total_income] => 993
    [sum_give_income] => 64
    [sum_income] => 929
    [sum_buckle_income] => 338
)
result=1
7
8
9
book_id=2010794
2
3
4
5
Array
(
    [total_income] => 8169
    [income] => 6265
    [give_income] => 1904
    [buckle_income] => 2860
    [buckle_coefficient] => 0.65
)
Array
(
    [book_id] => 2010794
    [book_title] => 青春岁月
    [author_name] => 青春岁月
    [word_count] => 304939
    [chapter_count] => 146
    [channel_id] => 0
    [statistics_day] => 2016-12-18
    [total_income] => 8169
    [give_income] => 1904
    [income] => 6265
    [buckle_income] => 2860
    [buckle_coefficient] => 0.65
    [createtime] => 2016-12-26 13:53:15
)
6
66
Array
(
    [id] => 296
    [book_id] => 2010794
    [book_title] => 青春岁月
    [author_name] => 青春岁月
    [word_count] => 304939
    [chapter_count] => 146
    [channel_id] => 0
    [statistics_year] => 2016
    [statistics_month] => 12
    [total_income] => 8169
    [give_income] => 1904
    [income] => 6265
    [buckle_income] => 3268
    [createtime] => 2016-12-26 13:50:52
)
661
6611
Array
(
    [sum_total_income] => 8169
    [sum_give_income] => 1904
    [sum_income] => 6265
    [sum_buckle_income] => 2860
)
result=1
7
8
9
book_id=2010955
2
3
4
5
Array
(
    [total_income] => 1363
    [income] => 1292
    [give_income] => 71
    [buckle_income] => 546
    [buckle_coefficient] => 0.6
)
Array
(
    [book_id] => 2010955
    [book_title] => 青春喂了狗
    [author_name] => 纯爷们儿
    [word_count] => 436068
    [chapter_count] => 201
    [channel_id] => 0
    [statistics_day] => 2016-12-18
    [total_income] => 1363
    [give_income] => 71
    [income] => 1292
    [buckle_income] => 546
    [buckle_coefficient] => 0.6
    [createtime] => 2016-12-26 13:53:15
)
6
66
Array
(
    [id] => 297
    [book_id] => 2010955
    [book_title] => 青春喂了狗
    [author_name] => 纯爷们儿
    [word_count] => 436068
    [chapter_count] => 201
    [channel_id] => 0
    [statistics_year] => 2016
    [statistics_month] => 12
    [total_income] => 1363
    [give_income] => 71
    [income] => 1292
    [buckle_income] => 532
    [createtime] => 2016-12-26 13:50:53
)
661
6611
Array
(
    [sum_total_income] => 1363
    [sum_give_income] => 71
    [sum_income] => 1292
    [sum_buckle_income] => 546
)
result=1
7
8
9
book_id=2011476
2
3
4
5
Array
(
    [total_income] => 40
    [income] => 40
    [give_income] => 0
    [buckle_income] => 17
    [buckle_coefficient] => 0.58
)
Array
(
    [book_id] => 2011476
    [book_title] => 我做男公关的那几年
    [author_name] => 田小鸡
    [word_count] => 50059
    [chapter_count] => 24
    [channel_id] => 0
    [statistics_day] => 2016-12-18
    [total_income] => 40
    [give_income] => 0
    [income] => 40
    [buckle_income] => 17
    [buckle_coefficient] => 0.58
    [createtime] => 2016-12-26 13:53:15
)
6
66
Array
(
    [id] => 298
    [book_id] => 2011476
    [book_title] => 我做男公关的那几年
    [author_name] => 田小鸡
    [word_count] => 50059
    [chapter_count] => 24
    [channel_id] => 0
    [statistics_year] => 2016
    [statistics_month] => 12
    [total_income] => 40
    [give_income] => 0
    [income] => 40
    [buckle_income] => 18
    [createtime] => 2016-12-26 13:50:53
)
661
6611
Array
(
    [sum_total_income] => 40
    [sum_give_income] => 0
    [sum_income] => 40
    [sum_buckle_income] => 17
)
result=1
7
8
9
book_id=2011646
2
3
4
5
Array
(
    [total_income] => 123
    [income] => 123
    [give_income] => 0
    [buckle_income] => 46
    [buckle_coefficient] => 0.63
)
Array
(
    [book_id] => 2011646
    [book_title] => 海城一姐
    [author_name] => 王二丫
    [word_count] => 240587
    [chapter_count] => 88
    [channel_id] => 0
    [statistics_day] => 2016-12-18
    [total_income] => 123
    [give_income] => 0
    [income] => 123
    [buckle_income] => 46
    [buckle_coefficient] => 0.63
    [createtime] => 2016-12-26 13:53:15
)
6
66
Array
(
    [id] => 299
    [book_id] => 2011646
    [book_title] => 海城一姐
    [author_name] => 王二丫
    [word_count] => 240587
    [chapter_count] => 88
    [channel_id] => 0
    [statistics_year] => 2016
    [statistics_month] => 12
    [total_income] => 123
    [give_income] => 0
    [income] => 123
    [buckle_income] => 44
    [createtime] => 2016-12-26 13:50:53
)
661
6611
Array
(
    [sum_total_income] => 123
    [sum_give_income] => 0
    [sum_income] => 123
    [sum_buckle_income] => 46
)
result=1
7
8
9
book_id=2011676
2
3
4
5
Array
(
    [total_income] => 12
    [income] => 12
    [give_income] => 0
    [buckle_income] => 7
    [buckle_coefficient] => 0.44
)
Array
(
    [book_id] => 2011676
    [book_title] => 冥婚极宠:我的鬼帝夫君
    [author_name] => 云七公子
    [word_count] => 32176
    [chapter_count] => 26
    [channel_id] => 0
    [statistics_day] => 2016-12-18
    [total_income] => 12
    [give_income] => 0
    [income] => 12
    [buckle_income] => 7
    [buckle_coefficient] => 0.44
    [createtime] => 2016-12-26 13:53:15
)
6
66
Array
(
    [id] => 300
    [book_id] => 2011676
    [book_title] => 冥婚极宠:我的鬼帝夫君
    [author_name] => 云七公子
    [word_count] => 32176
    [chapter_count] => 26
    [channel_id] => 0
    [statistics_year] => 2016
    [statistics_month] => 12
    [total_income] => 12
    [give_income] => 0
    [income] => 12
    [buckle_income] => 8
    [createtime] => 2016-12-26 13:50:53
)
661
6611
Array
(
    [sum_total_income] => 12
    [sum_give_income] => 0
    [sum_income] => 12
    [sum_buckle_income] => 7
)
result=1
7
8
9
book_id=2013241
2
3
4
5
Array
(
    [total_income] => 249196
    [income] => 179012
    [give_income] => 70184
    [buckle_income] => 104663
    [buckle_coefficient] => 0.58
)
Array
(
    [book_id] => 2013241
    [book_title] => 夜宴
    [author_name] => 鸡大力
    [word_count] => 438208
    [chapter_count] => 202
    [channel_id] => 0
    [statistics_day] => 2016-12-18
    [total_income] => 249196
    [give_income] => 70184
    [income] => 179012
    [buckle_income] => 104663
    [buckle_coefficient] => 0.58
    [createtime] => 2016-12-26 13:53:19
)
6
66
Array
(
    [id] => 4
    [book_id] => 2013241
    [book_title] => 夜宴
    [author_name] => 鸡大力
    [word_count] => 438208
    [chapter_count] => 202
    [channel_id] => 0
    [statistics_year] => 2016
    [statistics_month] => 12
    [total_income] => 249206
    [give_income] => 70184
    [income] => 179022
    [buckle_income] => 97197
    [createtime] => 2016-12-26 13:50:57
)
661
6611
Array
(
    [sum_total_income] => 249206
    [sum_give_income] => 70184
    [sum_income] => 179022
    [sum_buckle_income] => 104673
)
result=1
7
8
9
book_id=2013568
2
3
4
5
Array
(
    [total_income] => 31009
    [income] => 26944
    [give_income] => 4065
    [buckle_income] => 12714
    [buckle_coefficient] => 0.59
)
Array
(
    [book_id] => 2013568
    [book_title] => 鬼娃新娘
    [author_name] => 绮丽儿
    [word_count] => 924701
    [chapter_count] => 244
    [channel_id] => 0
    [statistics_day] => 2016-12-18
    [total_income] => 31009
    [give_income] => 4065
    [income] => 26944
    [buckle_income] => 12714
    [buckle_coefficient] => 0.59
    [createtime] => 2016-12-26 13:53:19
)
6
66
Array
(
    [id] => 301
    [book_id] => 2013568
    [book_title] => 鬼娃新娘
    [author_name] => 绮丽儿
    [word_count] => 924701
    [chapter_count] => 244
    [channel_id] => 0
    [statistics_year] => 2016
    [statistics_month] => 12
    [total_income] => 31009
    [give_income] => 4065
    [income] => 26944
    [buckle_income] => 13024
    [createtime] => 2016-12-26 13:50:57
)
661
6611
Array
(
    [sum_total_income] => 31009
    [sum_give_income] => 4065
    [sum_income] => 26944
    [sum_buckle_income] => 12714
)
result=1
7
8
9
book_id=2014060
2
3
4
5
Array
(
    [total_income] => 103
    [income] => 103
    [give_income] => 0
    [buckle_income] => 46
    [buckle_coefficient] => 0.56
)
Array
(
    [book_id] => 2014060
    [book_title] => 贴身极品狂医
    [author_name] => 醉卧秋霜
    [word_count] => 577405
    [chapter_count] => 217
    [channel_id] => 0
    [statistics_day] => 2016-12-18
    [total_income] => 103
    [give_income] => 0
    [income] => 103
    [buckle_income] => 46
    [buckle_coefficient] => 0.56
    [createtime] => 2016-12-26 13:53:19
)
6
66
Array
(
    [id] => 302
    [book_id] => 2014060
    [book_title] => 贴身极品狂医
    [author_name] => 醉卧秋霜
    [word_count] => 577405
    [chapter_count] => 217
    [channel_id] => 0
    [statistics_year] => 2016
    [statistics_month] => 12
    [total_income] => 103
    [give_income] => 0
    [income] => 103
    [buckle_income] => 39
    [createtime] => 2016-12-26 13:50:57
)
661
6611
Array
(
    [sum_total_income] => 103
    [sum_give_income] => 0
    [sum_income] => 103
    [sum_buckle_income] => 46
)
result=1
7
8
9
book_id=2014210
2
3
4
5
Array
(
    [total_income] => 405
    [income] => 405
    [give_income] => 0
    [buckle_income] => 138
    [buckle_coefficient] => 0.66
)
Array
(
    [book_id] => 2014210
    [book_title] => 金丝雀
    [author_name] => 猫瞳予
    [word_count] => 337236
    [chapter_count] => 110
    [channel_id] => 0
    [statistics_day] => 2016-12-18
    [total_income] => 405
    [give_income] => 0
    [income] => 405
    [buckle_income] => 138
    [buckle_coefficient] => 0.66
    [createtime] => 2016-12-26 13:53:19
)
6
66
Array
(
    [id] => 303
    [book_id] => 2014210
    [book_title] => 金丝雀
    [author_name] => 猫瞳予
    [word_count] => 337236
    [chapter_count] => 110
    [channel_id] => 0
    [statistics_year] => 2016
    [statistics_month] => 12
    [total_income] => 405
    [give_income] => 0
    [income] => 405
    [buckle_income] => 158
    [createtime] => 2016-12-26 13:50:57
)
661
6611
Array
(
    [sum_total_income] => 405
    [sum_give_income] => 0
    [sum_income] => 405
    [sum_buckle_income] => 138
)
result=1
7
8
9
book_id=2015088
2
3
4
5
Array
(
    [total_income] => 21526
    [income] => 20696
    [give_income] => 830
    [buckle_income] => 7535
    [buckle_coefficient] => 0.65
)
Array
(
    [book_id] => 2015088
    [book_title] => 蜜桃成熟时
    [author_name] => 2牛哥
    [word_count] => 772770
    [chapter_count] => 274
    [channel_id] => 0
    [statistics_day] => 2016-12-18
    [total_income] => 21526
    [give_income] => 830
    [income] => 20696
    [buckle_income] => 7535
    [buckle_coefficient] => 0.65
    [createtime] => 2016-12-26 13:53:20
)
6
66
Array
(
    [id] => 304
    [book_id] => 2015088
    [book_title] => 蜜桃成熟时
    [author_name] => 2牛哥
    [word_count] => 772770
    [chapter_count] => 274
    [channel_id] => 0
    [statistics_year] => 2016
    [statistics_month] => 12
    [total_income] => 21526
    [give_income] => 830
    [income] => 20696
    [buckle_income] => 9041
    [createtime] => 2016-12-26 13:50:57
)
661
6611
Array
(
    [sum_total_income] => 21526
    [sum_give_income] => 830
    [sum_income] => 20696
    [sum_buckle_income] => 7535
)
result=1
7
8
9
book_id=2015095
2
3
4
5
Array
(
    [total_income] => 115031
    [income] => 98321
    [give_income] => 16710
    [buckle_income] => 49464
    [buckle_coefficient] => 0.57
)
Array
(
    [book_id] => 2015095
    [book_title] => 活色生香
    [author_name] => 我爱吃葡萄
    [word_count] => 806882
    [chapter_count] => 271
    [channel_id] => 0
    [statistics_day] => 2016-12-18
    [total_income] => 115031
    [give_income] => 16710
    [income] => 98321
    [buckle_income] => 49464
    [buckle_coefficient] => 0.57
    [createtime] => 2016-12-26 13:53:20
)
6
66
Array
(
    [id] => 305
    [book_id] => 2015095
    [book_title] => 活色生香
    [author_name] => 我爱吃葡萄
    [word_count] => 806882
    [chapter_count] => 271
    [channel_id] => 0
    [statistics_year] => 2016
    [statistics_month] => 12
    [total_income] => 115031
    [give_income] => 16710
    [income] => 98321
    [buckle_income] => 49464
    [createtime] => 2016-12-26 13:50:58
)
661
6611
Array
(
    [sum_total_income] => 115031
    [sum_give_income] => 16710
    [sum_income] => 98321
    [sum_buckle_income] => 49464
)
result=1
7
8
9
book_id=2015643
2
3
4
5
Array
(
    [total_income] => 2031
    [income] => 1703
    [give_income] => 328
    [buckle_income] => 854
    [buckle_coefficient] => 0.58
)
Array
(
    [book_id] => 2015643
    [book_title] => 鬼妻出棺
    [author_name] => 红黄蓝绿青紫
    [word_count] => 245173
    [chapter_count] => 78
    [channel_id] => 0
    [statistics_day] => 2016-12-18
    [total_income] => 2031
    [give_income] => 328
    [income] => 1703
    [buckle_income] => 854
    [buckle_coefficient] => 0.58
    [createtime] => 2016-12-26 13:53:20
)
6
66
Array
(
    [id] => 306
    [book_id] => 2015643
    [book_title] => 鬼妻出棺
    [author_name] => 红黄蓝绿青紫
    [word_count] => 245173
    [chapter_count] => 78
    [channel_id] => 0
    [statistics_year] => 2016
    [statistics_month] => 12
    [total_income] => 2031
    [give_income] => 328
    [income] => 1703
    [buckle_income] => 691
    [createtime] => 2016-12-26 13:50:58
)
661
6611
Array
(
    [sum_total_income] => 2031
    [sum_give_income] => 328
    [sum_income] => 1703
    [sum_buckle_income] => 854
)
result=1
7
8
9
book_id=2016694
2
3
4
5
Array
(
    [total_income] => 92797
    [income] => 73555
    [give_income] => 19242
    [buckle_income] => 31551
    [buckle_coefficient] => 0.66
)
Array
(
    [book_id] => 2016694
    [book_title] => 寡嫂
    [author_name] => 喝杯浓茶
    [word_count] => 482461
    [chapter_count] => 219
    [channel_id] => 0
    [statistics_day] => 2016-12-18
    [total_income] => 92797
    [give_income] => 19242
    [income] => 73555
    [buckle_income] => 31551
    [buckle_coefficient] => 0.66
    [createtime] => 2016-12-26 13:53:21
)
6
66
Array
(
    [id] => 307
    [book_id] => 2016694
    [book_title] => 寡嫂
    [author_name] => 喝杯浓茶
    [word_count] => 482461
    [chapter_count] => 219
    [channel_id] => 0
    [statistics_year] => 2016
    [statistics_month] => 12
    [total_income] => 92797
    [give_income] => 19242
    [income] => 73555
    [buckle_income] => 31551
    [createtime] => 2016-12-26 13:50:59
)
661
6611
Array
(
    [sum_total_income] => 92797
    [sum_give_income] => 19242
    [sum_income] => 73555
    [sum_buckle_income] => 31551
)
result=1
7
8
9
book_id=2016857
2
3
4
5
Array
(
    [total_income] => 450
    [income] => 450
    [give_income] => 0
    [buckle_income] => 203
    [buckle_coefficient] => 0.55
)
Array
(
    [book_id] => 2016857
    [book_title] => 邪性鬼夫夜夜撩
    [author_name] => 小肉糕
    [word_count] => 85292
    [chapter_count] => 40
    [channel_id] => 0
    [statistics_day] => 2016-12-18
    [total_income] => 450
    [give_income] => 0
    [income] => 450
    [buckle_income] => 203
    [buckle_coefficient] => 0.55
    [createtime] => 2016-12-26 13:53:21
)
6
66
Array
(
    [id] => 308
    [book_id] => 2016857
    [book_title] => 邪性鬼夫夜夜撩
    [author_name] => 小肉糕
    [word_count] => 85292
    [chapter_count] => 40
    [channel_id] => 0
    [statistics_year] => 2016
    [statistics_month] => 12
    [total_income] => 450
    [give_income] => 0
    [income] => 450
    [buckle_income] => 153
    [createtime] => 2016-12-26 13:50:59
)
661
6611
Array
(
    [sum_total_income] => 450
    [sum_give_income] => 0
    [sum_income] => 450
    [sum_buckle_income] => 203
)
result=1
7
8
9
book_id=2017153
2
3
4
5
Array
(
    [total_income] => 79
    [income] => 79
    [give_income] => 0
    [buckle_income] => 36
    [buckle_coefficient] => 0.55
)
Array
(
    [book_id] => 2017153
    [book_title] => 欲血青春
    [author_name] => 隐桑
    [word_count] => 97986
    [chapter_count] => 46
    [channel_id] => 0
    [statistics_day] => 2016-12-18
    [total_income] => 79
    [give_income] => 0
    [income] => 79
    [buckle_income] => 36
    [buckle_coefficient] => 0.55
    [createtime] => 2016-12-26 13:53:22
)
6
66
Array
(
    [id] => 309
    [book_id] => 2017153
    [book_title] => 欲血青春
    [author_name] => 隐桑
    [word_count] => 97986
    [chapter_count] => 46
    [channel_id] => 0
    [statistics_year] => 2016
    [statistics_month] => 12
    [total_income] => 79
    [give_income] => 0
    [income] => 79
    [buckle_income] => 36
    [createtime] => 2016-12-26 13:50:59
)
661
6611
Array
(
    [sum_total_income] => 79
    [sum_give_income] => 0
    [sum_income] => 79
    [sum_buckle_income] => 36
)
result=1
7
8
9
book_id=2017302
2
3
4
5
Array
(
    [total_income] => 81625
    [income] => 76721
    [give_income] => 4904
    [buckle_income] => 31018
    [buckle_coefficient] => 0.62
)
Array
(
    [book_id] => 2017302
    [book_title] => 一枝红杏
    [author_name] => 云熙堂
    [word_count] => 777000
    [chapter_count] => 243
    [channel_id] => 0
    [statistics_day] => 2016-12-18
    [total_income] => 81625
    [give_income] => 4904
    [income] => 76721
    [buckle_income] => 31018
    [buckle_coefficient] => 0.62
    [createtime] => 2016-12-26 13:53:22
)
6
66
Array
(
    [id] => 310
    [book_id] => 2017302
    [book_title] => 一枝红杏
    [author_name] => 云熙堂
    [word_count] => 777000
    [chapter_count] => 243
    [channel_id] => 0
    [statistics_year] => 2016
    [statistics_month] => 12
    [total_income] => 81625
    [give_income] => 4904
    [income] => 76721
    [buckle_income] => 31834
    [createtime] => 2016-12-26 13:51:00
)
661
6611
Array
(
    [sum_total_income] => 81625
    [sum_give_income] => 4904
    [sum_income] => 76721
    [sum_buckle_income] => 31018
)
result=1
7
8
9
book_id=2018014
2
3
4
5
Array
(
    [total_income] => 10
    [income] => 10
    [give_income] => 0
    [buckle_income] => 10
    [buckle_coefficient] => 
)
Array
(
    [book_id] => 2018014
    [book_title] => 鬼夫缠身：妖灵新娘
    [author_name] => 等疯来
    [word_count] => 86565
    [chapter_count] => 40
    [channel_id] => 0
    [statistics_day] => 2016-12-18
    [total_income] => 10
    [give_income] => 0
    [income] => 10
    [buckle_income] => 10
    [buckle_coefficient] => 
    [createtime] => 2016-12-26 13:53:22
)
6
66
Array
(
    [id] => 311
    [book_id] => 2018014
    [book_title] => 鬼夫缠身：妖灵新娘
    [author_name] => 等疯来
    [word_count] => 86565
    [chapter_count] => 40
    [channel_id] => 0
    [statistics_year] => 2016
    [statistics_month] => 12
    [total_income] => 10
    [give_income] => 0
    [income] => 10
    [buckle_income] => 10
    [createtime] => 2016-12-26 13:51:00
)
661
6611
Array
(
    [sum_total_income] => 10
    [sum_give_income] => 0
    [sum_income] => 10
    [sum_buckle_income] => 10
)
result=1
7
8
9
book_id=2018291
2
3
4
5
Array
(
    [total_income] => 15205
    [income] => 13600
    [give_income] => 1605
    [buckle_income] => 5930
    [buckle_coefficient] => 0.61
)
Array
(
    [book_id] => 2018291
    [book_title] => 我的直播女友
    [author_name] => 欢阅读
    [word_count] => 553139
    [chapter_count] => 182
    [channel_id] => 0
    [statistics_day] => 2016-12-18
    [total_income] => 15205
    [give_income] => 1605
    [income] => 13600
    [buckle_income] => 5930
    [buckle_coefficient] => 0.61
    [createtime] => 2016-12-26 13:53:23
)
6
66
Array
(
    [id] => 312
    [book_id] => 2018291
    [book_title] => 我的直播女友
    [author_name] => 欢阅读
    [word_count] => 553139
    [chapter_count] => 182
    [channel_id] => 0
    [statistics_year] => 2016
    [statistics_month] => 12
    [total_income] => 15205
    [give_income] => 1605
    [income] => 13600
    [buckle_income] => 6082
    [createtime] => 2016-12-26 13:51:00
)
661
6611
Array
(
    [sum_total_income] => 15205
    [sum_give_income] => 1605
    [sum_income] => 13600
    [sum_buckle_income] => 5930
)
result=1
7
8
9
book_id=2018330
2
3
4
5
Array
(
    [total_income] => 291
    [income] => 291
    [give_income] => 0
    [buckle_income] => 105
    [buckle_coefficient] => 0.64
)
Array
(
    [book_id] => 2018330
    [book_title] => 色即是空
    [author_name] => 欢阅读
    [word_count] => 473367
    [chapter_count] => 152
    [channel_id] => 0
    [statistics_day] => 2016-12-18
    [total_income] => 291
    [give_income] => 0
    [income] => 291
    [buckle_income] => 105
    [buckle_coefficient] => 0.64
    [createtime] => 2016-12-26 13:53:23
)
6
66
Array
(
    [id] => 313
    [book_id] => 2018330
    [book_title] => 色即是空
    [author_name] => 欢阅读
    [word_count] => 473367
    [chapter_count] => 152
    [channel_id] => 0
    [statistics_year] => 2016
    [statistics_month] => 12
    [total_income] => 291
    [give_income] => 0
    [income] => 291
    [buckle_income] => 120
    [createtime] => 2016-12-26 13:51:00
)
661
6611
Array
(
    [sum_total_income] => 291
    [sum_give_income] => 0
    [sum_income] => 291
    [sum_buckle_income] => 105
)
result=1
7
8
9
book_id=2018353
2
3
4
5
Array
(
    [total_income] => 44
    [income] => 44
    [give_income] => 0
    [buckle_income] => 18
    [buckle_coefficient] => 0.61
)
Array
(
    [book_id] => 2018353
    [book_title] => 12路公交
    [author_name] => 欢阅读
    [word_count] => 86876
    [chapter_count] => 36
    [channel_id] => 0
    [statistics_day] => 2016-12-18
    [total_income] => 44
    [give_income] => 0
    [income] => 44
    [buckle_income] => 18
    [buckle_coefficient] => 0.61
    [createtime] => 2016-12-26 13:53:23
)
6
66
Array
(
    [id] => 314
    [book_id] => 2018353
    [book_title] => 12路公交
    [author_name] => 欢阅读
    [word_count] => 86876
    [chapter_count] => 36
    [channel_id] => 0
    [statistics_year] => 2016
    [statistics_month] => 12
    [total_income] => 44
    [give_income] => 0
    [income] => 44
    [buckle_income] => 16
    [createtime] => 2016-12-26 13:51:00
)
661
6611
Array
(
    [sum_total_income] => 44
    [sum_give_income] => 0
    [sum_income] => 44
    [sum_buckle_income] => 18
)
result=1
7
8
9
book_id=2018356
2
3
4
5
Array
(
    [total_income] => 204
    [income] => 204
    [give_income] => 0
    [buckle_income] => 88
    [buckle_coefficient] => 0.57
)
Array
(
    [book_id] => 2018356
    [book_title] => 多余的青春
    [author_name] => 欢阅读
    [word_count] => 319325
    [chapter_count] => 143
    [channel_id] => 0
    [statistics_day] => 2016-12-18
    [total_income] => 204
    [give_income] => 0
    [income] => 204
    [buckle_income] => 88
    [buckle_coefficient] => 0.57
    [createtime] => 2016-12-26 13:53:23
)
6
66
Array
(
    [id] => 315
    [book_id] => 2018356
    [book_title] => 多余的青春
    [author_name] => 欢阅读
    [word_count] => 319325
    [chapter_count] => 143
    [channel_id] => 0
    [statistics_year] => 2016
    [statistics_month] => 12
    [total_income] => 204
    [give_income] => 0
    [income] => 204
    [buckle_income] => 80
    [createtime] => 2016-12-26 13:51:00
)
661
6611
Array
(
    [sum_total_income] => 204
    [sum_give_income] => 0
    [sum_income] => 204
    [sum_buckle_income] => 88
)
result=1
7
8
9
book_id=2018365
2
3
4
5
Array
(
    [total_income] => 46
    [income] => 46
    [give_income] => 0
    [buckle_income] => 18
    [buckle_coefficient] => 0.61
)
Array
(
    [book_id] => 2018365
    [book_title] => 国色天枭
    [author_name] => 欢阅读
    [word_count] => 420113
    [chapter_count] => 137
    [channel_id] => 0
    [statistics_day] => 2016-12-18
    [total_income] => 46
    [give_income] => 0
    [income] => 46
    [buckle_income] => 18
    [buckle_coefficient] => 0.61
    [createtime] => 2016-12-26 13:53:23
)
6
66
Array
(
    [id] => 316
    [book_id] => 2018365
    [book_title] => 国色天枭
    [author_name] => 欢阅读
    [word_count] => 420113
    [chapter_count] => 137
    [channel_id] => 0
    [statistics_year] => 2016
    [statistics_month] => 12
    [total_income] => 46
    [give_income] => 0
    [income] => 46
    [buckle_income] => 18
    [createtime] => 2016-12-26 13:51:00
)
661
6611
Array
(
    [sum_total_income] => 46
    [sum_give_income] => 0
    [sum_income] => 46
    [sum_buckle_income] => 18
)
result=1
7
8
9
book_id=2018367
2
3
4
5
Array
(
    [total_income] => 30
    [income] => 30
    [give_income] => 0
    [buckle_income] => 12
    [buckle_coefficient] => 0.6
)
Array
(
    [book_id] => 2018367
    [book_title] => 高跟鞋
    [author_name] => 欢阅读
    [word_count] => 567021
    [chapter_count] => 190
    [channel_id] => 0
    [statistics_day] => 2016-12-18
    [total_income] => 30
    [give_income] => 0
    [income] => 30
    [buckle_income] => 12
    [buckle_coefficient] => 0.6
    [createtime] => 2016-12-26 13:53:23
)
6
66
Array
(
    [id] => 317
    [book_id] => 2018367
    [book_title] => 高跟鞋
    [author_name] => 欢阅读
    [word_count] => 567021
    [chapter_count] => 190
    [channel_id] => 0
    [statistics_year] => 2016
    [statistics_month] => 12
    [total_income] => 30
    [give_income] => 0
    [income] => 30
    [buckle_income] => 11
    [createtime] => 2016-12-26 13:51:00
)
661
6611
Array
(
    [sum_total_income] => 30
    [sum_give_income] => 0
    [sum_income] => 30
    [sum_buckle_income] => 12
)
result=1
7
8
9
book_id=2018368
2
3
4
5
Array
(
    [total_income] => 8
    [income] => 8
    [give_income] => 0
    [buckle_income] => 8
    [buckle_coefficient] => 
)
Array
(
    [book_id] => 2018368
    [book_title] => 前妻归来
    [author_name] => 南国姑娘
    [word_count] => 33687
    [chapter_count] => 21
    [channel_id] => 0
    [statistics_day] => 2016-12-18
    [total_income] => 8
    [give_income] => 0
    [income] => 8
    [buckle_income] => 8
    [buckle_coefficient] => 
    [createtime] => 2016-12-26 13:53:23
)
6
66
Array
(
    [id] => 318
    [book_id] => 2018368
    [book_title] => 前妻归来
    [author_name] => 南国姑娘
    [word_count] => 33687
    [chapter_count] => 21
    [channel_id] => 0
    [statistics_year] => 2016
    [statistics_month] => 12
    [total_income] => 8
    [give_income] => 0
    [income] => 8
    [buckle_income] => 8
    [createtime] => 2016-12-26 13:51:00
)
661
6611
Array
(
    [sum_total_income] => 8
    [sum_give_income] => 0
    [sum_income] => 8
    [sum_buckle_income] => 8
)
result=1
7
8
9
book_id=2018369
2
3
4
5
Array
(
    [total_income] => 625
    [income] => 319
    [give_income] => 306
    [buckle_income] => 213
    [buckle_coefficient] => 0.66
)
Array
(
    [book_id] => 2018369
    [book_title] => 男人不能哭
    [author_name] => 欢阅读
    [word_count] => 208989
    [chapter_count] => 78
    [channel_id] => 0
    [statistics_day] => 2016-12-18
    [total_income] => 625
    [give_income] => 306
    [income] => 319
    [buckle_income] => 213
    [buckle_coefficient] => 0.66
    [createtime] => 2016-12-26 13:53:23
)
6
66
Array
(
    [id] => 319
    [book_id] => 2018369
    [book_title] => 男人不能哭
    [author_name] => 欢阅读
    [word_count] => 208989
    [chapter_count] => 78
    [channel_id] => 0
    [statistics_year] => 2016
    [statistics_month] => 12
    [total_income] => 625
    [give_income] => 306
    [income] => 319
    [buckle_income] => 225
    [createtime] => 2016-12-26 13:51:00
)
661
6611
Array
(
    [sum_total_income] => 625
    [sum_give_income] => 306
    [sum_income] => 319
    [sum_buckle_income] => 213
)
result=1
7
8
9
book_id=2018371
2
3
4
5
Array
(
    [total_income] => 26
    [income] => 26
    [give_income] => 0
    [buckle_income] => 11
    [buckle_coefficient] => 0.59
)
Array
(
    [book_id] => 2018371
    [book_title] => 佳人有约
    [author_name] => 欢阅读
    [word_count] => 133446
    [chapter_count] => 47
    [channel_id] => 0
    [statistics_day] => 2016-12-18
    [total_income] => 26
    [give_income] => 0
    [income] => 26
    [buckle_income] => 11
    [buckle_coefficient] => 0.59
    [createtime] => 2016-12-26 13:53:23
)
6
66
Array
(
    [id] => 320
    [book_id] => 2018371
    [book_title] => 佳人有约
    [author_name] => 欢阅读
    [word_count] => 133446
    [chapter_count] => 47
    [channel_id] => 0
    [statistics_year] => 2016
    [statistics_month] => 12
    [total_income] => 26
    [give_income] => 0
    [income] => 26
    [buckle_income] => 12
    [createtime] => 2016-12-26 13:51:01
)
661
6611
Array
(
    [sum_total_income] => 26
    [sum_give_income] => 0
    [sum_income] => 26
    [sum_buckle_income] => 11
)
result=1
7
8
9
book_id=2018374
2
3
4
5
Array
(
    [total_income] => 55
    [income] => 55
    [give_income] => 0
    [buckle_income] => 25
    [buckle_coefficient] => 0.56
)
Array
(
    [book_id] => 2018374
    [book_title] => （欢）我的青春期
    [author_name] => 欢阅读
    [word_count] => 483603
    [chapter_count] => 151
    [channel_id] => 0
    [statistics_day] => 2016-12-18
    [total_income] => 55
    [give_income] => 0
    [income] => 55
    [buckle_income] => 25
    [buckle_coefficient] => 0.56
    [createtime] => 2016-12-26 13:53:23
)
6
66
Array
(
    [id] => 321
    [book_id] => 2018374
    [book_title] => （欢）我的青春期
    [author_name] => 欢阅读
    [word_count] => 483603
    [chapter_count] => 151
    [channel_id] => 0
    [statistics_year] => 2016
    [statistics_month] => 12
    [total_income] => 55
    [give_income] => 0
    [income] => 55
    [buckle_income] => 20
    [createtime] => 2016-12-26 13:51:01
)
661
6611
Array
(
    [sum_total_income] => 55
    [sum_give_income] => 0
    [sum_income] => 55
    [sum_buckle_income] => 25
)
result=1
7
8
9
book_id=2018428
2
3
4
5
Array
(
    [total_income] => 292
    [income] => 292
    [give_income] => 0
    [buckle_income] => 103
    [buckle_coefficient] => 0.65
)
Array
(
    [book_id] => 2018428
    [book_title] => 迷你裙
    [author_name] => 欢阅读
    [word_count] => 280027
    [chapter_count] => 126
    [channel_id] => 0
    [statistics_day] => 2016-12-18
    [total_income] => 292
    [give_income] => 0
    [income] => 292
    [buckle_income] => 103
    [buckle_coefficient] => 0.65
    [createtime] => 2016-12-26 13:53:23
)
6
66
Array
(
    [id] => 322
    [book_id] => 2018428
    [book_title] => 迷你裙
    [author_name] => 欢阅读
    [word_count] => 280027
    [chapter_count] => 126
    [channel_id] => 0
    [statistics_year] => 2016
    [statistics_month] => 12
    [total_income] => 292
    [give_income] => 0
    [income] => 292
    [buckle_income] => 100
    [createtime] => 2016-12-26 13:51:01
)
661
6611
Array
(
    [sum_total_income] => 292
    [sum_give_income] => 0
    [sum_income] => 292
    [sum_buckle_income] => 103
)
result=1
7
8
9
book_id=2018430
2
3
4
5
Array
(
    [total_income] => 75
    [income] => 30
    [give_income] => 45
    [buckle_income] => 27
    [buckle_coefficient] => 0.65
)
Array
(
    [book_id] => 2018430
    [book_title] => （欢）午夜快递员
    [author_name] => 欢阅读
    [word_count] => 447893
    [chapter_count] => 148
    [channel_id] => 0
    [statistics_day] => 2016-12-18
    [total_income] => 75
    [give_income] => 45
    [income] => 30
    [buckle_income] => 27
    [buckle_coefficient] => 0.65
    [createtime] => 2016-12-26 13:53:23
)
6
66
Array
(
    [id] => 323
    [book_id] => 2018430
    [book_title] => （欢）午夜快递员
    [author_name] => 欢阅读
    [word_count] => 447893
    [chapter_count] => 148
    [channel_id] => 0
    [statistics_year] => 2016
    [statistics_month] => 12
    [total_income] => 75
    [give_income] => 45
    [income] => 30
    [buckle_income] => 32
    [createtime] => 2016-12-26 13:51:01
)
661
6611
Array
(
    [sum_total_income] => 75
    [sum_give_income] => 45
    [sum_income] => 30
    [sum_buckle_income] => 27
)
result=1
7
8
9
book_id=2018468
2
3
4
5
Array
(
    [total_income] => 360
    [income] => 360
    [give_income] => 0
    [buckle_income] => 137
    [buckle_coefficient] => 0.62
)
Array
(
    [book_id] => 2018468
    [book_title] => （欢）青春之殇
    [author_name] => 欢阅读
    [word_count] => 280551
    [chapter_count] => 123
    [channel_id] => 0
    [statistics_day] => 2016-12-18
    [total_income] => 360
    [give_income] => 0
    [income] => 360
    [buckle_income] => 137
    [buckle_coefficient] => 0.62
    [createtime] => 2016-12-26 13:53:23
)
6
66
Array
(
    [id] => 324
    [book_id] => 2018468
    [book_title] => （欢）青春之殇
    [author_name] => 欢阅读
    [word_count] => 280551
    [chapter_count] => 123
    [channel_id] => 0
    [statistics_year] => 2016
    [statistics_month] => 12
    [total_income] => 360
    [give_income] => 0
    [income] => 360
    [buckle_income] => 134
    [createtime] => 2016-12-26 13:51:01
)
661
6611
Array
(
    [sum_total_income] => 360
    [sum_give_income] => 0
    [sum_income] => 360
    [sum_buckle_income] => 137
)
result=1
7
8
9
book_id=2018470
2
3
4
5
Array
(
    [total_income] => 695
    [income] => 695
    [give_income] => 0
    [buckle_income] => 299
    [buckle_coefficient] => 0.57
)
Array
(
    [book_id] => 2018470
    [book_title] => （欢）色戒
    [author_name] => 欢阅读
    [word_count] => 545788
    [chapter_count] => 180
    [channel_id] => 0
    [statistics_day] => 2016-12-18
    [total_income] => 695
    [give_income] => 0
    [income] => 695
    [buckle_income] => 299
    [buckle_coefficient] => 0.57
    [createtime] => 2016-12-26 13:53:23
)
6
66
Array
(
    [id] => 325
    [book_id] => 2018470
    [book_title] => （欢）色戒
    [author_name] => 欢阅读
    [word_count] => 545788
    [chapter_count] => 180
    [channel_id] => 0
    [statistics_year] => 2016
    [statistics_month] => 12
    [total_income] => 695
    [give_income] => 0
    [income] => 695
    [buckle_income] => 306
    [createtime] => 2016-12-26 13:51:01
)
661
6611
Array
(
    [sum_total_income] => 695
    [sum_give_income] => 0
    [sum_income] => 695
    [sum_buckle_income] => 299
)
result=1
7
8
9
book_id=2018540
2
3
4
5
Array
(
    [total_income] => 1039
    [income] => 843
    [give_income] => 196
    [buckle_income] => 437
    [buckle_coefficient] => 0.58
)
Array
(
    [book_id] => 2018540
    [book_title] => 夜色玫瑰
    [author_name] => 阅明
    [word_count] => 401476
    [chapter_count] => 190
    [channel_id] => 0
    [statistics_day] => 2016-12-18
    [total_income] => 1039
    [give_income] => 196
    [income] => 843
    [buckle_income] => 437
    [buckle_coefficient] => 0.58
    [createtime] => 2016-12-26 13:53:23
)
6
66
Array
(
    [id] => 326
    [book_id] => 2018540
    [book_title] => 夜色玫瑰
    [author_name] => 阅明
    [word_count] => 401476
    [chapter_count] => 190
    [channel_id] => 0
    [statistics_year] => 2016
    [statistics_month] => 12
    [total_income] => 1039
    [give_income] => 196
    [income] => 843
    [buckle_income] => 437
    [createtime] => 2016-12-26 13:51:01
)
661
6611
Array
(
    [sum_total_income] => 1039
    [sum_give_income] => 196
    [sum_income] => 843
    [sum_buckle_income] => 437
)
result=1
7
8
9
book_id=2018785
2
3
4
5
Array
(
    [total_income] => 7039
    [income] => 6853
    [give_income] => 186
    [buckle_income] => 2675
    [buckle_coefficient] => 0.62
)
Array
(
    [book_id] => 2018785
    [book_title] => 水鬼的新娘
    [author_name] => 红包女王
    [word_count] => 414863
    [chapter_count] => 117
    [channel_id] => 0
    [statistics_day] => 2016-12-18
    [total_income] => 7039
    [give_income] => 186
    [income] => 6853
    [buckle_income] => 2675
    [buckle_coefficient] => 0.62
    [createtime] => 2016-12-26 13:53:23
)
6
66
Array
(
    [id] => 327
    [book_id] => 2018785
    [book_title] => 水鬼的新娘
    [author_name] => 红包女王
    [word_count] => 414863
    [chapter_count] => 117
    [channel_id] => 0
    [statistics_year] => 2016
    [statistics_month] => 12
    [total_income] => 7039
    [give_income] => 186
    [income] => 6853
    [buckle_income] => 2464
    [createtime] => 2016-12-26 13:51:01
)
661
6611
Array
(
    [sum_total_income] => 7039
    [sum_give_income] => 186
    [sum_income] => 6853
    [sum_buckle_income] => 2675
)
result=1
7
8
9
end 13
channel_id=11049085
book=4
i=0
1
book_id=2017192
2
3
4
5
Array
(
    [total_income] => 40
    [income] => 40
    [give_income] => 0
    [buckle_income] => 14
    [buckle_coefficient] => 0.66
)
Array
(
    [book_id] => 2017192
    [book_title] => 逆青春
    [author_name] => 酷帅流弊
    [word_count] => 604409
    [chapter_count] => 274
    [channel_id] => 11049085
    [statistics_day] => 2016-12-18
    [total_income] => 40
    [give_income] => 0
    [income] => 40
    [buckle_income] => 14
    [buckle_coefficient] => 0.66
    [createtime] => 2016-12-26 13:55:51
)
6
66
Array
(
    [id] => 5
    [book_id] => 2017192
    [book_title] => 逆青春
    [author_name] => 酷帅流弊
    [word_count] => 604409
    [chapter_count] => 274
    [channel_id] => 11049085
    [statistics_year] => 2016
    [statistics_month] => 12
    [total_income] => 40
    [give_income] => 0
    [income] => 40
    [buckle_income] => 18
    [createtime] => 2016-12-26 13:52:06
)
661
6611
Array
(
    [sum_total_income] => 40
    [sum_give_income] => 0
    [sum_income] => 40
    [sum_buckle_income] => 14
)
result=1
7
8
9
book_id=2017198
2
3
4
5
Array
(
    [total_income] => 41319
    [income] => 37931
    [give_income] => 3388
    [buckle_income] => 18594
    [buckle_coefficient] => 0.55
)
Array
(
    [book_id] => 2017198
    [book_title] => 阴婚鬼嫁
    [author_name] => 子不语
    [word_count] => 748614
    [chapter_count] => 238
    [channel_id] => 11049085
    [statistics_day] => 2016-12-18
    [total_income] => 41319
    [give_income] => 3388
    [income] => 37931
    [buckle_income] => 18594
    [buckle_coefficient] => 0.55
    [createtime] => 2016-12-26 13:55:51
)
6
66
Array
(
    [id] => 6
    [book_id] => 2017198
    [book_title] => 阴婚鬼嫁
    [author_name] => 子不语
    [word_count] => 748614
    [chapter_count] => 238
    [channel_id] => 11049085
    [statistics_year] => 2016
    [statistics_month] => 12
    [total_income] => 221253
    [give_income] => 18282
    [income] => 202971
    [buckle_income] => 85926
    [createtime] => 2016-12-26 13:52:06
)
661
6611
Array
(
    [sum_total_income] => 221253
    [sum_give_income] => 18282
    [sum_income] => 202971
    [sum_buckle_income] => 89231
)
result=1
7
8
9
book_id=2017207
2
3
4
5
Array
(
    [total_income] => 9158
    [income] => 7979
    [give_income] => 1179
    [buckle_income] => 3664
    [buckle_coefficient] => 0.6
)
Array
(
    [book_id] => 2017207
    [book_title] => 第一次亲密接触
    [author_name] => 夜宁阳本尊
    [word_count] => 1018573
    [chapter_count] => 461
    [channel_id] => 11049085
    [statistics_day] => 2016-12-18
    [total_income] => 9158
    [give_income] => 1179
    [income] => 7979
    [buckle_income] => 3664
    [buckle_coefficient] => 0.6
    [createtime] => 2016-12-26 13:55:51
)
6
66
Array
(
    [id] => 7
    [book_id] => 2017207
    [book_title] => 第一次亲密接触
    [author_name] => 夜宁阳本尊
    [word_count] => 1018573
    [chapter_count] => 461
    [channel_id] => 11049085
    [statistics_year] => 2016
    [statistics_month] => 12
    [total_income] => 9158
    [give_income] => 1179
    [income] => 7979
    [buckle_income] => 3572
    [createtime] => 2016-12-26 13:52:06
)
661
6611
Array
(
    [sum_total_income] => 9158
    [sum_give_income] => 1179
    [sum_income] => 7979
    [sum_buckle_income] => 3664
)
result=1
7
8
9
book_id=2017212
2
3
4
5
Array
(
    [total_income] => 22462
    [income] => 20764
    [give_income] => 1698
    [buckle_income] => 9210
    [buckle_coefficient] => 0.59
)
Array
(
    [book_id] => 2017212
    [book_title] => 夜色盛宴
    [author_name] => 小猪崽子
    [word_count] => 1959528
    [chapter_count] => 1066
    [channel_id] => 11049085
    [statistics_day] => 2016-12-18
    [total_income] => 22462
    [give_income] => 1698
    [income] => 20764
    [buckle_income] => 9210
    [buckle_coefficient] => 0.59
    [createtime] => 2016-12-26 13:55:52
)
6
66
Array
(
    [id] => 8
    [book_id] => 2017212
    [book_title] => 夜色盛宴
    [author_name] => 小猪崽子
    [word_count] => 1959528
    [chapter_count] => 1066
    [channel_id] => 11049085
    [statistics_year] => 2016
    [statistics_month] => 12
    [total_income] => 22462
    [give_income] => 1698
    [income] => 20764
    [buckle_income] => 7638
    [createtime] => 2016-12-26 13:52:07
)
661
6611
Array
(
    [sum_total_income] => 22462
    [sum_give_income] => 1698
    [sum_income] => 20764
    [sum_buckle_income] => 9210
)
result=1
7
8
9
channel_id=11259135
book=1
i=1
1
book_id=2018925
2
3
4
5
Array
(
    [total_income] => 149
    [income] => 149
    [give_income] => 0
    [buckle_income] => 59
    [buckle_coefficient] => 0.61
)
Array
(
    [book_id] => 2018925
    [book_title] => 那些年，我爱过的女人
    [author_name] => 马小虎
    [word_count] => 1249727
    [chapter_count] => 630
    [channel_id] => 11259135
    [statistics_day] => 2016-12-18
    [total_income] => 149
    [give_income] => 0
    [income] => 149
    [buckle_income] => 59
    [buckle_coefficient] => 0.61
    [createtime] => 2016-12-26 13:55:53
)
6
66
Array
(
    [id] => 9
    [book_id] => 2018925
    [book_title] => 那些年，我爱过的女人
    [author_name] => 马小虎
    [word_count] => 1249727
    [chapter_count] => 630
    [channel_id] => 11259135
    [statistics_year] => 2016
    [statistics_month] => 12
    [total_income] => 149
    [give_income] => 0
    [income] => 149
    [buckle_income] => 63
    [createtime] => 2016-12-26 13:52:08
)
661
6611
Array
(
    [sum_total_income] => 149
    [sum_give_income] => 0
    [sum_income] => 149
    [sum_buckle_income] => 59
)
result=1
7
8
9
channel_id=20911280
book=1
i=2
1
book_id=2013565
2
3
4
5
Array
(
    [total_income] => 13031
    [income] => 11255
    [give_income] => 1776
    [buckle_income] => 4561
    [buckle_coefficient] => 0.65
)
Array
(
    [book_id] => 2013565
    [book_title] => 女神的兼职司机
    [author_name] => 独守一座空城
    [word_count] => 1154847
    [chapter_count] => 505
    [channel_id] => 20911280
    [statistics_day] => 2016-12-18
    [total_income] => 13031
    [give_income] => 1776
    [income] => 11255
    [buckle_income] => 4561
    [buckle_coefficient] => 0.65
    [createtime] => 2016-12-26 13:55:53
)
6
66
Array
(
    [id] => 10
    [book_id] => 2013565
    [book_title] => 女神的兼职司机
    [author_name] => 独守一座空城
    [word_count] => 1154847
    [chapter_count] => 505
    [channel_id] => 20911280
    [statistics_year] => 2016
    [statistics_month] => 12
    [total_income] => 13031
    [give_income] => 1776
    [income] => 11255
    [buckle_income] => 5083
    [createtime] => 2016-12-26 13:52:08
)
661
6611
Array
(
    [sum_total_income] => 13031
    [sum_give_income] => 1776
    [sum_income] => 11255
    [sum_buckle_income] => 4561
)
result=1
7
8
9
channel_id=21014082
book=0
i=3
channel_id=40932296
book=21
i=4
1
book_id=2011666
2
3
4
5
Array
(
    [total_income] => 32700
    [income] => 27942
    [give_income] => 4758
    [buckle_income] => 11445
    [buckle_coefficient] => 0.65
)
Array
(
    [book_id] => 2011666
    [book_title] => 我的贴身校花
    [author_name] => 带玉
    [word_count] => 16208217
    [chapter_count] => 6915
    [channel_id] => 40932296
    [statistics_day] => 2016-12-18
    [total_income] => 32700
    [give_income] => 4758
    [income] => 27942
    [buckle_income] => 11445
    [buckle_coefficient] => 0.65
    [createtime] => 2016-12-26 13:55:55
)
6
66
Array
(
    [id] => 11
    [book_id] => 2011666
    [book_title] => 我的贴身校花
    [author_name] => 带玉
    [word_count] => 16208217
    [chapter_count] => 6915
    [channel_id] => 40932296
    [statistics_year] => 2016
    [statistics_month] => 12
    [total_income] => 32700
    [give_income] => 4758
    [income] => 27942
    [buckle_income] => 12753
    [createtime] => 2016-12-26 13:52:10
)
661
6611
Array
(
    [sum_total_income] => 32700
    [sum_give_income] => 4758
    [sum_income] => 27942
    [sum_buckle_income] => 11445
)
result=1
7
8
9
book_id=2011675
2
3
4
5
Array
(
    [total_income] => 15820
    [income] => 13243
    [give_income] => 2577
    [buckle_income] => 5537
    [buckle_coefficient] => 0.65
)
Array
(
    [book_id] => 2011675
    [book_title] => 绝色总裁爱上我
    [author_name] => 耀阳祖师
    [word_count] => 7314932
    [chapter_count] => 3465
    [channel_id] => 40932296
    [statistics_day] => 2016-12-18
    [total_income] => 15820
    [give_income] => 2577
    [income] => 13243
    [buckle_income] => 5537
    [buckle_coefficient] => 0.65
    [createtime] => 2016-12-26 13:55:55
)
6
66
Array
(
    [id] => 12
    [book_id] => 2011675
    [book_title] => 绝色总裁爱上我
    [author_name] => 耀阳祖师
    [word_count] => 7314932
    [chapter_count] => 3465
    [channel_id] => 40932296
    [statistics_year] => 2016
    [statistics_month] => 12
    [total_income] => 15820
    [give_income] => 2577
    [income] => 13243
    [buckle_income] => 5537
    [createtime] => 2016-12-26 13:52:10
)
661
6611
Array
(
    [sum_total_income] => 15820
    [sum_give_income] => 2577
    [sum_income] => 13243
    [sum_buckle_income] => 5537
)
result=1
7
8
9
book_id=2011799
2
3
4
5
Array
(
    [total_income] => 270
    [income] => 259
    [give_income] => 11
    [buckle_income] => 106
    [buckle_coefficient] => 0.61
)
Array
(
    [book_id] => 2011799
    [book_title] => 湘西赶尸鬼事之造畜
    [author_name] => 凝眸七弦伤
    [word_count] => 2192239
    [chapter_count] => 816
    [channel_id] => 40932296
    [statistics_day] => 2016-12-18
    [total_income] => 270
    [give_income] => 11
    [income] => 259
    [buckle_income] => 106
    [buckle_coefficient] => 0.61
    [createtime] => 2016-12-26 13:55:55
)
6
66
Array
(
    [id] => 13
    [book_id] => 2011799
    [book_title] => 湘西赶尸鬼事之造畜
    [author_name] => 凝眸七弦伤
    [word_count] => 2192239
    [chapter_count] => 816
    [channel_id] => 40932296
    [statistics_year] => 2016
    [statistics_month] => 12
    [total_income] => 270
    [give_income] => 11
    [income] => 259
    [buckle_income] => 98
    [createtime] => 2016-12-26 13:52:10
)
661
6611
Array
(
    [sum_total_income] => 270
    [sum_give_income] => 11
    [sum_income] => 259
    [sum_buckle_income] => 106
)
result=1
7
8
9
book_id=2011813
2
3
4
5
Array
(
    [total_income] => 5626
    [income] => 5098
    [give_income] => 528
    [buckle_income] => 1913
    [buckle_coefficient] => 0.66
)
Array
(
    [book_id] => 2011813
    [book_title] => 重生之校园特种兵
    [author_name] => 大盗零零七
    [word_count] => 10655813
    [chapter_count] => 5161
    [channel_id] => 40932296
    [statistics_day] => 2016-12-18
    [total_income] => 5626
    [give_income] => 528
    [income] => 5098
    [buckle_income] => 1913
    [buckle_coefficient] => 0.66
    [createtime] => 2016-12-26 13:55:55
)
6
66
Array
(
    [id] => 14
    [book_id] => 2011813
    [book_title] => 重生之校园特种兵
    [author_name] => 大盗零零七
    [word_count] => 10655813
    [chapter_count] => 5161
    [channel_id] => 40932296
    [statistics_year] => 2016
    [statistics_month] => 12
    [total_income] => 5626
    [give_income] => 528
    [income] => 5098
    [buckle_income] => 2138
    [createtime] => 2016-12-26 13:52:10
)
661
6611
Array
(
    [sum_total_income] => 5626
    [sum_give_income] => 528
    [sum_income] => 5098
    [sum_buckle_income] => 1913
)
result=1
7
8
9
book_id=2011823
2
3
4
5
Array
(
    [total_income] => 4007
    [income] => 2977
    [give_income] => 1030
    [buckle_income] => 1804
    [buckle_coefficient] => 0.55
)
Array
(
    [book_id] => 2011823
    [book_title] => 捡个杀手做老婆
    [author_name] => 花刺1913
    [word_count] => 12099074
    [chapter_count] => 5754
    [channel_id] => 40932296
    [statistics_day] => 2016-12-18
    [total_income] => 4007
    [give_income] => 1030
    [income] => 2977
    [buckle_income] => 1804
    [buckle_coefficient] => 0.55
    [createtime] => 2016-12-26 13:55:55
)
6
66
Array
(
    [id] => 15
    [book_id] => 2011823
    [book_title] => 捡个杀手做老婆
    [author_name] => 花刺1913
    [word_count] => 12099074
    [chapter_count] => 5754
    [channel_id] => 40932296
    [statistics_year] => 2016
    [statistics_month] => 12
    [total_income] => 4007
    [give_income] => 1030
    [income] => 2977
    [buckle_income] => 1683
    [createtime] => 2016-12-26 13:52:10
)
661
6611
Array
(
    [sum_total_income] => 4007
    [sum_give_income] => 1030
    [sum_income] => 2977
    [sum_buckle_income] => 1804
)
result=1
7
8
9
book_id=2011831
2
3
4
5
Array
(
    [total_income] => 33809
    [income] => 31090
    [give_income] => 2719
    [buckle_income] => 13524
    [buckle_coefficient] => 0.6
)
Array
(
    [book_id] => 2011831
    [book_title] => 天才高手在都市
    [author_name] => 冷云邪神
    [word_count] => 8511654
    [chapter_count] => 4104
    [channel_id] => 40932296
    [statistics_day] => 2016-12-18
    [total_income] => 33809
    [give_income] => 2719
    [income] => 31090
    [buckle_income] => 13524
    [buckle_coefficient] => 0.6
    [createtime] => 2016-12-26 13:55:56
)
6
66
Array
(
    [id] => 16
    [book_id] => 2011831
    [book_title] => 天才高手在都市
    [author_name] => 冷云邪神
    [word_count] => 8511654
    [chapter_count] => 4104
    [channel_id] => 40932296
    [statistics_year] => 2016
    [statistics_month] => 12
    [total_income] => 33809
    [give_income] => 2719
    [income] => 31090
    [buckle_income] => 14876
    [createtime] => 2016-12-26 13:52:11
)
661
6611
Array
(
    [sum_total_income] => 33809
    [sum_give_income] => 2719
    [sum_income] => 31090
    [sum_buckle_income] => 13524
)
result=1
7
8
9
book_id=2011835
2
3
4
5
Array
(
    [total_income] => 5458
    [income] => 5133
    [give_income] => 325
    [buckle_income] => 1856
    [buckle_coefficient] => 0.66
)
Array
(
    [book_id] => 2011835
    [book_title] => 校园绝品狂徒
    [author_name] => 柳江南
    [word_count] => 4451710
    [chapter_count] => 2206
    [channel_id] => 40932296
    [statistics_day] => 2016-12-18
    [total_income] => 5458
    [give_income] => 325
    [income] => 5133
    [buckle_income] => 1856
    [buckle_coefficient] => 0.66
    [createtime] => 2016-12-26 13:55:56
)
6
66
Array
(
    [id] => 17
    [book_id] => 2011835
    [book_title] => 校园绝品狂徒
    [author_name] => 柳江南
    [word_count] => 4451710
    [chapter_count] => 2206
    [channel_id] => 40932296
    [statistics_year] => 2016
    [statistics_month] => 12
    [total_income] => 5458
    [give_income] => 325
    [income] => 5133
    [buckle_income] => 2238
    [createtime] => 2016-12-26 13:52:11
)
661
6611
Array
(
    [sum_total_income] => 5458
    [sum_give_income] => 325
    [sum_income] => 5133
    [sum_buckle_income] => 1856
)
result=1
7
8
9
book_id=2011837
2
3
4
5
Array
(
    [total_income] => 20406
    [income] => 18699
    [give_income] => 1707
    [buckle_income] => 7143
    [buckle_coefficient] => 0.65
)
Array
(
    [book_id] => 2011837
    [book_title] => 极品护花保镖
    [author_name] => 陈佳豪
    [word_count] => 11348854
    [chapter_count] => 5537
    [channel_id] => 40932296
    [statistics_day] => 2016-12-18
    [total_income] => 20406
    [give_income] => 1707
    [income] => 18699
    [buckle_income] => 7143
    [buckle_coefficient] => 0.65
    [createtime] => 2016-12-26 13:55:57
)
6
66
Array
(
    [id] => 18
    [book_id] => 2011837
    [book_title] => 极品护花保镖
    [author_name] => 陈佳豪
    [word_count] => 11348854
    [chapter_count] => 5537
    [channel_id] => 40932296
    [statistics_year] => 2016
    [statistics_month] => 12
    [total_income] => 20406
    [give_income] => 1707
    [income] => 18699
    [buckle_income] => 7347
    [createtime] => 2016-12-26 13:52:11
)
661
6611
Array
(
    [sum_total_income] => 20406
    [sum_give_income] => 1707
    [sum_income] => 18699
    [sum_buckle_income] => 7143
)
result=1
7
8
9
book_id=2011838
2
3
4
5
Array
(
    [total_income] => 16985
    [income] => 14238
    [give_income] => 2747
    [buckle_income] => 7304
    [buckle_coefficient] => 0.57
)
Array
(
    [book_id] => 2011838
    [book_title] => 追美高手
    [author_name] => 无邪小正太
    [word_count] => 6304622
    [chapter_count] => 3095
    [channel_id] => 40932296
    [statistics_day] => 2016-12-18
    [total_income] => 16985
    [give_income] => 2747
    [income] => 14238
    [buckle_income] => 7304
    [buckle_coefficient] => 0.57
    [createtime] => 2016-12-26 13:55:57
)
6
66
Array
(
    [id] => 19
    [book_id] => 2011838
    [book_title] => 追美高手
    [author_name] => 无邪小正太
    [word_count] => 6304622
    [chapter_count] => 3095
    [channel_id] => 40932296
    [statistics_year] => 2016
    [statistics_month] => 12
    [total_income] => 16985
    [give_income] => 2747
    [income] => 14238
    [buckle_income] => 6794
    [createtime] => 2016-12-26 13:52:11
)
661
6611
Array
(
    [sum_total_income] => 16985
    [sum_give_income] => 2747
    [sum_income] => 14238
    [sum_buckle_income] => 7304
)
result=1
7
8
9
book_id=2011840
2
3
4
5
Array
(
    [total_income] => 17395
    [income] => 16123
    [give_income] => 1272
    [buckle_income] => 7132
    [buckle_coefficient] => 0.59
)
Array
(
    [book_id] => 2011840
    [book_title] => 九龙至尊
    [author_name] => 盘古
    [word_count] => 7306869
    [chapter_count] => 3739
    [channel_id] => 40932296
    [statistics_day] => 2016-12-18
    [total_income] => 17395
    [give_income] => 1272
    [income] => 16123
    [buckle_income] => 7132
    [buckle_coefficient] => 0.59
    [createtime] => 2016-12-26 13:55:57
)
6
66
Array
(
    [id] => 20
    [book_id] => 2011840
    [book_title] => 九龙至尊
    [author_name] => 盘古
    [word_count] => 7306869
    [chapter_count] => 3739
    [channel_id] => 40932296
    [statistics_year] => 2016
    [statistics_month] => 12
    [total_income] => 17395
    [give_income] => 1272
    [income] => 16123
    [buckle_income] => 6611
    [createtime] => 2016-12-26 13:52:12
)
661
6611
Array
(
    [sum_total_income] => 17395
    [sum_give_income] => 1272
    [sum_income] => 16123
    [sum_buckle_income] => 7132
)
result=1
7
8
9
book_id=2011854
2
3
4
5
Array
(
    [total_income] => 181
    [income] => 181
    [give_income] => 0
    [buckle_income] => 71
    [buckle_coefficient] => 0.61
)
Array
(
    [book_id] => 2011854
    [book_title] => 异世无冕邪皇
    [author_name] => 半块铜板
    [word_count] => 6688350
    [chapter_count] => 2177
    [channel_id] => 40932296
    [statistics_day] => 2016-12-18
    [total_income] => 181
    [give_income] => 0
    [income] => 181
    [buckle_income] => 71
    [buckle_coefficient] => 0.61
    [createtime] => 2016-12-26 13:55:57
)
6
66
Array
(
    [id] => 21
    [book_id] => 2011854
    [book_title] => 异世无冕邪皇
    [author_name] => 半块铜板
    [word_count] => 6688350
    [chapter_count] => 2177
    [channel_id] => 40932296
    [statistics_year] => 2016
    [statistics_month] => 12
    [total_income] => 181
    [give_income] => 0
    [income] => 181
    [buckle_income] => 80
    [createtime] => 2016-12-26 13:52:12
)
661
6611
Array
(
    [sum_total_income] => 181
    [sum_give_income] => 0
    [sum_income] => 181
    [sum_buckle_income] => 71
)
result=1
7
8
9
book_id=2011858
2
3
4
5
Array
(
    [total_income] => 2339
    [income] => 2034
    [give_income] => 305
    [buckle_income] => 819
    [buckle_coefficient] => 0.65
)
Array
(
    [book_id] => 2011858
    [book_title] => 战气凌霄
    [author_name] => 新闻工作者
    [word_count] => 10977325
    [chapter_count] => 3477
    [channel_id] => 40932296
    [statistics_day] => 2016-12-18
    [total_income] => 2339
    [give_income] => 305
    [income] => 2034
    [buckle_income] => 819
    [buckle_coefficient] => 0.65
    [createtime] => 2016-12-26 13:55:58
)
6
66
Array
(
    [id] => 22
    [book_id] => 2011858
    [book_title] => 战气凌霄
    [author_name] => 新闻工作者
    [word_count] => 10977325
    [chapter_count] => 3477
    [channel_id] => 40932296
    [statistics_year] => 2016
    [statistics_month] => 12
    [total_income] => 2339
    [give_income] => 305
    [income] => 2034
    [buckle_income] => 983
    [createtime] => 2016-12-26 13:52:12
)
661
6611
Array
(
    [sum_total_income] => 2339
    [sum_give_income] => 305
    [sum_income] => 2034
    [sum_buckle_income] => 819
)
result=1
7
8
9
book_id=2011862
2
3
4
5
Array
(
    [total_income] => 140
    [income] => 140
    [give_income] => 0
    [buckle_income] => 61
    [buckle_coefficient] => 0.57
)
Array
(
    [book_id] => 2011862
    [book_title] => 毒宠佣兵王妃
    [author_name] => 猫小猫
    [word_count] => 2916626
    [chapter_count] => 1412
    [channel_id] => 40932296
    [statistics_day] => 2016-12-18
    [total_income] => 140
    [give_income] => 0
    [income] => 140
    [buckle_income] => 61
    [buckle_coefficient] => 0.57
    [createtime] => 2016-12-26 13:55:58
)
6
66
Array
(
    [id] => 23
    [book_id] => 2011862
    [book_title] => 毒宠佣兵王妃
    [author_name] => 猫小猫
    [word_count] => 2916626
    [chapter_count] => 1412
    [channel_id] => 40932296
    [statistics_year] => 2016
    [statistics_month] => 12
    [total_income] => 140
    [give_income] => 0
    [income] => 140
    [buckle_income] => 54
    [createtime] => 2016-12-26 13:52:12
)
661
6611
Array
(
    [sum_total_income] => 140
    [sum_give_income] => 0
    [sum_income] => 140
    [sum_buckle_income] => 61
)
result=1
7
8
9
book_id=2011866
2
3
4
5
Array
(
    [total_income] => 25260
    [income] => 22794
    [give_income] => 2466
    [buckle_income] => 9094
    [buckle_coefficient] => 0.64
)
Array
(
    [book_id] => 2011866
    [book_title] => 我的名模总裁
    [author_name] => 龙之将皇
    [word_count] => 8900576
    [chapter_count] => 2835
    [channel_id] => 40932296
    [statistics_day] => 2016-12-18
    [total_income] => 25260
    [give_income] => 2466
    [income] => 22794
    [buckle_income] => 9094
    [buckle_coefficient] => 0.64
    [createtime] => 2016-12-26 13:55:58
)
6
66
Array
(
    [id] => 24
    [book_id] => 2011866
    [book_title] => 我的名模总裁
    [author_name] => 龙之将皇
    [word_count] => 8900576
    [chapter_count] => 2835
    [channel_id] => 40932296
    [statistics_year] => 2016
    [statistics_month] => 12
    [total_income] => 25260
    [give_income] => 2466
    [income] => 22794
    [buckle_income] => 9852
    [createtime] => 2016-12-26 13:52:12
)
661
6611
Array
(
    [sum_total_income] => 25260
    [sum_give_income] => 2466
    [sum_income] => 22794
    [sum_buckle_income] => 9094
)
result=1
7
8
9
book_id=2011870
2
3
4
5
Array
(
    [total_income] => 2393
    [income] => 2233
    [give_income] => 160
    [buckle_income] => 910
    [buckle_coefficient] => 0.62
)
Array
(
    [book_id] => 2011870
    [book_title] => 极品狂医
    [author_name] => 北纬37度
    [word_count] => 9137027
    [chapter_count] => 3162
    [channel_id] => 40932296
    [statistics_day] => 2016-12-18
    [total_income] => 2393
    [give_income] => 160
    [income] => 2233
    [buckle_income] => 910
    [buckle_coefficient] => 0.62
    [createtime] => 2016-12-26 13:55:58
)
6
66
Array
(
    [id] => 25
    [book_id] => 2011870
    [book_title] => 极品狂医
    [author_name] => 北纬37度
    [word_count] => 9137027
    [chapter_count] => 3162
    [channel_id] => 40932296
    [statistics_year] => 2016
    [statistics_month] => 12
    [total_income] => 2393
    [give_income] => 160
    [income] => 2233
    [buckle_income] => 1077
    [createtime] => 2016-12-26 13:52:12
)
661
6611
Array
(
    [sum_total_income] => 2393
    [sum_give_income] => 160
    [sum_income] => 2233
    [sum_buckle_income] => 910
)
result=1
7
8
9
book_id=2011928
2
3
4
5
Array
(
    [total_income] => 323
    [income] => 123
    [give_income] => 200
    [buckle_income] => 110
    [buckle_coefficient] => 0.66
)
Array
(
    [book_id] => 2011928
    [book_title] => 寂灭天尊
    [author_name] => 恋风
    [word_count] => 6226295
    [chapter_count] => 1997
    [channel_id] => 40932296
    [statistics_day] => 2016-12-18
    [total_income] => 323
    [give_income] => 200
    [income] => 123
    [buckle_income] => 110
    [buckle_coefficient] => 0.66
    [createtime] => 2016-12-26 13:55:58
)
6
66
Array
(
    [id] => 26
    [book_id] => 2011928
    [book_title] => 寂灭天尊
    [author_name] => 恋风
    [word_count] => 6226295
    [chapter_count] => 1997
    [channel_id] => 40932296
    [statistics_year] => 2016
    [statistics_month] => 12
    [total_income] => 323
    [give_income] => 200
    [income] => 123
    [buckle_income] => 136
    [createtime] => 2016-12-26 13:52:12
)
661
6611
Array
(
    [sum_total_income] => 323
    [sum_give_income] => 200
    [sum_income] => 123
    [sum_buckle_income] => 110
)
result=1
7
8
9
book_id=2012021
2
3
4
5
Array
(
    [total_income] => 484
    [income] => 484
    [give_income] => 0
    [buckle_income] => 165
    [buckle_coefficient] => 0.66
)
Array
(
    [book_id] => 2012021
    [book_title] => 最强狼少
    [author_name] => 叱咤风云
    [word_count] => 1265673
    [chapter_count] => 387
    [channel_id] => 40932296
    [statistics_day] => 2016-12-18
    [total_income] => 484
    [give_income] => 0
    [income] => 484
    [buckle_income] => 165
    [buckle_coefficient] => 0.66
    [createtime] => 2016-12-26 13:55:58
)
6
66
Array
(
    [id] => 27
    [book_id] => 2012021
    [book_title] => 最强狼少
    [author_name] => 叱咤风云
    [word_count] => 1265673
    [chapter_count] => 387
    [channel_id] => 40932296
    [statistics_year] => 2016
    [statistics_month] => 12
    [total_income] => 484
    [give_income] => 0
    [income] => 484
    [buckle_income] => 184
    [createtime] => 2016-12-26 13:52:13
)
661
6611
Array
(
    [sum_total_income] => 484
    [sum_give_income] => 0
    [sum_income] => 484
    [sum_buckle_income] => 165
)
result=1
7
8
9
book_id=2012055
2
3
4
5
Array
(
    [total_income] => 3044
    [income] => 2232
    [give_income] => 812
    [buckle_income] => 1096
    [buckle_coefficient] => 0.64
)
Array
(
    [book_id] => 2012055
    [book_title] => 特种阔少
    [author_name] => 沈哲楠
    [word_count] => 1838469
    [chapter_count] => 604
    [channel_id] => 40932296
    [statistics_day] => 2016-12-18
    [total_income] => 3044
    [give_income] => 812
    [income] => 2232
    [buckle_income] => 1096
    [buckle_coefficient] => 0.64
    [createtime] => 2016-12-26 13:55:58
)
6
66
Array
(
    [id] => 28
    [book_id] => 2012055
    [book_title] => 特种阔少
    [author_name] => 沈哲楠
    [word_count] => 1838469
    [chapter_count] => 604
    [channel_id] => 40932296
    [statistics_year] => 2016
    [statistics_month] => 12
    [total_income] => 3044
    [give_income] => 812
    [income] => 2232
    [buckle_income] => 1188
    [createtime] => 2016-12-26 13:52:13
)
661
6611
Array
(
    [sum_total_income] => 3044
    [sum_give_income] => 812
    [sum_income] => 2232
    [sum_buckle_income] => 1096
)
result=1
7
8
9
book_id=2012058
2
3
4
5
Array
(
    [total_income] => 90
    [income] => 90
    [give_income] => 0
    [buckle_income] => 33
    [buckle_coefficient] => 0.64
)
Array
(
    [book_id] => 2012058
    [book_title] => 鬼妻
    [author_name] => 曲神
    [word_count] => 1707163
    [chapter_count] => 844
    [channel_id] => 40932296
    [statistics_day] => 2016-12-18
    [total_income] => 90
    [give_income] => 0
    [income] => 90
    [buckle_income] => 33
    [buckle_coefficient] => 0.64
    [createtime] => 2016-12-26 13:55:58
)
6
66
Array
(
    [id] => 29
    [book_id] => 2012058
    [book_title] => 鬼妻
    [author_name] => 曲神
    [word_count] => 1707163
    [chapter_count] => 844
    [channel_id] => 40932296
    [statistics_year] => 2016
    [statistics_month] => 12
    [total_income] => 90
    [give_income] => 0
    [income] => 90
    [buckle_income] => 41
    [createtime] => 2016-12-26 13:52:13
)
661
6611
Array
(
    [sum_total_income] => 90
    [sum_give_income] => 0
    [sum_income] => 90
    [sum_buckle_income] => 33
)
result=1
7
8
9
book_id=2012059
2
3
4
5
Array
(
    [total_income] => 5244
    [income] => 4634
    [give_income] => 610
    [buckle_income] => 1888
    [buckle_coefficient] => 0.64
)
Array
(
    [book_id] => 2012059
    [book_title] => 校园贴心高手
    [author_name] => 火少
    [word_count] => 1986965
    [chapter_count] => 932
    [channel_id] => 40932296
    [statistics_day] => 2016-12-18
    [total_income] => 5244
    [give_income] => 610
    [income] => 4634
    [buckle_income] => 1888
    [buckle_coefficient] => 0.64
    [createtime] => 2016-12-26 13:55:58
)
6
66
Array
(
    [id] => 30
    [book_id] => 2012059
    [book_title] => 校园贴心高手
    [author_name] => 火少
    [word_count] => 1986965
    [chapter_count] => 932
    [channel_id] => 40932296
    [statistics_year] => 2016
    [statistics_month] => 12
    [total_income] => 5244
    [give_income] => 610
    [income] => 4634
    [buckle_income] => 1783
    [createtime] => 2016-12-26 13:52:13
)
661
6611
Array
(
    [sum_total_income] => 5244
    [sum_give_income] => 610
    [sum_income] => 4634
    [sum_buckle_income] => 1888
)
result=1
7
8
9
book_id=2013395
2
3
4
5
Array
(
    [total_income] => 1996
    [income] => 1622
    [give_income] => 374
    [buckle_income] => 759
    [buckle_coefficient] => 0.62
)
Array
(
    [book_id] => 2013395
    [book_title] => 绝世狂徒
    [author_name] => 风圣大鹏
    [word_count] => 3940129
    [chapter_count] => 1188
    [channel_id] => 40932296
    [statistics_day] => 2016-12-18
    [total_income] => 1996
    [give_income] => 374
    [income] => 1622
    [buckle_income] => 759
    [buckle_coefficient] => 0.62
    [createtime] => 2016-12-26 13:55:58
)
6
66
Array
(
    [id] => 31
    [book_id] => 2013395
    [book_title] => 绝世狂徒
    [author_name] => 风圣大鹏
    [word_count] => 3940129
    [chapter_count] => 1188
    [channel_id] => 40932296
    [statistics_year] => 2016
    [statistics_month] => 12
    [total_income] => 1996
    [give_income] => 374
    [income] => 1622
    [buckle_income] => 879
    [createtime] => 2016-12-26 13:52:13
)
661
6611
Array
(
    [sum_total_income] => 1996
    [sum_give_income] => 374
    [sum_income] => 1622
    [sum_buckle_income] => 759
)
result=1
7
8
9
channel_id=41007241
book=23
i=5
1
book_id=2015006
2
3
4
5
Array
(
    [total_income] => 592
    [income] => 592
    [give_income] => 0
    [buckle_income] => 231
    [buckle_coefficient] => 0.61
)
Array
(
    [book_id] => 2015006
    [book_title] => 鉴宝大宗师
    [author_name] => 不起泡的啤酒
    [word_count] => 3746388
    [chapter_count] => 1142
    [channel_id] => 41007241
    [statistics_day] => 2016-12-18
    [total_income] => 592
    [give_income] => 0
    [income] => 592
    [buckle_income] => 231
    [buckle_coefficient] => 0.61
    [createtime] => 2016-12-26 13:55:59
)
6
66
Array
(
    [id] => 32
    [book_id] => 2015006
    [book_title] => 鉴宝大宗师
    [author_name] => 不起泡的啤酒
    [word_count] => 3746388
    [chapter_count] => 1142
    [channel_id] => 41007241
    [statistics_year] => 2016
    [statistics_month] => 12
    [total_income] => 592
    [give_income] => 0
    [income] => 592
    [buckle_income] => 243
    [createtime] => 2016-12-26 13:52:14
)
661
6611
Array
(
    [sum_total_income] => 592
    [sum_give_income] => 0
    [sum_income] => 592
    [sum_buckle_income] => 231
)
result=1
7
8
9
book_id=2015009
2
3
4
5
Array
(
    [total_income] => 8836
    [income] => 8253
    [give_income] => 583
    [buckle_income] => 3800
    [buckle_coefficient] => 0.57
)
Array
(
    [book_id] => 2015009
    [book_title] => 麻辣催眠师
    [author_name] => 浅吻
    [word_count] => 3821354
    [chapter_count] => 1831
    [channel_id] => 41007241
    [statistics_day] => 2016-12-18
    [total_income] => 8836
    [give_income] => 583
    [income] => 8253
    [buckle_income] => 3800
    [buckle_coefficient] => 0.57
    [createtime] => 2016-12-26 13:55:59
)
6
66
Array
(
    [id] => 33
    [book_id] => 2015009
    [book_title] => 麻辣催眠师
    [author_name] => 浅吻
    [word_count] => 3821354
    [chapter_count] => 1831
    [channel_id] => 41007241
    [statistics_year] => 2016
    [statistics_month] => 12
    [total_income] => 8836
    [give_income] => 583
    [income] => 8253
    [buckle_income] => 3447
    [createtime] => 2016-12-26 13:52:14
)
661
6611
Array
(
    [sum_total_income] => 8836
    [sum_give_income] => 583
    [sum_income] => 8253
    [sum_buckle_income] => 3800
)
result=1
7
8
9
book_id=2015022
2
3
4
5
Array
(
    [total_income] => 75339
    [income] => 67822
    [give_income] => 7517
    [buckle_income] => 25616
    [buckle_coefficient] => 0.66
)
Array
(
    [book_id] => 2015022
    [book_title] => 护花高手在都市
    [author_name] => 心在流浪
    [word_count] => 3914769
    [chapter_count] => 1480
    [channel_id] => 41007241
    [statistics_day] => 2016-12-18
    [total_income] => 75339
    [give_income] => 7517
    [income] => 67822
    [buckle_income] => 25616
    [buckle_coefficient] => 0.66
    [createtime] => 2016-12-26 13:56:00
)
6
66
Array
(
    [id] => 1
    [book_id] => 2015022
    [book_title] => 护花高手在都市
    [author_name] => 心在流浪
    [word_count] => 3914769
    [chapter_count] => 1480
    [channel_id] => 41007241
    [statistics_year] => 2016
    [statistics_month] => 12
    [total_income] => 75354
    [give_income] => 7517
    [income] => 67837
    [buckle_income] => 31653
    [createtime] => 2016-12-26 13:52:15
)
661
6611
Array
(
    [sum_total_income] => 75354
    [sum_give_income] => 7517
    [sum_income] => 67837
    [sum_buckle_income] => 25626
)
result=1
7
8
9
book_id=2015024
2
3
4
5
Array
(
    [total_income] => 349
    [income] => 349
    [give_income] => 0
    [buckle_income] => 151
    [buckle_coefficient] => 0.57
)
Array
(
    [book_id] => 2015024
    [book_title] => 特种兵痞在校园
    [author_name] => 艾连
    [word_count] => 4038551
    [chapter_count] => 1285
    [channel_id] => 41007241
    [statistics_day] => 2016-12-18
    [total_income] => 349
    [give_income] => 0
    [income] => 349
    [buckle_income] => 151
    [buckle_coefficient] => 0.57
    [createtime] => 2016-12-26 13:56:00
)
6
66
Array
(
    [id] => 35
    [book_id] => 2015024
    [book_title] => 特种兵痞在校园
    [author_name] => 艾连
    [word_count] => 4038551
    [chapter_count] => 1285
    [channel_id] => 41007241
    [statistics_year] => 2016
    [statistics_month] => 12
    [total_income] => 349
    [give_income] => 0
    [income] => 349
    [buckle_income] => 151
    [createtime] => 2016-12-26 13:52:15
)
661
6611
Array
(
    [sum_total_income] => 349
    [sum_give_income] => 0
    [sum_income] => 349
    [sum_buckle_income] => 151
)
result=1
7
8
9
book_id=2015026
2
3
4
5
Array
(
    [total_income] => 330
    [income] => 330
    [give_income] => 0
    [buckle_income] => 146
    [buckle_coefficient] => 0.56
)
Array
(
    [book_id] => 2015026
    [book_title] => 家有萌妻
    [author_name] => 莳莳
    [word_count] => 1301149
    [chapter_count] => 611
    [channel_id] => 41007241
    [statistics_day] => 2016-12-18
    [total_income] => 330
    [give_income] => 0
    [income] => 330
    [buckle_income] => 146
    [buckle_coefficient] => 0.56
    [createtime] => 2016-12-26 13:56:00
)
6
66
Array
(
    [id] => 36
    [book_id] => 2015026
    [book_title] => 家有萌妻
    [author_name] => 莳莳
    [word_count] => 1301149
    [chapter_count] => 611
    [channel_id] => 41007241
    [statistics_year] => 2016
    [statistics_month] => 12
    [total_income] => 330
    [give_income] => 0
    [income] => 330
    [buckle_income] => 126
    [createtime] => 2016-12-26 13:52:15
)
661
6611
Array
(
    [sum_total_income] => 330
    [sum_give_income] => 0
    [sum_income] => 330
    [sum_buckle_income] => 146
)
result=1
7
8
9
book_id=2015033
2
3
4
5
Array
(
    [total_income] => 1052
    [income] => 680
    [give_income] => 372
    [buckle_income] => 358
    [buckle_coefficient] => 0.66
)
Array
(
    [book_id] => 2015033
    [book_title] => 重生之大明摄政王
    [author_name] => 晓风
    [word_count] => 2532994
    [chapter_count] => 825
    [channel_id] => 41007241
    [statistics_day] => 2016-12-18
    [total_income] => 1052
    [give_income] => 372
    [income] => 680
    [buckle_income] => 358
    [buckle_coefficient] => 0.66
    [createtime] => 2016-12-26 13:56:00
)
6
66
Array
(
    [id] => 37
    [book_id] => 2015033
    [book_title] => 重生之大明摄政王
    [author_name] => 晓风
    [word_count] => 2532994
    [chapter_count] => 825
    [channel_id] => 41007241
    [statistics_year] => 2016
    [statistics_month] => 12
    [total_income] => 1052
    [give_income] => 372
    [income] => 680
    [buckle_income] => 358
    [createtime] => 2016-12-26 13:52:15
)
661
6611
Array
(
    [sum_total_income] => 1052
    [sum_give_income] => 372
    [sum_income] => 680
    [sum_buckle_income] => 358
)
result=1
7
8
9
book_id=2015035
2
3
4
5
Array
(
    [total_income] => 2125
    [income] => 1855
    [give_income] => 270
    [buckle_income] => 808
    [buckle_coefficient] => 0.62
)
Array
(
    [book_id] => 2015035
    [book_title] => 和校花合租的日子
    [author_name] => 仙人
    [word_count] => 3093077
    [chapter_count] => 1327
    [channel_id] => 41007241
    [statistics_day] => 2016-12-18
    [total_income] => 2125
    [give_income] => 270
    [income] => 1855
    [buckle_income] => 808
    [buckle_coefficient] => 0.62
    [createtime] => 2016-12-26 13:56:00
)
6
66
Array
(
    [id] => 38
    [book_id] => 2015035
    [book_title] => 和校花合租的日子
    [author_name] => 仙人
    [word_count] => 3093077
    [chapter_count] => 1327
    [channel_id] => 41007241
    [statistics_year] => 2016
    [statistics_month] => 12
    [total_income] => 2125
    [give_income] => 270
    [income] => 1855
    [buckle_income] => 765
    [createtime] => 2016-12-26 13:52:15
)
661
6611
Array
(
    [sum_total_income] => 2125
    [sum_give_income] => 270
    [sum_income] => 1855
    [sum_buckle_income] => 808
)
result=1
7
8
9
book_id=2015037
2
3
4
5
Array
(
    [total_income] => 62961
    [income] => 53330
    [give_income] => 9631
    [buckle_income] => 24555
    [buckle_coefficient] => 0.61
)
Array
(
    [book_id] => 2015037
    [book_title] => 美女的超级保镖
    [author_name] => 日月星辰
    [word_count] => 6606598
    [chapter_count] => 3168
    [channel_id] => 41007241
    [statistics_day] => 2016-12-18
    [total_income] => 62961
    [give_income] => 9631
    [income] => 53330
    [buckle_income] => 24555
    [buckle_coefficient] => 0.61
    [createtime] => 2016-12-26 13:56:02
)
6
66
Array
(
    [id] => 39
    [book_id] => 2015037
    [book_title] => 美女的超级保镖
    [author_name] => 日月星辰
    [word_count] => 6606598
    [chapter_count] => 3168
    [channel_id] => 41007241
    [statistics_year] => 2016
    [statistics_month] => 12
    [total_income] => 62961
    [give_income] => 9631
    [income] => 53330
    [buckle_income] => 23926
    [createtime] => 2016-12-26 13:52:16
)
661
6611
Array
(
    [sum_total_income] => 62961
    [sum_give_income] => 9631
    [sum_income] => 53330
    [sum_buckle_income] => 24555
)
result=1
7
8
9
book_id=2015038
2
3
4
5
Array
(
    [total_income] => 2036
    [income] => 1734
    [give_income] => 302
    [buckle_income] => 815
    [buckle_coefficient] => 0.6
)
Array
(
    [book_id] => 2015038
    [book_title] => 超能高手在都市
    [author_name] => 落尘
    [word_count] => 4621192
    [chapter_count] => 2141
    [channel_id] => 41007241
    [statistics_day] => 2016-12-18
    [total_income] => 2036
    [give_income] => 302
    [income] => 1734
    [buckle_income] => 815
    [buckle_coefficient] => 0.6
    [createtime] => 2016-12-26 13:56:02
)
6
66
Array
(
    [id] => 40
    [book_id] => 2015038
    [book_title] => 超能高手在都市
    [author_name] => 落尘
    [word_count] => 4621192
    [chapter_count] => 2141
    [channel_id] => 41007241
    [statistics_year] => 2016
    [statistics_month] => 12
    [total_income] => 2036
    [give_income] => 302
    [income] => 1734
    [buckle_income] => 856
    [createtime] => 2016-12-26 13:52:16
)
661
6611
Array
(
    [sum_total_income] => 2036
    [sum_give_income] => 302
    [sum_income] => 1734
    [sum_buckle_income] => 815
)
result=1
7
8
9
book_id=2015042
2
3
4
5
Array
(
    [total_income] => 47733
    [income] => 43892
    [give_income] => 3841
    [buckle_income] => 18616
    [buckle_coefficient] => 0.61
)
Array
(
    [book_id] => 2015042
    [book_title] => 少年御医
    [author_name] => 银色武士装
    [word_count] => 2500398
    [chapter_count] => 775
    [channel_id] => 41007241
    [statistics_day] => 2016-12-18
    [total_income] => 47733
    [give_income] => 3841
    [income] => 43892
    [buckle_income] => 18616
    [buckle_coefficient] => 0.61
    [createtime] => 2016-12-26 13:56:02
)
6
66
Array
(
    [id] => 41
    [book_id] => 2015042
    [book_title] => 少年御医
    [author_name] => 银色武士装
    [word_count] => 2500398
    [chapter_count] => 775
    [channel_id] => 41007241
    [statistics_year] => 2016
    [statistics_month] => 12
    [total_income] => 47733
    [give_income] => 3841
    [income] => 43892
    [buckle_income] => 20048
    [createtime] => 2016-12-26 13:52:16
)
661
6611
Array
(
    [sum_total_income] => 47733
    [sum_give_income] => 3841
    [sum_income] => 43892
    [sum_buckle_income] => 18616
)
result=1
7
8
9
book_id=2015045
2
3
4
5
Array
(
    [total_income] => 111
    [income] => 111
    [give_income] => 0
    [buckle_income] => 46
    [buckle_coefficient] => 0.59
)
Array
(
    [book_id] => 2015045
    [book_title] => 天才律师
    [author_name] => 落宝金钱
    [word_count] => 4357049
    [chapter_count] => 1380
    [channel_id] => 41007241
    [statistics_day] => 2016-12-18
    [total_income] => 111
    [give_income] => 0
    [income] => 111
    [buckle_income] => 46
    [buckle_coefficient] => 0.59
    [createtime] => 2016-12-26 13:56:02
)
6
66
Array
(
    [id] => 42
    [book_id] => 2015045
    [book_title] => 天才律师
    [author_name] => 落宝金钱
    [word_count] => 4357049
    [chapter_count] => 1380
    [channel_id] => 41007241
    [statistics_year] => 2016
    [statistics_month] => 12
    [total_income] => 111
    [give_income] => 0
    [income] => 111
    [buckle_income] => 48
    [createtime] => 2016-12-26 13:52:17
)
661
6611
Array
(
    [sum_total_income] => 111
    [sum_give_income] => 0
    [sum_income] => 111
    [sum_buckle_income] => 46
)
result=1
7
8
9
book_id=2015046
2
3
4
5
Array
(
    [total_income] => 2493
    [income] => 2442
    [give_income] => 51
    [buckle_income] => 1023
    [buckle_coefficient] => 0.59
)
Array
(
    [book_id] => 2015046
    [book_title] => 都市苍龙
    [author_name] => 左岸
    [word_count] => 2641587
    [chapter_count] => 876
    [channel_id] => 41007241
    [statistics_day] => 2016-12-18
    [total_income] => 2493
    [give_income] => 51
    [income] => 2442
    [buckle_income] => 1023
    [buckle_coefficient] => 0.59
    [createtime] => 2016-12-26 13:56:02
)
6
66
Array
(
    [id] => 43
    [book_id] => 2015046
    [book_title] => 都市苍龙
    [author_name] => 左岸
    [word_count] => 2641587
    [chapter_count] => 876
    [channel_id] => 41007241
    [statistics_year] => 2016
    [statistics_month] => 12
    [total_income] => 2493
    [give_income] => 51
    [income] => 2442
    [buckle_income] => 1072
    [createtime] => 2016-12-26 13:52:17
)
661
6611
Array
(
    [sum_total_income] => 2493
    [sum_give_income] => 51
    [sum_income] => 2442
    [sum_buckle_income] => 1023
)
result=1
7
8
9
book_id=2015055
2
3
4
5
Array
(
    [total_income] => 793
    [income] => 793
    [give_income] => 0
    [buckle_income] => 357
    [buckle_coefficient] => 0.55
)
Array
(
    [book_id] => 2015055
    [book_title] => 鬼手狂医
    [author_name] => 佐墨
    [word_count] => 1418628
    [chapter_count] => 619
    [channel_id] => 41007241
    [statistics_day] => 2016-12-18
    [total_income] => 793
    [give_income] => 0
    [income] => 793
    [buckle_income] => 357
    [buckle_coefficient] => 0.55
    [createtime] => 2016-12-26 13:56:02
)
6
66
Array
(
    [id] => 44
    [book_id] => 2015055
    [book_title] => 鬼手狂医
    [author_name] => 佐墨
    [word_count] => 1418628
    [chapter_count] => 619
    [channel_id] => 41007241
    [statistics_year] => 2016
    [statistics_month] => 12
    [total_income] => 793
    [give_income] => 0
    [income] => 793
    [buckle_income] => 357
    [createtime] => 2016-12-26 13:52:17
)
661
6611
Array
(
    [sum_total_income] => 793
    [sum_give_income] => 0
    [sum_income] => 793
    [sum_buckle_income] => 357
)
result=1
7
8
9
book_id=2015057
2
3
4
5
Array
(
    [total_income] => 924
    [income] => 924
    [give_income] => 0
    [buckle_income] => 379
    [buckle_coefficient] => 0.59
)
Array
(
    [book_id] => 2015057
    [book_title] => 我的老婆是天后
    [author_name] => 九天御风
    [word_count] => 5127086
    [chapter_count] => 1625
    [channel_id] => 41007241
    [statistics_day] => 2016-12-18
    [total_income] => 924
    [give_income] => 0
    [income] => 924
    [buckle_income] => 379
    [buckle_coefficient] => 0.59
    [createtime] => 2016-12-26 13:56:02
)
6
66
Array
(
    [id] => 45
    [book_id] => 2015057
    [book_title] => 我的老婆是天后
    [author_name] => 九天御风
    [word_count] => 5127086
    [chapter_count] => 1625
    [channel_id] => 41007241
    [statistics_year] => 2016
    [statistics_month] => 12
    [total_income] => 924
    [give_income] => 0
    [income] => 924
    [buckle_income] => 333
    [createtime] => 2016-12-26 13:52:17
)
661
6611
Array
(
    [sum_total_income] => 924
    [sum_give_income] => 0
    [sum_income] => 924
    [sum_buckle_income] => 379
)
result=1
7
8
9
book_id=2015063
2
3
4
5
Array
(
    [total_income] => 870
    [income] => 870
    [give_income] => 0
    [buckle_income] => 357
    [buckle_coefficient] => 0.59
)
Array
(
    [book_id] => 2015063
    [book_title] => 蚀骨宠婚
    [author_name] => 苏如烟
    [word_count] => 3837402
    [chapter_count] => 1805
    [channel_id] => 41007241
    [statistics_day] => 2016-12-18
    [total_income] => 870
    [give_income] => 0
    [income] => 870
    [buckle_income] => 357
    [buckle_coefficient] => 0.59
    [createtime] => 2016-12-26 13:56:02
)
6
66
Array
(
    [id] => 46
    [book_id] => 2015063
    [book_title] => 蚀骨宠婚
    [author_name] => 苏如烟
    [word_count] => 3837402
    [chapter_count] => 1805
    [channel_id] => 41007241
    [statistics_year] => 2016
    [statistics_month] => 12
    [total_income] => 870
    [give_income] => 0
    [income] => 870
    [buckle_income] => 348
    [createtime] => 2016-12-26 13:52:17
)
661
6611
Array
(
    [sum_total_income] => 870
    [sum_give_income] => 0
    [sum_income] => 870
    [sum_buckle_income] => 357
)
result=1
7
8
9
book_id=2016003
2
3
4
5
Array
(
    [total_income] => 505
    [income] => 195
    [give_income] => 310
    [buckle_income] => 197
    [buckle_coefficient] => 0.61
)
Array
(
    [book_id] => 2016003
    [book_title] => 重生护花高手
    [author_name] => 朽木可雕
    [word_count] => 2010539
    [chapter_count] => 595
    [channel_id] => 41007241
    [statistics_day] => 2016-12-18
    [total_income] => 505
    [give_income] => 310
    [income] => 195
    [buckle_income] => 197
    [buckle_coefficient] => 0.61
    [createtime] => 2016-12-26 13:56:02
)
6
66
Array
(
    [id] => 47
    [book_id] => 2016003
    [book_title] => 重生护花高手
    [author_name] => 朽木可雕
    [word_count] => 2010539
    [chapter_count] => 595
    [channel_id] => 41007241
    [statistics_year] => 2016
    [statistics_month] => 12
    [total_income] => 505
    [give_income] => 310
    [income] => 195
    [buckle_income] => 218
    [createtime] => 2016-12-26 13:52:17
)
661
6611
Array
(
    [sum_total_income] => 505
    [sum_give_income] => 310
    [sum_income] => 195
    [sum_buckle_income] => 197
)
result=1
7
8
9
book_id=2016004
2
3
4
5
Array
(
    [total_income] => 9337
    [income] => 8197
    [give_income] => 1140
    [buckle_income] => 3922
    [buckle_coefficient] => 0.58
)
Array
(
    [book_id] => 2016004
    [book_title] => 天才少年
    [author_name] => 坐怀不乱
    [word_count] => 2398555
    [chapter_count] => 858
    [channel_id] => 41007241
    [statistics_day] => 2016-12-18
    [total_income] => 9337
    [give_income] => 1140
    [income] => 8197
    [buckle_income] => 3922
    [buckle_coefficient] => 0.58
    [createtime] => 2016-12-26 13:56:03
)
6
66
Array
(
    [id] => 48
    [book_id] => 2016004
    [book_title] => 天才少年
    [author_name] => 坐怀不乱
    [word_count] => 2398555
    [chapter_count] => 858
    [channel_id] => 41007241
    [statistics_year] => 2016
    [statistics_month] => 12
    [total_income] => 9337
    [give_income] => 1140
    [income] => 8197
    [buckle_income] => 4015
    [createtime] => 2016-12-26 13:52:18
)
661
6611
Array
(
    [sum_total_income] => 9337
    [sum_give_income] => 1140
    [sum_income] => 8197
    [sum_buckle_income] => 3922
)
result=1
7
8
9
book_id=2016020
2
3
4
5
Array
(
    [total_income] => 2729
    [income] => 2729
    [give_income] => 0
    [buckle_income] => 1174
    [buckle_coefficient] => 0.57
)
Array
(
    [book_id] => 2016020
    [book_title] => 怒血保镖
    [author_name] => 根号三
    [word_count] => 3059504
    [chapter_count] => 965
    [channel_id] => 41007241
    [statistics_day] => 2016-12-18
    [total_income] => 2729
    [give_income] => 0
    [income] => 2729
    [buckle_income] => 1174
    [buckle_coefficient] => 0.57
    [createtime] => 2016-12-26 13:56:03
)
6
66
Array
(
    [id] => 49
    [book_id] => 2016020
    [book_title] => 怒血保镖
    [author_name] => 根号三
    [word_count] => 3059504
    [chapter_count] => 965
    [channel_id] => 41007241
    [statistics_year] => 2016
    [statistics_month] => 12
    [total_income] => 2729
    [give_income] => 0
    [income] => 2729
    [buckle_income] => 1147
    [createtime] => 2016-12-26 13:52:18
)
661
6611
Array
(
    [sum_total_income] => 2729
    [sum_give_income] => 0
    [sum_income] => 2729
    [sum_buckle_income] => 1174
)
result=1
7
8
9
book_id=2016354
2
3
4
5
Array
(
    [total_income] => 518
    [income] => 518
    [give_income] => 0
    [buckle_income] => 192
    [buckle_coefficient] => 0.63
)
Array
(
    [book_id] => 2016354
    [book_title] => 天才医生
    [author_name] => 空余
    [word_count] => 2026604
    [chapter_count] => 603
    [channel_id] => 41007241
    [statistics_day] => 2016-12-18
    [total_income] => 518
    [give_income] => 0
    [income] => 518
    [buckle_income] => 192
    [buckle_coefficient] => 0.63
    [createtime] => 2016-12-26 13:56:03
)
6
66
Array
(
    [id] => 50
    [book_id] => 2016354
    [book_title] => 天才医生
    [author_name] => 空余
    [word_count] => 2026604
    [chapter_count] => 603
    [channel_id] => 41007241
    [statistics_year] => 2016
    [statistics_month] => 12
    [total_income] => 518
    [give_income] => 0
    [income] => 518
    [buckle_income] => 192
    [createtime] => 2016-12-26 13:52:18
)
661
6611
Array
(
    [sum_total_income] => 518
    [sum_give_income] => 0
    [sum_income] => 518
    [sum_buckle_income] => 192
)
result=1
7
8
9
book_id=2016363
2
3
4
5
Array
(
    [total_income] => 145
    [income] => 145
    [give_income] => 0
    [buckle_income] => 54
    [buckle_coefficient] => 0.63
)
Array
(
    [book_id] => 2016363
    [book_title] => 美女的贴身狂兵
    [author_name] => 千军万马
    [word_count] => 3183515
    [chapter_count] => 960
    [channel_id] => 41007241
    [statistics_day] => 2016-12-18
    [total_income] => 145
    [give_income] => 0
    [income] => 145
    [buckle_income] => 54
    [buckle_coefficient] => 0.63
    [createtime] => 2016-12-26 13:56:03
)
6
66
Array
(
    [id] => 51
    [book_id] => 2016363
    [book_title] => 美女的贴身狂兵
    [author_name] => 千军万马
    [word_count] => 3183515
    [chapter_count] => 960
    [channel_id] => 41007241
    [statistics_year] => 2016
    [statistics_month] => 12
    [total_income] => 145
    [give_income] => 0
    [income] => 145
    [buckle_income] => 51
    [createtime] => 2016-12-26 13:52:18
)
661
6611
Array
(
    [sum_total_income] => 145
    [sum_give_income] => 0
    [sum_income] => 145
    [sum_buckle_income] => 54
)
result=1
7
8
9
book_id=2016371
2
3
4
5
Array
(
    [total_income] => 133
    [income] => 51
    [give_income] => 82
    [buckle_income] => 48
    [buckle_coefficient] => 0.64
)
Array
(
    [book_id] => 2016371
    [book_title] => 我的女友是神婆
    [author_name] => 蓝天白菜
    [word_count] => 1995844
    [chapter_count] => 718
    [channel_id] => 41007241
    [statistics_day] => 2016-12-18
    [total_income] => 133
    [give_income] => 82
    [income] => 51
    [buckle_income] => 48
    [buckle_coefficient] => 0.64
    [createtime] => 2016-12-26 13:56:03
)
6
66
Array
(
    [id] => 52
    [book_id] => 2016371
    [book_title] => 我的女友是神婆
    [author_name] => 蓝天白菜
    [word_count] => 1995844
    [chapter_count] => 718
    [channel_id] => 41007241
    [statistics_year] => 2016
    [statistics_month] => 12
    [total_income] => 133
    [give_income] => 82
    [income] => 51
    [buckle_income] => 55
    [createtime] => 2016-12-26 13:52:18
)
661
6611
Array
(
    [sum_total_income] => 133
    [sum_give_income] => 82
    [sum_income] => 51
    [sum_buckle_income] => 48
)
result=1
7
8
9
book_id=2016638
2
3
4
5
Array
(
    [total_income] => 2448
    [income] => 2110
    [give_income] => 338
    [buckle_income] => 931
    [buckle_coefficient] => 0.62
)
Array
(
    [book_id] => 2016638
    [book_title] => 超凡高手
    [author_name] => 小小大英雄
    [word_count] => 3445559
    [chapter_count] => 1138
    [channel_id] => 41007241
    [statistics_day] => 2016-12-18
    [total_income] => 2448
    [give_income] => 338
    [income] => 2110
    [buckle_income] => 931
    [buckle_coefficient] => 0.62
    [createtime] => 2016-12-26 13:56:03
)
6
66
Array
(
    [id] => 53
    [book_id] => 2016638
    [book_title] => 超凡高手
    [author_name] => 小小大英雄
    [word_count] => 3445559
    [chapter_count] => 1138
    [channel_id] => 41007241
    [statistics_year] => 2016
    [statistics_month] => 12
    [total_income] => 2448
    [give_income] => 338
    [income] => 2110
    [buckle_income] => 833
    [createtime] => 2016-12-26 13:52:18
)
661
6611
Array
(
    [sum_total_income] => 2448
    [sum_give_income] => 338
    [sum_income] => 2110
    [sum_buckle_income] => 931
)
result=1
7
8
9
book_id=2017252
2
3
4
5
Array
(
    [total_income] => 239
    [income] => 239
    [give_income] => 0
    [buckle_income] => 82
    [buckle_coefficient] => 0.66
)
Array
(
    [book_id] => 2017252
    [book_title] => 傲武仙尊
    [author_name] => 冰墙
    [word_count] => 1923148
    [chapter_count] => 613
    [channel_id] => 41007241
    [statistics_day] => 2016-12-18
    [total_income] => 239
    [give_income] => 0
    [income] => 239
    [buckle_income] => 82
    [buckle_coefficient] => 0.66
    [createtime] => 2016-12-26 13:56:03
)
6
66
Array
(
    [id] => 54
    [book_id] => 2017252
    [book_title] => 傲武仙尊
    [author_name] => 冰墙
    [word_count] => 1923148
    [chapter_count] => 613
    [channel_id] => 41007241
    [statistics_year] => 2016
    [statistics_month] => 12
    [total_income] => 239
    [give_income] => 0
    [income] => 239
    [buckle_income] => 96
    [createtime] => 2016-12-26 13:52:18
)
661
6611
Array
(
    [sum_total_income] => 239
    [sum_give_income] => 0
    [sum_income] => 239
    [sum_buckle_income] => 82
)
result=1
7
8
9
channel_id=80916206
book=0
i=6
channel_id=91006181
book=32
i=7
1
book_id=2014305
2
3
4
5
Array
(
    [total_income] => 2542
    [income] => 2376
    [give_income] => 166
    [buckle_income] => 992
    [buckle_coefficient] => 0.61
)
Array
(
    [book_id] => 2014305
    [book_title] => 邪凛花都
    [author_name] => 天涯风
    [word_count] => 1425160
    [chapter_count] => 439
    [channel_id] => 91006181
    [statistics_day] => 2016-12-18
    [total_income] => 2542
    [give_income] => 166
    [income] => 2376
    [buckle_income] => 992
    [buckle_coefficient] => 0.61
    [createtime] => 2016-12-26 13:56:04
)
6
66
Array
(
    [id] => 55
    [book_id] => 2014305
    [book_title] => 邪凛花都
    [author_name] => 天涯风
    [word_count] => 1425160
    [chapter_count] => 439
    [channel_id] => 91006181
    [statistics_year] => 2016
    [statistics_month] => 12
    [total_income] => 2542
    [give_income] => 166
    [income] => 2376
    [buckle_income] => 890
    [createtime] => 2016-12-26 13:52:19
)
661
6611
Array
(
    [sum_total_income] => 2542
    [sum_give_income] => 166
    [sum_income] => 2376
    [sum_buckle_income] => 992
)
result=1
7
8
9
book_id=2014382
2
3
4
5
Array
(
    [total_income] => 346
    [income] => 346
    [give_income] => 0
    [buckle_income] => 146
    [buckle_coefficient] => 0.58
)
Array
(
    [book_id] => 2014382
    [book_title] => 我的枕边有女鬼
    [author_name] => 黑色洋葱
    [word_count] => 1342112
    [chapter_count] => 470
    [channel_id] => 91006181
    [statistics_day] => 2016-12-18
    [total_income] => 346
    [give_income] => 0
    [income] => 346
    [buckle_income] => 146
    [buckle_coefficient] => 0.58
    [createtime] => 2016-12-26 13:56:04
)
6
66
Array
(
    [id] => 56
    [book_id] => 2014382
    [book_title] => 我的枕边有女鬼
    [author_name] => 黑色洋葱
    [word_count] => 1342112
    [chapter_count] => 470
    [channel_id] => 91006181
    [statistics_year] => 2016
    [statistics_month] => 12
    [total_income] => 346
    [give_income] => 0
    [income] => 346
    [buckle_income] => 156
    [createtime] => 2016-12-26 13:52:19
)
661
6611
Array
(
    [sum_total_income] => 346
    [sum_give_income] => 0
    [sum_income] => 346
    [sum_buckle_income] => 146
)
result=1
7
8
9
book_id=2014389
2
3
4
5
Array
(
    [total_income] => 8080
    [income] => 7469
    [give_income] => 611
    [buckle_income] => 2828
    [buckle_coefficient] => 0.65
)
Array
(
    [book_id] => 2014389
    [book_title] => 妇科男医师
    [author_name] => 星月天下
    [word_count] => 926105
    [chapter_count] => 344
    [channel_id] => 91006181
    [statistics_day] => 2016-12-18
    [total_income] => 8080
    [give_income] => 611
    [income] => 7469
    [buckle_income] => 2828
    [buckle_coefficient] => 0.65
    [createtime] => 2016-12-26 13:56:04
)
6
66
Array
(
    [id] => 57
    [book_id] => 2014389
    [book_title] => 妇科男医师
    [author_name] => 星月天下
    [word_count] => 926105
    [chapter_count] => 344
    [channel_id] => 91006181
    [statistics_year] => 2016
    [statistics_month] => 12
    [total_income] => 8080
    [give_income] => 611
    [income] => 7469
    [buckle_income] => 2909
    [createtime] => 2016-12-26 13:52:19
)
661
6611
Array
(
    [sum_total_income] => 8080
    [sum_give_income] => 611
    [sum_income] => 7469
    [sum_buckle_income] => 2828
)
result=1
7
8
9
book_id=2014390
2
3
4
5
Array
(
    [total_income] => 19
    [income] => 19
    [give_income] => 0
    [buckle_income] => 12
    [buckle_coefficient] => 0.39
)
Array
(
    [book_id] => 2014390
    [book_title] => 前夫，别来无恙
    [author_name] => 桑鱼小姐
    [word_count] => 1224245
    [chapter_count] => 570
    [channel_id] => 91006181
    [statistics_day] => 2016-12-18
    [total_income] => 19
    [give_income] => 0
    [income] => 19
    [buckle_income] => 12
    [buckle_coefficient] => 0.39
    [createtime] => 2016-12-26 13:56:04
)
6
66
Array
(
    [id] => 58
    [book_id] => 2014390
    [book_title] => 前夫，别来无恙
    [author_name] => 桑鱼小姐
    [word_count] => 1224245
    [chapter_count] => 570
    [channel_id] => 91006181
    [statistics_year] => 2016
    [statistics_month] => 12
    [total_income] => 19
    [give_income] => 0
    [income] => 19
    [buckle_income] => 12
    [createtime] => 2016-12-26 13:52:19
)
661
6611
Array
(
    [sum_total_income] => 19
    [sum_give_income] => 0
    [sum_income] => 19
    [sum_buckle_income] => 12
)
result=1
7
8
9
book_id=2014392
2
3
4
5
Array
(
    [total_income] => 8728
    [income] => 7919
    [give_income] => 809
    [buckle_income] => 3928
    [buckle_coefficient] => 0.55
)
Array
(
    [book_id] => 2014392
    [book_title] => 我的贴身女总裁
    [author_name] => 夏冰
    [word_count] => 1539094
    [chapter_count] => 479
    [channel_id] => 91006181
    [statistics_day] => 2016-12-18
    [total_income] => 8728
    [give_income] => 809
    [income] => 7919
    [buckle_income] => 3928
    [buckle_coefficient] => 0.55
    [createtime] => 2016-12-26 13:56:04
)
6
66
Array
(
    [id] => 59
    [book_id] => 2014392
    [book_title] => 我的贴身女总裁
    [author_name] => 夏冰
    [word_count] => 1539094
    [chapter_count] => 479
    [channel_id] => 91006181
    [statistics_year] => 2016
    [statistics_month] => 12
    [total_income] => 8728
    [give_income] => 809
    [income] => 7919
    [buckle_income] => 3317
    [createtime] => 2016-12-26 13:52:19
)
661
6611
Array
(
    [sum_total_income] => 8728
    [sum_give_income] => 809
    [sum_income] => 7919
    [sum_buckle_income] => 3928
)
result=1
7
8
9
book_id=2014394
2
3
4
5
Array
(
    [total_income] => 482
    [income] => 482
    [give_income] => 0
    [buckle_income] => 179
    [buckle_coefficient] => 0.63
)
Array
(
    [book_id] => 2014394
    [book_title] => 豪门缠婚：尤物小娇妻
    [author_name] => 抓猫的鱼
    [word_count] => 1459067
    [chapter_count] => 593
    [channel_id] => 91006181
    [statistics_day] => 2016-12-18
    [total_income] => 482
    [give_income] => 0
    [income] => 482
    [buckle_income] => 179
    [buckle_coefficient] => 0.63
    [createtime] => 2016-12-26 13:56:04
)
6
66
Array
(
    [id] => 60
    [book_id] => 2014394
    [book_title] => 豪门缠婚：尤物小娇妻
    [author_name] => 抓猫的鱼
    [word_count] => 1459067
    [chapter_count] => 593
    [channel_id] => 91006181
    [statistics_year] => 2016
    [statistics_month] => 12
    [total_income] => 482
    [give_income] => 0
    [income] => 482
    [buckle_income] => 174
    [createtime] => 2016-12-26 13:52:19
)
661
6611
Array
(
    [sum_total_income] => 482
    [sum_give_income] => 0
    [sum_income] => 482
    [sum_buckle_income] => 179
)
result=1
7
8
9
book_id=2014398
2
3
4
5
Array
(
    [total_income] => 165
    [income] => 165
    [give_income] => 0
    [buckle_income] => 68
    [buckle_coefficient] => 0.59
)
Array
(
    [book_id] => 2014398
    [book_title] => 流氓系统
    [author_name] => 钻石老板凳
    [word_count] => 946815
    [chapter_count] => 311
    [channel_id] => 91006181
    [statistics_day] => 2016-12-18
    [total_income] => 165
    [give_income] => 0
    [income] => 165
    [buckle_income] => 68
    [buckle_coefficient] => 0.59
    [createtime] => 2016-12-26 13:56:04
)
6
66
Array
(
    [id] => 61
    [book_id] => 2014398
    [book_title] => 流氓系统
    [author_name] => 钻石老板凳
    [word_count] => 946815
    [chapter_count] => 311
    [channel_id] => 91006181
    [statistics_year] => 2016
    [statistics_month] => 12
    [total_income] => 165
    [give_income] => 0
    [income] => 165
    [buckle_income] => 65
    [createtime] => 2016-12-26 13:52:19
)
661
6611
Array
(
    [sum_total_income] => 165
    [sum_give_income] => 0
    [sum_income] => 165
    [sum_buckle_income] => 68
)
result=1
7
8
9
book_id=2014401
2
3
4
5
Array
(
    [total_income] => 1054
    [income] => 1054
    [give_income] => 0
    [buckle_income] => 390
    [buckle_coefficient] => 0.63
)
Array
(
    [book_id] => 2014401
    [book_title] => 玩转娱乐圈之潜规则
    [author_name] => 潘小贤
    [word_count] => 1886799
    [chapter_count] => 516
    [channel_id] => 91006181
    [statistics_day] => 2016-12-18
    [total_income] => 1054
    [give_income] => 0
    [income] => 1054
    [buckle_income] => 390
    [buckle_coefficient] => 0.63
    [createtime] => 2016-12-26 13:56:04
)
6
66
Array
(
    [id] => 62
    [book_id] => 2014401
    [book_title] => 玩转娱乐圈之潜规则
    [author_name] => 潘小贤
    [word_count] => 1886799
    [chapter_count] => 516
    [channel_id] => 91006181
    [statistics_year] => 2016
    [statistics_month] => 12
    [total_income] => 1054
    [give_income] => 0
    [income] => 1054
    [buckle_income] => 390
    [createtime] => 2016-12-26 13:52:19
)
661
6611
Array
(
    [sum_total_income] => 1054
    [sum_give_income] => 0
    [sum_income] => 1054
    [sum_buckle_income] => 390
)
result=1
7
8
9
book_id=2014404
2
3
4
5
Array
(
    [total_income] => 8556
    [income] => 7792
    [give_income] => 764
    [buckle_income] => 3594
    [buckle_coefficient] => 0.58
)
Array
(
    [book_id] => 2014404
    [book_title] => 桃花鬼医
    [author_name] => 魅力大叔
    [word_count] => 2202738
    [chapter_count] => 597
    [channel_id] => 91006181
    [statistics_day] => 2016-12-18
    [total_income] => 8556
    [give_income] => 764
    [income] => 7792
    [buckle_income] => 3594
    [buckle_coefficient] => 0.58
    [createtime] => 2016-12-26 13:56:05
)
6
66
Array
(
    [id] => 63
    [book_id] => 2014404
    [book_title] => 桃花鬼医
    [author_name] => 魅力大叔
    [word_count] => 2202738
    [chapter_count] => 597
    [channel_id] => 91006181
    [statistics_year] => 2016
    [statistics_month] => 12
    [total_income] => 8556
    [give_income] => 764
    [income] => 7792
    [buckle_income] => 3680
    [createtime] => 2016-12-26 13:52:19
)
661
6611
Array
(
    [sum_total_income] => 8556
    [sum_give_income] => 764
    [sum_income] => 7792
    [sum_buckle_income] => 3594
)
result=1
7
8
9
book_id=2014408
2
3
4
5
Array
(
    [total_income] => 4888
    [income] => 4505
    [give_income] => 383
    [buckle_income] => 1858
    [buckle_coefficient] => 0.62
)
Array
(
    [book_id] => 2014408
    [book_title] => 超品小农民
    [author_name] => 东方邵康
    [word_count] => 1502974
    [chapter_count] => 451
    [channel_id] => 91006181
    [statistics_day] => 2016-12-18
    [total_income] => 4888
    [give_income] => 383
    [income] => 4505
    [buckle_income] => 1858
    [buckle_coefficient] => 0.62
    [createtime] => 2016-12-26 13:56:05
)
6
66
Array
(
    [id] => 64
    [book_id] => 2014408
    [book_title] => 超品小农民
    [author_name] => 东方邵康
    [word_count] => 1502974
    [chapter_count] => 451
    [channel_id] => 91006181
    [statistics_year] => 2016
    [statistics_month] => 12
    [total_income] => 4888
    [give_income] => 383
    [income] => 4505
    [buckle_income] => 2200
    [createtime] => 2016-12-26 13:52:20
)
661
6611
Array
(
    [sum_total_income] => 4888
    [sum_give_income] => 383
    [sum_income] => 4505
    [sum_buckle_income] => 1858
)
result=1
7
8
9
book_id=2014413
2
3
4
5
Array
(
    [total_income] => 3364
    [income] => 2859
    [give_income] => 505
    [buckle_income] => 1279
    [buckle_coefficient] => 0.62
)
Array
(
    [book_id] => 2014413
    [book_title] => 我的眼睛能透视
    [author_name] => 平地一声雷
    [word_count] => 812556
    [chapter_count] => 278
    [channel_id] => 91006181
    [statistics_day] => 2016-12-18
    [total_income] => 3364
    [give_income] => 505
    [income] => 2859
    [buckle_income] => 1279
    [buckle_coefficient] => 0.62
    [createtime] => 2016-12-26 13:56:05
)
6
66
Array
(
    [id] => 65
    [book_id] => 2014413
    [book_title] => 我的眼睛能透视
    [author_name] => 平地一声雷
    [word_count] => 812556
    [chapter_count] => 278
    [channel_id] => 91006181
    [statistics_year] => 2016
    [statistics_month] => 12
    [total_income] => 3364
    [give_income] => 505
    [income] => 2859
    [buckle_income] => 1514
    [createtime] => 2016-12-26 13:52:20
)
661
6611
Array
(
    [sum_total_income] => 3364
    [sum_give_income] => 505
    [sum_income] => 2859
    [sum_buckle_income] => 1279
)
result=1
7
8
9
book_id=2014422
2
3
4
5
Array
(
    [total_income] => 3016
    [income] => 3016
    [give_income] => 0
    [buckle_income] => 1207
    [buckle_coefficient] => 0.6
)
Array
(
    [book_id] => 2014422
    [book_title] => 极品百媚图
    [author_name] => 胡说大师
    [word_count] => 860224
    [chapter_count] => 417
    [channel_id] => 91006181
    [statistics_day] => 2016-12-18
    [total_income] => 3016
    [give_income] => 0
    [income] => 3016
    [buckle_income] => 1207
    [buckle_coefficient] => 0.6
    [createtime] => 2016-12-26 13:56:05
)
6
66
Array
(
    [id] => 66
    [book_id] => 2014422
    [book_title] => 极品百媚图
    [author_name] => 胡说大师
    [word_count] => 860224
    [chapter_count] => 417
    [channel_id] => 91006181
    [statistics_year] => 2016
    [statistics_month] => 12
    [total_income] => 3016
    [give_income] => 0
    [income] => 3016
    [buckle_income] => 1237
    [createtime] => 2016-12-26 13:52:20
)
661
6611
Array
(
    [sum_total_income] => 3016
    [sum_give_income] => 0
    [sum_income] => 3016
    [sum_buckle_income] => 1207
)
result=1
7
8
9
book_id=2014424
2
3
4
5
Array
(
    [total_income] => 27461
    [income] => 24907
    [give_income] => 2554
    [buckle_income] => 9886
    [buckle_coefficient] => 0.64
)
Array
(
    [book_id] => 2014424
    [book_title] => 超级全能戒指
    [author_name] => 黄河之水
    [word_count] => 888974
    [chapter_count] => 401
    [channel_id] => 91006181
    [statistics_day] => 2016-12-18
    [total_income] => 27461
    [give_income] => 2554
    [income] => 24907
    [buckle_income] => 9886
    [buckle_coefficient] => 0.64
    [createtime] => 2016-12-26 13:56:05
)
6
66
Array
(
    [id] => 67
    [book_id] => 2014424
    [book_title] => 超级全能戒指
    [author_name] => 黄河之水
    [word_count] => 888974
    [chapter_count] => 401
    [channel_id] => 91006181
    [statistics_year] => 2016
    [statistics_month] => 12
    [total_income] => 27461
    [give_income] => 2554
    [income] => 24907
    [buckle_income] => 10161
    [createtime] => 2016-12-26 13:52:20
)
661
6611
Array
(
    [sum_total_income] => 27461
    [sum_give_income] => 2554
    [sum_income] => 24907
    [sum_buckle_income] => 9886
)
result=1
7
8
9
book_id=2014425
2
3
4
5
Array
(
    [total_income] => 30
    [income] => 30
    [give_income] => 0
    [buckle_income] => 12
    [buckle_coefficient] => 0.62
)
Array
(
    [book_id] => 2014425
    [book_title] => 鬼名
    [author_name] => 青山老妖
    [word_count] => 851338
    [chapter_count] => 414
    [channel_id] => 91006181
    [statistics_day] => 2016-12-18
    [total_income] => 30
    [give_income] => 0
    [income] => 30
    [buckle_income] => 12
    [buckle_coefficient] => 0.62
    [createtime] => 2016-12-26 13:56:05
)
6
66
Array
(
    [id] => 68
    [book_id] => 2014425
    [book_title] => 鬼名
    [author_name] => 青山老妖
    [word_count] => 851338
    [chapter_count] => 414
    [channel_id] => 91006181
    [statistics_year] => 2016
    [statistics_month] => 12
    [total_income] => 30
    [give_income] => 0
    [income] => 30
    [buckle_income] => 11
    [createtime] => 2016-12-26 13:52:20
)
661
6611
Array
(
    [sum_total_income] => 30
    [sum_give_income] => 0
    [sum_income] => 30
    [sum_buckle_income] => 12
)
result=1
7
8
9
book_id=2014426
2
3
4
5
Array
(
    [total_income] => 1687
    [income] => 1687
    [give_income] => 0
    [buckle_income] => 760
    [buckle_coefficient] => 0.55
)
Array
(
    [book_id] => 2014426
    [book_title] => 凶案现场
    [author_name] => 月半墙
    [word_count] => 1078525
    [chapter_count] => 337
    [channel_id] => 91006181
    [statistics_day] => 2016-12-18
    [total_income] => 1687
    [give_income] => 0
    [income] => 1687
    [buckle_income] => 760
    [buckle_coefficient] => 0.55
    [createtime] => 2016-12-26 13:56:05
)
6
66
Array
(
    [id] => 69
    [book_id] => 2014426
    [book_title] => 凶案现场
    [author_name] => 月半墙
    [word_count] => 1078525
    [chapter_count] => 337
    [channel_id] => 91006181
    [statistics_year] => 2016
    [statistics_month] => 12
    [total_income] => 1687
    [give_income] => 0
    [income] => 1687
    [buckle_income] => 726
    [createtime] => 2016-12-26 13:52:20
)
661
6611
Array
(
    [sum_total_income] => 1687
    [sum_give_income] => 0
    [sum_income] => 1687
    [sum_buckle_income] => 760
)
result=1
7
8
9
book_id=2014437
2
3
4
5
Array
(
    [total_income] => 124
    [income] => 124
    [give_income] => 0
    [buckle_income] => 53
    [buckle_coefficient] => 0.58
)
Array
(
    [book_id] => 2014437
    [book_title] => 校花老婆爱上我
    [author_name] => 纯洁的地瓜
    [word_count] => 1260716
    [chapter_count] => 558
    [channel_id] => 91006181
    [statistics_day] => 2016-12-18
    [total_income] => 124
    [give_income] => 0
    [income] => 124
    [buckle_income] => 53
    [buckle_coefficient] => 0.58
    [createtime] => 2016-12-26 13:56:06
)
6
66
Array
(
    [id] => 70
    [book_id] => 2014437
    [book_title] => 校花老婆爱上我
    [author_name] => 纯洁的地瓜
    [word_count] => 1260716
    [chapter_count] => 558
    [channel_id] => 91006181
    [statistics_year] => 2016
    [statistics_month] => 12
    [total_income] => 124
    [give_income] => 0
    [income] => 124
    [buckle_income] => 51
    [createtime] => 2016-12-26 13:52:20
)
661
6611
Array
(
    [sum_total_income] => 124
    [sum_give_income] => 0
    [sum_income] => 124
    [sum_buckle_income] => 53
)
result=1
7
8
9
book_id=2014440
2
3
4
5
Array
(
    [total_income] => 330
    [income] => 330
    [give_income] => 0
    [buckle_income] => 146
    [buckle_coefficient] => 0.56
)
Array
(
    [book_id] => 2014440
    [book_title] => 娇辣警花爱上我
    [author_name] => 冰皇傲天
    [word_count] => 1615226
    [chapter_count] => 543
    [channel_id] => 91006181
    [statistics_day] => 2016-12-18
    [total_income] => 330
    [give_income] => 0
    [income] => 330
    [buckle_income] => 146
    [buckle_coefficient] => 0.56
    [createtime] => 2016-12-26 13:56:06
)
6
66
Array
(
    [id] => 71
    [book_id] => 2014440
    [book_title] => 娇辣警花爱上我
    [author_name] => 冰皇傲天
    [word_count] => 1615226
    [chapter_count] => 543
    [channel_id] => 91006181
    [statistics_year] => 2016
    [statistics_month] => 12
    [total_income] => 330
    [give_income] => 0
    [income] => 330
    [buckle_income] => 139
    [createtime] => 2016-12-26 13:52:20
)
661
6611
Array
(
    [sum_total_income] => 330
    [sum_give_income] => 0
    [sum_income] => 330
    [sum_buckle_income] => 146
)
result=1
7
8
9
book_id=2014441
2
3
4
5
Array
(
    [total_income] => 3371
    [income] => 2562
    [give_income] => 809
    [buckle_income] => 1281
    [buckle_coefficient] => 0.62
)
Array
(
    [book_id] => 2014441
    [book_title] => 风水大师混官场
    [author_name] => 鬼鬼
    [word_count] => 1372460
    [chapter_count] => 673
    [channel_id] => 91006181
    [statistics_day] => 2016-12-18
    [total_income] => 3371
    [give_income] => 809
    [income] => 2562
    [buckle_income] => 1281
    [buckle_coefficient] => 0.62
    [createtime] => 2016-12-26 13:56:06
)
6
66
Array
(
    [id] => 72
    [book_id] => 2014441
    [book_title] => 风水大师混官场
    [author_name] => 鬼鬼
    [word_count] => 1372460
    [chapter_count] => 673
    [channel_id] => 91006181
    [statistics_year] => 2016
    [statistics_month] => 12
    [total_income] => 3371
    [give_income] => 809
    [income] => 2562
    [buckle_income] => 1349
    [createtime] => 2016-12-26 13:52:20
)
661
6611
Array
(
    [sum_total_income] => 3371
    [sum_give_income] => 809
    [sum_income] => 2562
    [sum_buckle_income] => 1281
)
result=1
7
8
9
book_id=2014446
2
3
4
5
Array
(
    [total_income] => 1615
    [income] => 1615
    [give_income] => 0
    [buckle_income] => 614
    [buckle_coefficient] => 0.62
)
Array
(
    [book_id] => 2014446
    [book_title] => 湘西诡闻录
    [author_name] => 农夫仙拳
    [word_count] => 1587213
    [chapter_count] => 481
    [channel_id] => 91006181
    [statistics_day] => 2016-12-18
    [total_income] => 1615
    [give_income] => 0
    [income] => 1615
    [buckle_income] => 614
    [buckle_coefficient] => 0.62
    [createtime] => 2016-12-26 13:56:06
)
6
66
Array
(
    [id] => 73
    [book_id] => 2014446
    [book_title] => 湘西诡闻录
    [author_name] => 农夫仙拳
    [word_count] => 1587213
    [chapter_count] => 481
    [channel_id] => 91006181
    [statistics_year] => 2016
    [statistics_month] => 12
    [total_income] => 1615
    [give_income] => 0
    [income] => 1615
    [buckle_income] => 630
    [createtime] => 2016-12-26 13:52:21
)
661
6611
Array
(
    [sum_total_income] => 1615
    [sum_give_income] => 0
    [sum_income] => 1615
    [sum_buckle_income] => 614
)
result=1
7
8
9
book_id=2014449
2
3
4
5
Array
(
    [total_income] => 42212
    [income] => 38115
    [give_income] => 4097
    [buckle_income] => 16885
    [buckle_coefficient] => 0.6
)
Array
(
    [book_id] => 2014449
    [book_title] => 妇科小村医
    [author_name] => 静待成魔
    [word_count] => 1356299
    [chapter_count] => 465
    [channel_id] => 91006181
    [statistics_day] => 2016-12-18
    [total_income] => 42212
    [give_income] => 4097
    [income] => 38115
    [buckle_income] => 16885
    [buckle_coefficient] => 0.6
    [createtime] => 2016-12-26 13:56:06
)
6
66
Array
(
    [id] => 74
    [book_id] => 2014449
    [book_title] => 妇科小村医
    [author_name] => 静待成魔
    [word_count] => 1356299
    [chapter_count] => 465
    [channel_id] => 91006181
    [statistics_year] => 2016
    [statistics_month] => 12
    [total_income] => 42212
    [give_income] => 4097
    [income] => 38115
    [buckle_income] => 16885
    [createtime] => 2016-12-26 13:52:21
)
661
6611
Array
(
    [sum_total_income] => 42212
    [sum_give_income] => 4097
    [sum_income] => 38115
    [sum_buckle_income] => 16885
)
result=1
7
8
9
book_id=2014453
2
3
4
5
Array
(
    [total_income] => 805
    [income] => 641
    [give_income] => 164
    [buckle_income] => 306
    [buckle_coefficient] => 0.62
)
Array
(
    [book_id] => 2014453
    [book_title] => 珠宝大亨追美记
    [author_name] => 拈花一笑
    [word_count] => 1117773
    [chapter_count] => 337
    [channel_id] => 91006181
    [statistics_day] => 2016-12-18
    [total_income] => 805
    [give_income] => 164
    [income] => 641
    [buckle_income] => 306
    [buckle_coefficient] => 0.62
    [createtime] => 2016-12-26 13:56:06
)
6
66
Array
(
    [id] => 75
    [book_id] => 2014453
    [book_title] => 珠宝大亨追美记
    [author_name] => 拈花一笑
    [word_count] => 1117773
    [chapter_count] => 337
    [channel_id] => 91006181
    [statistics_year] => 2016
    [statistics_month] => 12
    [total_income] => 805
    [give_income] => 164
    [income] => 641
    [buckle_income] => 314
    [createtime] => 2016-12-26 13:52:21
)
661
6611
Array
(
    [sum_total_income] => 805
    [sum_give_income] => 164
    [sum_income] => 641
    [sum_buckle_income] => 306
)
result=1
7
8
9
book_id=2014457
2
3
4
5
Array
(
    [total_income] => 7210
    [income] => 6257
    [give_income] => 953
    [buckle_income] => 3245
    [buckle_coefficient] => 0.55
)
Array
(
    [book_id] => 2014457
    [book_title] => 随身带着一亩地
    [author_name] => 我吃大玉米
    [word_count] => 3449500
    [chapter_count] => 1338
    [channel_id] => 91006181
    [statistics_day] => 2016-12-18
    [total_income] => 7210
    [give_income] => 953
    [income] => 6257
    [buckle_income] => 3245
    [buckle_coefficient] => 0.55
    [createtime] => 2016-12-26 13:56:06
)
6
66
Array
(
    [id] => 76
    [book_id] => 2014457
    [book_title] => 随身带着一亩地
    [author_name] => 我吃大玉米
    [word_count] => 3449500
    [chapter_count] => 1338
    [channel_id] => 91006181
    [statistics_year] => 2016
    [statistics_month] => 12
    [total_income] => 7210
    [give_income] => 953
    [income] => 6257
    [buckle_income] => 2957
    [createtime] => 2016-12-26 13:52:21
)
661
6611
Array
(
    [sum_total_income] => 7210
    [sum_give_income] => 953
    [sum_income] => 6257
    [sum_buckle_income] => 3245
)
result=1
7
8
9
book_id=2014460
2
3
4
5
Array
(
    [total_income] => 31393
    [income] => 28375
    [give_income] => 3018
    [buckle_income] => 11302
    [buckle_coefficient] => 0.64
)
Array
(
    [book_id] => 2014460
    [book_title] => 桃运民工
    [author_name] => 狐大仙森
    [word_count] => 3521081
    [chapter_count] => 1104
    [channel_id] => 91006181
    [statistics_day] => 2016-12-18
    [total_income] => 31393
    [give_income] => 3018
    [income] => 28375
    [buckle_income] => 11302
    [buckle_coefficient] => 0.64
    [createtime] => 2016-12-26 13:56:06
)
6
66
Array
(
    [id] => 77
    [book_id] => 2014460
    [book_title] => 桃运民工
    [author_name] => 狐大仙森
    [word_count] => 3521081
    [chapter_count] => 1104
    [channel_id] => 91006181
    [statistics_year] => 2016
    [statistics_month] => 12
    [total_income] => 31393
    [give_income] => 3018
    [income] => 28375
    [buckle_income] => 10674
    [createtime] => 2016-12-26 13:52:21
)
661
6611
Array
(
    [sum_total_income] => 31393
    [sum_give_income] => 3018
    [sum_income] => 28375
    [sum_buckle_income] => 11302
)
result=1
7
8
9
book_id=2014462
2
3
4
5
Array
(
    [total_income] => 73397
    [income] => 67069
    [give_income] => 6328
    [buckle_income] => 31561
    [buckle_coefficient] => 0.57
)
Array
(
    [book_id] => 2014462
    [book_title] => 山村如此多娇
    [author_name] => 云熙堂
    [word_count] => 2215957
    [chapter_count] => 883
    [channel_id] => 91006181
    [statistics_day] => 2016-12-18
    [total_income] => 73397
    [give_income] => 6328
    [income] => 67069
    [buckle_income] => 31561
    [buckle_coefficient] => 0.57
    [createtime] => 2016-12-26 13:56:07
)
6
66
Array
(
    [id] => 78
    [book_id] => 2014462
    [book_title] => 山村如此多娇
    [author_name] => 云熙堂
    [word_count] => 2215957
    [chapter_count] => 883
    [channel_id] => 91006181
    [statistics_year] => 2016
    [statistics_month] => 12
    [total_income] => 73397
    [give_income] => 6328
    [income] => 67069
    [buckle_income] => 26423
    [createtime] => 2016-12-26 13:52:22
)
661
6611
Array
(
    [sum_total_income] => 73397
    [sum_give_income] => 6328
    [sum_income] => 67069
    [sum_buckle_income] => 31561
)
result=1
7
8
9
book_id=2014467
2
3
4
5
Array
(
    [total_income] => 51060
    [income] => 46027
    [give_income] => 5033
    [buckle_income] => 20935
    [buckle_coefficient] => 0.59
)
Array
(
    [book_id] => 2014467
    [book_title] => 亡灵禁地
    [author_name] => 农夫仙拳
    [word_count] => 2316099
    [chapter_count] => 758
    [channel_id] => 91006181
    [statistics_day] => 2016-12-18
    [total_income] => 51060
    [give_income] => 5033
    [income] => 46027
    [buckle_income] => 20935
    [buckle_coefficient] => 0.59
    [createtime] => 2016-12-26 13:56:07
)
6
66
Array
(
    [id] => 79
    [book_id] => 2014467
    [book_title] => 亡灵禁地
    [author_name] => 农夫仙拳
    [word_count] => 2316099
    [chapter_count] => 758
    [channel_id] => 91006181
    [statistics_year] => 2016
    [statistics_month] => 12
    [total_income] => 51060
    [give_income] => 5033
    [income] => 46027
    [buckle_income] => 19914
    [createtime] => 2016-12-26 13:52:22
)
661
6611
Array
(
    [sum_total_income] => 51060
    [sum_give_income] => 5033
    [sum_income] => 46027
    [sum_buckle_income] => 20935
)
result=1
7
8
9
book_id=2014468
2
3
4
5
Array
(
    [total_income] => 314
    [income] => 314
    [give_income] => 0
    [buckle_income] => 142
    [buckle_coefficient] => 0.55
)
Array
(
    [book_id] => 2014468
    [book_title] => 与女神合租的日子
    [author_name] => 狂拽炫酷
    [word_count] => 1166830
    [chapter_count] => 527
    [channel_id] => 91006181
    [statistics_day] => 2016-12-18
    [total_income] => 314
    [give_income] => 0
    [income] => 314
    [buckle_income] => 142
    [buckle_coefficient] => 0.55
    [createtime] => 2016-12-26 13:56:08
)
6
66
Array
(
    [id] => 80
    [book_id] => 2014468
    [book_title] => 与女神合租的日子
    [author_name] => 狂拽炫酷
    [word_count] => 1166830
    [chapter_count] => 527
    [channel_id] => 91006181
    [statistics_year] => 2016
    [statistics_month] => 12
    [total_income] => 314
    [give_income] => 0
    [income] => 314
    [buckle_income] => 136
    [createtime] => 2016-12-26 13:52:22
)
661
6611
Array
(
    [sum_total_income] => 314
    [sum_give_income] => 0
    [sum_income] => 314
    [sum_buckle_income] => 142
)
result=1
7
8
9
book_id=2014471
2
3
4
5
Array
(
    [total_income] => 4516
    [income] => 4156
    [give_income] => 360
    [buckle_income] => 1581
    [buckle_coefficient] => 0.65
)
Array
(
    [book_id] => 2014471
    [book_title] => 合租美女
    [author_name] => 醉夜偶艳
    [word_count] => 5301531
    [chapter_count] => 1693
    [channel_id] => 91006181
    [statistics_day] => 2016-12-18
    [total_income] => 4516
    [give_income] => 360
    [income] => 4156
    [buckle_income] => 1581
    [buckle_coefficient] => 0.65
    [createtime] => 2016-12-26 13:56:08
)
6
66
Array
(
    [id] => 81
    [book_id] => 2014471
    [book_title] => 合租美女
    [author_name] => 醉夜偶艳
    [word_count] => 5301531
    [chapter_count] => 1693
    [channel_id] => 91006181
    [statistics_year] => 2016
    [statistics_month] => 12
    [total_income] => 4516
    [give_income] => 360
    [income] => 4156
    [buckle_income] => 1807
    [createtime] => 2016-12-26 13:52:23
)
661
6611
Array
(
    [sum_total_income] => 4516
    [sum_give_income] => 360
    [sum_income] => 4156
    [sum_buckle_income] => 1581
)
result=1
7
8
9
book_id=2014472
2
3
4
5
Array
(
    [total_income] => 49
    [income] => 49
    [give_income] => 0
    [buckle_income] => 22
    [buckle_coefficient] => 0.56
)
Array
(
    [book_id] => 2014472
    [book_title] => 荒宅怨灵
    [author_name] => 单细胞
    [word_count] => 1189792
    [chapter_count] => 376
    [channel_id] => 91006181
    [statistics_day] => 2016-12-18
    [total_income] => 49
    [give_income] => 0
    [income] => 49
    [buckle_income] => 22
    [buckle_coefficient] => 0.56
    [createtime] => 2016-12-26 13:56:08
)
6
66
Array
(
    [id] => 82
    [book_id] => 2014472
    [book_title] => 荒宅怨灵
    [author_name] => 单细胞
    [word_count] => 1189792
    [chapter_count] => 376
    [channel_id] => 91006181
    [statistics_year] => 2016
    [statistics_month] => 12
    [total_income] => 49
    [give_income] => 0
    [income] => 49
    [buckle_income] => 21
    [createtime] => 2016-12-26 13:52:23
)
661
6611
Array
(
    [sum_total_income] => 49
    [sum_give_income] => 0
    [sum_income] => 49
    [sum_buckle_income] => 22
)
result=1
7
8
9
book_id=2014475
2
3
4
5
Array
(
    [total_income] => 215
    [income] => 0
    [give_income] => 215
    [buckle_income] => 78
    [buckle_coefficient] => 0.64
)
Array
(
    [book_id] => 2014475
    [book_title] => 打工奇谈
    [author_name] => 一口黑锅
    [word_count] => 1341173
    [chapter_count] => 433
    [channel_id] => 91006181
    [statistics_day] => 2016-12-18
    [total_income] => 215
    [give_income] => 215
    [income] => 0
    [buckle_income] => 78
    [buckle_coefficient] => 0.64
    [createtime] => 2016-12-26 13:56:08
)
6
66
Array
(
    [id] => 83
    [book_id] => 2014475
    [book_title] => 打工奇谈
    [author_name] => 一口黑锅
    [word_count] => 1341173
    [chapter_count] => 433
    [channel_id] => 91006181
    [statistics_year] => 2016
    [statistics_month] => 12
    [total_income] => 215
    [give_income] => 215
    [income] => 0
    [buckle_income] => 82
    [createtime] => 2016-12-26 13:52:23
)
661
6611
Array
(
    [sum_total_income] => 215
    [sum_give_income] => 215
    [sum_income] => 0
    [sum_buckle_income] => 78
)
result=1
7
8
9
book_id=2014482
2
3
4
5
Array
(
    [total_income] => 802
    [income] => 802
    [give_income] => 0
    [buckle_income] => 313
    [buckle_coefficient] => 0.61
)
Array
(
    [book_id] => 2014482
    [book_title] => 邪魅总裁：你只配代孕
    [author_name] => 漫妖娆
    [word_count] => 1686473
    [chapter_count] => 623
    [channel_id] => 91006181
    [statistics_day] => 2016-12-18
    [total_income] => 802
    [give_income] => 0
    [income] => 802
    [buckle_income] => 313
    [buckle_coefficient] => 0.61
    [createtime] => 2016-12-26 13:56:08
)
6
66
Array
(
    [id] => 84
    [book_id] => 2014482
    [book_title] => 邪魅总裁：你只配代孕
    [author_name] => 漫妖娆
    [word_count] => 1686473
    [chapter_count] => 623
    [channel_id] => 91006181
    [statistics_year] => 2016
    [statistics_month] => 12
    [total_income] => 802
    [give_income] => 0
    [income] => 802
    [buckle_income] => 321
    [createtime] => 2016-12-26 13:52:23
)
661
6611
Array
(
    [sum_total_income] => 802
    [sum_give_income] => 0
    [sum_income] => 802
    [sum_buckle_income] => 313
)
result=1
7
8
9
book_id=2014483
2
3
4
5
Array
(
    [total_income] => 13213
    [income] => 12293
    [give_income] => 920
    [buckle_income] => 5946
    [buckle_coefficient] => 0.55
)
Array
(
    [book_id] => 2014483
    [book_title] => 花手赌圣
    [author_name] => 玄同
    [word_count] => 2005153
    [chapter_count] => 929
    [channel_id] => 91006181
    [statistics_day] => 2016-12-18
    [total_income] => 13213
    [give_income] => 920
    [income] => 12293
    [buckle_income] => 5946
    [buckle_coefficient] => 0.55
    [createtime] => 2016-12-26 13:56:08
)
6
66
Array
(
    [id] => 85
    [book_id] => 2014483
    [book_title] => 花手赌圣
    [author_name] => 玄同
    [word_count] => 2005153
    [chapter_count] => 929
    [channel_id] => 91006181
    [statistics_year] => 2016
    [statistics_month] => 12
    [total_income] => 13213
    [give_income] => 920
    [income] => 12293
    [buckle_income] => 4625
    [createtime] => 2016-12-26 13:52:23
)
661
6611
Array
(
    [sum_total_income] => 13213
    [sum_give_income] => 920
    [sum_income] => 12293
    [sum_buckle_income] => 5946
)
result=1
7
8
9
book_id=2014488
2
3
4
5
Array
(
    [total_income] => 72
    [income] => 72
    [give_income] => 0
    [buckle_income] => 30
    [buckle_coefficient] => 0.59
)
Array
(
    [book_id] => 2014488
    [book_title] => 花都逍遥游
    [author_name] => 感冒小宝
    [word_count] => 804901
    [chapter_count] => 236
    [channel_id] => 91006181
    [statistics_day] => 2016-12-18
    [total_income] => 72
    [give_income] => 0
    [income] => 72
    [buckle_income] => 30
    [buckle_coefficient] => 0.59
    [createtime] => 2016-12-26 13:56:08
)
6
66
Array
(
    [id] => 86
    [book_id] => 2014488
    [book_title] => 花都逍遥游
    [author_name] => 感冒小宝
    [word_count] => 804901
    [chapter_count] => 236
    [channel_id] => 91006181
    [statistics_year] => 2016
    [statistics_month] => 12
    [total_income] => 72
    [give_income] => 0
    [income] => 72
    [buckle_income] => 29
    [createtime] => 2016-12-26 13:52:23
)
661
6611
Array
(
    [sum_total_income] => 72
    [sum_give_income] => 0
    [sum_income] => 72
    [sum_buckle_income] => 30
)
result=1
7
8
9
channel_id=91029277
book=0
i=8
channel_id=91033284
book=2
i=9
1
book_id=2015757
2
3
4
5
Array
(
    [total_income] => 4894
    [income] => 3815
    [give_income] => 1079
    [buckle_income] => 1762
    [buckle_coefficient] => 0.64
)
Array
(
    [book_id] => 2015757
    [book_title] => 透视之瞳
    [author_name] => 旸谷
    [word_count] => 1823137
    [chapter_count] => 888
    [channel_id] => 91033284
    [statistics_day] => 2016-12-18
    [total_income] => 4894
    [give_income] => 1079
    [income] => 3815
    [buckle_income] => 1762
    [buckle_coefficient] => 0.64
    [createtime] => 2016-12-26 13:56:08
)
6
66
Array
(
    [id] => 87
    [book_id] => 2015757
    [book_title] => 透视之瞳
    [author_name] => 旸谷
    [word_count] => 1823137
    [chapter_count] => 888
    [channel_id] => 91033284
    [statistics_year] => 2016
    [statistics_month] => 12
    [total_income] => 4894
    [give_income] => 1079
    [income] => 3815
    [buckle_income] => 1958
    [createtime] => 2016-12-26 13:52:23
)
661
6611
Array
(
    [sum_total_income] => 4894
    [sum_give_income] => 1079
    [sum_income] => 3815
    [sum_buckle_income] => 1762
)
result=1
7
8
9
book_id=2015785
2
3
4
5
Array
(
    [total_income] => 466
    [income] => 466
    [give_income] => 0
    [buckle_income] => 164
    [buckle_coefficient] => 0.65
)
Array
(
    [book_id] => 2015785
    [book_title] => 美女的超级高手
    [author_name] => 陌上花开
    [word_count] => 3589742
    [chapter_count] => 1643
    [channel_id] => 91033284
    [statistics_day] => 2016-12-18
    [total_income] => 466
    [give_income] => 0
    [income] => 466
    [buckle_income] => 164
    [buckle_coefficient] => 0.65
    [createtime] => 2016-12-26 13:56:08
)
6
66
Array
(
    [id] => 88
    [book_id] => 2015785
    [book_title] => 美女的超级高手
    [author_name] => 陌上花开
    [word_count] => 3589742
    [chapter_count] => 1643
    [channel_id] => 91033284
    [statistics_year] => 2016
    [statistics_month] => 12
    [total_income] => 466
    [give_income] => 0
    [income] => 466
    [buckle_income] => 178
    [createtime] => 2016-12-26 13:52:23
)
661
6611
Array
(
    [sum_total_income] => 466
    [sum_give_income] => 0
    [sum_income] => 466
    [sum_buckle_income] => 164
)
result=1
7
8
9
channel_id=91104074
book=1
i=10
1
book_id=2016697
2
3
4
5
Array
(
    [total_income] => 428
    [income] => 428
    [give_income] => 0
    [buckle_income] => 146
    [buckle_coefficient] => 0.66
)
Array
(
    [book_id] => 2016697
    [book_title] => 腹黑萌宝俏娘亲
    [author_name] => 阿妆
    [word_count] => 938203
    [chapter_count] => 301
    [channel_id] => 91104074
    [statistics_day] => 2016-12-18
    [total_income] => 428
    [give_income] => 0
    [income] => 428
    [buckle_income] => 146
    [buckle_coefficient] => 0.66
    [createtime] => 2016-12-26 13:56:08
)
6
66
Array
(
    [id] => 89
    [book_id] => 2016697
    [book_title] => 腹黑萌宝俏娘亲
    [author_name] => 阿妆
    [word_count] => 938203
    [chapter_count] => 301
    [channel_id] => 91104074
    [statistics_year] => 2016
    [statistics_month] => 12
    [total_income] => 428
    [give_income] => 0
    [income] => 428
    [buckle_income] => 189
    [createtime] => 2016-12-26 13:52:23
)
661
6611
Array
(
    [sum_total_income] => 428
    [sum_give_income] => 0
    [sum_income] => 428
    [sum_buckle_income] => 146
)
result=1
7
8
9
channel_id=91200264
book=0
i=11
channel_id=0
book=241
i=12
1
book_id=311
2
3
4
5
Array
(
    [total_income] => 21
    [income] => 21
    [give_income] => 0
    [buckle_income] => 12
    [buckle_coefficient] => 0.43
)
Array
(
    [book_id] => 311
    [book_title] => 兽之幻想
    [author_name] => 月色花前酒
    [word_count] => 171169
    [chapter_count] => 82
    [channel_id] => 0
    [statistics_day] => 2016-12-18
    [total_income] => 21
    [give_income] => 0
    [income] => 21
    [buckle_income] => 12
    [buckle_coefficient] => 0.43
    [createtime] => 2016-12-26 13:56:16
)
6
66
Array
(
    [id] => 90
    [book_id] => 311
    [book_title] => 兽之幻想
    [author_name] => 月色花前酒
    [word_count] => 171169
    [chapter_count] => 82
    [channel_id] => 0
    [statistics_year] => 2016
    [statistics_month] => 12
    [total_income] => 21
    [give_income] => 0
    [income] => 21
    [buckle_income] => 15
    [createtime] => 2016-12-26 13:52:31
)
661
6611
Array
(
    [sum_total_income] => 21
    [sum_give_income] => 0
    [sum_income] => 21
    [sum_buckle_income] => 12
)
result=1
7
8
9
book_id=11898
2
3
4
5
Array
(
    [total_income] => 1060
    [income] => 1060
    [give_income] => 0
    [buckle_income] => 403
    [buckle_coefficient] => 0.62
)
Array
(
    [book_id] => 11898
    [book_title] => 邪路英雄
    [author_name] => 深海游龙
    [word_count] => 1090448
    [chapter_count] => 408
    [channel_id] => 0
    [statistics_day] => 2016-12-18
    [total_income] => 1060
    [give_income] => 0
    [income] => 1060
    [buckle_income] => 403
    [buckle_coefficient] => 0.62
    [createtime] => 2016-12-26 13:56:16
)
6
66
Array
(
    [id] => 91
    [book_id] => 11898
    [book_title] => 邪路英雄
    [author_name] => 深海游龙
    [word_count] => 1090448
    [chapter_count] => 408
    [channel_id] => 0
    [statistics_year] => 2016
    [statistics_month] => 12
    [total_income] => 1060
    [give_income] => 0
    [income] => 1060
    [buckle_income] => 435
    [createtime] => 2016-12-26 13:52:31
)
661
6611
Array
(
    [sum_total_income] => 1060
    [sum_give_income] => 0
    [sum_income] => 1060
    [sum_buckle_income] => 403
)
result=1
7
8
9
book_id=12881
2
3
4
5
Array
(
    [total_income] => 5045
    [income] => 5045
    [give_income] => 0
    [buckle_income] => 2119
    [buckle_coefficient] => 0.58
)
Array
(
    [book_id] => 12881
    [book_title] => 美女图
    [author_name] => 我是多余人
    [word_count] => 6875897
    [chapter_count] => 2528
    [channel_id] => 0
    [statistics_day] => 2016-12-18
    [total_income] => 5045
    [give_income] => 0
    [income] => 5045
    [buckle_income] => 2119
    [buckle_coefficient] => 0.58
    [createtime] => 2016-12-26 13:56:17
)
6
66
Array
(
    [id] => 92
    [book_id] => 12881
    [book_title] => 美女图
    [author_name] => 我是多余人
    [word_count] => 6875897
    [chapter_count] => 2528
    [channel_id] => 0
    [statistics_year] => 2016
    [statistics_month] => 12
    [total_income] => 5045
    [give_income] => 0
    [income] => 5045
    [buckle_income] => 1918
    [createtime] => 2016-12-26 13:52:32
)
661
6611
Array
(
    [sum_total_income] => 5045
    [sum_give_income] => 0
    [sum_income] => 5045
    [sum_buckle_income] => 2119
)
result=1
7
8
9
book_id=15556
2
3
4
5
Array
(
    [total_income] => 67
    [income] => 55
    [give_income] => 12
    [buckle_income] => 27
    [buckle_coefficient] => 0.61
)
Array
(
    [book_id] => 15556
    [book_title] => 害羞的王者
    [author_name] => 海南小小蟋蟀
    [word_count] => 1048503
    [chapter_count] => 408
    [channel_id] => 0
    [statistics_day] => 2016-12-18
    [total_income] => 67
    [give_income] => 12
    [income] => 55
    [buckle_income] => 27
    [buckle_coefficient] => 0.61
    [createtime] => 2016-12-26 13:56:17
)
6
66
Array
(
    [id] => 93
    [book_id] => 15556
    [book_title] => 害羞的王者
    [author_name] => 海南小小蟋蟀
    [word_count] => 1048503
    [chapter_count] => 408
    [channel_id] => 0
    [statistics_year] => 2016
    [statistics_month] => 12
    [total_income] => 67
    [give_income] => 12
    [income] => 55
    [buckle_income] => 25
    [createtime] => 2016-12-26 13:52:32
)
661
6611
Array
(
    [sum_total_income] => 67
    [sum_give_income] => 12
    [sum_income] => 55
    [sum_buckle_income] => 27
)
result=1
7
8
9
book_id=15684
2
3
4
5
Array
(
    [total_income] => 12775
    [income] => 11697
    [give_income] => 1078
    [buckle_income] => 4472
    [buckle_coefficient] => 0.65
)
Array
(
    [book_id] => 15684
    [book_title] => 都市第一混
    [author_name] => 飘逸居士
    [word_count] => 1093140
    [chapter_count] => 487
    [channel_id] => 0
    [statistics_day] => 2016-12-18
    [total_income] => 12775
    [give_income] => 1078
    [income] => 11697
    [buckle_income] => 4472
    [buckle_coefficient] => 0.65
    [createtime] => 2016-12-26 13:56:17
)
6
66
Array
(
    [id] => 94
    [book_id] => 15684
    [book_title] => 都市第一混
    [author_name] => 飘逸居士
    [word_count] => 1093140
    [chapter_count] => 487
    [channel_id] => 0
    [statistics_year] => 2016
    [statistics_month] => 12
    [total_income] => 12775
    [give_income] => 1078
    [income] => 11697
    [buckle_income] => 4855
    [createtime] => 2016-12-26 13:52:32
)
661
6611
Array
(
    [sum_total_income] => 12775
    [sum_give_income] => 1078
    [sum_income] => 11697
    [sum_buckle_income] => 4472
)
result=1
7
8
9
book_id=19345
2
3
4
5
Array
(
    [total_income] => 24
    [income] => 24
    [give_income] => 0
    [buckle_income] => 9
    [buckle_coefficient] => 0.65
)
Array
(
    [book_id] => 19345
    [book_title] => 打工妹杨兰的爱情故事
    [author_name] => 秋水伊人1
    [word_count] => 1107202
    [chapter_count] => 452
    [channel_id] => 0
    [statistics_day] => 2016-12-18
    [total_income] => 24
    [give_income] => 0
    [income] => 24
    [buckle_income] => 9
    [buckle_coefficient] => 0.65
    [createtime] => 2016-12-26 13:56:17
)
6
66
Array
(
    [id] => 95
    [book_id] => 19345
    [book_title] => 打工妹杨兰的爱情故事
    [author_name] => 秋水伊人1
    [word_count] => 1107202
    [chapter_count] => 452
    [channel_id] => 0
    [statistics_year] => 2016
    [statistics_month] => 12
    [total_income] => 24
    [give_income] => 0
    [income] => 24
    [buckle_income] => 10
    [createtime] => 2016-12-26 13:52:32
)
661
6611
Array
(
    [sum_total_income] => 24
    [sum_give_income] => 0
    [sum_income] => 24
    [sum_buckle_income] => 9
)
result=1
7
8
9
book_id=20717
2
3
4
5
Array
(
    [total_income] => 17388
    [income] => 16089
    [give_income] => 1299
    [buckle_income] => 7477
    [buckle_coefficient] => 0.57
)
Array
(
    [book_id] => 20717
    [book_title] => 极品纨绔
    [author_name] => 左妻右妾
    [word_count] => 3573297
    [chapter_count] => 1162
    [channel_id] => 0
    [statistics_day] => 2016-12-18
    [total_income] => 17388
    [give_income] => 1299
    [income] => 16089
    [buckle_income] => 7477
    [buckle_coefficient] => 0.57
    [createtime] => 2016-12-26 13:56:17
)
6
66
Array
(
    [id] => 96
    [book_id] => 20717
    [book_title] => 极品纨绔
    [author_name] => 左妻右妾
    [word_count] => 3573297
    [chapter_count] => 1162
    [channel_id] => 0
    [statistics_year] => 2016
    [statistics_month] => 12
    [total_income] => 17388
    [give_income] => 1299
    [income] => 16089
    [buckle_income] => 6260
    [createtime] => 2016-12-26 13:52:32
)
661
6611
Array
(
    [sum_total_income] => 17388
    [sum_give_income] => 1299
    [sum_income] => 16089
    [sum_buckle_income] => 7477
)
result=1
7
8
9
book_id=20721
2
3
4
5
Array
(
    [total_income] => 35
    [income] => 0
    [give_income] => 35
    [buckle_income] => 15
    [buckle_coefficient] => 0.58
)
Array
(
    [book_id] => 20721
    [book_title] => 穿越时空再续情缘
    [author_name] => 楓之幻想
    [word_count] => 1854280
    [chapter_count] => 888
    [channel_id] => 0
    [statistics_day] => 2016-12-18
    [total_income] => 35
    [give_income] => 35
    [income] => 0
    [buckle_income] => 15
    [buckle_coefficient] => 0.58
    [createtime] => 2016-12-26 13:56:17
)
6
66
Array
(
    [id] => 97
    [book_id] => 20721
    [book_title] => 穿越时空再续情缘
    [author_name] => 楓之幻想
    [word_count] => 1854280
    [chapter_count] => 888
    [channel_id] => 0
    [statistics_year] => 2016
    [statistics_month] => 12
    [total_income] => 35
    [give_income] => 35
    [income] => 0
    [buckle_income] => 16
    [createtime] => 2016-12-26 13:52:32
)
661
6611
Array
(
    [sum_total_income] => 35
    [sum_give_income] => 35
    [sum_income] => 0
    [sum_buckle_income] => 15
)
result=1
7
8
9
book_id=21616
2
3
4
5
Array
(
    [total_income] => 32401
    [income] => 30420
    [give_income] => 1981
    [buckle_income] => 12313
    [buckle_coefficient] => 0.62
)
Array
(
    [book_id] => 21616
    [book_title] => 极品戒指
    [author_name] => 不是蚊子
    [word_count] => 5525581
    [chapter_count] => 1804
    [channel_id] => 0
    [statistics_day] => 2016-12-18
    [total_income] => 32401
    [give_income] => 1981
    [income] => 30420
    [buckle_income] => 12313
    [buckle_coefficient] => 0.62
    [createtime] => 2016-12-26 13:56:18
)
6
66
Array
(
    [id] => 98
    [book_id] => 21616
    [book_title] => 极品戒指
    [author_name] => 不是蚊子
    [word_count] => 5525581
    [chapter_count] => 1804
    [channel_id] => 0
    [statistics_year] => 2016
    [statistics_month] => 12
    [total_income] => 32401
    [give_income] => 1981
    [income] => 30420
    [buckle_income] => 13285
    [createtime] => 2016-12-26 13:52:33
)
661
6611
Array
(
    [sum_total_income] => 32401
    [sum_give_income] => 1981
    [sum_income] => 30420
    [sum_buckle_income] => 12313
)
result=1
7
8
9
book_id=23860
2
3
4
5
Array
(
    [total_income] => 388
    [income] => 388
    [give_income] => 0
    [buckle_income] => 140
    [buckle_coefficient] => 0.64
)
Array
(
    [book_id] => 23860
    [book_title] => 九阳邪君
    [author_name] => 小妖
    [word_count] => 3921190
    [chapter_count] => 1461
    [channel_id] => 0
    [statistics_day] => 2016-12-18
    [total_income] => 388
    [give_income] => 0
    [income] => 388
    [buckle_income] => 140
    [buckle_coefficient] => 0.64
    [createtime] => 2016-12-26 13:56:18
)
6
66
Array
(
    [id] => 99
    [book_id] => 23860
    [book_title] => 九阳邪君
    [author_name] => 小妖
    [word_count] => 3921190
    [chapter_count] => 1461
    [channel_id] => 0
    [statistics_year] => 2016
    [statistics_month] => 12
    [total_income] => 388
    [give_income] => 0
    [income] => 388
    [buckle_income] => 140
    [createtime] => 2016-12-26 13:52:33
)
661
6611
Array
(
    [sum_total_income] => 388
    [sum_give_income] => 0
    [sum_income] => 388
    [sum_buckle_income] => 140
)
result=1
7
8
9
book_id=25056
2
3
4
5
Array
(
    [total_income] => 2181
    [income] => 2181
    [give_income] => 0
    [buckle_income] => 895
    [buckle_coefficient] => 0.59
)
Array
(
    [book_id] => 25056
    [book_title] => 皇后很萌很倾城
    [author_name] => 一缕相思
    [word_count] => 516017
    [chapter_count] => 238
    [channel_id] => 0
    [statistics_day] => 2016-12-18
    [total_income] => 2181
    [give_income] => 0
    [income] => 2181
    [buckle_income] => 895
    [buckle_coefficient] => 0.59
    [createtime] => 2016-12-26 13:56:18
)
6
66
Array
(
    [id] => 100
    [book_id] => 25056
    [book_title] => 皇后很萌很倾城
    [author_name] => 一缕相思
    [word_count] => 516017
    [chapter_count] => 238
    [channel_id] => 0
    [statistics_year] => 2016
    [statistics_month] => 12
    [total_income] => 2181
    [give_income] => 0
    [income] => 2181
    [buckle_income] => 938
    [createtime] => 2016-12-26 13:52:33
)
661
6611
Array
(
    [sum_total_income] => 2181
    [sum_give_income] => 0
    [sum_income] => 2181
    [sum_buckle_income] => 895
)
result=1
7
8
9
book_id=25404
2
3
4
5
Array
(
    [total_income] => 227
    [income] => 227
    [give_income] => 0
    [buckle_income] => 80
    [buckle_coefficient] => 0.65
)
Array
(
    [book_id] => 25404
    [book_title] => 抗战之红色军神
    [author_name] => 心上雪
    [word_count] => 1320181
    [chapter_count] => 424
    [channel_id] => 0
    [statistics_day] => 2016-12-18
    [total_income] => 227
    [give_income] => 0
    [income] => 227
    [buckle_income] => 80
    [buckle_coefficient] => 0.65
    [createtime] => 2016-12-26 13:56:18
)
6
66
Array
(
    [id] => 101
    [book_id] => 25404
    [book_title] => 抗战之红色军神
    [author_name] => 心上雪
    [word_count] => 1320181
    [chapter_count] => 424
    [channel_id] => 0
    [statistics_year] => 2016
    [statistics_month] => 12
    [total_income] => 227
    [give_income] => 0
    [income] => 227
    [buckle_income] => 84
    [createtime] => 2016-12-26 13:52:33
)
661
6611
Array
(
    [sum_total_income] => 227
    [sum_give_income] => 0
    [sum_income] => 227
    [sum_buckle_income] => 80
)
result=1
7
8
9
book_id=25415
2
3
4
5
Array
(
    [total_income] => 59929
    [income] => 55491
    [give_income] => 4438
    [buckle_income] => 20976
    [buckle_coefficient] => 0.65
)
Array
(
    [book_id] => 25415
    [book_title] => 贴身保安
    [author_name] => 深海游龙
    [word_count] => 5254889
    [chapter_count] => 1722
    [channel_id] => 0
    [statistics_day] => 2016-12-18
    [total_income] => 59929
    [give_income] => 4438
    [income] => 55491
    [buckle_income] => 20976
    [buckle_coefficient] => 0.65
    [createtime] => 2016-12-26 13:56:18
)
6
66
Array
(
    [id] => 102
    [book_id] => 25415
    [book_title] => 贴身保安
    [author_name] => 深海游龙
    [word_count] => 5254889
    [chapter_count] => 1722
    [channel_id] => 0
    [statistics_year] => 2016
    [statistics_month] => 12
    [total_income] => 59929
    [give_income] => 4438
    [income] => 55491
    [buckle_income] => 26969
    [createtime] => 2016-12-26 13:52:33
)
661
6611
Array
(
    [sum_total_income] => 59929
    [sum_give_income] => 4438
    [sum_income] => 55491
    [sum_buckle_income] => 20976
)
result=1
7
8
9
book_id=26064
2
3
4
5
Array
(
    [total_income] => 181
    [income] => 181
    [give_income] => 0
    [buckle_income] => 82
    [buckle_coefficient] => 0.55
)
Array
(
    [book_id] => 26064
    [book_title] => 极品眼镜
    [author_name] => 福月
    [word_count] => 671262
    [chapter_count] => 225
    [channel_id] => 0
    [statistics_day] => 2016-12-18
    [total_income] => 181
    [give_income] => 0
    [income] => 181
    [buckle_income] => 82
    [buckle_coefficient] => 0.55
    [createtime] => 2016-12-26 13:56:19
)
6
66
Array
(
    [id] => 103
    [book_id] => 26064
    [book_title] => 极品眼镜
    [author_name] => 福月
    [word_count] => 671262
    [chapter_count] => 225
    [channel_id] => 0
    [statistics_year] => 2016
    [statistics_month] => 12
    [total_income] => 181
    [give_income] => 0
    [income] => 181
    [buckle_income] => 69
    [createtime] => 2016-12-26 13:52:34
)
661
6611
Array
(
    [sum_total_income] => 181
    [sum_give_income] => 0
    [sum_income] => 181
    [sum_buckle_income] => 82
)
result=1
7
8
9
book_id=26985
2
3
4
5
Array
(
    [total_income] => 1445
    [income] => 1428
    [give_income] => 17
    [buckle_income] => 564
    [buckle_coefficient] => 0.61
)
Array
(
    [book_id] => 26985
    [book_title] => 美女的花心护卫
    [author_name] => 风岚
    [word_count] => 3024837
    [chapter_count] => 981
    [channel_id] => 0
    [statistics_day] => 2016-12-18
    [total_income] => 1445
    [give_income] => 17
    [income] => 1428
    [buckle_income] => 564
    [buckle_coefficient] => 0.61
    [createtime] => 2016-12-26 13:56:19
)
6
66
Array
(
    [id] => 104
    [book_id] => 26985
    [book_title] => 美女的花心护卫
    [author_name] => 风岚
    [word_count] => 3024837
    [chapter_count] => 981
    [channel_id] => 0
    [statistics_year] => 2016
    [statistics_month] => 12
    [total_income] => 1445
    [give_income] => 17
    [income] => 1428
    [buckle_income] => 607
    [createtime] => 2016-12-26 13:52:34
)
661
6611
Array
(
    [sum_total_income] => 1445
    [sum_give_income] => 17
    [sum_income] => 1428
    [sum_buckle_income] => 564
)
result=1
7
8
9
book_id=27464
2
3
4
5
Array
(
    [total_income] => 694
    [income] => 694
    [give_income] => 0
    [buckle_income] => 285
    [buckle_coefficient] => 0.59
)
Array
(
    [book_id] => 27464
    [book_title] => 超级囚徒
    [author_name] => 码字小神
    [word_count] => 2166001
    [chapter_count] => 700
    [channel_id] => 0
    [statistics_day] => 2016-12-18
    [total_income] => 694
    [give_income] => 0
    [income] => 694
    [buckle_income] => 285
    [buckle_coefficient] => 0.59
    [createtime] => 2016-12-26 13:56:19
)
6
66
Array
(
    [id] => 105
    [book_id] => 27464
    [book_title] => 超级囚徒
    [author_name] => 码字小神
    [word_count] => 2166001
    [chapter_count] => 700
    [channel_id] => 0
    [statistics_year] => 2016
    [statistics_month] => 12
    [total_income] => 694
    [give_income] => 0
    [income] => 694
    [buckle_income] => 271
    [createtime] => 2016-12-26 13:52:34
)
661
6611
Array
(
    [sum_total_income] => 694
    [sum_give_income] => 0
    [sum_income] => 694
    [sum_buckle_income] => 285
)
result=1
7
8
9
book_id=27482
2
3
4
5
Array
(
    [total_income] => 154635
    [income] => 138290
    [give_income] => 16345
    [buckle_income] => 58762
    [buckle_coefficient] => 0.62
)
Array
(
    [book_id] => 27482
    [book_title] => 超级保安
    [author_name] => 杨老三
    [word_count] => 2233005
    [chapter_count] => 722
    [channel_id] => 0
    [statistics_day] => 2016-12-18
    [total_income] => 154635
    [give_income] => 16345
    [income] => 138290
    [buckle_income] => 58762
    [buckle_coefficient] => 0.62
    [createtime] => 2016-12-26 13:56:20
)
6
66
Array
(
    [id] => 106
    [book_id] => 27482
    [book_title] => 超级保安
    [author_name] => 杨老三
    [word_count] => 2233005
    [chapter_count] => 722
    [channel_id] => 0
    [statistics_year] => 2016
    [statistics_month] => 12
    [total_income] => 154635
    [give_income] => 16345
    [income] => 138290
    [buckle_income] => 66494
    [createtime] => 2016-12-26 13:52:35
)
661
6611
Array
(
    [sum_total_income] => 154635
    [sum_give_income] => 16345
    [sum_income] => 138290
    [sum_buckle_income] => 58762
)
result=1
7
8
9
book_id=27631
2
3
4
5
Array
(
    [total_income] => 29751
    [income] => 26003
    [give_income] => 3748
    [buckle_income] => 11306
    [buckle_coefficient] => 0.62
)
Array
(
    [book_id] => 27631
    [book_title] => 我的美女姐妹花
    [author_name] => 宁道远
    [word_count] => 2942611
    [chapter_count] => 962
    [channel_id] => 0
    [statistics_day] => 2016-12-18
    [total_income] => 29751
    [give_income] => 3748
    [income] => 26003
    [buckle_income] => 11306
    [buckle_coefficient] => 0.62
    [createtime] => 2016-12-26 13:56:20
)
6
66
Array
(
    [id] => 107
    [book_id] => 27631
    [book_title] => 我的美女姐妹花
    [author_name] => 宁道远
    [word_count] => 2942611
    [chapter_count] => 962
    [channel_id] => 0
    [statistics_year] => 2016
    [statistics_month] => 12
    [total_income] => 29751
    [give_income] => 3748
    [income] => 26003
    [buckle_income] => 11306
    [createtime] => 2016-12-26 13:52:35
)
661
6611
Array
(
    [sum_total_income] => 29751
    [sum_give_income] => 3748
    [sum_income] => 26003
    [sum_buckle_income] => 11306
)
result=1
7
8
9
book_id=27666
2
3
4
5
Array
(
    [total_income] => 1691
    [income] => 1691
    [give_income] => 0
    [buckle_income] => 728
    [buckle_coefficient] => 0.57
)
Array
(
    [book_id] => 27666
    [book_title] => 冰山首席PK替嫁新娘
    [author_name] => 四舍五入
    [word_count] => 2174163
    [chapter_count] => 704
    [channel_id] => 0
    [statistics_day] => 2016-12-18
    [total_income] => 1691
    [give_income] => 0
    [income] => 1691
    [buckle_income] => 728
    [buckle_coefficient] => 0.57
    [createtime] => 2016-12-26 13:56:20
)
6
66
Array
(
    [id] => 108
    [book_id] => 27666
    [book_title] => 冰山首席PK替嫁新娘
    [author_name] => 四舍五入
    [word_count] => 2174163
    [chapter_count] => 704
    [channel_id] => 0
    [statistics_year] => 2016
    [statistics_month] => 12
    [total_income] => 1691
    [give_income] => 0
    [income] => 1691
    [buckle_income] => 660
    [createtime] => 2016-12-26 13:52:35
)
661
6611
Array
(
    [sum_total_income] => 1691
    [sum_give_income] => 0
    [sum_income] => 1691
    [sum_buckle_income] => 728
)
result=1
7
8
9
book_id=27898
2
3
4
5
Array
(
    [total_income] => 22207
    [income] => 20184
    [give_income] => 2023
    [buckle_income] => 7995
    [buckle_coefficient] => 0.64
)
Array
(
    [book_id] => 27898
    [book_title] => 巨枭
    [author_name] => 步非凡
    [word_count] => 1827344
    [chapter_count] => 561
    [channel_id] => 0
    [statistics_day] => 2016-12-18
    [total_income] => 22207
    [give_income] => 2023
    [income] => 20184
    [buckle_income] => 7995
    [buckle_coefficient] => 0.64
    [createtime] => 2016-12-26 13:56:20
)
6
66
Array
(
    [id] => 109
    [book_id] => 27898
    [book_title] => 巨枭
    [author_name] => 步非凡
    [word_count] => 1827344
    [chapter_count] => 561
    [channel_id] => 0
    [statistics_year] => 2016
    [statistics_month] => 12
    [total_income] => 22207
    [give_income] => 2023
    [income] => 20184
    [buckle_income] => 7551
    [createtime] => 2016-12-26 13:52:35
)
661
6611
Array
(
    [sum_total_income] => 22207
    [sum_give_income] => 2023
    [sum_income] => 20184
    [sum_buckle_income] => 7995
)
result=1
7
8
9
book_id=28192
2
3
4
5
Array
(
    [total_income] => 591
    [income] => 431
    [give_income] => 160
    [buckle_income] => 201
    [buckle_coefficient] => 0.66
)
Array
(
    [book_id] => 28192
    [book_title] => 少年魔神
    [author_name] => 周大少
    [word_count] => 5137462
    [chapter_count] => 1634
    [channel_id] => 0
    [statistics_day] => 2016-12-18
    [total_income] => 591
    [give_income] => 160
    [income] => 431
    [buckle_income] => 201
    [buckle_coefficient] => 0.66
    [createtime] => 2016-12-26 13:56:20
)
6
66
Array
(
    [id] => 110
    [book_id] => 28192
    [book_title] => 少年魔神
    [author_name] => 周大少
    [word_count] => 5137462
    [chapter_count] => 1634
    [channel_id] => 0
    [statistics_year] => 2016
    [statistics_month] => 12
    [total_income] => 591
    [give_income] => 160
    [income] => 431
    [buckle_income] => 255
    [createtime] => 2016-12-26 13:52:35
)
661
6611
Array
(
    [sum_total_income] => 591
    [sum_give_income] => 160
    [sum_income] => 431
    [sum_buckle_income] => 201
)
result=1
7
8
9
book_id=28332
2
3
4
5
Array
(
    [total_income] => 12286
    [income] => 9550
    [give_income] => 2736
    [buckle_income] => 5283
    [buckle_coefficient] => 0.57
)
Array
(
    [book_id] => 28332
    [book_title] => 都市寻美记
    [author_name] => 忘记一些
    [word_count] => 2502407
    [chapter_count] => 772
    [channel_id] => 0
    [statistics_day] => 2016-12-18
    [total_income] => 12286
    [give_income] => 2736
    [income] => 9550
    [buckle_income] => 5283
    [buckle_coefficient] => 0.57
    [createtime] => 2016-12-26 13:56:20
)
6
66
Array
(
    [id] => 111
    [book_id] => 28332
    [book_title] => 都市寻美记
    [author_name] => 忘记一些
    [word_count] => 2502407
    [chapter_count] => 772
    [channel_id] => 0
    [statistics_year] => 2016
    [statistics_month] => 12
    [total_income] => 12286
    [give_income] => 2736
    [income] => 9550
    [buckle_income] => 4546
    [createtime] => 2016-12-26 13:52:35
)
661
6611
Array
(
    [sum_total_income] => 12286
    [sum_give_income] => 2736
    [sum_income] => 9550
    [sum_buckle_income] => 5283
)
result=1
7
8
9
book_id=28983
2
3
4
5
Array
(
    [total_income] => 19111
    [income] => 17008
    [give_income] => 2103
    [buckle_income] => 7072
    [buckle_coefficient] => 0.63
)
Array
(
    [book_id] => 28983
    [book_title] => 一夜欢恋：霸上恶首席
    [author_name] => 七喜丸子
    [word_count] => 1476805
    [chapter_count] => 467
    [channel_id] => 0
    [statistics_day] => 2016-12-18
    [total_income] => 19111
    [give_income] => 2103
    [income] => 17008
    [buckle_income] => 7072
    [buckle_coefficient] => 0.63
    [createtime] => 2016-12-26 13:56:21
)
6
66
Array
(
    [id] => 112
    [book_id] => 28983
    [book_title] => 一夜欢恋：霸上恶首席
    [author_name] => 七喜丸子
    [word_count] => 1476805
    [chapter_count] => 467
    [channel_id] => 0
    [statistics_year] => 2016
    [statistics_month] => 12
    [total_income] => 19111
    [give_income] => 2103
    [income] => 17008
    [buckle_income] => 7836
    [createtime] => 2016-12-26 13:52:36
)
661
6611
Array
(
    [sum_total_income] => 19111
    [sum_give_income] => 2103
    [sum_income] => 17008
    [sum_buckle_income] => 7072
)
result=1
7
8
9
book_id=29487
2
3
4
5
Array
(
    [total_income] => 581
    [income] => 581
    [give_income] => 0
    [buckle_income] => 262
    [buckle_coefficient] => 0.55
)
Array
(
    [book_id] => 29487
    [book_title] => 我的妖孽小姨子
    [author_name] => 怒马照云
    [word_count] => 1807159
    [chapter_count] => 567
    [channel_id] => 0
    [statistics_day] => 2016-12-18
    [total_income] => 581
    [give_income] => 0
    [income] => 581
    [buckle_income] => 262
    [buckle_coefficient] => 0.55
    [createtime] => 2016-12-26 13:56:21
)
6
66
Array
(
    [id] => 113
    [book_id] => 29487
    [book_title] => 我的妖孽小姨子
    [author_name] => 怒马照云
    [word_count] => 1807159
    [chapter_count] => 567
    [channel_id] => 0
    [statistics_year] => 2016
    [statistics_month] => 12
    [total_income] => 581
    [give_income] => 0
    [income] => 581
    [buckle_income] => 221
    [createtime] => 2016-12-26 13:52:36
)
661
6611
Array
(
    [sum_total_income] => 581
    [sum_give_income] => 0
    [sum_income] => 581
    [sum_buckle_income] => 262
)
result=1
7
8
9
book_id=29786
2
3
4
5
Array
(
    [total_income] => 9933
    [income] => 8630
    [give_income] => 1303
    [buckle_income] => 4470
    [buckle_coefficient] => 0.55
)
Array
(
    [book_id] => 29786
    [book_title] => 美女公寓
    [author_name] => 明日复明日
    [word_count] => 5244184
    [chapter_count] => 1707
    [channel_id] => 0
    [statistics_day] => 2016-12-18
    [total_income] => 9933
    [give_income] => 1303
    [income] => 8630
    [buckle_income] => 4470
    [buckle_coefficient] => 0.55
    [createtime] => 2016-12-26 13:56:21
)
6
66
Array
(
    [id] => 114
    [book_id] => 29786
    [book_title] => 美女公寓
    [author_name] => 明日复明日
    [word_count] => 5244184
    [chapter_count] => 1707
    [channel_id] => 0
    [statistics_year] => 2016
    [statistics_month] => 12
    [total_income] => 9933
    [give_income] => 1303
    [income] => 8630
    [buckle_income] => 4073
    [createtime] => 2016-12-26 13:52:36
)
661
6611
Array
(
    [sum_total_income] => 9933
    [sum_give_income] => 1303
    [sum_income] => 8630
    [sum_buckle_income] => 4470
)
result=1
7
8
9
book_id=29983
2
3
4
5
Array
(
    [total_income] => 157
    [income] => 157
    [give_income] => 0
    [buckle_income] => 66
    [buckle_coefficient] => 0.58
)
Array
(
    [book_id] => 29983
    [book_title] => 野蛮合租
    [author_name] => 一丝不苟
    [word_count] => 2106695
    [chapter_count] => 682
    [channel_id] => 0
    [statistics_day] => 2016-12-18
    [total_income] => 157
    [give_income] => 0
    [income] => 157
    [buckle_income] => 66
    [buckle_coefficient] => 0.58
    [createtime] => 2016-12-26 13:56:21
)
6
66
Array
(
    [id] => 115
    [book_id] => 29983
    [book_title] => 野蛮合租
    [author_name] => 一丝不苟
    [word_count] => 2106695
    [chapter_count] => 682
    [channel_id] => 0
    [statistics_year] => 2016
    [statistics_month] => 12
    [total_income] => 157
    [give_income] => 0
    [income] => 157
    [buckle_income] => 55
    [createtime] => 2016-12-26 13:52:36
)
661
6611
Array
(
    [sum_total_income] => 157
    [sum_give_income] => 0
    [sum_income] => 157
    [sum_buckle_income] => 66
)
result=1
7
8
9
book_id=30354
2
3
4
5
Array
(
    [total_income] => 1364
    [income] => 1304
    [give_income] => 60
    [buckle_income] => 601
    [buckle_coefficient] => 0.56
)
Array
(
    [book_id] => 30354
    [book_title] => 只手遮天
    [author_name] => 东航
    [word_count] => 1358694
    [chapter_count] => 438
    [channel_id] => 0
    [statistics_day] => 2016-12-18
    [total_income] => 1364
    [give_income] => 60
    [income] => 1304
    [buckle_income] => 601
    [buckle_coefficient] => 0.56
    [createtime] => 2016-12-26 13:56:22
)
6
66
Array
(
    [id] => 116
    [book_id] => 30354
    [book_title] => 只手遮天
    [author_name] => 东航
    [word_count] => 1358694
    [chapter_count] => 438
    [channel_id] => 0
    [statistics_year] => 2016
    [statistics_month] => 12
    [total_income] => 1364
    [give_income] => 60
    [income] => 1304
    [buckle_income] => 546
    [createtime] => 2016-12-26 13:52:36
)
661
6611
Array
(
    [sum_total_income] => 1364
    [sum_give_income] => 60
    [sum_income] => 1304
    [sum_buckle_income] => 601
)
result=1
7
8
9
book_id=30378
2
3
4
5
Array
(
    [total_income] => 1380
    [income] => 816
    [give_income] => 564
    [buckle_income] => 552
    [buckle_coefficient] => 0.6
)
Array
(
    [book_id] => 30378
    [book_title] => 天命邪君
    [author_name] => 紫衣封侯
    [word_count] => 1245680
    [chapter_count] => 395
    [channel_id] => 0
    [statistics_day] => 2016-12-18
    [total_income] => 1380
    [give_income] => 564
    [income] => 816
    [buckle_income] => 552
    [buckle_coefficient] => 0.6
    [createtime] => 2016-12-26 13:56:23
)
6
66
Array
(
    [id] => 117
    [book_id] => 30378
    [book_title] => 天命邪君
    [author_name] => 紫衣封侯
    [word_count] => 1245680
    [chapter_count] => 395
    [channel_id] => 0
    [statistics_year] => 2016
    [statistics_month] => 12
    [total_income] => 1380
    [give_income] => 564
    [income] => 816
    [buckle_income] => 483
    [createtime] => 2016-12-26 13:52:36
)
661
6611
Array
(
    [sum_total_income] => 1380
    [sum_give_income] => 564
    [sum_income] => 816
    [sum_buckle_income] => 552
)
result=1
7
8
9
book_id=30741
2
3
4
5
Array
(
    [total_income] => 44
    [income] => 44
    [give_income] => 0
    [buckle_income] => 20
    [buckle_coefficient] => 0.56
)
Array
(
    [book_id] => 30741
    [book_title] => 野店
    [author_name] => 闻松听涛
    [word_count] => 2262234
    [chapter_count] => 728
    [channel_id] => 0
    [statistics_day] => 2016-12-18
    [total_income] => 44
    [give_income] => 0
    [income] => 44
    [buckle_income] => 20
    [buckle_coefficient] => 0.56
    [createtime] => 2016-12-26 13:56:23
)
6
66
Array
(
    [id] => 118
    [book_id] => 30741
    [book_title] => 野店
    [author_name] => 闻松听涛
    [word_count] => 2262234
    [chapter_count] => 728
    [channel_id] => 0
    [statistics_year] => 2016
    [statistics_month] => 12
    [total_income] => 44
    [give_income] => 0
    [income] => 44
    [buckle_income] => 19
    [createtime] => 2016-12-26 13:52:36
)
661
6611
Array
(
    [sum_total_income] => 44
    [sum_give_income] => 0
    [sum_income] => 44
    [sum_buckle_income] => 20
)
result=1
7
8
9
book_id=30997
2
3
4
5
Array
(
    [total_income] => 22682
    [income] => 20984
    [give_income] => 1698
    [buckle_income] => 10207
    [buckle_coefficient] => 0.55
)
Array
(
    [book_id] => 30997
    [book_title] => 御用特工
    [author_name] => 花生是米
    [word_count] => 5664525
    [chapter_count] => 2038
    [channel_id] => 0
    [statistics_day] => 2016-12-18
    [total_income] => 22682
    [give_income] => 1698
    [income] => 20984
    [buckle_income] => 10207
    [buckle_coefficient] => 0.55
    [createtime] => 2016-12-26 13:56:26
)
6
66
Array
(
    [id] => 119
    [book_id] => 30997
    [book_title] => 御用特工
    [author_name] => 花生是米
    [word_count] => 5664525
    [chapter_count] => 2038
    [channel_id] => 0
    [statistics_year] => 2016
    [statistics_month] => 12
    [total_income] => 22682
    [give_income] => 1698
    [income] => 20984
    [buckle_income] => 10207
    [createtime] => 2016-12-26 13:52:36
)
661
6611
Array
(
    [sum_total_income] => 22682
    [sum_give_income] => 1698
    [sum_income] => 20984
    [sum_buckle_income] => 10207
)
result=1
7
8
9
book_id=31272
2
3
4
5
Array
(
    [total_income] => 959
    [income] => 959
    [give_income] => 0
    [buckle_income] => 394
    [buckle_coefficient] => 0.59
)
Array
(
    [book_id] => 31272
    [book_title] => 养个猫妖当老婆
    [author_name] => 茶楼小二
    [word_count] => 1650518
    [chapter_count] => 534
    [channel_id] => 0
    [statistics_day] => 2016-12-18
    [total_income] => 959
    [give_income] => 0
    [income] => 959
    [buckle_income] => 394
    [buckle_coefficient] => 0.59
    [createtime] => 2016-12-26 13:56:28
)
6
66
Array
(
    [id] => 120
    [book_id] => 31272
    [book_title] => 养个猫妖当老婆
    [author_name] => 茶楼小二
    [word_count] => 1650518
    [chapter_count] => 534
    [channel_id] => 0
    [statistics_year] => 2016
    [statistics_month] => 12
    [total_income] => 959
    [give_income] => 0
    [income] => 959
    [buckle_income] => 327
    [createtime] => 2016-12-26 13:52:36
)
661
6611
Array
(
    [sum_total_income] => 959
    [sum_give_income] => 0
    [sum_income] => 959
    [sum_buckle_income] => 394
)
result=1
7
8
9
book_id=31666
2
3
4
5
Array
(
    [total_income] => 1359
    [income] => 975
    [give_income] => 384
    [buckle_income] => 463
    [buckle_coefficient] => 0.66
)
Array
(
    [book_id] => 31666
    [book_title] => 魔仙弑神
    [author_name] => 冷光月
    [word_count] => 3859190
    [chapter_count] => 1253
    [channel_id] => 0
    [statistics_day] => 2016-12-18
    [total_income] => 1359
    [give_income] => 384
    [income] => 975
    [buckle_income] => 463
    [buckle_coefficient] => 0.66
    [createtime] => 2016-12-26 13:56:30
)
6
66
Array
(
    [id] => 121
    [book_id] => 31666
    [book_title] => 魔仙弑神
    [author_name] => 冷光月
    [word_count] => 3859190
    [chapter_count] => 1253
    [channel_id] => 0
    [statistics_year] => 2016
    [statistics_month] => 12
    [total_income] => 1359
    [give_income] => 384
    [income] => 975
    [buckle_income] => 558
    [createtime] => 2016-12-26 13:52:36
)
661
6611
Array
(
    [sum_total_income] => 1359
    [sum_give_income] => 384
    [sum_income] => 975
    [sum_buckle_income] => 463
)
result=1
7
8
9
book_id=31769
2
3
4
5
Array
(
    [total_income] => 9654
    [income] => 8558
    [give_income] => 1096
    [buckle_income] => 3669
    [buckle_coefficient] => 0.62
)
Array
(
    [book_id] => 31769
    [book_title] => 神控天下
    [author_name] => 我本纯洁
    [word_count] => 5418640
    [chapter_count] => 1746
    [channel_id] => 0
    [statistics_day] => 2016-12-18
    [total_income] => 9654
    [give_income] => 1096
    [income] => 8558
    [buckle_income] => 3669
    [buckle_coefficient] => 0.62
    [createtime] => 2016-12-26 13:56:31
)
6
66
Array
(
    [id] => 122
    [book_id] => 31769
    [book_title] => 神控天下
    [author_name] => 我本纯洁
    [word_count] => 5418640
    [chapter_count] => 1746
    [channel_id] => 0
    [statistics_year] => 2016
    [statistics_month] => 12
    [total_income] => 9654
    [give_income] => 1096
    [income] => 8558
    [buckle_income] => 3862
    [createtime] => 2016-12-26 13:52:37
)
661
6611
Array
(
    [sum_total_income] => 9654
    [sum_give_income] => 1096
    [sum_income] => 8558
    [sum_buckle_income] => 3669
)
result=1
7
8
9
book_id=37234
2
3
4
5
Array
(
    [total_income] => 16
    [income] => 16
    [give_income] => 0
    [buckle_income] => 10
    [buckle_coefficient] => 0.41
)
Array
(
    [book_id] => 37234
    [book_title] => 灵怪笔录
    [author_name] => 染血鬼手
    [word_count] => 1962544
    [chapter_count] => 704
    [channel_id] => 0
    [statistics_day] => 2016-12-18
    [total_income] => 16
    [give_income] => 0
    [income] => 16
    [buckle_income] => 10
    [buckle_coefficient] => 0.41
    [createtime] => 2016-12-26 13:56:34
)
6
66
Array
(
    [id] => 123
    [book_id] => 37234
    [book_title] => 灵怪笔录
    [author_name] => 染血鬼手
    [word_count] => 1962544
    [chapter_count] => 704
    [channel_id] => 0
    [statistics_year] => 2016
    [statistics_month] => 12
    [total_income] => 16
    [give_income] => 0
    [income] => 16
    [buckle_income] => 10
    [createtime] => 2016-12-26 13:52:37
)
661
6611
Array
(
    [sum_total_income] => 16
    [sum_give_income] => 0
    [sum_income] => 16
    [sum_buckle_income] => 10
)
result=1
7
8
9
book_id=37501
2
3
4
5
Array
(
    [total_income] => 1927
    [income] => 1927
    [give_income] => 0
    [buckle_income] => 771
    [buckle_coefficient] => 0.6
)
Array
(
    [book_id] => 37501
    [book_title] => 贴身妖孽
    [author_name] => 唐箫
    [word_count] => 2273678
    [chapter_count] => 730
    [channel_id] => 0
    [statistics_day] => 2016-12-18
    [total_income] => 1927
    [give_income] => 0
    [income] => 1927
    [buckle_income] => 771
    [buckle_coefficient] => 0.6
    [createtime] => 2016-12-26 13:56:34
)
6
66
Array
(
    [id] => 124
    [book_id] => 37501
    [book_title] => 贴身妖孽
    [author_name] => 唐箫
    [word_count] => 2273678
    [chapter_count] => 730
    [channel_id] => 0
    [statistics_year] => 2016
    [statistics_month] => 12
    [total_income] => 1927
    [give_income] => 0
    [income] => 1927
    [buckle_income] => 829
    [createtime] => 2016-12-26 13:52:37
)
661
6611
Array
(
    [sum_total_income] => 1927
    [sum_give_income] => 0
    [sum_income] => 1927
    [sum_buckle_income] => 771
)
result=1
7
8
9
book_id=37882
2
3
4
5
Array
(
    [total_income] => 304
    [income] => 304
    [give_income] => 0
    [buckle_income] => 119
    [buckle_coefficient] => 0.61
)
Array
(
    [book_id] => 37882
    [book_title] => 血狼
    [author_name] => 我爱123
    [word_count] => 1203725
    [chapter_count] => 366
    [channel_id] => 0
    [statistics_day] => 2016-12-18
    [total_income] => 304
    [give_income] => 0
    [income] => 304
    [buckle_income] => 119
    [buckle_coefficient] => 0.61
    [createtime] => 2016-12-26 13:56:34
)
6
66
Array
(
    [id] => 125
    [book_id] => 37882
    [book_title] => 血狼
    [author_name] => 我爱123
    [word_count] => 1203725
    [chapter_count] => 366
    [channel_id] => 0
    [statistics_year] => 2016
    [statistics_month] => 12
    [total_income] => 304
    [give_income] => 0
    [income] => 304
    [buckle_income] => 137
    [createtime] => 2016-12-26 13:52:37
)
661
6611
Array
(
    [sum_total_income] => 304
    [sum_give_income] => 0
    [sum_income] => 304
    [sum_buckle_income] => 119
)
result=1
7
8
9
book_id=38438
2
3
4
5
Array
(
    [total_income] => 361
    [income] => 226
    [give_income] => 135
    [buckle_income] => 138
    [buckle_coefficient] => 0.62
)
Array
(
    [book_id] => 38438
    [book_title] => 狂仙弑神
    [author_name] => 泪似雨
    [word_count] => 1825576
    [chapter_count] => 594
    [channel_id] => 0
    [statistics_day] => 2016-12-18
    [total_income] => 361
    [give_income] => 135
    [income] => 226
    [buckle_income] => 138
    [buckle_coefficient] => 0.62
    [createtime] => 2016-12-26 13:56:34
)
6
66
Array
(
    [id] => 126
    [book_id] => 38438
    [book_title] => 狂仙弑神
    [author_name] => 泪似雨
    [word_count] => 1825576
    [chapter_count] => 594
    [channel_id] => 0
    [statistics_year] => 2016
    [statistics_month] => 12
    [total_income] => 361
    [give_income] => 135
    [income] => 226
    [buckle_income] => 156
    [createtime] => 2016-12-26 13:52:37
)
661
6611
Array
(
    [sum_total_income] => 361
    [sum_give_income] => 135
    [sum_income] => 226
    [sum_buckle_income] => 138
)
result=1
7
8
9
book_id=38756
2
3
4
5
Array
(
    [total_income] => 2581
    [income] => 1895
    [give_income] => 686
    [buckle_income] => 981
    [buckle_coefficient] => 0.62
)
Array
(
    [book_id] => 38756
    [book_title] => 楼兰诅咒
    [author_name] => 千羽兮
    [word_count] => 1097023
    [chapter_count] => 350
    [channel_id] => 0
    [statistics_day] => 2016-12-18
    [total_income] => 2581
    [give_income] => 686
    [income] => 1895
    [buckle_income] => 981
    [buckle_coefficient] => 0.62
    [createtime] => 2016-12-26 13:56:35
)
6
66
Array
(
    [id] => 127
    [book_id] => 38756
    [book_title] => 楼兰诅咒
    [author_name] => 千羽兮
    [word_count] => 1097023
    [chapter_count] => 350
    [channel_id] => 0
    [statistics_year] => 2016
    [statistics_month] => 12
    [total_income] => 2581
    [give_income] => 686
    [income] => 1895
    [buckle_income] => 878
    [createtime] => 2016-12-26 13:52:37
)
661
6611
Array
(
    [sum_total_income] => 2581
    [sum_give_income] => 686
    [sum_income] => 1895
    [sum_buckle_income] => 981
)
result=1
7
8
9
book_id=40058
2
3
4
5
Array
(
    [total_income] => 2845
    [income] => 2785
    [give_income] => 60
    [buckle_income] => 996
    [buckle_coefficient] => 0.65
)
Array
(
    [book_id] => 40058
    [book_title] => 校花的极品保镖
    [author_name] => 军用刺刀
    [word_count] => 862585
    [chapter_count] => 282
    [channel_id] => 0
    [statistics_day] => 2016-12-18
    [total_income] => 2845
    [give_income] => 60
    [income] => 2785
    [buckle_income] => 996
    [buckle_coefficient] => 0.65
    [createtime] => 2016-12-26 13:56:35
)
6
66
Array
(
    [id] => 128
    [book_id] => 40058
    [book_title] => 校花的极品保镖
    [author_name] => 军用刺刀
    [word_count] => 862585
    [chapter_count] => 282
    [channel_id] => 0
    [statistics_year] => 2016
    [statistics_month] => 12
    [total_income] => 2845
    [give_income] => 60
    [income] => 2785
    [buckle_income] => 1281
    [createtime] => 2016-12-26 13:52:37
)
661
6611
Array
(
    [sum_total_income] => 2845
    [sum_give_income] => 60
    [sum_income] => 2785
    [sum_buckle_income] => 996
)
result=1
7
8
9
book_id=42360
2
3
4
5
Array
(
    [total_income] => 6945
    [income] => 6199
    [give_income] => 746
    [buckle_income] => 2987
    [buckle_coefficient] => 0.57
)
Array
(
    [book_id] => 42360
    [book_title] => 医世无双
    [author_name] => 夏一流
    [word_count] => 4315367
    [chapter_count] => 1493
    [channel_id] => 0
    [statistics_day] => 2016-12-18
    [total_income] => 6945
    [give_income] => 746
    [income] => 6199
    [buckle_income] => 2987
    [buckle_coefficient] => 0.57
    [createtime] => 2016-12-26 13:56:35
)
6
66
Array
(
    [id] => 129
    [book_id] => 42360
    [book_title] => 医世无双
    [author_name] => 夏一流
    [word_count] => 4315367
    [chapter_count] => 1493
    [channel_id] => 0
    [statistics_year] => 2016
    [statistics_month] => 12
    [total_income] => 6945
    [give_income] => 746
    [income] => 6199
    [buckle_income] => 2709
    [createtime] => 2016-12-26 13:52:37
)
661
6611
Array
(
    [sum_total_income] => 6945
    [sum_give_income] => 746
    [sum_income] => 6199
    [sum_buckle_income] => 2987
)
result=1
7
8
9
book_id=43896
2
3
4
5
Array
(
    [total_income] => 11103
    [income] => 10176
    [give_income] => 927
    [buckle_income] => 4442
    [buckle_coefficient] => 0.6
)
Array
(
    [book_id] => 43896
    [book_title] => 我的美女养成计划
    [author_name] => 一言生死与卿同
    [word_count] => 976172
    [chapter_count] => 314
    [channel_id] => 0
    [statistics_day] => 2016-12-18
    [total_income] => 11103
    [give_income] => 927
    [income] => 10176
    [buckle_income] => 4442
    [buckle_coefficient] => 0.6
    [createtime] => 2016-12-26 13:56:35
)
6
66
Array
(
    [id] => 130
    [book_id] => 43896
    [book_title] => 我的美女养成计划
    [author_name] => 一言生死与卿同
    [word_count] => 976172
    [chapter_count] => 314
    [channel_id] => 0
    [statistics_year] => 2016
    [statistics_month] => 12
    [total_income] => 11103
    [give_income] => 927
    [income] => 10176
    [buckle_income] => 3998
    [createtime] => 2016-12-26 13:52:37
)
661
6611
Array
(
    [sum_total_income] => 11103
    [sum_give_income] => 927
    [sum_income] => 10176
    [sum_buckle_income] => 4442
)
result=1
7
8
9
book_id=45010
2
3
4
5
Array
(
    [total_income] => 13405
    [income] => 12460
    [give_income] => 945
    [buckle_income] => 5765
    [buckle_coefficient] => 0.57
)
Array
(
    [book_id] => 45010
    [book_title] => 极品老板娘
    [author_name] => 杨老三
    [word_count] => 3522225
    [chapter_count] => 1211
    [channel_id] => 0
    [statistics_day] => 2016-12-18
    [total_income] => 13405
    [give_income] => 945
    [income] => 12460
    [buckle_income] => 5765
    [buckle_coefficient] => 0.57
    [createtime] => 2016-12-26 13:56:35
)
6
66
Array
(
    [id] => 131
    [book_id] => 45010
    [book_title] => 极品老板娘
    [author_name] => 杨老三
    [word_count] => 3522225
    [chapter_count] => 1211
    [channel_id] => 0
    [statistics_year] => 2016
    [statistics_month] => 12
    [total_income] => 13405
    [give_income] => 945
    [income] => 12460
    [buckle_income] => 5765
    [createtime] => 2016-12-26 13:52:37
)
661
6611
Array
(
    [sum_total_income] => 13405
    [sum_give_income] => 945
    [sum_income] => 12460
    [sum_buckle_income] => 5765
)
result=1
7
8
9
book_id=46868
2
3
4
5
Array
(
    [total_income] => 185
    [income] => 25
    [give_income] => 160
    [buckle_income] => 82
    [buckle_coefficient] => 0.56
)
Array
(
    [book_id] => 46868
    [book_title] => 盛宠小辣妈
    [author_name] => 七喜丸子
    [word_count] => 900805
    [chapter_count] => 462
    [channel_id] => 0
    [statistics_day] => 2016-12-18
    [total_income] => 185
    [give_income] => 160
    [income] => 25
    [buckle_income] => 82
    [buckle_coefficient] => 0.56
    [createtime] => 2016-12-26 13:56:35
)
6
66
Array
(
    [id] => 132
    [book_id] => 46868
    [book_title] => 盛宠小辣妈
    [author_name] => 七喜丸子
    [word_count] => 900805
    [chapter_count] => 462
    [channel_id] => 0
    [statistics_year] => 2016
    [statistics_month] => 12
    [total_income] => 185
    [give_income] => 160
    [income] => 25
    [buckle_income] => 78
    [createtime] => 2016-12-26 13:52:38
)
661
6611
Array
(
    [sum_total_income] => 185
    [sum_give_income] => 160
    [sum_income] => 25
    [sum_buckle_income] => 82
)
result=1
7
8
9
book_id=46983
2
3
4
5
Array
(
    [total_income] => 2757
    [income] => 2341
    [give_income] => 416
    [buckle_income] => 1131
    [buckle_coefficient] => 0.59
)
Array
(
    [book_id] => 46983
    [book_title] => 偷心攻略
    [author_name] => 粘叶不湿身
    [word_count] => 1367768
    [chapter_count] => 407
    [channel_id] => 0
    [statistics_day] => 2016-12-18
    [total_income] => 2757
    [give_income] => 416
    [income] => 2341
    [buckle_income] => 1131
    [buckle_coefficient] => 0.59
    [createtime] => 2016-12-26 13:56:35
)
6
66
Array
(
    [id] => 133
    [book_id] => 46983
    [book_title] => 偷心攻略
    [author_name] => 粘叶不湿身
    [word_count] => 1367768
    [chapter_count] => 407
    [channel_id] => 0
    [statistics_year] => 2016
    [statistics_month] => 12
    [total_income] => 2757
    [give_income] => 416
    [income] => 2341
    [buckle_income] => 993
    [createtime] => 2016-12-26 13:52:38
)
661
6611
Array
(
    [sum_total_income] => 2757
    [sum_give_income] => 416
    [sum_income] => 2341
    [sum_buckle_income] => 1131
)
result=1
7
8
9
book_id=47062
2
3
4
5
Array
(
    [total_income] => 561
    [income] => 561
    [give_income] => 0
    [buckle_income] => 242
    [buckle_coefficient] => 0.57
)
Array
(
    [book_id] => 47062
    [book_title] => 本宫很狂很低调
    [author_name] => 盛瑟王子
    [word_count] => 1300695
    [chapter_count] => 549
    [channel_id] => 0
    [statistics_day] => 2016-12-18
    [total_income] => 561
    [give_income] => 0
    [income] => 561
    [buckle_income] => 242
    [buckle_coefficient] => 0.57
    [createtime] => 2016-12-26 13:56:35
)
6
66
Array
(
    [id] => 134
    [book_id] => 47062
    [book_title] => 本宫很狂很低调
    [author_name] => 盛瑟王子
    [word_count] => 1300695
    [chapter_count] => 549
    [channel_id] => 0
    [statistics_year] => 2016
    [statistics_month] => 12
    [total_income] => 561
    [give_income] => 0
    [income] => 561
    [buckle_income] => 197
    [createtime] => 2016-12-26 13:52:38
)
661
6611
Array
(
    [sum_total_income] => 561
    [sum_give_income] => 0
    [sum_income] => 561
    [sum_buckle_income] => 242
)
result=1
7
8
9
book_id=47398
2
3
4
5
Array
(
    [total_income] => 18998
    [income] => 17569
    [give_income] => 1429
    [buckle_income] => 7030
    [buckle_coefficient] => 0.63
)
Array
(
    [book_id] => 47398
    [book_title] => 妙手狂医
    [author_name] => 大肚鱼
    [word_count] => 5378544
    [chapter_count] => 1726
    [channel_id] => 0
    [statistics_day] => 2016-12-18
    [total_income] => 18998
    [give_income] => 1429
    [income] => 17569
    [buckle_income] => 7030
    [buckle_coefficient] => 0.63
    [createtime] => 2016-12-26 13:56:36
)
6
66
Array
(
    [id] => 135
    [book_id] => 47398
    [book_title] => 妙手狂医
    [author_name] => 大肚鱼
    [word_count] => 5378544
    [chapter_count] => 1726
    [channel_id] => 0
    [statistics_year] => 2016
    [statistics_month] => 12
    [total_income] => 18998
    [give_income] => 1429
    [income] => 17569
    [buckle_income] => 7410
    [createtime] => 2016-12-26 13:52:38
)
661
6611
Array
(
    [sum_total_income] => 18998
    [sum_give_income] => 1429
    [sum_income] => 17569
    [sum_buckle_income] => 7030
)
result=1
7
8
9
book_id=48522
2
3
4
5
Array
(
    [total_income] => 13346
    [income] => 11606
    [give_income] => 1740
    [buckle_income] => 4939
    [buckle_coefficient] => 0.63
)
Array
(
    [book_id] => 48522
    [book_title] => 凤唳九天
    [author_name] => 晓云
    [word_count] => 1573469
    [chapter_count] => 666
    [channel_id] => 0
    [statistics_day] => 2016-12-18
    [total_income] => 13346
    [give_income] => 1740
    [income] => 11606
    [buckle_income] => 4939
    [buckle_coefficient] => 0.63
    [createtime] => 2016-12-26 13:56:36
)
6
66
Array
(
    [id] => 136
    [book_id] => 48522
    [book_title] => 凤唳九天
    [author_name] => 晓云
    [word_count] => 1573469
    [chapter_count] => 666
    [channel_id] => 0
    [statistics_year] => 2016
    [statistics_month] => 12
    [total_income] => 13346
    [give_income] => 1740
    [income] => 11606
    [buckle_income] => 5472
    [createtime] => 2016-12-26 13:52:38
)
661
6611
Array
(
    [sum_total_income] => 13346
    [sum_give_income] => 1740
    [sum_income] => 11606
    [sum_buckle_income] => 4939
)
result=1
7
8
9
book_id=48826
2
3
4
5
Array
(
    [total_income] => 610
    [income] => 520
    [give_income] => 90
    [buckle_income] => 214
    [buckle_coefficient] => 0.65
)
Array
(
    [book_id] => 48826
    [book_title] => 都市特种兵
    [author_name] => 无冬夜
    [word_count] => 5926348
    [chapter_count] => 2177
    [channel_id] => 0
    [statistics_day] => 2016-12-18
    [total_income] => 610
    [give_income] => 90
    [income] => 520
    [buckle_income] => 214
    [buckle_coefficient] => 0.65
    [createtime] => 2016-12-26 13:56:36
)
6
66
Array
(
    [id] => 137
    [book_id] => 48826
    [book_title] => 都市特种兵
    [author_name] => 无冬夜
    [word_count] => 5926348
    [chapter_count] => 2177
    [channel_id] => 0
    [statistics_year] => 2016
    [statistics_month] => 12
    [total_income] => 610
    [give_income] => 90
    [income] => 520
    [buckle_income] => 275
    [createtime] => 2016-12-26 13:52:38
)
661
6611
Array
(
    [sum_total_income] => 610
    [sum_give_income] => 90
    [sum_income] => 520
    [sum_buckle_income] => 214
)
result=1
7
8
9
book_id=49451
2
3
4
5
Array
(
    [total_income] => 9708
    [income] => 7864
    [give_income] => 1844
    [buckle_income] => 4078
    [buckle_coefficient] => 0.58
)
Array
(
    [book_id] => 49451
    [book_title] => 暗夜绝宠
    [author_name] => 齐成琨
    [word_count] => 1153586
    [chapter_count] => 532
    [channel_id] => 0
    [statistics_day] => 2016-12-18
    [total_income] => 9708
    [give_income] => 1844
    [income] => 7864
    [buckle_income] => 4078
    [buckle_coefficient] => 0.58
    [createtime] => 2016-12-26 13:56:36
)
6
66
Array
(
    [id] => 138
    [book_id] => 49451
    [book_title] => 暗夜绝宠
    [author_name] => 齐成琨
    [word_count] => 1153586
    [chapter_count] => 532
    [channel_id] => 0
    [statistics_year] => 2016
    [statistics_month] => 12
    [total_income] => 9708
    [give_income] => 1844
    [income] => 7864
    [buckle_income] => 4272
    [createtime] => 2016-12-26 13:52:38
)
661
6611
Array
(
    [sum_total_income] => 9708
    [sum_give_income] => 1844
    [sum_income] => 7864
    [sum_buckle_income] => 4078
)
result=1
7
8
9
book_id=50260
2
3
4
5
Array
(
    [total_income] => 19381
    [income] => 17745
    [give_income] => 1636
    [buckle_income] => 6784
    [buckle_coefficient] => 0.65
)
Array
(
    [book_id] => 50260
    [book_title] => 步步青云
    [author_name] => 飘逸居士
    [word_count] => 3142546
    [chapter_count] => 1163
    [channel_id] => 0
    [statistics_day] => 2016-12-18
    [total_income] => 19381
    [give_income] => 1636
    [income] => 17745
    [buckle_income] => 6784
    [buckle_coefficient] => 0.65
    [createtime] => 2016-12-26 13:56:36
)
6
66
Array
(
    [id] => 139
    [book_id] => 50260
    [book_title] => 步步青云
    [author_name] => 飘逸居士
    [word_count] => 3142546
    [chapter_count] => 1163
    [channel_id] => 0
    [statistics_year] => 2016
    [statistics_month] => 12
    [total_income] => 19381
    [give_income] => 1636
    [income] => 17745
    [buckle_income] => 6784
    [createtime] => 2016-12-26 13:52:38
)
661
6611
Array
(
    [sum_total_income] => 19381
    [sum_give_income] => 1636
    [sum_income] => 17745
    [sum_buckle_income] => 6784
)
result=1
7
8
9
book_id=50701
2
3
4
5
Array
(
    [total_income] => 1301
    [income] => 1301
    [give_income] => 0
    [buckle_income] => 482
    [buckle_coefficient] => 0.63
)
Array
(
    [book_id] => 50701
    [book_title] => 枕上婚爱
    [author_name] => 微凉
    [word_count] => 2051551
    [chapter_count] => 621
    [channel_id] => 0
    [statistics_day] => 2016-12-18
    [total_income] => 1301
    [give_income] => 0
    [income] => 1301
    [buckle_income] => 482
    [buckle_coefficient] => 0.63
    [createtime] => 2016-12-26 13:56:36
)
6
66
Array
(
    [id] => 140
    [book_id] => 50701
    [book_title] => 枕上婚爱
    [author_name] => 微凉
    [word_count] => 2051551
    [chapter_count] => 621
    [channel_id] => 0
    [statistics_year] => 2016
    [statistics_month] => 12
    [total_income] => 1301
    [give_income] => 0
    [income] => 1301
    [buckle_income] => 443
    [createtime] => 2016-12-26 13:52:39
)
661
6611
Array
(
    [sum_total_income] => 1301
    [sum_give_income] => 0
    [sum_income] => 1301
    [sum_buckle_income] => 482
)
result=1
7
8
9
book_id=50764
2
3
4
5
Array
(
    [total_income] => 5902
    [income] => 4950
    [give_income] => 952
    [buckle_income] => 2538
    [buckle_coefficient] => 0.57
)
Array
(
    [book_id] => 50764
    [book_title] => 凤霸天下：狼皇警妃
    [author_name] => 紫苏1
    [word_count] => 738021
    [chapter_count] => 221
    [channel_id] => 0
    [statistics_day] => 2016-12-18
    [total_income] => 5902
    [give_income] => 952
    [income] => 4950
    [buckle_income] => 2538
    [buckle_coefficient] => 0.57
    [createtime] => 2016-12-26 13:56:37
)
6
66
Array
(
    [id] => 141
    [book_id] => 50764
    [book_title] => 凤霸天下：狼皇警妃
    [author_name] => 紫苏1
    [word_count] => 738021
    [chapter_count] => 221
    [channel_id] => 0
    [statistics_year] => 2016
    [statistics_month] => 12
    [total_income] => 5902
    [give_income] => 952
    [income] => 4950
    [buckle_income] => 2420
    [createtime] => 2016-12-26 13:52:39
)
661
6611
Array
(
    [sum_total_income] => 5902
    [sum_give_income] => 952
    [sum_income] => 4950
    [sum_buckle_income] => 2538
)
result=1
7
8
9
book_id=51564
2
3
4
5
Array
(
    [total_income] => 2652
    [income] => 2652
    [give_income] => 0
    [buckle_income] => 1167
    [buckle_coefficient] => 0.56
)
Array
(
    [book_id] => 51564
    [book_title] => 女总裁的全能保镖
    [author_name] => 桃子卖没了
    [word_count] => 1599549
    [chapter_count] => 501
    [channel_id] => 0
    [statistics_day] => 2016-12-18
    [total_income] => 2652
    [give_income] => 0
    [income] => 2652
    [buckle_income] => 1167
    [buckle_coefficient] => 0.56
    [createtime] => 2016-12-26 13:56:37
)
6
66
Array
(
    [id] => 142
    [book_id] => 51564
    [book_title] => 女总裁的全能保镖
    [author_name] => 桃子卖没了
    [word_count] => 1599549
    [chapter_count] => 501
    [channel_id] => 0
    [statistics_year] => 2016
    [statistics_month] => 12
    [total_income] => 2652
    [give_income] => 0
    [income] => 2652
    [buckle_income] => 1008
    [createtime] => 2016-12-26 13:52:39
)
661
6611
Array
(
    [sum_total_income] => 2652
    [sum_give_income] => 0
    [sum_income] => 2652
    [sum_buckle_income] => 1167
)
result=1
7
8
9
book_id=52572
2
3
4
5
Array
(
    [total_income] => 53400
    [income] => 48089
    [give_income] => 5311
    [buckle_income] => 21360
    [buckle_coefficient] => 0.6
)
Array
(
    [book_id] => 52572
    [book_title] => 绝品透视
    [author_name] => 小妖
    [word_count] => 4110776
    [chapter_count] => 1478
    [channel_id] => 0
    [statistics_day] => 2016-12-18
    [total_income] => 53400
    [give_income] => 5311
    [income] => 48089
    [buckle_income] => 21360
    [buckle_coefficient] => 0.6
    [createtime] => 2016-12-26 13:56:38
)
6
66
Array
(
    [id] => 143
    [book_id] => 52572
    [book_title] => 绝品透视
    [author_name] => 小妖
    [word_count] => 4110776
    [chapter_count] => 1478
    [channel_id] => 0
    [statistics_year] => 2016
    [statistics_month] => 12
    [total_income] => 53400
    [give_income] => 5311
    [income] => 48089
    [buckle_income] => 21894
    [createtime] => 2016-12-26 13:52:40
)
661
6611
Array
(
    [sum_total_income] => 53400
    [sum_give_income] => 5311
    [sum_income] => 48089
    [sum_buckle_income] => 21360
)
result=1
7
8
9
book_id=52622
2
3
4
5
Array
(
    [total_income] => 10096
    [income] => 8116
    [give_income] => 1980
    [buckle_income] => 4241
    [buckle_coefficient] => 0.58
)
Array
(
    [book_id] => 52622
    [book_title] => 顾少的二婚新娘
    [author_name] => 南洛
    [word_count] => 708053
    [chapter_count] => 319
    [channel_id] => 0
    [statistics_day] => 2016-12-18
    [total_income] => 10096
    [give_income] => 1980
    [income] => 8116
    [buckle_income] => 4241
    [buckle_coefficient] => 0.58
    [createtime] => 2016-12-26 13:56:38
)
6
66
Array
(
    [id] => 144
    [book_id] => 52622
    [book_title] => 顾少的二婚新娘
    [author_name] => 南洛
    [word_count] => 708053
    [chapter_count] => 319
    [channel_id] => 0
    [statistics_year] => 2016
    [statistics_month] => 12
    [total_income] => 10096
    [give_income] => 1980
    [income] => 8116
    [buckle_income] => 3433
    [createtime] => 2016-12-26 13:52:40
)
661
6611
Array
(
    [sum_total_income] => 10096
    [sum_give_income] => 1980
    [sum_income] => 8116
    [sum_buckle_income] => 4241
)
result=1
7
8
9
book_id=53049
2
3
4
5
Array
(
    [total_income] => 739
    [income] => 650
    [give_income] => 89
    [buckle_income] => 318
    [buckle_coefficient] => 0.57
)
Array
(
    [book_id] => 53049
    [book_title] => 护花强男
    [author_name] => 风中的阳光
    [word_count] => 299491
    [chapter_count] => 103
    [channel_id] => 0
    [statistics_day] => 2016-12-18
    [total_income] => 739
    [give_income] => 89
    [income] => 650
    [buckle_income] => 318
    [buckle_coefficient] => 0.57
    [createtime] => 2016-12-26 13:56:38
)
6
66
Array
(
    [id] => 145
    [book_id] => 53049
    [book_title] => 护花强男
    [author_name] => 风中的阳光
    [word_count] => 299491
    [chapter_count] => 103
    [channel_id] => 0
    [statistics_year] => 2016
    [statistics_month] => 12
    [total_income] => 739
    [give_income] => 89
    [income] => 650
    [buckle_income] => 252
    [createtime] => 2016-12-26 13:52:40
)
661
6611
Array
(
    [sum_total_income] => 739
    [sum_give_income] => 89
    [sum_income] => 650
    [sum_buckle_income] => 318
)
result=1
7
8
9
book_id=53061
2
3
4
5
Array
(
    [total_income] => 1403
    [income] => 1403
    [give_income] => 0
    [buckle_income] => 506
    [buckle_coefficient] => 0.64
)
Array
(
    [book_id] => 53061
    [book_title] => 试爱萌妻
    [author_name] => 秋如水
    [word_count] => 1614741
    [chapter_count] => 708
    [channel_id] => 0
    [statistics_day] => 2016-12-18
    [total_income] => 1403
    [give_income] => 0
    [income] => 1403
    [buckle_income] => 506
    [buckle_coefficient] => 0.64
    [createtime] => 2016-12-26 13:56:38
)
6
66
Array
(
    [id] => 146
    [book_id] => 53061
    [book_title] => 试爱萌妻
    [author_name] => 秋如水
    [word_count] => 1614741
    [chapter_count] => 708
    [channel_id] => 0
    [statistics_year] => 2016
    [statistics_month] => 12
    [total_income] => 1403
    [give_income] => 0
    [income] => 1403
    [buckle_income] => 604
    [createtime] => 2016-12-26 13:52:40
)
661
6611
Array
(
    [sum_total_income] => 1403
    [sum_give_income] => 0
    [sum_income] => 1403
    [sum_buckle_income] => 506
)
result=1
7
8
9
book_id=53078
2
3
4
5
Array
(
    [total_income] => 3589
    [income] => 3208
    [give_income] => 381
    [buckle_income] => 1472
    [buckle_coefficient] => 0.59
)
Array
(
    [book_id] => 53078
    [book_title] => 驭兽魔后
    [author_name] => 冰山
    [word_count] => 1884674
    [chapter_count] => 860
    [channel_id] => 0
    [statistics_day] => 2016-12-18
    [total_income] => 3589
    [give_income] => 381
    [income] => 3208
    [buckle_income] => 1472
    [buckle_coefficient] => 0.59
    [createtime] => 2016-12-26 13:56:38
)
6
66
Array
(
    [id] => 147
    [book_id] => 53078
    [book_title] => 驭兽魔后
    [author_name] => 冰山
    [word_count] => 1884674
    [chapter_count] => 860
    [channel_id] => 0
    [statistics_year] => 2016
    [statistics_month] => 12
    [total_income] => 3589
    [give_income] => 381
    [income] => 3208
    [buckle_income] => 1472
    [createtime] => 2016-12-26 13:52:40
)
661
6611
Array
(
    [sum_total_income] => 3589
    [sum_give_income] => 381
    [sum_income] => 3208
    [sum_buckle_income] => 1472
)
result=1
7
8
9
book_id=53301
2
3
4
5
Array
(
    [total_income] => 2966
    [income] => 2584
    [give_income] => 382
    [buckle_income] => 1128
    [buckle_coefficient] => 0.62
)
Array
(
    [book_id] => 53301
    [book_title] => 我的老婆是女神
    [author_name] => 不吃苹果不健康
    [word_count] => 1846384
    [chapter_count] => 596
    [channel_id] => 0
    [statistics_day] => 2016-12-18
    [total_income] => 2966
    [give_income] => 382
    [income] => 2584
    [buckle_income] => 1128
    [buckle_coefficient] => 0.62
    [createtime] => 2016-12-26 13:56:38
)
6
66
Array
(
    [id] => 148
    [book_id] => 53301
    [book_title] => 我的老婆是女神
    [author_name] => 不吃苹果不健康
    [word_count] => 1846384
    [chapter_count] => 596
    [channel_id] => 0
    [statistics_year] => 2016
    [statistics_month] => 12
    [total_income] => 2966
    [give_income] => 382
    [income] => 2584
    [buckle_income] => 1039
    [createtime] => 2016-12-26 13:52:40
)
661
6611
Array
(
    [sum_total_income] => 2966
    [sum_give_income] => 382
    [sum_income] => 2584
    [sum_buckle_income] => 1128
)
result=1
7
8
9
book_id=53785
2
3
4
5
Array
(
    [total_income] => 1536
    [income] => 1536
    [give_income] => 0
    [buckle_income] => 538
    [buckle_coefficient] => 0.65
)
Array
(
    [book_id] => 53785
    [book_title] => 一品妖后
    [author_name] => 我心狂
    [word_count] => 971297
    [chapter_count] => 400
    [channel_id] => 0
    [statistics_day] => 2016-12-18
    [total_income] => 1536
    [give_income] => 0
    [income] => 1536
    [buckle_income] => 538
    [buckle_coefficient] => 0.65
    [createtime] => 2016-12-26 13:56:38
)
6
66
Array
(
    [id] => 149
    [book_id] => 53785
    [book_title] => 一品妖后
    [author_name] => 我心狂
    [word_count] => 971297
    [chapter_count] => 400
    [channel_id] => 0
    [statistics_year] => 2016
    [statistics_month] => 12
    [total_income] => 1536
    [give_income] => 0
    [income] => 1536
    [buckle_income] => 615
    [createtime] => 2016-12-26 13:52:40
)
661
6611
Array
(
    [sum_total_income] => 1536
    [sum_give_income] => 0
    [sum_income] => 1536
    [sum_buckle_income] => 538
)
result=1
7
8
9
book_id=54031
2
3
4
5
Array
(
    [total_income] => 27426
    [income] => 23842
    [give_income] => 3584
    [buckle_income] => 10971
    [buckle_coefficient] => 0.6
)
Array
(
    [book_id] => 54031
    [book_title] => 天才侍卫
    [author_name] => 弓楚
    [word_count] => 2835920
    [chapter_count] => 893
    [channel_id] => 0
    [statistics_day] => 2016-12-18
    [total_income] => 27426
    [give_income] => 3584
    [income] => 23842
    [buckle_income] => 10971
    [buckle_coefficient] => 0.6
    [createtime] => 2016-12-26 13:56:39
)
6
66
Array
(
    [id] => 150
    [book_id] => 54031
    [book_title] => 天才侍卫
    [author_name] => 弓楚
    [word_count] => 2835920
    [chapter_count] => 893
    [channel_id] => 0
    [statistics_year] => 2016
    [statistics_month] => 12
    [total_income] => 27426
    [give_income] => 3584
    [income] => 23842
    [buckle_income] => 11245
    [createtime] => 2016-12-26 13:52:41
)
661
6611
Array
(
    [sum_total_income] => 27426
    [sum_give_income] => 3584
    [sum_income] => 23842
    [sum_buckle_income] => 10971
)
result=1
7
8
9
book_id=54185
2
3
4
5
Array
(
    [total_income] => 969
    [income] => 969
    [give_income] => 0
    [buckle_income] => 437
    [buckle_coefficient] => 0.55
)
Array
(
    [book_id] => 54185
    [book_title] => 猎爱失忆小宠儿
    [author_name] => 天街一号
    [word_count] => 1627730
    [chapter_count] => 510
    [channel_id] => 0
    [statistics_day] => 2016-12-18
    [total_income] => 969
    [give_income] => 0
    [income] => 969
    [buckle_income] => 437
    [buckle_coefficient] => 0.55
    [createtime] => 2016-12-26 13:56:39
)
6
66
Array
(
    [id] => 151
    [book_id] => 54185
    [book_title] => 猎爱失忆小宠儿
    [author_name] => 天街一号
    [word_count] => 1627730
    [chapter_count] => 510
    [channel_id] => 0
    [statistics_year] => 2016
    [statistics_month] => 12
    [total_income] => 969
    [give_income] => 0
    [income] => 969
    [buckle_income] => 340
    [createtime] => 2016-12-26 13:52:41
)
661
6611
Array
(
    [sum_total_income] => 969
    [sum_give_income] => 0
    [sum_income] => 969
    [sum_buckle_income] => 437
)
result=1
7
8
9
book_id=54740
2
3
4
5
Array
(
    [total_income] => 13256
    [income] => 11266
    [give_income] => 1990
    [buckle_income] => 4773
    [buckle_coefficient] => 0.64
)
Array
(
    [book_id] => 54740
    [book_title] => 贴身兵王
    [author_name] => 快乐的茄子
    [word_count] => 721909
    [chapter_count] => 240
    [channel_id] => 0
    [statistics_day] => 2016-12-18
    [total_income] => 13256
    [give_income] => 1990
    [income] => 11266
    [buckle_income] => 4773
    [buckle_coefficient] => 0.64
    [createtime] => 2016-12-26 13:56:39
)
6
66
Array
(
    [id] => 152
    [book_id] => 54740
    [book_title] => 贴身兵王
    [author_name] => 快乐的茄子
    [word_count] => 721909
    [chapter_count] => 240
    [channel_id] => 0
    [statistics_year] => 2016
    [statistics_month] => 12
    [total_income] => 13256
    [give_income] => 1990
    [income] => 11266
    [buckle_income] => 4640
    [createtime] => 2016-12-26 13:52:41
)
661
6611
Array
(
    [sum_total_income] => 13256
    [sum_give_income] => 1990
    [sum_income] => 11266
    [sum_buckle_income] => 4773
)
result=1
7
8
9
book_id=55568
2
3
4
5
Array
(
    [total_income] => 2403
    [income] => 2403
    [give_income] => 0
    [buckle_income] => 1082
    [buckle_coefficient] => 0.55
)
Array
(
    [book_id] => 55568
    [book_title] => 早安，小逃妻
    [author_name] => 悠悠古哥
    [word_count] => 1404581
    [chapter_count] => 456
    [channel_id] => 0
    [statistics_day] => 2016-12-18
    [total_income] => 2403
    [give_income] => 0
    [income] => 2403
    [buckle_income] => 1082
    [buckle_coefficient] => 0.55
    [createtime] => 2016-12-26 13:56:39
)
6
66
Array
(
    [id] => 153
    [book_id] => 55568
    [book_title] => 早安，小逃妻
    [author_name] => 悠悠古哥
    [word_count] => 1404581
    [chapter_count] => 456
    [channel_id] => 0
    [statistics_year] => 2016
    [statistics_month] => 12
    [total_income] => 2403
    [give_income] => 0
    [income] => 2403
    [buckle_income] => 866
    [createtime] => 2016-12-26 13:52:41
)
661
6611
Array
(
    [sum_total_income] => 2403
    [sum_give_income] => 0
    [sum_income] => 2403
    [sum_buckle_income] => 1082
)
result=1
7
8
9
book_id=57300
2
3
4
5
Array
(
    [total_income] => 21646
    [income] => 18583
    [give_income] => 3063
    [buckle_income] => 7793
    [buckle_coefficient] => 0.64
)
Array
(
    [book_id] => 57300
    [book_title] => 错宠天价名媛
    [author_name] => 惜纯璐
    [word_count] => 810902
    [chapter_count] => 234
    [channel_id] => 0
    [statistics_day] => 2016-12-18
    [total_income] => 21646
    [give_income] => 3063
    [income] => 18583
    [buckle_income] => 7793
    [buckle_coefficient] => 0.64
    [createtime] => 2016-12-26 13:56:39
)
6
66
Array
(
    [id] => 154
    [book_id] => 57300
    [book_title] => 错宠天价名媛
    [author_name] => 惜纯璐
    [word_count] => 810902
    [chapter_count] => 234
    [channel_id] => 0
    [statistics_year] => 2016
    [statistics_month] => 12
    [total_income] => 21646
    [give_income] => 3063
    [income] => 18583
    [buckle_income] => 8659
    [createtime] => 2016-12-26 13:52:41
)
661
6611
Array
(
    [sum_total_income] => 21646
    [sum_give_income] => 3063
    [sum_income] => 18583
    [sum_buckle_income] => 7793
)
result=1
7
8
9
book_id=57355
2
3
4
5
Array
(
    [total_income] => 117703
    [income] => 109544
    [give_income] => 8159
    [buckle_income] => 49436
    [buckle_coefficient] => 0.58
)
Array
(
    [book_id] => 57355
    [book_title] => 极品辣妈好v5
    [author_name] => 齐成琨
    [word_count] => 2224154
    [chapter_count] => 1074
    [channel_id] => 0
    [statistics_day] => 2016-12-18
    [total_income] => 117703
    [give_income] => 8159
    [income] => 109544
    [buckle_income] => 49436
    [buckle_coefficient] => 0.58
    [createtime] => 2016-12-26 13:56:40
)
6
66
Array
(
    [id] => 155
    [book_id] => 57355
    [book_title] => 极品辣妈好v5
    [author_name] => 齐成琨
    [word_count] => 2224154
    [chapter_count] => 1074
    [channel_id] => 0
    [statistics_year] => 2016
    [statistics_month] => 12
    [total_income] => 117703
    [give_income] => 8159
    [income] => 109544
    [buckle_income] => 52967
    [createtime] => 2016-12-26 13:52:42
)
661
6611
Array
(
    [sum_total_income] => 117703
    [sum_give_income] => 8159
    [sum_income] => 109544
    [sum_buckle_income] => 49436
)
result=1
7
8
9
book_id=58902
2
3
4
5
Array
(
    [total_income] => 15287
    [income] => 14097
    [give_income] => 1190
    [buckle_income] => 5962
    [buckle_coefficient] => 0.61
)
Array
(
    [book_id] => 58902
    [book_title] => 桃花宝典
    [author_name] => 未苍
    [word_count] => 1998927
    [chapter_count] => 645
    [channel_id] => 0
    [statistics_day] => 2016-12-18
    [total_income] => 15287
    [give_income] => 1190
    [income] => 14097
    [buckle_income] => 5962
    [buckle_coefficient] => 0.61
    [createtime] => 2016-12-26 13:56:40
)
6
66
Array
(
    [id] => 156
    [book_id] => 58902
    [book_title] => 桃花宝典
    [author_name] => 未苍
    [word_count] => 1998927
    [chapter_count] => 645
    [channel_id] => 0
    [statistics_year] => 2016
    [statistics_month] => 12
    [total_income] => 15287
    [give_income] => 1190
    [income] => 14097
    [buckle_income] => 5351
    [createtime] => 2016-12-26 13:52:42
)
661
6611
Array
(
    [sum_total_income] => 15287
    [sum_give_income] => 1190
    [sum_income] => 14097
    [sum_buckle_income] => 5962
)
result=1
7
8
9
book_id=59825
2
3
4
5
Array
(
    [total_income] => 6228
    [income] => 5935
    [give_income] => 293
    [buckle_income] => 2554
    [buckle_coefficient] => 0.59
)
Array
(
    [book_id] => 59825
    [book_title] => 薄情前夫太嚣张
    [author_name] => 卓三柳
    [word_count] => 1167826
    [chapter_count] => 387
    [channel_id] => 0
    [statistics_day] => 2016-12-18
    [total_income] => 6228
    [give_income] => 293
    [income] => 5935
    [buckle_income] => 2554
    [buckle_coefficient] => 0.59
    [createtime] => 2016-12-26 13:56:41
)
6
66
Array
(
    [id] => 157
    [book_id] => 59825
    [book_title] => 薄情前夫太嚣张
    [author_name] => 卓三柳
    [word_count] => 1167826
    [chapter_count] => 387
    [channel_id] => 0
    [statistics_year] => 2016
    [statistics_month] => 12
    [total_income] => 6228
    [give_income] => 293
    [income] => 5935
    [buckle_income] => 2367
    [createtime] => 2016-12-26 13:52:42
)
661
6611
Array
(
    [sum_total_income] => 6228
    [sum_give_income] => 293
    [sum_income] => 5935
    [sum_buckle_income] => 2554
)
result=1
7
8
9
book_id=61245
2
3
4
5
Array
(
    [total_income] => 7383
    [income] => 6258
    [give_income] => 1125
    [buckle_income] => 2511
    [buckle_coefficient] => 0.66
)
Array
(
    [book_id] => 61245
    [book_title] => 寰宇强少
    [author_name] => 我打出租车
    [word_count] => 1025500
    [chapter_count] => 434
    [channel_id] => 0
    [statistics_day] => 2016-12-18
    [total_income] => 7383
    [give_income] => 1125
    [income] => 6258
    [buckle_income] => 2511
    [buckle_coefficient] => 0.66
    [createtime] => 2016-12-26 13:56:41
)
6
66
Array
(
    [id] => 158
    [book_id] => 61245
    [book_title] => 寰宇强少
    [author_name] => 我打出租车
    [word_count] => 1025500
    [chapter_count] => 434
    [channel_id] => 0
    [statistics_year] => 2016
    [statistics_month] => 12
    [total_income] => 7383
    [give_income] => 1125
    [income] => 6258
    [buckle_income] => 3323
    [createtime] => 2016-12-26 13:52:43
)
661
6611
Array
(
    [sum_total_income] => 7383
    [sum_give_income] => 1125
    [sum_income] => 6258
    [sum_buckle_income] => 2511
)
result=1
7
8
9
book_id=62936
2
3
4
5
Array
(
    [total_income] => 1258
    [income] => 1258
    [give_income] => 0
    [buckle_income] => 516
    [buckle_coefficient] => 0.59
)
Array
(
    [book_id] => 62936
    [book_title] => 傲娇甜心太难宠
    [author_name] => 微凉
    [word_count] => 1835837
    [chapter_count] => 838
    [channel_id] => 0
    [statistics_day] => 2016-12-18
    [total_income] => 1258
    [give_income] => 0
    [income] => 1258
    [buckle_income] => 516
    [buckle_coefficient] => 0.59
    [createtime] => 2016-12-26 13:56:41
)
6
66
Array
(
    [id] => 159
    [book_id] => 62936
    [book_title] => 傲娇甜心太难宠
    [author_name] => 微凉
    [word_count] => 1835837
    [chapter_count] => 838
    [channel_id] => 0
    [statistics_year] => 2016
    [statistics_month] => 12
    [total_income] => 1258
    [give_income] => 0
    [income] => 1258
    [buckle_income] => 441
    [createtime] => 2016-12-26 13:52:43
)
661
6611
Array
(
    [sum_total_income] => 1258
    [sum_give_income] => 0
    [sum_income] => 1258
    [sum_buckle_income] => 516
)
result=1
7
8
9
book_id=63349
2
3
4
5
Array
(
    [total_income] => 32
    [income] => 32
    [give_income] => 0
    [buckle_income] => 13
    [buckle_coefficient] => 0.62
)
Array
(
    [book_id] => 63349
    [book_title] => 最强护卫
    [author_name] => 玄幻豆豆
    [word_count] => 1641173
    [chapter_count] => 491
    [channel_id] => 0
    [statistics_day] => 2016-12-18
    [total_income] => 32
    [give_income] => 0
    [income] => 32
    [buckle_income] => 13
    [buckle_coefficient] => 0.62
    [createtime] => 2016-12-26 13:56:41
)
6
66
Array
(
    [id] => 160
    [book_id] => 63349
    [book_title] => 最强护卫
    [author_name] => 玄幻豆豆
    [word_count] => 1641173
    [chapter_count] => 491
    [channel_id] => 0
    [statistics_year] => 2016
    [statistics_month] => 12
    [total_income] => 32
    [give_income] => 0
    [income] => 32
    [buckle_income] => 14
    [createtime] => 2016-12-26 13:52:43
)
661
6611
Array
(
    [sum_total_income] => 32
    [sum_give_income] => 0
    [sum_income] => 32
    [sum_buckle_income] => 13
)
result=1
7
8
9
book_id=64147
2
3
4
5
Array
(
    [total_income] => 209
    [income] => 209
    [give_income] => 0
    [buckle_income] => 86
    [buckle_coefficient] => 0.59
)
Array
(
    [book_id] => 64147
    [book_title] => 暗影特工
    [author_name] => 韦小鸨
    [word_count] => 1058137
    [chapter_count] => 364
    [channel_id] => 0
    [statistics_day] => 2016-12-18
    [total_income] => 209
    [give_income] => 0
    [income] => 209
    [buckle_income] => 86
    [buckle_coefficient] => 0.59
    [createtime] => 2016-12-26 13:56:41
)
6
66
Array
(
    [id] => 161
    [book_id] => 64147
    [book_title] => 暗影特工
    [author_name] => 韦小鸨
    [word_count] => 1058137
    [chapter_count] => 364
    [channel_id] => 0
    [statistics_year] => 2016
    [statistics_month] => 12
    [total_income] => 209
    [give_income] => 0
    [income] => 209
    [buckle_income] => 76
    [createtime] => 2016-12-26 13:52:43
)
661
6611
Array
(
    [sum_total_income] => 209
    [sum_give_income] => 0
    [sum_income] => 209
    [sum_buckle_income] => 86
)
result=1
7
8
9
book_id=64250
2
3
4
5
Array
(
    [total_income] => 21
    [income] => 21
    [give_income] => 0
    [buckle_income] => 13
    [buckle_coefficient] => 0.4
)
Array
(
    [book_id] => 64250
    [book_title] => 三世姻缘
    [author_name] => 妖娆玉妃
    [word_count] => 237976
    [chapter_count] => 57
    [channel_id] => 0
    [statistics_day] => 2016-12-18
    [total_income] => 21
    [give_income] => 0
    [income] => 21
    [buckle_income] => 13
    [buckle_coefficient] => 0.4
    [createtime] => 2016-12-26 13:56:41
)
6
66
Array
(
    [id] => 162
    [book_id] => 64250
    [book_title] => 三世姻缘
    [author_name] => 妖娆玉妃
    [word_count] => 237976
    [chapter_count] => 57
    [channel_id] => 0
    [statistics_year] => 2016
    [statistics_month] => 12
    [total_income] => 21
    [give_income] => 0
    [income] => 21
    [buckle_income] => 14
    [createtime] => 2016-12-26 13:52:43
)
661
6611
Array
(
    [sum_total_income] => 21
    [sum_give_income] => 0
    [sum_income] => 21
    [sum_buckle_income] => 13
)
result=1
7
8
9
book_id=65104
2
3
4
5
Array
(
    [total_income] => 23719
    [income] => 21186
    [give_income] => 2533
    [buckle_income] => 8539
    [buckle_coefficient] => 0.64
)
Array
(
    [book_id] => 65104
    [book_title] => 修真高手混都市
    [author_name] => 左妻右妾
    [word_count] => 1527551
    [chapter_count] => 582
    [channel_id] => 0
    [statistics_day] => 2016-12-18
    [total_income] => 23719
    [give_income] => 2533
    [income] => 21186
    [buckle_income] => 8539
    [buckle_coefficient] => 0.64
    [createtime] => 2016-12-26 13:56:41
)
6
66
Array
(
    [id] => 163
    [book_id] => 65104
    [book_title] => 修真高手混都市
    [author_name] => 左妻右妾
    [word_count] => 1527551
    [chapter_count] => 582
    [channel_id] => 0
    [statistics_year] => 2016
    [statistics_month] => 12
    [total_income] => 23719
    [give_income] => 2533
    [income] => 21186
    [buckle_income] => 9488
    [createtime] => 2016-12-26 13:52:44
)
661
6611
Array
(
    [sum_total_income] => 23719
    [sum_give_income] => 2533
    [sum_income] => 21186
    [sum_buckle_income] => 8539
)
result=1
7
8
9
book_id=66939
2
3
4
5
Array
(
    [total_income] => 31935
    [income] => 29354
    [give_income] => 2581
    [buckle_income] => 11816
    [buckle_coefficient] => 0.63
)
Array
(
    [book_id] => 66939
    [book_title] => 我的老婆是妖精
    [author_name] => 潘小贤
    [word_count] => 997094
    [chapter_count] => 295
    [channel_id] => 0
    [statistics_day] => 2016-12-18
    [total_income] => 31935
    [give_income] => 2581
    [income] => 29354
    [buckle_income] => 11816
    [buckle_coefficient] => 0.63
    [createtime] => 2016-12-26 13:56:41
)
6
66
Array
(
    [id] => 164
    [book_id] => 66939
    [book_title] => 我的老婆是妖精
    [author_name] => 潘小贤
    [word_count] => 997094
    [chapter_count] => 295
    [channel_id] => 0
    [statistics_year] => 2016
    [statistics_month] => 12
    [total_income] => 31935
    [give_income] => 2581
    [income] => 29354
    [buckle_income] => 12136
    [createtime] => 2016-12-26 13:52:44
)
661
6611
Array
(
    [sum_total_income] => 31935
    [sum_give_income] => 2581
    [sum_income] => 29354
    [sum_buckle_income] => 11816
)
result=1
7
8
9
book_id=67004
2
3
4
5
Array
(
    [total_income] => 2221
    [income] => 1932
    [give_income] => 289
    [buckle_income] => 778
    [buckle_coefficient] => 0.65
)
Array
(
    [book_id] => 67004
    [book_title] => 最强教师
    [author_name] => 生花妙笔
    [word_count] => 3938684
    [chapter_count] => 1424
    [channel_id] => 0
    [statistics_day] => 2016-12-18
    [total_income] => 2221
    [give_income] => 289
    [income] => 1932
    [buckle_income] => 778
    [buckle_coefficient] => 0.65
    [createtime] => 2016-12-26 13:56:42
)
6
66
Array
(
    [id] => 165
    [book_id] => 67004
    [book_title] => 最强教师
    [author_name] => 生花妙笔
    [word_count] => 3938684
    [chapter_count] => 1424
    [channel_id] => 0
    [statistics_year] => 2016
    [statistics_month] => 12
    [total_income] => 2221
    [give_income] => 289
    [income] => 1932
    [buckle_income] => 756
    [createtime] => 2016-12-26 13:52:44
)
661
6611
Array
(
    [sum_total_income] => 2221
    [sum_give_income] => 289
    [sum_income] => 1932
    [sum_buckle_income] => 778
)
result=1
7
8
9
book_id=67296
2
3
4
5
Array
(
    [total_income] => 539070
    [income] => 437319
    [give_income] => 101751
    [buckle_income] => 215628
    [buckle_coefficient] => 0.6
)
Array
(
    [book_id] => 67296
    [book_title] => 小溪村的诱惑
    [author_name] => 青椒豆腐
    [word_count] => 2633964
    [chapter_count] => 822
    [channel_id] => 0
    [statistics_day] => 2016-12-18
    [total_income] => 539070
    [give_income] => 101751
    [income] => 437319
    [buckle_income] => 215628
    [buckle_coefficient] => 0.6
    [createtime] => 2016-12-26 13:56:45
)
6
66
Array
(
    [id] => 166
    [book_id] => 67296
    [book_title] => 小溪村的诱惑
    [author_name] => 青椒豆腐
    [word_count] => 2633964
    [chapter_count] => 822
    [channel_id] => 0
    [statistics_year] => 2016
    [statistics_month] => 12
    [total_income] => 539070
    [give_income] => 101751
    [income] => 437319
    [buckle_income] => 183284
    [createtime] => 2016-12-26 13:52:47
)
661
6611
Array
(
    [sum_total_income] => 539070
    [sum_give_income] => 101751
    [sum_income] => 437319
    [sum_buckle_income] => 215628
)
result=1
7
8
9
book_id=68375
2
3
4
5
Array
(
    [total_income] => 216
    [income] => 216
    [give_income] => 0
    [buckle_income] => 87
    [buckle_coefficient] => 0.6
)
Array
(
    [book_id] => 68375
    [book_title] => 古武狂少
    [author_name] => 疯狂小牛
    [word_count] => 1050258
    [chapter_count] => 340
    [channel_id] => 0
    [statistics_day] => 2016-12-18
    [total_income] => 216
    [give_income] => 0
    [income] => 216
    [buckle_income] => 87
    [buckle_coefficient] => 0.6
    [createtime] => 2016-12-26 13:56:46
)
6
66
Array
(
    [id] => 167
    [book_id] => 68375
    [book_title] => 古武狂少
    [author_name] => 疯狂小牛
    [word_count] => 1050258
    [chapter_count] => 340
    [channel_id] => 0
    [statistics_year] => 2016
    [statistics_month] => 12
    [total_income] => 216
    [give_income] => 0
    [income] => 216
    [buckle_income] => 74
    [createtime] => 2016-12-26 13:52:47
)
661
6611
Array
(
    [sum_total_income] => 216
    [sum_give_income] => 0
    [sum_income] => 216
    [sum_buckle_income] => 87
)
result=1
7
8
9
book_id=69127
2
3
4
5
Array
(
    [total_income] => 53
    [income] => 53
    [give_income] => 0
    [buckle_income] => 20
    [buckle_coefficient] => 0.64
)
Array
(
    [book_id] => 69127
    [book_title] => 花都杀神
    [author_name] => 沉默-羔羊
    [word_count] => 1634938
    [chapter_count] => 586
    [channel_id] => 0
    [statistics_day] => 2016-12-18
    [total_income] => 53
    [give_income] => 0
    [income] => 53
    [buckle_income] => 20
    [buckle_coefficient] => 0.64
    [createtime] => 2016-12-26 13:56:46
)
6
66
Array
(
    [id] => 168
    [book_id] => 69127
    [book_title] => 花都杀神
    [author_name] => 沉默-羔羊
    [word_count] => 1634938
    [chapter_count] => 586
    [channel_id] => 0
    [statistics_year] => 2016
    [statistics_month] => 12
    [total_income] => 53
    [give_income] => 0
    [income] => 53
    [buckle_income] => 19
    [createtime] => 2016-12-26 13:52:47
)
661
6611
Array
(
    [sum_total_income] => 53
    [sum_give_income] => 0
    [sum_income] => 53
    [sum_buckle_income] => 20
)
result=1
7
8
9
book_id=70044
2
3
4
5
Array
(
    [total_income] => 1373
    [income] => 1373
    [give_income] => 0
    [buckle_income] => 509
    [buckle_coefficient] => 0.63
)
Array
(
    [book_id] => 70044
    [book_title] => 无双狂龙
    [author_name] => 亦童
    [word_count] => 903879
    [chapter_count] => 304
    [channel_id] => 0
    [statistics_day] => 2016-12-18
    [total_income] => 1373
    [give_income] => 0
    [income] => 1373
    [buckle_income] => 509
    [buckle_coefficient] => 0.63
    [createtime] => 2016-12-26 13:56:46
)
6
66
Array
(
    [id] => 169
    [book_id] => 70044
    [book_title] => 无双狂龙
    [author_name] => 亦童
    [word_count] => 903879
    [chapter_count] => 304
    [channel_id] => 0
    [statistics_year] => 2016
    [statistics_month] => 12
    [total_income] => 1373
    [give_income] => 0
    [income] => 1373
    [buckle_income] => 605
    [createtime] => 2016-12-26 13:52:47
)
661
6611
Array
(
    [sum_total_income] => 1373
    [sum_give_income] => 0
    [sum_income] => 1373
    [sum_buckle_income] => 509
)
result=1
7
8
9
book_id=70154
2
3
4
5
Array
(
    [total_income] => 810
    [income] => 810
    [give_income] => 0
    [buckle_income] => 341
    [buckle_coefficient] => 0.58
)
Array
(
    [book_id] => 70154
    [book_title] => 袅凤有毒
    [author_name] => 怪味腰果
    [word_count] => 954592
    [chapter_count] => 304
    [channel_id] => 0
    [statistics_day] => 2016-12-18
    [total_income] => 810
    [give_income] => 0
    [income] => 810
    [buckle_income] => 341
    [buckle_coefficient] => 0.58
    [createtime] => 2016-12-26 13:56:47
)
6
66
Array
(
    [id] => 170
    [book_id] => 70154
    [book_title] => 袅凤有毒
    [author_name] => 怪味腰果
    [word_count] => 954592
    [chapter_count] => 304
    [channel_id] => 0
    [statistics_year] => 2016
    [statistics_month] => 12
    [total_income] => 810
    [give_income] => 0
    [income] => 810
    [buckle_income] => 284
    [createtime] => 2016-12-26 13:52:47
)
661
6611
Array
(
    [sum_total_income] => 810
    [sum_give_income] => 0
    [sum_income] => 810
    [sum_buckle_income] => 341
)
result=1
7
8
9
book_id=70159
2
3
4
5
Array
(
    [total_income] => 40056
    [income] => 35714
    [give_income] => 4342
    [buckle_income] => 15622
    [buckle_coefficient] => 0.61
)
Array
(
    [book_id] => 70159
    [book_title] => 善良的小姨子
    [author_name] => 苦哈哈
    [word_count] => 4007844
    [chapter_count] => 1307
    [channel_id] => 0
    [statistics_day] => 2016-12-18
    [total_income] => 40056
    [give_income] => 4342
    [income] => 35714
    [buckle_income] => 15622
    [buckle_coefficient] => 0.61
    [createtime] => 2016-12-26 13:56:48
)
6
66
Array
(
    [id] => 171
    [book_id] => 70159
    [book_title] => 善良的小姨子
    [author_name] => 苦哈哈
    [word_count] => 4007844
    [chapter_count] => 1307
    [channel_id] => 0
    [statistics_year] => 2016
    [statistics_month] => 12
    [total_income] => 40056
    [give_income] => 4342
    [income] => 35714
    [buckle_income] => 13620
    [createtime] => 2016-12-26 13:52:48
)
661
6611
Array
(
    [sum_total_income] => 40056
    [sum_give_income] => 4342
    [sum_income] => 35714
    [sum_buckle_income] => 15622
)
result=1
7
8
9
book_id=70339
2
3
4
5
Array
(
    [total_income] => 5258
    [income] => 4386
    [give_income] => 872
    [buckle_income] => 1788
    [buckle_coefficient] => 0.66
)
Array
(
    [book_id] => 70339
    [book_title] => 纯情丫头火辣辣
    [author_name] => 齐成琨
    [word_count] => 2098938
    [chapter_count] => 581
    [channel_id] => 0
    [statistics_day] => 2016-12-18
    [total_income] => 5258
    [give_income] => 872
    [income] => 4386
    [buckle_income] => 1788
    [buckle_coefficient] => 0.66
    [createtime] => 2016-12-26 13:56:48
)
6
66
Array
(
    [id] => 172
    [book_id] => 70339
    [book_title] => 纯情丫头火辣辣
    [author_name] => 齐成琨
    [word_count] => 2098938
    [chapter_count] => 581
    [channel_id] => 0
    [statistics_year] => 2016
    [statistics_month] => 12
    [total_income] => 5258
    [give_income] => 872
    [income] => 4386
    [buckle_income] => 2104
    [createtime] => 2016-12-26 13:52:48
)
661
6611
Array
(
    [sum_total_income] => 5258
    [sum_give_income] => 872
    [sum_income] => 4386
    [sum_buckle_income] => 1788
)
result=1
7
8
9
book_id=70390
2
3
4
5
Array
(
    [total_income] => 1218
    [income] => 1117
    [give_income] => 101
    [buckle_income] => 488
    [buckle_coefficient] => 0.6
)
Array
(
    [book_id] => 70390
    [book_title] => 首领霸宠俏佳人
    [author_name] => 恋小爱
    [word_count] => 1033027
    [chapter_count] => 478
    [channel_id] => 0
    [statistics_day] => 2016-12-18
    [total_income] => 1218
    [give_income] => 101
    [income] => 1117
    [buckle_income] => 488
    [buckle_coefficient] => 0.6
    [createtime] => 2016-12-26 13:56:48
)
6
66
Array
(
    [id] => 173
    [book_id] => 70390
    [book_title] => 首领霸宠俏佳人
    [author_name] => 恋小爱
    [word_count] => 1033027
    [chapter_count] => 478
    [channel_id] => 0
    [statistics_year] => 2016
    [statistics_month] => 12
    [total_income] => 1218
    [give_income] => 101
    [income] => 1117
    [buckle_income] => 476
    [createtime] => 2016-12-26 13:52:48
)
661
6611
Array
(
    [sum_total_income] => 1218
    [sum_give_income] => 101
    [sum_income] => 1117
    [sum_buckle_income] => 488
)
result=1
7
8
9
book_id=70804
2
3
4
5
Array
(
    [total_income] => 210
    [income] => 210
    [give_income] => 0
    [buckle_income] => 72
    [buckle_coefficient] => 0.66
)
Array
(
    [book_id] => 70804
    [book_title] => 龙腾都市
    [author_name] => 半岛听涛
    [word_count] => 1441376
    [chapter_count] => 454
    [channel_id] => 0
    [statistics_day] => 2016-12-18
    [total_income] => 210
    [give_income] => 0
    [income] => 210
    [buckle_income] => 72
    [buckle_coefficient] => 0.66
    [createtime] => 2016-12-26 13:56:48
)
6
66
Array
(
    [id] => 174
    [book_id] => 70804
    [book_title] => 龙腾都市
    [author_name] => 半岛听涛
    [word_count] => 1441376
    [chapter_count] => 454
    [channel_id] => 0
    [statistics_year] => 2016
    [statistics_month] => 12
    [total_income] => 210
    [give_income] => 0
    [income] => 210
    [buckle_income] => 89
    [createtime] => 2016-12-26 13:52:48
)
661
6611
Array
(
    [sum_total_income] => 210
    [sum_give_income] => 0
    [sum_income] => 210
    [sum_buckle_income] => 72
)
result=1
7
8
9
book_id=71505
2
3
4
5
Array
(
    [total_income] => 560
    [income] => 483
    [give_income] => 77
    [buckle_income] => 236
    [buckle_coefficient] => 0.58
)
Array
(
    [book_id] => 71505
    [book_title] => 名门弃少
    [author_name] => 夜上
    [word_count] => 1157272
    [chapter_count] => 363
    [channel_id] => 0
    [statistics_day] => 2016-12-18
    [total_income] => 560
    [give_income] => 77
    [income] => 483
    [buckle_income] => 236
    [buckle_coefficient] => 0.58
    [createtime] => 2016-12-26 13:56:48
)
6
66
Array
(
    [id] => 175
    [book_id] => 71505
    [book_title] => 名门弃少
    [author_name] => 夜上
    [word_count] => 1157272
    [chapter_count] => 363
    [channel_id] => 0
    [statistics_year] => 2016
    [statistics_month] => 12
    [total_income] => 560
    [give_income] => 77
    [income] => 483
    [buckle_income] => 230
    [createtime] => 2016-12-26 13:52:48
)
661
6611
Array
(
    [sum_total_income] => 560
    [sum_give_income] => 77
    [sum_income] => 483
    [sum_buckle_income] => 236
)
result=1
7
8
9
book_id=72106
2
3
4
5
Array
(
    [total_income] => 1785
    [income] => 1769
    [give_income] => 16
    [buckle_income] => 679
    [buckle_coefficient] => 0.62
)
Array
(
    [book_id] => 72106
    [book_title] => 完美高手
    [author_name] => 烟色欲望
    [word_count] => 1132676
    [chapter_count] => 357
    [channel_id] => 0
    [statistics_day] => 2016-12-18
    [total_income] => 1785
    [give_income] => 16
    [income] => 1769
    [buckle_income] => 679
    [buckle_coefficient] => 0.62
    [createtime] => 2016-12-26 13:56:48
)
6
66
Array
(
    [id] => 176
    [book_id] => 72106
    [book_title] => 完美高手
    [author_name] => 烟色欲望
    [word_count] => 1132676
    [chapter_count] => 357
    [channel_id] => 0
    [statistics_year] => 2016
    [statistics_month] => 12
    [total_income] => 1785
    [give_income] => 16
    [income] => 1769
    [buckle_income] => 697
    [createtime] => 2016-12-26 13:52:48
)
661
6611
Array
(
    [sum_total_income] => 1785
    [sum_give_income] => 16
    [sum_income] => 1769
    [sum_buckle_income] => 679
)
result=1
7
8
9
book_id=72370
2
3
4
5
Array
(
    [total_income] => 461
    [income] => 461
    [give_income] => 0
    [buckle_income] => 166
    [buckle_coefficient] => 0.64
)
Array
(
    [book_id] => 72370
    [book_title] => 最强术士
    [author_name] => 还我
    [word_count] => 994923
    [chapter_count] => 314
    [channel_id] => 0
    [statistics_day] => 2016-12-18
    [total_income] => 461
    [give_income] => 0
    [income] => 461
    [buckle_income] => 166
    [buckle_coefficient] => 0.64
    [createtime] => 2016-12-26 13:56:48
)
6
66
Array
(
    [id] => 177
    [book_id] => 72370
    [book_title] => 最强术士
    [author_name] => 还我
    [word_count] => 994923
    [chapter_count] => 314
    [channel_id] => 0
    [statistics_year] => 2016
    [statistics_month] => 12
    [total_income] => 461
    [give_income] => 0
    [income] => 461
    [buckle_income] => 185
    [createtime] => 2016-12-26 13:52:48
)
661
6611
Array
(
    [sum_total_income] => 461
    [sum_give_income] => 0
    [sum_income] => 461
    [sum_buckle_income] => 166
)
result=1
7
8
9
book_id=74855
2
3
4
5
Array
(
    [total_income] => 12665
    [income] => 11338
    [give_income] => 1327
    [buckle_income] => 4687
    [buckle_coefficient] => 0.63
)
Array
(
    [book_id] => 74855
    [book_title] => 至强财术
    [author_name] => E盘隐藏文件
    [word_count] => 1663705
    [chapter_count] => 536
    [channel_id] => 0
    [statistics_day] => 2016-12-18
    [total_income] => 12665
    [give_income] => 1327
    [income] => 11338
    [buckle_income] => 4687
    [buckle_coefficient] => 0.63
    [createtime] => 2016-12-26 13:56:48
)
6
66
Array
(
    [id] => 178
    [book_id] => 74855
    [book_title] => 至强财术
    [author_name] => E盘隐藏文件
    [word_count] => 1663705
    [chapter_count] => 536
    [channel_id] => 0
    [statistics_year] => 2016
    [statistics_month] => 12
    [total_income] => 12665
    [give_income] => 1327
    [income] => 11338
    [buckle_income] => 4560
    [createtime] => 2016-12-26 13:52:49
)
661
6611
Array
(
    [sum_total_income] => 12665
    [sum_give_income] => 1327
    [sum_income] => 11338
    [sum_buckle_income] => 4687
)
result=1
7
8
9
book_id=75035
2
3
4
5
Array
(
    [total_income] => 1091
    [income] => 787
    [give_income] => 304
    [buckle_income] => 459
    [buckle_coefficient] => 0.58
)
Array
(
    [book_id] => 75035
    [book_title] => 辣手小天师
    [author_name] => 一壶老酒
    [word_count] => 1168802
    [chapter_count] => 376
    [channel_id] => 0
    [statistics_day] => 2016-12-18
    [total_income] => 1091
    [give_income] => 304
    [income] => 787
    [buckle_income] => 459
    [buckle_coefficient] => 0.58
    [createtime] => 2016-12-26 13:56:48
)
6
66
Array
(
    [id] => 179
    [book_id] => 75035
    [book_title] => 辣手小天师
    [author_name] => 一壶老酒
    [word_count] => 1168802
    [chapter_count] => 376
    [channel_id] => 0
    [statistics_year] => 2016
    [statistics_month] => 12
    [total_income] => 1091
    [give_income] => 304
    [income] => 787
    [buckle_income] => 437
    [createtime] => 2016-12-26 13:52:49
)
661
6611
Array
(
    [sum_total_income] => 1091
    [sum_give_income] => 304
    [sum_income] => 787
    [sum_buckle_income] => 459
)
result=1
7
8
9
book_id=77678
2
3
4
5
Array
(
    [total_income] => 454
    [income] => 454
    [give_income] => 0
    [buckle_income] => 173
    [buckle_coefficient] => 0.62
)
Array
(
    [book_id] => 77678
    [book_title] => 超级高手
    [author_name] => 潇湘公子
    [word_count] => 1755160
    [chapter_count] => 568
    [channel_id] => 0
    [statistics_day] => 2016-12-18
    [total_income] => 454
    [give_income] => 0
    [income] => 454
    [buckle_income] => 173
    [buckle_coefficient] => 0.62
    [createtime] => 2016-12-26 13:56:49
)
6
66
Array
(
    [id] => 180
    [book_id] => 77678
    [book_title] => 超级高手
    [author_name] => 潇湘公子
    [word_count] => 1755160
    [chapter_count] => 568
    [channel_id] => 0
    [statistics_year] => 2016
    [statistics_month] => 12
    [total_income] => 454
    [give_income] => 0
    [income] => 454
    [buckle_income] => 155
    [createtime] => 2016-12-26 13:52:49
)
661
6611
Array
(
    [sum_total_income] => 454
    [sum_give_income] => 0
    [sum_income] => 454
    [sum_buckle_income] => 173
)
result=1
7
8
9
book_id=77694
2
3
4
5
Array
(
    [total_income] => 7682
    [income] => 6945
    [give_income] => 737
    [buckle_income] => 3381
    [buckle_coefficient] => 0.56
)
Array
(
    [book_id] => 77694
    [book_title] => 天眼狂少
    [author_name] => 皮卡丘
    [word_count] => 3042899
    [chapter_count] => 940
    [channel_id] => 0
    [statistics_day] => 2016-12-18
    [total_income] => 7682
    [give_income] => 737
    [income] => 6945
    [buckle_income] => 3381
    [buckle_coefficient] => 0.56
    [createtime] => 2016-12-26 13:56:49
)
6
66
Array
(
    [id] => 181
    [book_id] => 77694
    [book_title] => 天眼狂少
    [author_name] => 皮卡丘
    [word_count] => 3042899
    [chapter_count] => 940
    [channel_id] => 0
    [statistics_year] => 2016
    [statistics_month] => 12
    [total_income] => 7682
    [give_income] => 737
    [income] => 6945
    [buckle_income] => 3381
    [createtime] => 2016-12-26 13:52:49
)
661
6611
Array
(
    [sum_total_income] => 7682
    [sum_give_income] => 737
    [sum_income] => 6945
    [sum_buckle_income] => 3381
)
result=1
7
8
9
book_id=78354
2
3
4
5
Array
(
    [total_income] => 273580
    [income] => 241797
    [give_income] => 31783
    [buckle_income] => 112168
    [buckle_coefficient] => 0.59
)
Array
(
    [book_id] => 78354
    [book_title] => 华佗宝典
    [author_name] => 我吃肉夹馍
    [word_count] => 1966266
    [chapter_count] => 621
    [channel_id] => 0
    [statistics_day] => 2016-12-18
    [total_income] => 273580
    [give_income] => 31783
    [income] => 241797
    [buckle_income] => 112168
    [buckle_coefficient] => 0.59
    [createtime] => 2016-12-26 13:56:51
)
6
66
Array
(
    [id] => 182
    [book_id] => 78354
    [book_title] => 华佗宝典
    [author_name] => 我吃肉夹馍
    [word_count] => 1966266
    [chapter_count] => 621
    [channel_id] => 0
    [statistics_year] => 2016
    [statistics_month] => 12
    [total_income] => 273580
    [give_income] => 31783
    [income] => 241797
    [buckle_income] => 114904
    [createtime] => 2016-12-26 13:52:53
)
661
6611
Array
(
    [sum_total_income] => 273580
    [sum_give_income] => 31783
    [sum_income] => 241797
    [sum_buckle_income] => 112168
)
result=1
7
8
9
book_id=81609
2
3
4
5
Array
(
    [total_income] => 22231
    [income] => 20411
    [give_income] => 1820
    [buckle_income] => 9115
    [buckle_coefficient] => 0.59
)
Array
(
    [book_id] => 81609
    [book_title] => 天生财术
    [author_name] => 军用刺刀
    [word_count] => 1956114
    [chapter_count] => 687
    [channel_id] => 0
    [statistics_day] => 2016-12-18
    [total_income] => 22231
    [give_income] => 1820
    [income] => 20411
    [buckle_income] => 9115
    [buckle_coefficient] => 0.59
    [createtime] => 2016-12-26 13:56:52
)
6
66
Array
(
    [id] => 183
    [book_id] => 81609
    [book_title] => 天生财术
    [author_name] => 军用刺刀
    [word_count] => 1956114
    [chapter_count] => 687
    [channel_id] => 0
    [statistics_year] => 2016
    [statistics_month] => 12
    [total_income] => 22231
    [give_income] => 1820
    [income] => 20411
    [buckle_income] => 8004
    [createtime] => 2016-12-26 13:52:53
)
661
6611
Array
(
    [sum_total_income] => 22231
    [sum_give_income] => 1820
    [sum_income] => 20411
    [sum_buckle_income] => 9115
)
result=1
7
8
9
book_id=82453
2
3
4
5
Array
(
    [total_income] => 429
    [income] => 429
    [give_income] => 0
    [buckle_income] => 189
    [buckle_coefficient] => 0.56
)
Array
(
    [book_id] => 82453
    [book_title] => 至强战纪
    [author_name] => 步留痕
    [word_count] => 2879489
    [chapter_count] => 1042
    [channel_id] => 0
    [statistics_day] => 2016-12-18
    [total_income] => 429
    [give_income] => 0
    [income] => 429
    [buckle_income] => 189
    [buckle_coefficient] => 0.56
    [createtime] => 2016-12-26 13:56:52
)
6
66
Array
(
    [id] => 184
    [book_id] => 82453
    [book_title] => 至强战纪
    [author_name] => 步留痕
    [word_count] => 2879489
    [chapter_count] => 1042
    [channel_id] => 0
    [statistics_year] => 2016
    [statistics_month] => 12
    [total_income] => 429
    [give_income] => 0
    [income] => 429
    [buckle_income] => 146
    [createtime] => 2016-12-26 13:52:53
)
661
6611
Array
(
    [sum_total_income] => 429
    [sum_give_income] => 0
    [sum_income] => 429
    [sum_buckle_income] => 189
)
result=1
7
8
9
book_id=82573
2
3
4
5
Array
(
    [total_income] => 1627
    [income] => 1134
    [give_income] => 493
    [buckle_income] => 700
    [buckle_coefficient] => 0.57
)
Array
(
    [book_id] => 82573
    [book_title] => 我在古代皇宫混
    [author_name] => 冰山
    [word_count] => 1533563
    [chapter_count] => 558
    [channel_id] => 0
    [statistics_day] => 2016-12-18
    [total_income] => 1627
    [give_income] => 493
    [income] => 1134
    [buckle_income] => 700
    [buckle_coefficient] => 0.57
    [createtime] => 2016-12-26 13:56:52
)
6
66
Array
(
    [id] => 185
    [book_id] => 82573
    [book_title] => 我在古代皇宫混
    [author_name] => 冰山
    [word_count] => 1533563
    [chapter_count] => 558
    [channel_id] => 0
    [statistics_year] => 2016
    [statistics_month] => 12
    [total_income] => 1627
    [give_income] => 493
    [income] => 1134
    [buckle_income] => 602
    [createtime] => 2016-12-26 13:52:54
)
661
6611
Array
(
    [sum_total_income] => 1627
    [sum_give_income] => 493
    [sum_income] => 1134
    [sum_buckle_income] => 700
)
result=1
7
8
9
book_id=82593
2
3
4
5
Array
(
    [total_income] => 1941
    [income] => 1941
    [give_income] => 0
    [buckle_income] => 719
    [buckle_coefficient] => 0.63
)
Array
(
    [book_id] => 82593
    [book_title] => 盛宠嫡女
    [author_name] => 公子小九
    [word_count] => 889862
    [chapter_count] => 318
    [channel_id] => 0
    [statistics_day] => 2016-12-18
    [total_income] => 1941
    [give_income] => 0
    [income] => 1941
    [buckle_income] => 719
    [buckle_coefficient] => 0.63
    [createtime] => 2016-12-26 13:56:52
)
6
66
Array
(
    [id] => 186
    [book_id] => 82593
    [book_title] => 盛宠嫡女
    [author_name] => 公子小九
    [word_count] => 889862
    [chapter_count] => 318
    [channel_id] => 0
    [statistics_year] => 2016
    [statistics_month] => 12
    [total_income] => 1941
    [give_income] => 0
    [income] => 1941
    [buckle_income] => 680
    [createtime] => 2016-12-26 13:52:54
)
661
6611
Array
(
    [sum_total_income] => 1941
    [sum_give_income] => 0
    [sum_income] => 1941
    [sum_buckle_income] => 719
)
result=1
7
8
9
book_id=83184
2
3
4
5
Array
(
    [total_income] => 5306
    [income] => 4605
    [give_income] => 701
    [buckle_income] => 1964
    [buckle_coefficient] => 0.63
)
Array
(
    [book_id] => 83184
    [book_title] => 老婆大人听你的
    [author_name] => 安慧娴
    [word_count] => 1566968
    [chapter_count] => 492
    [channel_id] => 0
    [statistics_day] => 2016-12-18
    [total_income] => 5306
    [give_income] => 701
    [income] => 4605
    [buckle_income] => 1964
    [buckle_coefficient] => 0.63
    [createtime] => 2016-12-26 13:56:52
)
6
66
Array
(
    [id] => 187
    [book_id] => 83184
    [book_title] => 老婆大人听你的
    [author_name] => 安慧娴
    [word_count] => 1566968
    [chapter_count] => 492
    [channel_id] => 0
    [statistics_year] => 2016
    [statistics_month] => 12
    [total_income] => 5306
    [give_income] => 701
    [income] => 4605
    [buckle_income] => 1911
    [createtime] => 2016-12-26 13:52:54
)
661
6611
Array
(
    [sum_total_income] => 5306
    [sum_give_income] => 701
    [sum_income] => 4605
    [sum_buckle_income] => 1964
)
result=1
7
8
9
book_id=84446
2
3
4
5
Array
(
    [total_income] => 174845
    [income] => 146759
    [give_income] => 28086
    [buckle_income] => 68190
    [buckle_coefficient] => 0.61
)
Array
(
    [book_id] => 84446
    [book_title] => 乡野春潮
    [author_name] => 落魄小书童
    [word_count] => 3274356
    [chapter_count] => 1044
    [channel_id] => 0
    [statistics_day] => 2016-12-18
    [total_income] => 174845
    [give_income] => 28086
    [income] => 146759
    [buckle_income] => 68190
    [buckle_coefficient] => 0.61
    [createtime] => 2016-12-26 13:56:53
)
6
66
Array
(
    [id] => 188
    [book_id] => 84446
    [book_title] => 乡野春潮
    [author_name] => 落魄小书童
    [word_count] => 3274356
    [chapter_count] => 1044
    [channel_id] => 0
    [statistics_year] => 2016
    [statistics_month] => 12
    [total_income] => 174845
    [give_income] => 28086
    [income] => 146759
    [buckle_income] => 71687
    [createtime] => 2016-12-26 13:52:55
)
661
6611
Array
(
    [sum_total_income] => 174845
    [sum_give_income] => 28086
    [sum_income] => 146759
    [sum_buckle_income] => 68190
)
result=1
7
8
9
book_id=85407
2
3
4
5
Array
(
    [total_income] => 14352
    [income] => 13062
    [give_income] => 1290
    [buckle_income] => 5454
    [buckle_coefficient] => 0.62
)
Array
(
    [book_id] => 85407
    [book_title] => 妙手宗师
    [author_name] => 醉蝠
    [word_count] => 2327481
    [chapter_count] => 753
    [channel_id] => 0
    [statistics_day] => 2016-12-18
    [total_income] => 14352
    [give_income] => 1290
    [income] => 13062
    [buckle_income] => 5454
    [buckle_coefficient] => 0.62
    [createtime] => 2016-12-26 13:56:53
)
6
66
Array
(
    [id] => 189
    [book_id] => 85407
    [book_title] => 妙手宗师
    [author_name] => 醉蝠
    [word_count] => 2327481
    [chapter_count] => 753
    [channel_id] => 0
    [statistics_year] => 2016
    [statistics_month] => 12
    [total_income] => 14352
    [give_income] => 1290
    [income] => 13062
    [buckle_income] => 5024
    [createtime] => 2016-12-26 13:52:55
)
661
6611
Array
(
    [sum_total_income] => 14352
    [sum_give_income] => 1290
    [sum_income] => 13062
    [sum_buckle_income] => 5454
)
result=1
7
8
9
book_id=85444
2
3
4
5
Array
(
    [total_income] => 743
    [income] => 531
    [give_income] => 212
    [buckle_income] => 327
    [buckle_coefficient] => 0.56
)
Array
(
    [book_id] => 85444
    [book_title] => 完美盛宴
    [author_name] => 深海游龙
    [word_count] => 2227377
    [chapter_count] => 702
    [channel_id] => 0
    [statistics_day] => 2016-12-18
    [total_income] => 743
    [give_income] => 212
    [income] => 531
    [buckle_income] => 327
    [buckle_coefficient] => 0.56
    [createtime] => 2016-12-26 13:56:53
)
6
66
Array
(
    [id] => 190
    [book_id] => 85444
    [book_title] => 完美盛宴
    [author_name] => 深海游龙
    [word_count] => 2227377
    [chapter_count] => 702
    [channel_id] => 0
    [statistics_year] => 2016
    [statistics_month] => 12
    [total_income] => 743
    [give_income] => 212
    [income] => 531
    [buckle_income] => 275
    [createtime] => 2016-12-26 13:52:55
)
661
6611
Array
(
    [sum_total_income] => 743
    [sum_give_income] => 212
    [sum_income] => 531
    [sum_buckle_income] => 327
)
result=1
7
8
9
book_id=86690
2
3
4
5
Array
(
    [total_income] => 751
    [income] => 581
    [give_income] => 170
    [buckle_income] => 323
    [buckle_coefficient] => 0.57
)
Array
(
    [book_id] => 86690
    [book_title] => 都市之超级高手
    [author_name] => 暴君王者
    [word_count] => 498099
    [chapter_count] => 267
    [channel_id] => 0
    [statistics_day] => 2016-12-18
    [total_income] => 751
    [give_income] => 170
    [income] => 581
    [buckle_income] => 323
    [buckle_coefficient] => 0.57
    [createtime] => 2016-12-26 13:56:53
)
6
66
Array
(
    [id] => 191
    [book_id] => 86690
    [book_title] => 都市之超级高手
    [author_name] => 暴君王者
    [word_count] => 498099
    [chapter_count] => 267
    [channel_id] => 0
    [statistics_year] => 2016
    [statistics_month] => 12
    [total_income] => 751
    [give_income] => 170
    [income] => 581
    [buckle_income] => 286
    [createtime] => 2016-12-26 13:52:55
)
661
6611
Array
(
    [sum_total_income] => 751
    [sum_give_income] => 170
    [sum_income] => 581
    [sum_buckle_income] => 323
)
result=1
7
8
9
book_id=86913
2
3
4
5
Array
(
    [total_income] => 279844
    [income] => 228190
    [give_income] => 51654
    [buckle_income] => 95147
    [buckle_coefficient] => 0.66
)
Array
(
    [book_id] => 86913
    [book_title] => 妙手圣医
    [author_name] => 随心如梦
    [word_count] => 1099468
    [chapter_count] => 353
    [channel_id] => 0
    [statistics_day] => 2016-12-18
    [total_income] => 279844
    [give_income] => 51654
    [income] => 228190
    [buckle_income] => 95147
    [buckle_coefficient] => 0.66
    [createtime] => 2016-12-26 13:56:55
)
6
66
Array
(
    [id] => 192
    [book_id] => 86913
    [book_title] => 妙手圣医
    [author_name] => 随心如梦
    [word_count] => 1099468
    [chapter_count] => 353
    [channel_id] => 0
    [statistics_year] => 2016
    [statistics_month] => 12
    [total_income] => 279844
    [give_income] => 51654
    [income] => 228190
    [buckle_income] => 103543
    [createtime] => 2016-12-26 13:52:57
)
661
6611
Array
(
    [sum_total_income] => 279844
    [sum_give_income] => 51654
    [sum_income] => 228190
    [sum_buckle_income] => 95147
)
result=1
7
8
9
book_id=88248
2
3
4
5
Array
(
    [total_income] => 11673
    [income] => 10948
    [give_income] => 725
    [buckle_income] => 4203
    [buckle_coefficient] => 0.64
)
Array
(
    [book_id] => 88248
    [book_title] => 暧昧医院
    [author_name] => 唐太宗李世刚
    [word_count] => 644602
    [chapter_count] => 231
    [channel_id] => 0
    [statistics_day] => 2016-12-18
    [total_income] => 11673
    [give_income] => 725
    [income] => 10948
    [buckle_income] => 4203
    [buckle_coefficient] => 0.64
    [createtime] => 2016-12-26 13:56:55
)
6
66
Array
(
    [id] => 193
    [book_id] => 88248
    [book_title] => 暧昧医院
    [author_name] => 唐太宗李世刚
    [word_count] => 644602
    [chapter_count] => 231
    [channel_id] => 0
    [statistics_year] => 2016
    [statistics_month] => 12
    [total_income] => 11673
    [give_income] => 725
    [income] => 10948
    [buckle_income] => 4203
    [createtime] => 2016-12-26 13:52:57
)
661
6611
Array
(
    [sum_total_income] => 11673
    [sum_give_income] => 725
    [sum_income] => 10948
    [sum_buckle_income] => 4203
)
result=1
7
8
9
book_id=91159
2
3
4
5
Array
(
    [total_income] => 32771
    [income] => 28679
    [give_income] => 4092
    [buckle_income] => 11143
    [buckle_coefficient] => 0.66
)
Array
(
    [book_id] => 91159
    [book_title] => 近身武王
    [author_name] => 未苍
    [word_count] => 2060653
    [chapter_count] => 652
    [channel_id] => 0
    [statistics_day] => 2016-12-18
    [total_income] => 32771
    [give_income] => 4092
    [income] => 28679
    [buckle_income] => 11143
    [buckle_coefficient] => 0.66
    [createtime] => 2016-12-26 13:56:55
)
6
66
Array
(
    [id] => 194
    [book_id] => 91159
    [book_title] => 近身武王
    [author_name] => 未苍
    [word_count] => 2060653
    [chapter_count] => 652
    [channel_id] => 0
    [statistics_year] => 2016
    [statistics_month] => 12
    [total_income] => 32771
    [give_income] => 4092
    [income] => 28679
    [buckle_income] => 14747
    [createtime] => 2016-12-26 13:52:57
)
661
6611
Array
(
    [sum_total_income] => 32771
    [sum_give_income] => 4092
    [sum_income] => 28679
    [sum_buckle_income] => 11143
)
result=1
7
8
9
book_id=91563
2
3
4
5
Array
(
    [total_income] => 11142
    [income] => 10613
    [give_income] => 529
    [buckle_income] => 4123
    [buckle_coefficient] => 0.63
)
Array
(
    [book_id] => 91563
    [book_title] => 千金闲妻
    [author_name] => 倾世繁华
    [word_count] => 2144952
    [chapter_count] => 691
    [channel_id] => 0
    [statistics_day] => 2016-12-18
    [total_income] => 11142
    [give_income] => 529
    [income] => 10613
    [buckle_income] => 4123
    [buckle_coefficient] => 0.63
    [createtime] => 2016-12-26 13:56:55
)
6
66
Array
(
    [id] => 195
    [book_id] => 91563
    [book_title] => 千金闲妻
    [author_name] => 倾世繁华
    [word_count] => 2144952
    [chapter_count] => 691
    [channel_id] => 0
    [statistics_year] => 2016
    [statistics_month] => 12
    [total_income] => 11142
    [give_income] => 529
    [income] => 10613
    [buckle_income] => 4680
    [createtime] => 2016-12-26 13:52:57
)
661
6611
Array
(
    [sum_total_income] => 11142
    [sum_give_income] => 529
    [sum_income] => 10613
    [sum_buckle_income] => 4123
)
result=1
7
8
9
book_id=91566
2
3
4
5
Array
(
    [total_income] => 390
    [income] => 390
    [give_income] => 0
    [buckle_income] => 149
    [buckle_coefficient] => 0.62
)
Array
(
    [book_id] => 91566
    [book_title] => 嫡女要狠
    [author_name] => 幺蛾子大人
    [word_count] => 1346998
    [chapter_count] => 432
    [channel_id] => 0
    [statistics_day] => 2016-12-18
    [total_income] => 390
    [give_income] => 0
    [income] => 390
    [buckle_income] => 149
    [buckle_coefficient] => 0.62
    [createtime] => 2016-12-26 13:56:56
)
6
66
Array
(
    [id] => 196
    [book_id] => 91566
    [book_title] => 嫡女要狠
    [author_name] => 幺蛾子大人
    [word_count] => 1346998
    [chapter_count] => 432
    [channel_id] => 0
    [statistics_year] => 2016
    [statistics_month] => 12
    [total_income] => 390
    [give_income] => 0
    [income] => 390
    [buckle_income] => 145
    [createtime] => 2016-12-26 13:52:57
)
661
6611
Array
(
    [sum_total_income] => 390
    [sum_give_income] => 0
    [sum_income] => 390
    [sum_buckle_income] => 149
)
result=1
7
8
9
book_id=94039
2
3
4
5
Array
(
    [total_income] => 62
    [income] => 62
    [give_income] => 0
    [buckle_income] => 26
    [buckle_coefficient] => 0.59
)
Array
(
    [book_id] => 94039
    [book_title] => 绝世男仆
    [author_name] => 生花妙笔
    [word_count] => 3721261
    [chapter_count] => 1724
    [channel_id] => 0
    [statistics_day] => 2016-12-18
    [total_income] => 62
    [give_income] => 0
    [income] => 62
    [buckle_income] => 26
    [buckle_coefficient] => 0.59
    [createtime] => 2016-12-26 13:56:56
)
6
66
Array
(
    [id] => 197
    [book_id] => 94039
    [book_title] => 绝世男仆
    [author_name] => 生花妙笔
    [word_count] => 3721261
    [chapter_count] => 1724
    [channel_id] => 0
    [statistics_year] => 2016
    [statistics_month] => 12
    [total_income] => 62
    [give_income] => 0
    [income] => 62
    [buckle_income] => 28
    [createtime] => 2016-12-26 13:52:57
)
661
6611
Array
(
    [sum_total_income] => 62
    [sum_give_income] => 0
    [sum_income] => 62
    [sum_buckle_income] => 26
)
result=1
7
8
9
book_id=94595
2
3
4
5
Array
(
    [total_income] => 54016
    [income] => 49006
    [give_income] => 5010
    [buckle_income] => 23768
    [buckle_coefficient] => 0.56
)
Array
(
    [book_id] => 94595
    [book_title] => 超能兵王
    [author_name] => 小脚丫
    [word_count] => 939612
    [chapter_count] => 301
    [channel_id] => 0
    [statistics_day] => 2016-12-18
    [total_income] => 54016
    [give_income] => 5010
    [income] => 49006
    [buckle_income] => 23768
    [buckle_coefficient] => 0.56
    [createtime] => 2016-12-26 13:56:56
)
6
66
Array
(
    [id] => 198
    [book_id] => 94595
    [book_title] => 超能兵王
    [author_name] => 小脚丫
    [word_count] => 939612
    [chapter_count] => 301
    [channel_id] => 0
    [statistics_year] => 2016
    [statistics_month] => 12
    [total_income] => 54016
    [give_income] => 5010
    [income] => 49006
    [buckle_income] => 22687
    [createtime] => 2016-12-26 13:52:57
)
661
6611
Array
(
    [sum_total_income] => 54016
    [sum_give_income] => 5010
    [sum_income] => 49006
    [sum_buckle_income] => 23768
)
result=1
7
8
9
book_id=95256
2
3
4
5
Array
(
    [total_income] => 1428
    [income] => 1428
    [give_income] => 0
    [buckle_income] => 572
    [buckle_coefficient] => 0.6
)
Array
(
    [book_id] => 95256
    [book_title] => 官途之春色满园
    [author_name] => 绝境中的哥
    [word_count] => 721344
    [chapter_count] => 238
    [channel_id] => 0
    [statistics_day] => 2016-12-18
    [total_income] => 1428
    [give_income] => 0
    [income] => 1428
    [buckle_income] => 572
    [buckle_coefficient] => 0.6
    [createtime] => 2016-12-26 13:56:56
)
6
66
Array
(
    [id] => 199
    [book_id] => 95256
    [book_title] => 官途之春色满园
    [author_name] => 绝境中的哥
    [word_count] => 721344
    [chapter_count] => 238
    [channel_id] => 0
    [statistics_year] => 2016
    [statistics_month] => 12
    [total_income] => 1428
    [give_income] => 0
    [income] => 1428
    [buckle_income] => 529
    [createtime] => 2016-12-26 13:52:57
)
661
6611
Array
(
    [sum_total_income] => 1428
    [sum_give_income] => 0
    [sum_income] => 1428
    [sum_buckle_income] => 572
)
result=1
7
8
9
book_id=96176
2
3
4
5
Array
(
    [total_income] => 8709
    [income] => 7824
    [give_income] => 885
    [buckle_income] => 3832
    [buckle_coefficient] => 0.56
)
Array
(
    [book_id] => 96176
    [book_title] => 医疗圣手
    [author_name] => 平庸的上帝
    [word_count] => 1649710
    [chapter_count] => 563
    [channel_id] => 0
    [statistics_day] => 2016-12-18
    [total_income] => 8709
    [give_income] => 885
    [income] => 7824
    [buckle_income] => 3832
    [buckle_coefficient] => 0.56
    [createtime] => 2016-12-26 13:56:56
)
6
66
Array
(
    [id] => 200
    [book_id] => 96176
    [book_title] => 医疗圣手
    [author_name] => 平庸的上帝
    [word_count] => 1649710
    [chapter_count] => 563
    [channel_id] => 0
    [statistics_year] => 2016
    [statistics_month] => 12
    [total_income] => 8709
    [give_income] => 885
    [income] => 7824
    [buckle_income] => 3745
    [createtime] => 2016-12-26 13:52:58
)
661
6611
Array
(
    [sum_total_income] => 8709
    [sum_give_income] => 885
    [sum_income] => 7824
    [sum_buckle_income] => 3832
)
result=1
7
8
9
book_id=97424
2
3
4
5
Array
(
    [total_income] => 138
    [income] => 138
    [give_income] => 0
    [buckle_income] => 56
    [buckle_coefficient] => 0.6
)
Array
(
    [book_id] => 97424
    [book_title] => 凤浴九霄
    [author_name] => 一曲浅歌
    [word_count] => 449434
    [chapter_count] => 148
    [channel_id] => 0
    [statistics_day] => 2016-12-18
    [total_income] => 138
    [give_income] => 0
    [income] => 138
    [buckle_income] => 56
    [buckle_coefficient] => 0.6
    [createtime] => 2016-12-26 13:56:56
)
6
66
Array
(
    [id] => 201
    [book_id] => 97424
    [book_title] => 凤浴九霄
    [author_name] => 一曲浅歌
    [word_count] => 449434
    [chapter_count] => 148
    [channel_id] => 0
    [statistics_year] => 2016
    [statistics_month] => 12
    [total_income] => 138
    [give_income] => 0
    [income] => 138
    [buckle_income] => 60
    [createtime] => 2016-12-26 13:52:58
)
661
6611
Array
(
    [sum_total_income] => 138
    [sum_give_income] => 0
    [sum_income] => 138
    [sum_buckle_income] => 56
)
result=1
7
8
9
book_id=98302
2
3
4
5
Array
(
    [total_income] => 1884
    [income] => 1884
    [give_income] => 0
    [buckle_income] => 641
    [buckle_coefficient] => 0.66
)
Array
(
    [book_id] => 98302
    [book_title] => 驭蛇小娘子
    [author_name] => 怪味腰果
    [word_count] => 1080014
    [chapter_count] => 451
    [channel_id] => 0
    [statistics_day] => 2016-12-18
    [total_income] => 1884
    [give_income] => 0
    [income] => 1884
    [buckle_income] => 641
    [buckle_coefficient] => 0.66
    [createtime] => 2016-12-26 13:56:56
)
6
66
Array
(
    [id] => 202
    [book_id] => 98302
    [book_title] => 驭蛇小娘子
    [author_name] => 怪味腰果
    [word_count] => 1080014
    [chapter_count] => 451
    [channel_id] => 0
    [statistics_year] => 2016
    [statistics_month] => 12
    [total_income] => 1884
    [give_income] => 0
    [income] => 1884
    [buckle_income] => 716
    [createtime] => 2016-12-26 13:52:58
)
661
6611
Array
(
    [sum_total_income] => 1884
    [sum_give_income] => 0
    [sum_income] => 1884
    [sum_buckle_income] => 641
)
result=1
7
8
9
book_id=99956
2
3
4
5
Array
(
    [total_income] => 6803
    [income] => 6034
    [give_income] => 769
    [buckle_income] => 2994
    [buckle_coefficient] => 0.56
)
Array
(
    [book_id] => 99956
    [book_title] => 步步花香
    [author_name] => 虫子
    [word_count] => 648595
    [chapter_count] => 201
    [channel_id] => 0
    [statistics_day] => 2016-12-18
    [total_income] => 6803
    [give_income] => 769
    [income] => 6034
    [buckle_income] => 2994
    [buckle_coefficient] => 0.56
    [createtime] => 2016-12-26 13:56:57
)
6
66
Array
(
    [id] => 203
    [book_id] => 99956
    [book_title] => 步步花香
    [author_name] => 虫子
    [word_count] => 648595
    [chapter_count] => 201
    [channel_id] => 0
    [statistics_year] => 2016
    [statistics_month] => 12
    [total_income] => 6803
    [give_income] => 769
    [income] => 6034
    [buckle_income] => 2518
    [createtime] => 2016-12-26 13:52:58
)
661
6611
Array
(
    [sum_total_income] => 6803
    [sum_give_income] => 769
    [sum_income] => 6034
    [sum_buckle_income] => 2994
)
result=1
7
8
9
book_id=102789
2
3
4
5
Array
(
    [total_income] => 397
    [income] => 97
    [give_income] => 300
    [buckle_income] => 139
    [buckle_coefficient] => 0.65
)
Array
(
    [book_id] => 102789
    [book_title] => 冷酷帝少步步逼婚
    [author_name] => 金元宝
    [word_count] => 1528703
    [chapter_count] => 565
    [channel_id] => 0
    [statistics_day] => 2016-12-18
    [total_income] => 397
    [give_income] => 300
    [income] => 97
    [buckle_income] => 139
    [buckle_coefficient] => 0.65
    [createtime] => 2016-12-26 13:56:57
)
6
66
Array
(
    [id] => 204
    [book_id] => 102789
    [book_title] => 冷酷帝少步步逼婚
    [author_name] => 金元宝
    [word_count] => 1528703
    [chapter_count] => 565
    [channel_id] => 0
    [statistics_year] => 2016
    [statistics_month] => 12
    [total_income] => 397
    [give_income] => 300
    [income] => 97
    [buckle_income] => 147
    [createtime] => 2016-12-26 13:52:58
)
661
6611
Array
(
    [sum_total_income] => 397
    [sum_give_income] => 300
    [sum_income] => 97
    [sum_buckle_income] => 139
)
result=1
7
8
9
book_id=102858
2
3
4
5
Array
(
    [total_income] => 15872
    [income] => 14561
    [give_income] => 1311
    [buckle_income] => 5397
    [buckle_coefficient] => 0.66
)
Array
(
    [book_id] => 102858
    [book_title] => 女王妈咪驾到
    [author_name] => 齐成琨
    [word_count] => 3746013
    [chapter_count] => 1775
    [channel_id] => 0
    [statistics_day] => 2016-12-18
    [total_income] => 15872
    [give_income] => 1311
    [income] => 14561
    [buckle_income] => 5397
    [buckle_coefficient] => 0.66
    [createtime] => 2016-12-26 13:56:57
)
6
66
Array
(
    [id] => 205
    [book_id] => 102858
    [book_title] => 女王妈咪驾到
    [author_name] => 齐成琨
    [word_count] => 3746013
    [chapter_count] => 1775
    [channel_id] => 0
    [statistics_year] => 2016
    [statistics_month] => 12
    [total_income] => 15872
    [give_income] => 1311
    [income] => 14561
    [buckle_income] => 5556
    [createtime] => 2016-12-26 13:52:58
)
661
6611
Array
(
    [sum_total_income] => 15872
    [sum_give_income] => 1311
    [sum_income] => 14561
    [sum_buckle_income] => 5397
)
result=1
7
8
9
book_id=103051
2
3
4
5
Array
(
    [total_income] => 3519
    [income] => 3277
    [give_income] => 242
    [buckle_income] => 1443
    [buckle_coefficient] => 0.59
)
Array
(
    [book_id] => 103051
    [book_title] => 闪婚疯妻休想逃
    [author_name] => 惜纯璐
    [word_count] => 1123723
    [chapter_count] => 278
    [channel_id] => 0
    [statistics_day] => 2016-12-18
    [total_income] => 3519
    [give_income] => 242
    [income] => 3277
    [buckle_income] => 1443
    [buckle_coefficient] => 0.59
    [createtime] => 2016-12-26 13:56:57
)
6
66
Array
(
    [id] => 206
    [book_id] => 103051
    [book_title] => 闪婚疯妻休想逃
    [author_name] => 惜纯璐
    [word_count] => 1123723
    [chapter_count] => 278
    [channel_id] => 0
    [statistics_year] => 2016
    [statistics_month] => 12
    [total_income] => 3519
    [give_income] => 242
    [income] => 3277
    [buckle_income] => 1549
    [createtime] => 2016-12-26 13:52:58
)
661
6611
Array
(
    [sum_total_income] => 3519
    [sum_give_income] => 242
    [sum_income] => 3277
    [sum_buckle_income] => 1443
)
result=1
7
8
9
book_id=104086
2
3
4
5
Array
(
    [total_income] => 190
    [income] => 190
    [give_income] => 0
    [buckle_income] => 75
    [buckle_coefficient] => 0.61
)
Array
(
    [book_id] => 104086
    [book_title] => 绝世高手在都市
    [author_name] => 潇洒公子
    [word_count] => 1537177
    [chapter_count] => 674
    [channel_id] => 0
    [statistics_day] => 2016-12-18
    [total_income] => 190
    [give_income] => 0
    [income] => 190
    [buckle_income] => 75
    [buckle_coefficient] => 0.61
    [createtime] => 2016-12-26 13:56:57
)
6
66
Array
(
    [id] => 207
    [book_id] => 104086
    [book_title] => 绝世高手在都市
    [author_name] => 潇洒公子
    [word_count] => 1537177
    [chapter_count] => 674
    [channel_id] => 0
    [statistics_year] => 2016
    [statistics_month] => 12
    [total_income] => 190
    [give_income] => 0
    [income] => 190
    [buckle_income] => 82
    [createtime] => 2016-12-26 13:52:58
)
661
6611
Array
(
    [sum_total_income] => 190
    [sum_give_income] => 0
    [sum_income] => 190
    [sum_buckle_income] => 75
)
result=1
7
8
9
book_id=104993
2
3
4
5
Array
(
    [total_income] => 1357
    [income] => 1192
    [give_income] => 165
    [buckle_income] => 503
    [buckle_coefficient] => 0.63
)
Array
(
    [book_id] => 104993
    [book_title] => 第一婚宠
    [author_name] => 月盈
    [word_count] => 1691851
    [chapter_count] => 554
    [channel_id] => 0
    [statistics_day] => 2016-12-18
    [total_income] => 1357
    [give_income] => 165
    [income] => 1192
    [buckle_income] => 503
    [buckle_coefficient] => 0.63
    [createtime] => 2016-12-26 13:56:57
)
6
66
Array
(
    [id] => 208
    [book_id] => 104993
    [book_title] => 第一婚宠
    [author_name] => 月盈
    [word_count] => 1691851
    [chapter_count] => 554
    [channel_id] => 0
    [statistics_year] => 2016
    [statistics_month] => 12
    [total_income] => 1357
    [give_income] => 165
    [income] => 1192
    [buckle_income] => 570
    [createtime] => 2016-12-26 13:52:58
)
661
6611
Array
(
    [sum_total_income] => 1357
    [sum_give_income] => 165
    [sum_income] => 1192
    [sum_buckle_income] => 503
)
result=1
7
8
9
book_id=105624
2
3
4
5
Array
(
    [total_income] => 212
    [income] => 212
    [give_income] => 0
    [buckle_income] => 96
    [buckle_coefficient] => 0.55
)
Array
(
    [book_id] => 105624
    [book_title] => 官道之辉煌人生
    [author_name] => 不否
    [word_count] => 1346498
    [chapter_count] => 403
    [channel_id] => 0
    [statistics_day] => 2016-12-18
    [total_income] => 212
    [give_income] => 0
    [income] => 212
    [buckle_income] => 96
    [buckle_coefficient] => 0.55
    [createtime] => 2016-12-26 13:56:57
)
6
66
Array
(
    [id] => 209
    [book_id] => 105624
    [book_title] => 官道之辉煌人生
    [author_name] => 不否
    [word_count] => 1346498
    [chapter_count] => 403
    [channel_id] => 0
    [statistics_year] => 2016
    [statistics_month] => 12
    [total_income] => 212
    [give_income] => 0
    [income] => 212
    [buckle_income] => 75
    [createtime] => 2016-12-26 13:52:59
)
661
6611
Array
(
    [sum_total_income] => 212
    [sum_give_income] => 0
    [sum_income] => 212
    [sum_buckle_income] => 96
)
result=1
7
8
9
book_id=109499
2
3
4
5
Array
(
    [total_income] => 8319
    [income] => 7781
    [give_income] => 538
    [buckle_income] => 2912
    [buckle_coefficient] => 0.65
)
Array
(
    [book_id] => 109499
    [book_title] => 极品复制
    [author_name] => 不是蚊子
    [word_count] => 956224
    [chapter_count] => 334
    [channel_id] => 0
    [statistics_day] => 2016-12-18
    [total_income] => 8319
    [give_income] => 538
    [income] => 7781
    [buckle_income] => 2912
    [buckle_coefficient] => 0.65
    [createtime] => 2016-12-26 13:56:57
)
6
66
Array
(
    [id] => 210
    [book_id] => 109499
    [book_title] => 极品复制
    [author_name] => 不是蚊子
    [word_count] => 956224
    [chapter_count] => 334
    [channel_id] => 0
    [statistics_year] => 2016
    [statistics_month] => 12
    [total_income] => 8319
    [give_income] => 538
    [income] => 7781
    [buckle_income] => 3162
    [createtime] => 2016-12-26 13:52:59
)
661
6611
Array
(
    [sum_total_income] => 8319
    [sum_give_income] => 538
    [sum_income] => 7781
    [sum_buckle_income] => 2912
)
result=1
7
8
9
book_id=110079
2
3
4
5
Array
(
    [total_income] => 42
    [income] => 42
    [give_income] => 0
    [buckle_income] => 18
    [buckle_coefficient] => 0.58
)
Array
(
    [book_id] => 110079
    [book_title] => 超级保镖
    [author_name] => 百年一木
    [word_count] => 5504620
    [chapter_count] => 2103
    [channel_id] => 0
    [statistics_day] => 2016-12-18
    [total_income] => 42
    [give_income] => 0
    [income] => 42
    [buckle_income] => 18
    [buckle_coefficient] => 0.58
    [createtime] => 2016-12-26 13:56:57
)
6
66
Array
(
    [id] => 211
    [book_id] => 110079
    [book_title] => 超级保镖
    [author_name] => 百年一木
    [word_count] => 5504620
    [chapter_count] => 2103
    [channel_id] => 0
    [statistics_year] => 2016
    [statistics_month] => 12
    [total_income] => 42
    [give_income] => 0
    [income] => 42
    [buckle_income] => 18
    [createtime] => 2016-12-26 13:52:59
)
661
6611
Array
(
    [sum_total_income] => 42
    [sum_give_income] => 0
    [sum_income] => 42
    [sum_buckle_income] => 18
)
result=1
7
8
9
book_id=110161
2
3
4
5
Array
(
    [total_income] => 10018
    [income] => 9520
    [give_income] => 498
    [buckle_income] => 4408
    [buckle_coefficient] => 0.56
)
Array
(
    [book_id] => 110161
    [book_title] => 我的局长老婆
    [author_name] => 喝杯浓茶
    [word_count] => 1628469
    [chapter_count] => 488
    [channel_id] => 0
    [statistics_day] => 2016-12-18
    [total_income] => 10018
    [give_income] => 498
    [income] => 9520
    [buckle_income] => 4408
    [buckle_coefficient] => 0.56
    [createtime] => 2016-12-26 13:56:57
)
6
66
Array
(
    [id] => 212
    [book_id] => 110161
    [book_title] => 我的局长老婆
    [author_name] => 喝杯浓茶
    [word_count] => 1628469
    [chapter_count] => 488
    [channel_id] => 0
    [statistics_year] => 2016
    [statistics_month] => 12
    [total_income] => 10018
    [give_income] => 498
    [income] => 9520
    [buckle_income] => 4509
    [createtime] => 2016-12-26 13:52:59
)
661
6611
Array
(
    [sum_total_income] => 10018
    [sum_give_income] => 498
    [sum_income] => 9520
    [sum_buckle_income] => 4408
)
result=1
7
8
9
book_id=110604
2
3
4
5
Array
(
    [total_income] => 4844
    [income] => 4707
    [give_income] => 137
    [buckle_income] => 2035
    [buckle_coefficient] => 0.58
)
Array
(
    [book_id] => 110604
    [book_title] => 极品高手混都市
    [author_name] => 田小鸡
    [word_count] => 1041121
    [chapter_count] => 385
    [channel_id] => 0
    [statistics_day] => 2016-12-18
    [total_income] => 4844
    [give_income] => 137
    [income] => 4707
    [buckle_income] => 2035
    [buckle_coefficient] => 0.58
    [createtime] => 2016-12-26 13:56:57
)
6
66
Array
(
    [id] => 213
    [book_id] => 110604
    [book_title] => 极品高手混都市
    [author_name] => 田小鸡
    [word_count] => 1041121
    [chapter_count] => 385
    [channel_id] => 0
    [statistics_year] => 2016
    [statistics_month] => 12
    [total_income] => 4844
    [give_income] => 137
    [income] => 4707
    [buckle_income] => 1647
    [createtime] => 2016-12-26 13:52:59
)
661
6611
Array
(
    [sum_total_income] => 4844
    [sum_give_income] => 137
    [sum_income] => 4707
    [sum_buckle_income] => 2035
)
result=1
7
8
9
book_id=113446
2
3
4
5
Array
(
    [total_income] => 14182
    [income] => 12873
    [give_income] => 1309
    [buckle_income] => 5248
    [buckle_coefficient] => 0.63
)
Array
(
    [book_id] => 113446
    [book_title] => 银杏花开
    [author_name] => 闻松听涛
    [word_count] => 2302791
    [chapter_count] => 723
    [channel_id] => 0
    [statistics_day] => 2016-12-18
    [total_income] => 14182
    [give_income] => 1309
    [income] => 12873
    [buckle_income] => 5248
    [buckle_coefficient] => 0.63
    [createtime] => 2016-12-26 13:56:58
)
6
66
Array
(
    [id] => 214
    [book_id] => 113446
    [book_title] => 银杏花开
    [author_name] => 闻松听涛
    [word_count] => 2302791
    [chapter_count] => 723
    [channel_id] => 0
    [statistics_year] => 2016
    [statistics_month] => 12
    [total_income] => 14182
    [give_income] => 1309
    [income] => 12873
    [buckle_income] => 6241
    [createtime] => 2016-12-26 13:52:59
)
661
6611
Array
(
    [sum_total_income] => 14182
    [sum_give_income] => 1309
    [sum_income] => 12873
    [sum_buckle_income] => 5248
)
result=1
7
8
9
book_id=114961
2
3
4
5
Array
(
    [total_income] => 6409
    [income] => 5487
    [give_income] => 922
    [buckle_income] => 2692
    [buckle_coefficient] => 0.58
)
Array
(
    [book_id] => 114961
    [book_title] => 独家宠婚，骗来的军嫂
    [author_name] => 夜雨星辰
    [word_count] => 786711
    [chapter_count] => 273
    [channel_id] => 0
    [statistics_day] => 2016-12-18
    [total_income] => 6409
    [give_income] => 922
    [income] => 5487
    [buckle_income] => 2692
    [buckle_coefficient] => 0.58
    [createtime] => 2016-12-26 13:56:58
)
6
66
Array
(
    [id] => 215
    [book_id] => 114961
    [book_title] => 独家宠婚，骗来的军嫂
    [author_name] => 夜雨星辰
    [word_count] => 786711
    [chapter_count] => 273
    [channel_id] => 0
    [statistics_year] => 2016
    [statistics_month] => 12
    [total_income] => 6409
    [give_income] => 922
    [income] => 5487
    [buckle_income] => 2180
    [createtime] => 2016-12-26 13:52:59
)
661
6611
Array
(
    [sum_total_income] => 6409
    [sum_give_income] => 922
    [sum_income] => 5487
    [sum_buckle_income] => 2692
)
result=1
7
8
9
book_id=115706
2
3
4
5
Array
(
    [total_income] => 3725
    [income] => 3575
    [give_income] => 150
    [buckle_income] => 1490
    [buckle_coefficient] => 0.6
)
Array
(
    [book_id] => 115706
    [book_title] => 我的极品总裁老婆
    [author_name] => 夜上
    [word_count] => 3570704
    [chapter_count] => 1140
    [channel_id] => 0
    [statistics_day] => 2016-12-18
    [total_income] => 3725
    [give_income] => 150
    [income] => 3575
    [buckle_income] => 1490
    [buckle_coefficient] => 0.6
    [createtime] => 2016-12-26 13:56:58
)
6
66
Array
(
    [id] => 216
    [book_id] => 115706
    [book_title] => 我的极品总裁老婆
    [author_name] => 夜上
    [word_count] => 3570704
    [chapter_count] => 1140
    [channel_id] => 0
    [statistics_year] => 2016
    [statistics_month] => 12
    [total_income] => 3725
    [give_income] => 150
    [income] => 3575
    [buckle_income] => 1379
    [createtime] => 2016-12-26 13:52:59
)
661
6611
Array
(
    [sum_total_income] => 3725
    [sum_give_income] => 150
    [sum_income] => 3575
    [sum_buckle_income] => 1490
)
result=1
7
8
9
book_id=116917
2
3
4
5
Array
(
    [total_income] => 78
    [income] => 78
    [give_income] => 0
    [buckle_income] => 32
    [buckle_coefficient] => 0.6
)
Array
(
    [book_id] => 116917
    [book_title] => 我的女友是虞姬
    [author_name] => 羽千航
    [word_count] => 1199003
    [chapter_count] => 355
    [channel_id] => 0
    [statistics_day] => 2016-12-18
    [total_income] => 78
    [give_income] => 0
    [income] => 78
    [buckle_income] => 32
    [buckle_coefficient] => 0.6
    [createtime] => 2016-12-26 13:56:58
)
6
66
Array
(
    [id] => 217
    [book_id] => 116917
    [book_title] => 我的女友是虞姬
    [author_name] => 羽千航
    [word_count] => 1199003
    [chapter_count] => 355
    [channel_id] => 0
    [statistics_year] => 2016
    [statistics_month] => 12
    [total_income] => 78
    [give_income] => 0
    [income] => 78
    [buckle_income] => 27
    [createtime] => 2016-12-26 13:52:59
)
661
6611
Array
(
    [sum_total_income] => 78
    [sum_give_income] => 0
    [sum_income] => 78
    [sum_buckle_income] => 32
)
result=1
7
8
9
book_id=119587
2
3
4
5
Array
(
    [total_income] => 1736
    [income] => 1736
    [give_income] => 0
    [buckle_income] => 782
    [buckle_coefficient] => 0.55
)
Array
(
    [book_id] => 119587
    [book_title] => 极品逍遥高手
    [author_name] => 青山依旧在
    [word_count] => 4811105
    [chapter_count] => 1550
    [channel_id] => 0
    [statistics_day] => 2016-12-18
    [total_income] => 1736
    [give_income] => 0
    [income] => 1736
    [buckle_income] => 782
    [buckle_coefficient] => 0.55
    [createtime] => 2016-12-26 13:56:58
)
6
66
Array
(
    [id] => 218
    [book_id] => 119587
    [book_title] => 极品逍遥高手
    [author_name] => 青山依旧在
    [word_count] => 4811105
    [chapter_count] => 1550
    [channel_id] => 0
    [statistics_year] => 2016
    [statistics_month] => 12
    [total_income] => 1736
    [give_income] => 0
    [income] => 1736
    [buckle_income] => 625
    [createtime] => 2016-12-26 13:53:00
)
661
6611
Array
(
    [sum_total_income] => 1736
    [sum_give_income] => 0
    [sum_income] => 1736
    [sum_buckle_income] => 782
)
result=1
7
8
9
book_id=120549
2
3
4
5
Array
(
    [total_income] => 46171
    [income] => 42391
    [give_income] => 3780
    [buckle_income] => 20777
    [buckle_coefficient] => 0.55
)
Array
(
    [book_id] => 120549
    [book_title] => 我的无心鬼丈夫
    [author_name] => 水云寒
    [word_count] => 657541
    [chapter_count] => 268
    [channel_id] => 0
    [statistics_day] => 2016-12-18
    [total_income] => 46171
    [give_income] => 3780
    [income] => 42391
    [buckle_income] => 20777
    [buckle_coefficient] => 0.55
    [createtime] => 2016-12-26 13:56:59
)
6
66
Array
(
    [id] => 219
    [book_id] => 120549
    [book_title] => 我的无心鬼丈夫
    [author_name] => 水云寒
    [word_count] => 657541
    [chapter_count] => 268
    [channel_id] => 0
    [statistics_year] => 2016
    [statistics_month] => 12
    [total_income] => 46171
    [give_income] => 3780
    [income] => 42391
    [buckle_income] => 20777
    [createtime] => 2016-12-26 13:53:00
)
661
6611
Array
(
    [sum_total_income] => 46171
    [sum_give_income] => 3780
    [sum_income] => 42391
    [sum_buckle_income] => 20777
)
result=1
7
8
9
book_id=121857
2
3
4
5
Array
(
    [total_income] => 65
    [income] => 65
    [give_income] => 0
    [buckle_income] => 30
    [buckle_coefficient] => 0.55
)
Array
(
    [book_id] => 121857
    [book_title] => 谈婚论价
    [author_name] => 我是鱼
    [word_count] => 2163622
    [chapter_count] => 707
    [channel_id] => 0
    [statistics_day] => 2016-12-18
    [total_income] => 65
    [give_income] => 0
    [income] => 65
    [buckle_income] => 30
    [buckle_coefficient] => 0.55
    [createtime] => 2016-12-26 13:56:59
)
6
66
Array
(
    [id] => 220
    [book_id] => 121857
    [book_title] => 谈婚论价
    [author_name] => 我是鱼
    [word_count] => 2163622
    [chapter_count] => 707
    [channel_id] => 0
    [statistics_year] => 2016
    [statistics_month] => 12
    [total_income] => 65
    [give_income] => 0
    [income] => 65
    [buckle_income] => 23
    [createtime] => 2016-12-26 13:53:00
)
661
6611
Array
(
    [sum_total_income] => 65
    [sum_give_income] => 0
    [sum_income] => 65
    [sum_buckle_income] => 30
)
result=1
7
8
9
book_id=122419
2
3
4
5
Array
(
    [total_income] => 190
    [income] => 45
    [give_income] => 145
    [buckle_income] => 84
    [buckle_coefficient] => 0.56
)
Array
(
    [book_id] => 122419
    [book_title] => 别动那个墓
    [author_name] => 歪少
    [word_count] => 685244
    [chapter_count] => 240
    [channel_id] => 0
    [statistics_day] => 2016-12-18
    [total_income] => 190
    [give_income] => 145
    [income] => 45
    [buckle_income] => 84
    [buckle_coefficient] => 0.56
    [createtime] => 2016-12-26 13:56:59
)
6
66
Array
(
    [id] => 221
    [book_id] => 122419
    [book_title] => 别动那个墓
    [author_name] => 歪少
    [word_count] => 685244
    [chapter_count] => 240
    [channel_id] => 0
    [statistics_year] => 2016
    [statistics_month] => 12
    [total_income] => 190
    [give_income] => 145
    [income] => 45
    [buckle_income] => 76
    [createtime] => 2016-12-26 13:53:00
)
661
6611
Array
(
    [sum_total_income] => 190
    [sum_give_income] => 145
    [sum_income] => 45
    [sum_buckle_income] => 84
)
result=1
7
8
9
book_id=123734
2
3
4
5
Array
(
    [total_income] => 1627
    [income] => 1627
    [give_income] => 0
    [buckle_income] => 700
    [buckle_coefficient] => 0.57
)
Array
(
    [book_id] => 123734
    [book_title] => 独霸苍穹
    [author_name] => 一枚祸害
    [word_count] => 1152046
    [chapter_count] => 393
    [channel_id] => 0
    [statistics_day] => 2016-12-18
    [total_income] => 1627
    [give_income] => 0
    [income] => 1627
    [buckle_income] => 700
    [buckle_coefficient] => 0.57
    [createtime] => 2016-12-26 13:56:59
)
6
66
Array
(
    [id] => 222
    [book_id] => 123734
    [book_title] => 独霸苍穹
    [author_name] => 一枚祸害
    [word_count] => 1152046
    [chapter_count] => 393
    [channel_id] => 0
    [statistics_year] => 2016
    [statistics_month] => 12
    [total_income] => 1627
    [give_income] => 0
    [income] => 1627
    [buckle_income] => 619
    [createtime] => 2016-12-26 13:53:00
)
661
6611
Array
(
    [sum_total_income] => 1627
    [sum_give_income] => 0
    [sum_income] => 1627
    [sum_buckle_income] => 700
)
result=1
7
8
9
book_id=123891
2
3
4
5
Array
(
    [total_income] => 9219
    [income] => 8301
    [give_income] => 918
    [buckle_income] => 4149
    [buckle_coefficient] => 0.55
)
Array
(
    [book_id] => 123891
    [book_title] => 世界第一军婚
    [author_name] => 雅园弄墨
    [word_count] => 1287867
    [chapter_count] => 639
    [channel_id] => 0
    [statistics_day] => 2016-12-18
    [total_income] => 9219
    [give_income] => 918
    [income] => 8301
    [buckle_income] => 4149
    [buckle_coefficient] => 0.55
    [createtime] => 2016-12-26 13:56:59
)
6
66
Array
(
    [id] => 223
    [book_id] => 123891
    [book_title] => 世界第一军婚
    [author_name] => 雅园弄墨
    [word_count] => 1287867
    [chapter_count] => 639
    [channel_id] => 0
    [statistics_year] => 2016
    [statistics_month] => 12
    [total_income] => 9219
    [give_income] => 918
    [income] => 8301
    [buckle_income] => 3596
    [createtime] => 2016-12-26 13:53:00
)
661
6611
Array
(
    [sum_total_income] => 9219
    [sum_give_income] => 918
    [sum_income] => 8301
    [sum_buckle_income] => 4149
)
result=1
7
8
9
book_id=126602
2
3
4
5
Array
(
    [total_income] => 703
    [income] => 703
    [give_income] => 0
    [buckle_income] => 247
    [buckle_coefficient] => 0.65
)
Array
(
    [book_id] => 126602
    [book_title] => 凰令萌妃
    [author_name] => 手雷斩云
    [word_count] => 552832
    [chapter_count] => 202
    [channel_id] => 0
    [statistics_day] => 2016-12-18
    [total_income] => 703
    [give_income] => 0
    [income] => 703
    [buckle_income] => 247
    [buckle_coefficient] => 0.65
    [createtime] => 2016-12-26 13:56:59
)
6
66
Array
(
    [id] => 224
    [book_id] => 126602
    [book_title] => 凰令萌妃
    [author_name] => 手雷斩云
    [word_count] => 552832
    [chapter_count] => 202
    [channel_id] => 0
    [statistics_year] => 2016
    [statistics_month] => 12
    [total_income] => 703
    [give_income] => 0
    [income] => 703
    [buckle_income] => 303
    [createtime] => 2016-12-26 13:53:00
)
661
6611
Array
(
    [sum_total_income] => 703
    [sum_give_income] => 0
    [sum_income] => 703
    [sum_buckle_income] => 247
)
result=1
7
8
9
book_id=144691
2
3
4
5
Array
(
    [total_income] => 5
    [income] => 5
    [give_income] => 0
    [buckle_income] => 5
    [buckle_coefficient] => 
)
Array
(
    [book_id] => 144691
    [book_title] => 阴阳鬼眼
    [author_name] => 芭蕉叶
    [word_count] => 105461
    [chapter_count] => 70
    [channel_id] => 0
    [statistics_day] => 2016-12-18
    [total_income] => 5
    [give_income] => 0
    [income] => 5
    [buckle_income] => 5
    [buckle_coefficient] => 
    [createtime] => 2016-12-26 13:56:59
)
6
66
Array
(
    [id] => 225
    [book_id] => 144691
    [book_title] => 阴阳鬼眼
    [author_name] => 芭蕉叶
    [word_count] => 105461
    [chapter_count] => 70
    [channel_id] => 0
    [statistics_year] => 2016
    [statistics_month] => 12
    [total_income] => 5
    [give_income] => 0
    [income] => 5
    [buckle_income] => 5
    [createtime] => 2016-12-26 13:53:01
)
661
6611
Array
(
    [sum_total_income] => 5
    [sum_give_income] => 0
    [sum_income] => 5
    [sum_buckle_income] => 5
)
result=1
7
8
9
book_id=145007
2
3
4
5
Array
(
    [total_income] => 8700
    [income] => 7453
    [give_income] => 1247
    [buckle_income] => 3741
    [buckle_coefficient] => 0.57
)
Array
(
    [book_id] => 145007
    [book_title] => 我的26岁女上司
    [author_name] => 韭菜盒子
    [word_count] => 2116067
    [chapter_count] => 1014
    [channel_id] => 0
    [statistics_day] => 2016-12-18
    [total_income] => 8700
    [give_income] => 1247
    [income] => 7453
    [buckle_income] => 3741
    [buckle_coefficient] => 0.57
    [createtime] => 2016-12-26 13:57:00
)
6
66
Array
(
    [id] => 226
    [book_id] => 145007
    [book_title] => 我的26岁女上司
    [author_name] => 韭菜盒子
    [word_count] => 2116067
    [chapter_count] => 1014
    [channel_id] => 0
    [statistics_year] => 2016
    [statistics_month] => 12
    [total_income] => 8700
    [give_income] => 1247
    [income] => 7453
    [buckle_income] => 3219
    [createtime] => 2016-12-26 13:53:01
)
661
6611
Array
(
    [sum_total_income] => 8700
    [sum_give_income] => 1247
    [sum_income] => 7453
    [sum_buckle_income] => 3741
)
result=1
7
8
9
book_id=146959
2
3
4
5
Array
(
    [total_income] => 15640
    [income] => 14567
    [give_income] => 1073
    [buckle_income] => 5787
    [buckle_coefficient] => 0.63
)
Array
(
    [book_id] => 146959
    [book_title] => 功夫神医
    [author_name] => 猪爬树
    [word_count] => 1523197
    [chapter_count] => 731
    [channel_id] => 0
    [statistics_day] => 2016-12-18
    [total_income] => 15640
    [give_income] => 1073
    [income] => 14567
    [buckle_income] => 5787
    [buckle_coefficient] => 0.63
    [createtime] => 2016-12-26 13:57:00
)
6
66
Array
(
    [id] => 2
    [book_id] => 146959
    [book_title] => 功夫神医
    [author_name] => 猪爬树
    [word_count] => 1523197
    [chapter_count] => 731
    [channel_id] => 0
    [statistics_year] => 2016
    [statistics_month] => 12
    [total_income] => 15650
    [give_income] => 1073
    [income] => 14577
    [buckle_income] => 5484
    [createtime] => 2016-12-26 13:53:01
)
661
6611
Array
(
    [sum_total_income] => 15650
    [sum_give_income] => 1073
    [sum_income] => 14577
    [sum_buckle_income] => 5797
)
result=1
7
8
9
book_id=147301
2
3
4
5
Array
(
    [total_income] => 1971
    [income] => 1768
    [give_income] => 203
    [buckle_income] => 769
    [buckle_coefficient] => 0.61
)
Array
(
    [book_id] => 147301
    [book_title] => 野蛮合租
    [author_name] => 东城
    [word_count] => 2061594
    [chapter_count] => 607
    [channel_id] => 0
    [statistics_day] => 2016-12-18
    [total_income] => 1971
    [give_income] => 203
    [income] => 1768
    [buckle_income] => 769
    [buckle_coefficient] => 0.61
    [createtime] => 2016-12-26 13:57:00
)
6
66
Array
(
    [id] => 227
    [book_id] => 147301
    [book_title] => 野蛮合租
    [author_name] => 东城
    [word_count] => 2061594
    [chapter_count] => 607
    [channel_id] => 0
    [statistics_year] => 2016
    [statistics_month] => 12
    [total_income] => 1971
    [give_income] => 203
    [income] => 1768
    [buckle_income] => 671
    [createtime] => 2016-12-26 13:53:01
)
661
6611
Array
(
    [sum_total_income] => 1971
    [sum_give_income] => 203
    [sum_income] => 1768
    [sum_buckle_income] => 769
)
result=1
7
8
9
book_id=150270
2
3
4
5
Array
(
    [total_income] => 242
    [income] => 242
    [give_income] => 0
    [buckle_income] => 92
    [buckle_coefficient] => 0.62
)
Array
(
    [book_id] => 150270
    [book_title] => 唇唇欲动
    [author_name] => 锁清秋
    [word_count] => 308037
    [chapter_count] => 100
    [channel_id] => 0
    [statistics_day] => 2016-12-18
    [total_income] => 242
    [give_income] => 0
    [income] => 242
    [buckle_income] => 92
    [buckle_coefficient] => 0.62
    [createtime] => 2016-12-26 13:57:00
)
6
66
Array
(
    [id] => 228
    [book_id] => 150270
    [book_title] => 唇唇欲动
    [author_name] => 锁清秋
    [word_count] => 308037
    [chapter_count] => 100
    [channel_id] => 0
    [statistics_year] => 2016
    [statistics_month] => 12
    [total_income] => 242
    [give_income] => 0
    [income] => 242
    [buckle_income] => 88
    [createtime] => 2016-12-26 13:53:01
)
661
6611
Array
(
    [sum_total_income] => 242
    [sum_give_income] => 0
    [sum_income] => 242
    [sum_buckle_income] => 92
)
result=1
7
8
9
book_id=151549
2
3
4
5
Array
(
    [total_income] => 3341
    [income] => 3341
    [give_income] => 0
    [buckle_income] => 1170
    [buckle_coefficient] => 0.65
)
Array
(
    [book_id] => 151549
    [book_title] => 我的极品美女总裁
    [author_name] => 平庸的上帝
    [word_count] => 2413290
    [chapter_count] => 755
    [channel_id] => 0
    [statistics_day] => 2016-12-18
    [total_income] => 3341
    [give_income] => 0
    [income] => 3341
    [buckle_income] => 1170
    [buckle_coefficient] => 0.65
    [createtime] => 2016-12-26 13:57:00
)
6
66
Array
(
    [id] => 229
    [book_id] => 151549
    [book_title] => 我的极品美女总裁
    [author_name] => 平庸的上帝
    [word_count] => 2413290
    [chapter_count] => 755
    [channel_id] => 0
    [statistics_year] => 2016
    [statistics_month] => 12
    [total_income] => 3341
    [give_income] => 0
    [income] => 3341
    [buckle_income] => 1471
    [createtime] => 2016-12-26 13:53:01
)
661
6611
Array
(
    [sum_total_income] => 3341
    [sum_give_income] => 0
    [sum_income] => 3341
    [sum_buckle_income] => 1170
)
result=1
7
8
9
book_id=152381
2
3
4
5
Array
(
    [total_income] => 10936
    [income] => 9626
    [give_income] => 1310
    [buckle_income] => 3719
    [buckle_coefficient] => 0.66
)
Array
(
    [book_id] => 152381
    [book_title] => 特级保安
    [author_name] => 花家大少
    [word_count] => 1181068
    [chapter_count] => 545
    [channel_id] => 0
    [statistics_day] => 2016-12-18
    [total_income] => 10936
    [give_income] => 1310
    [income] => 9626
    [buckle_income] => 3719
    [buckle_coefficient] => 0.66
    [createtime] => 2016-12-26 13:57:01
)
6
66
Array
(
    [id] => 230
    [book_id] => 152381
    [book_title] => 特级保安
    [author_name] => 花家大少
    [word_count] => 1181068
    [chapter_count] => 545
    [channel_id] => 0
    [statistics_year] => 2016
    [statistics_month] => 12
    [total_income] => 10936
    [give_income] => 1310
    [income] => 9626
    [buckle_income] => 4156
    [createtime] => 2016-12-26 13:53:02
)
661
6611
Array
(
    [sum_total_income] => 10936
    [sum_give_income] => 1310
    [sum_income] => 9626
    [sum_buckle_income] => 3719
)
result=1
7
8
9
book_id=153110
2
3
4
5
Array
(
    [total_income] => 24
    [income] => 24
    [give_income] => 0
    [buckle_income] => 9
    [buckle_coefficient] => 0.63
)
Array
(
    [book_id] => 153110
    [book_title] => 狼王盛宠：萌妻在手
    [author_name] => 夜堇兮
    [word_count] => 200340
    [chapter_count] => 92
    [channel_id] => 0
    [statistics_day] => 2016-12-18
    [total_income] => 24
    [give_income] => 0
    [income] => 24
    [buckle_income] => 9
    [buckle_coefficient] => 0.63
    [createtime] => 2016-12-26 13:57:01
)
6
66
Array
(
    [id] => 231
    [book_id] => 153110
    [book_title] => 狼王盛宠：萌妻在手
    [author_name] => 夜堇兮
    [word_count] => 200340
    [chapter_count] => 92
    [channel_id] => 0
    [statistics_year] => 2016
    [statistics_month] => 12
    [total_income] => 24
    [give_income] => 0
    [income] => 24
    [buckle_income] => 11
    [createtime] => 2016-12-26 13:53:02
)
661
6611
Array
(
    [sum_total_income] => 24
    [sum_give_income] => 0
    [sum_income] => 24
    [sum_buckle_income] => 9
)
result=1
7
8
9
book_id=153243
2
3
4
5
Array
(
    [total_income] => 1462
    [income] => 1462
    [give_income] => 0
    [buckle_income] => 615
    [buckle_coefficient] => 0.58
)
Array
(
    [book_id] => 153243
    [book_title] => 特种兵王在都市
    [author_name] => 皮卡丘
    [word_count] => 3544318
    [chapter_count] => 1082
    [channel_id] => 0
    [statistics_day] => 2016-12-18
    [total_income] => 1462
    [give_income] => 0
    [income] => 1462
    [buckle_income] => 615
    [buckle_coefficient] => 0.58
    [createtime] => 2016-12-26 13:57:01
)
6
66
Array
(
    [id] => 232
    [book_id] => 153243
    [book_title] => 特种兵王在都市
    [author_name] => 皮卡丘
    [word_count] => 3544318
    [chapter_count] => 1082
    [channel_id] => 0
    [statistics_year] => 2016
    [statistics_month] => 12
    [total_income] => 1462
    [give_income] => 0
    [income] => 1462
    [buckle_income] => 615
    [createtime] => 2016-12-26 13:53:02
)
661
6611
Array
(
    [sum_total_income] => 1462
    [sum_give_income] => 0
    [sum_income] => 1462
    [sum_buckle_income] => 615
)
result=1
7
8
9
book_id=153844
2
3
4
5
Array
(
    [total_income] => 1839
    [income] => 1503
    [give_income] => 336
    [buckle_income] => 626
    [buckle_coefficient] => 0.66
)
Array
(
    [book_id] => 153844
    [book_title] => 神级保安
    [author_name] => 三藏大师
    [word_count] => 1867331
    [chapter_count] => 871
    [channel_id] => 0
    [statistics_day] => 2016-12-18
    [total_income] => 1839
    [give_income] => 336
    [income] => 1503
    [buckle_income] => 626
    [buckle_coefficient] => 0.66
    [createtime] => 2016-12-26 13:57:01
)
6
66
Array
(
    [id] => 233
    [book_id] => 153844
    [book_title] => 神级保安
    [author_name] => 三藏大师
    [word_count] => 1867331
    [chapter_count] => 871
    [channel_id] => 0
    [statistics_year] => 2016
    [statistics_month] => 12
    [total_income] => 1839
    [give_income] => 336
    [income] => 1503
    [buckle_income] => 791
    [createtime] => 2016-12-26 13:53:02
)
661
6611
Array
(
    [sum_total_income] => 1839
    [sum_give_income] => 336
    [sum_income] => 1503
    [sum_buckle_income] => 626
)
result=1
7
8
9
book_id=156377
2
3
4
5
Array
(
    [total_income] => 120
    [income] => 120
    [give_income] => 0
    [buckle_income] => 42
    [buckle_coefficient] => 0.65
)
Array
(
    [book_id] => 156377
    [book_title] => 完美公寓
    [author_name] => 此剑无名
    [word_count] => 801846
    [chapter_count] => 263
    [channel_id] => 0
    [statistics_day] => 2016-12-18
    [total_income] => 120
    [give_income] => 0
    [income] => 120
    [buckle_income] => 42
    [buckle_coefficient] => 0.65
    [createtime] => 2016-12-26 13:57:01
)
6
66
Array
(
    [id] => 234
    [book_id] => 156377
    [book_title] => 完美公寓
    [author_name] => 此剑无名
    [word_count] => 801846
    [chapter_count] => 263
    [channel_id] => 0
    [statistics_year] => 2016
    [statistics_month] => 12
    [total_income] => 120
    [give_income] => 0
    [income] => 120
    [buckle_income] => 45
    [createtime] => 2016-12-26 13:53:02
)
661
6611
Array
(
    [sum_total_income] => 120
    [sum_give_income] => 0
    [sum_income] => 120
    [sum_buckle_income] => 42
)
result=1
7
8
9
book_id=156549
2
3
4
5
Array
(
    [total_income] => 1552
    [income] => 1092
    [give_income] => 460
    [buckle_income] => 668
    [buckle_coefficient] => 0.57
)
Array
(
    [book_id] => 156549
    [book_title] => 乾坤八针
    [author_name] => 李森森
    [word_count] => 1169216
    [chapter_count] => 343
    [channel_id] => 0
    [statistics_day] => 2016-12-18
    [total_income] => 1552
    [give_income] => 460
    [income] => 1092
    [buckle_income] => 668
    [buckle_coefficient] => 0.57
    [createtime] => 2016-12-26 13:57:01
)
6
66
Array
(
    [id] => 235
    [book_id] => 156549
    [book_title] => 乾坤八针
    [author_name] => 李森森
    [word_count] => 1169216
    [chapter_count] => 343
    [channel_id] => 0
    [statistics_year] => 2016
    [statistics_month] => 12
    [total_income] => 1552
    [give_income] => 460
    [income] => 1092
    [buckle_income] => 699
    [createtime] => 2016-12-26 13:53:02
)
661
6611
Array
(
    [sum_total_income] => 1552
    [sum_give_income] => 460
    [sum_income] => 1092
    [sum_buckle_income] => 668
)
result=1
7
8
9
book_id=156559
2
3
4
5
Array
(
    [total_income] => 6639
    [income] => 5717
    [give_income] => 922
    [buckle_income] => 2324
    [buckle_coefficient] => 0.65
)
Array
(
    [book_id] => 156559
    [book_title] => 超能狂神
    [author_name] => 青椒豆腐
    [word_count] => 2058068
    [chapter_count] => 693
    [channel_id] => 0
    [statistics_day] => 2016-12-18
    [total_income] => 6639
    [give_income] => 922
    [income] => 5717
    [buckle_income] => 2324
    [buckle_coefficient] => 0.65
    [createtime] => 2016-12-26 13:57:01
)
6
66
Array
(
    [id] => 236
    [book_id] => 156559
    [book_title] => 超能狂神
    [author_name] => 青椒豆腐
    [word_count] => 2058068
    [chapter_count] => 693
    [channel_id] => 0
    [statistics_year] => 2016
    [statistics_month] => 12
    [total_income] => 6639
    [give_income] => 922
    [income] => 5717
    [buckle_income] => 2922
    [createtime] => 2016-12-26 13:53:02
)
661
6611
Array
(
    [sum_total_income] => 6639
    [sum_give_income] => 922
    [sum_income] => 5717
    [sum_buckle_income] => 2324
)
result=1
7
8
9
book_id=161377
2
3
4
5
Array
(
    [total_income] => 32
    [income] => 32
    [give_income] => 0
    [buckle_income] => 14
    [buckle_coefficient] => 0.57
)
Array
(
    [book_id] => 161377
    [book_title] => 冤家路窄
    [author_name] => 手雷斩云
    [word_count] => 1202914
    [chapter_count] => 373
    [channel_id] => 0
    [statistics_day] => 2016-12-18
    [total_income] => 32
    [give_income] => 0
    [income] => 32
    [buckle_income] => 14
    [buckle_coefficient] => 0.57
    [createtime] => 2016-12-26 13:57:01
)
6
66
Array
(
    [id] => 237
    [book_id] => 161377
    [book_title] => 冤家路窄
    [author_name] => 手雷斩云
    [word_count] => 1202914
    [chapter_count] => 373
    [channel_id] => 0
    [statistics_year] => 2016
    [statistics_month] => 12
    [total_income] => 32
    [give_income] => 0
    [income] => 32
    [buckle_income] => 12
    [createtime] => 2016-12-26 13:53:02
)
661
6611
Array
(
    [sum_total_income] => 32
    [sum_give_income] => 0
    [sum_income] => 32
    [sum_buckle_income] => 14
)
result=1
7
8
9
book_id=163935
2
3
4
5
Array
(
    [total_income] => 18388
    [income] => 15574
    [give_income] => 2814
    [buckle_income] => 6620
    [buckle_coefficient] => 0.64
)
Array
(
    [book_id] => 163935
    [book_title] => 女儿红
    [author_name] => 喝杯浓茶
    [word_count] => 3149316
    [chapter_count] => 940
    [channel_id] => 0
    [statistics_day] => 2016-12-18
    [total_income] => 18388
    [give_income] => 2814
    [income] => 15574
    [buckle_income] => 6620
    [buckle_coefficient] => 0.64
    [createtime] => 2016-12-26 13:57:02
)
6
66
Array
(
    [id] => 238
    [book_id] => 163935
    [book_title] => 女儿红
    [author_name] => 喝杯浓茶
    [word_count] => 3149316
    [chapter_count] => 940
    [channel_id] => 0
    [statistics_year] => 2016
    [statistics_month] => 12
    [total_income] => 18388
    [give_income] => 2814
    [income] => 15574
    [buckle_income] => 7723
    [createtime] => 2016-12-26 13:53:02
)
661
6611
Array
(
    [sum_total_income] => 18388
    [sum_give_income] => 2814
    [sum_income] => 15574
    [sum_buckle_income] => 6620
)
result=1
7
8
9
book_id=165117
2
3
4
5
Array
(
    [total_income] => 160
    [income] => 160
    [give_income] => 0
    [buckle_income] => 61
    [buckle_coefficient] => 0.62
)
Array
(
    [book_id] => 165117
    [book_title] => 重生之侯门毒妃
    [author_name] => 且为东风住
    [word_count] => 703683
    [chapter_count] => 272
    [channel_id] => 0
    [statistics_day] => 2016-12-18
    [total_income] => 160
    [give_income] => 0
    [income] => 160
    [buckle_income] => 61
    [buckle_coefficient] => 0.62
    [createtime] => 2016-12-26 13:57:02
)
6
66
Array
(
    [id] => 239
    [book_id] => 165117
    [book_title] => 重生之侯门毒妃
    [author_name] => 且为东风住
    [word_count] => 703683
    [chapter_count] => 272
    [channel_id] => 0
    [statistics_year] => 2016
    [statistics_month] => 12
    [total_income] => 160
    [give_income] => 0
    [income] => 160
    [buckle_income] => 64
    [createtime] => 2016-12-26 13:53:02
)
661
6611
Array
(
    [sum_total_income] => 160
    [sum_give_income] => 0
    [sum_income] => 160
    [sum_buckle_income] => 61
)
result=1
7
8
9
book_id=165120
2
3
4
5
Array
(
    [total_income] => 587
    [income] => 397
    [give_income] => 190
    [buckle_income] => 247
    [buckle_coefficient] => 0.58
)
Array
(
    [book_id] => 165120
    [book_title] => 爱妻站住，求复婚
    [author_name] => 残菊
    [word_count] => 871969
    [chapter_count] => 414
    [channel_id] => 0
    [statistics_day] => 2016-12-18
    [total_income] => 587
    [give_income] => 190
    [income] => 397
    [buckle_income] => 247
    [buckle_coefficient] => 0.58
    [createtime] => 2016-12-26 13:57:02
)
6
66
Array
(
    [id] => 240
    [book_id] => 165120
    [book_title] => 爱妻站住，求复婚
    [author_name] => 残菊
    [word_count] => 871969
    [chapter_count] => 414
    [channel_id] => 0
    [statistics_year] => 2016
    [statistics_month] => 12
    [total_income] => 587
    [give_income] => 190
    [income] => 397
    [buckle_income] => 218
    [createtime] => 2016-12-26 13:53:03
)
661
6611
Array
(
    [sum_total_income] => 587
    [sum_give_income] => 190
    [sum_income] => 397
    [sum_buckle_income] => 247
)
result=1
7
8
9
book_id=165628
2
3
4
5
Array
(
    [total_income] => 2496
    [income] => 2209
    [give_income] => 287
    [buckle_income] => 924
    [buckle_coefficient] => 0.63
)
Array
(
    [book_id] => 165628
    [book_title] => 贴身高手
    [author_name] => 卧南斋
    [word_count] => 2736202
    [chapter_count] => 897
    [channel_id] => 0
    [statistics_day] => 2016-12-18
    [total_income] => 2496
    [give_income] => 287
    [income] => 2209
    [buckle_income] => 924
    [buckle_coefficient] => 0.63
    [createtime] => 2016-12-26 13:57:02
)
6
66
Array
(
    [id] => 241
    [book_id] => 165628
    [book_title] => 贴身高手
    [author_name] => 卧南斋
    [word_count] => 2736202
    [chapter_count] => 897
    [channel_id] => 0
    [statistics_year] => 2016
    [statistics_month] => 12
    [total_income] => 2496
    [give_income] => 287
    [income] => 2209
    [buckle_income] => 874
    [createtime] => 2016-12-26 13:53:03
)
661
6611
Array
(
    [sum_total_income] => 2496
    [sum_give_income] => 287
    [sum_income] => 2209
    [sum_buckle_income] => 924
)
result=1
7
8
9
book_id=165797
2
3
4
5
Array
(
    [total_income] => 38335
    [income] => 34383
    [give_income] => 3952
    [buckle_income] => 13418
    [buckle_coefficient] => 0.65
)
Array
(
    [book_id] => 165797
    [book_title] => 嚣张兵王
    [author_name] => 可乐炖鸡翅
    [word_count] => 2708900
    [chapter_count] => 749
    [channel_id] => 0
    [statistics_day] => 2016-12-18
    [total_income] => 38335
    [give_income] => 3952
    [income] => 34383
    [buckle_income] => 13418
    [buckle_coefficient] => 0.65
    [createtime] => 2016-12-26 13:57:02
)
6
66
Array
(
    [id] => 242
    [book_id] => 165797
    [book_title] => 嚣张兵王
    [author_name] => 可乐炖鸡翅
    [word_count] => 2708900
    [chapter_count] => 749
    [channel_id] => 0
    [statistics_year] => 2016
    [statistics_month] => 12
    [total_income] => 38335
    [give_income] => 3952
    [income] => 34383
    [buckle_income] => 14184
    [createtime] => 2016-12-26 13:53:03
)
661
6611
Array
(
    [sum_total_income] => 38335
    [sum_give_income] => 3952
    [sum_income] => 34383
    [sum_buckle_income] => 13418
)
result=1
7
8
9
book_id=166201
2
3
4
5
Array
(
    [total_income] => 606
    [income] => 606
    [give_income] => 0
    [buckle_income] => 243
    [buckle_coefficient] => 0.6
)
Array
(
    [book_id] => 166201
    [book_title] => 不死佣兵
    [author_name] => 爱吃小龙虾
    [word_count] => 3212969
    [chapter_count] => 1011
    [channel_id] => 0
    [statistics_day] => 2016-12-18
    [total_income] => 606
    [give_income] => 0
    [income] => 606
    [buckle_income] => 243
    [buckle_coefficient] => 0.6
    [createtime] => 2016-12-26 13:57:02
)
6
66
Array
(
    [id] => 243
    [book_id] => 166201
    [book_title] => 不死佣兵
    [author_name] => 爱吃小龙虾
    [word_count] => 3212969
    [chapter_count] => 1011
    [channel_id] => 0
    [statistics_year] => 2016
    [statistics_month] => 12
    [total_income] => 606
    [give_income] => 0
    [income] => 606
    [buckle_income] => 225
    [createtime] => 2016-12-26 13:53:03
)
661
6611
Array
(
    [sum_total_income] => 606
    [sum_give_income] => 0
    [sum_income] => 606
    [sum_buckle_income] => 243
)
result=1
7
8
9
book_id=166242
2
3
4
5
Array
(
    [total_income] => 1772
    [income] => 1772
    [give_income] => 0
    [buckle_income] => 798
    [buckle_coefficient] => 0.55
)
Array
(
    [book_id] => 166242
    [book_title] => 腹黑boss的糊涂妻
    [author_name] => 写出一心人
    [word_count] => 1405401
    [chapter_count] => 463
    [channel_id] => 0
    [statistics_day] => 2016-12-18
    [total_income] => 1772
    [give_income] => 0
    [income] => 1772
    [buckle_income] => 798
    [buckle_coefficient] => 0.55
    [createtime] => 2016-12-26 13:57:02
)
6
66
Array
(
    [id] => 244
    [book_id] => 166242
    [book_title] => 腹黑boss的糊涂妻
    [author_name] => 写出一心人
    [word_count] => 1405401
    [chapter_count] => 463
    [channel_id] => 0
    [statistics_year] => 2016
    [statistics_month] => 12
    [total_income] => 1772
    [give_income] => 0
    [income] => 1772
    [buckle_income] => 621
    [createtime] => 2016-12-26 13:53:03
)
661
6611
Array
(
    [sum_total_income] => 1772
    [sum_give_income] => 0
    [sum_income] => 1772
    [sum_buckle_income] => 798
)
result=1
7
8
9
book_id=168236
2
3
4
5
Array
(
    [total_income] => 75
    [income] => 75
    [give_income] => 0
    [buckle_income] => 29
    [buckle_coefficient] => 0.62
)
Array
(
    [book_id] => 168236
    [book_title] => 万妖至皇
    [author_name] => 胖头鱼
    [word_count] => 2365600
    [chapter_count] => 762
    [channel_id] => 0
    [statistics_day] => 2016-12-18
    [total_income] => 75
    [give_income] => 0
    [income] => 75
    [buckle_income] => 29
    [buckle_coefficient] => 0.62
    [createtime] => 2016-12-26 13:57:02
)
6
66
Array
(
    [id] => 245
    [book_id] => 168236
    [book_title] => 万妖至皇
    [author_name] => 胖头鱼
    [word_count] => 2365600
    [chapter_count] => 762
    [channel_id] => 0
    [statistics_year] => 2016
    [statistics_month] => 12
    [total_income] => 75
    [give_income] => 0
    [income] => 75
    [buckle_income] => 27
    [createtime] => 2016-12-26 13:53:03
)
661
6611
Array
(
    [sum_total_income] => 75
    [sum_give_income] => 0
    [sum_income] => 75
    [sum_buckle_income] => 29
)
result=1
7
8
9
book_id=168928
2
3
4
5
Array
(
    [total_income] => 58
    [income] => 58
    [give_income] => 0
    [buckle_income] => 22
    [buckle_coefficient] => 0.63
)
Array
(
    [book_id] => 168928
    [book_title] => 冥婚厚爱
    [author_name] => 锁清秋
    [word_count] => 748797
    [chapter_count] => 392
    [channel_id] => 0
    [statistics_day] => 2016-12-18
    [total_income] => 58
    [give_income] => 0
    [income] => 58
    [buckle_income] => 22
    [buckle_coefficient] => 0.63
    [createtime] => 2016-12-26 13:57:03
)
6
66
Array
(
    [id] => 246
    [book_id] => 168928
    [book_title] => 冥婚厚爱
    [author_name] => 锁清秋
    [word_count] => 748797
    [chapter_count] => 392
    [channel_id] => 0
    [statistics_year] => 2016
    [statistics_month] => 12
    [total_income] => 58
    [give_income] => 0
    [income] => 58
    [buckle_income] => 22
    [createtime] => 2016-12-26 13:53:03
)
661
6611
Array
(
    [sum_total_income] => 58
    [sum_give_income] => 0
    [sum_income] => 58
    [sum_buckle_income] => 22
)
result=1
7
8
9
book_id=169657
2
3
4
5
Array
(
    [total_income] => 1296
    [income] => 1296
    [give_income] => 0
    [buckle_income] => 506
    [buckle_coefficient] => 0.61
)
Array
(
    [book_id] => 169657
    [book_title] => 神级护花高手
    [author_name] => 天齐
    [word_count] => 2627876
    [chapter_count] => 838
    [channel_id] => 0
    [statistics_day] => 2016-12-18
    [total_income] => 1296
    [give_income] => 0
    [income] => 1296
    [buckle_income] => 506
    [buckle_coefficient] => 0.61
    [createtime] => 2016-12-26 13:57:03
)
6
66
Array
(
    [id] => 247
    [book_id] => 169657
    [book_title] => 神级护花高手
    [author_name] => 天齐
    [word_count] => 2627876
    [chapter_count] => 838
    [channel_id] => 0
    [statistics_year] => 2016
    [statistics_month] => 12
    [total_income] => 1296
    [give_income] => 0
    [income] => 1296
    [buckle_income] => 506
    [createtime] => 2016-12-26 13:53:03
)
661
6611
Array
(
    [sum_total_income] => 1296
    [sum_give_income] => 0
    [sum_income] => 1296
    [sum_buckle_income] => 506
)
result=1
7
8
9
book_id=171340
2
3
4
5
Array
(
    [total_income] => 114
    [income] => 114
    [give_income] => 0
    [buckle_income] => 52
    [buckle_coefficient] => 0.55
)
Array
(
    [book_id] => 171340
    [book_title] => 官者诡道
    [author_name] => 不否
    [word_count] => 2598351
    [chapter_count] => 684
    [channel_id] => 0
    [statistics_day] => 2016-12-18
    [total_income] => 114
    [give_income] => 0
    [income] => 114
    [buckle_income] => 52
    [buckle_coefficient] => 0.55
    [createtime] => 2016-12-26 13:57:03
)
6
66
Array
(
    [id] => 248
    [book_id] => 171340
    [book_title] => 官者诡道
    [author_name] => 不否
    [word_count] => 2598351
    [chapter_count] => 684
    [channel_id] => 0
    [statistics_year] => 2016
    [statistics_month] => 12
    [total_income] => 114
    [give_income] => 0
    [income] => 114
    [buckle_income] => 42
    [createtime] => 2016-12-26 13:53:03
)
661
6611
Array
(
    [sum_total_income] => 114
    [sum_give_income] => 0
    [sum_income] => 114
    [sum_buckle_income] => 52
)
result=1
7
8
9
book_id=171616
2
3
4
5
Array
(
    [total_income] => 833
    [income] => 833
    [give_income] => 0
    [buckle_income] => 300
    [buckle_coefficient] => 0.64
)
Array
(
    [book_id] => 171616
    [book_title] => 我的明朝鬼丈夫
    [author_name] => 渝唐子卿
    [word_count] => 865898
    [chapter_count] => 273
    [channel_id] => 0
    [statistics_day] => 2016-12-18
    [total_income] => 833
    [give_income] => 0
    [income] => 833
    [buckle_income] => 300
    [buckle_coefficient] => 0.64
    [createtime] => 2016-12-26 13:57:03
)
6
66
Array
(
    [id] => 249
    [book_id] => 171616
    [book_title] => 我的明朝鬼丈夫
    [author_name] => 渝唐子卿
    [word_count] => 865898
    [chapter_count] => 273
    [channel_id] => 0
    [statistics_year] => 2016
    [statistics_month] => 12
    [total_income] => 833
    [give_income] => 0
    [income] => 833
    [buckle_income] => 334
    [createtime] => 2016-12-26 13:53:03
)
661
6611
Array
(
    [sum_total_income] => 833
    [sum_give_income] => 0
    [sum_income] => 833
    [sum_buckle_income] => 300
)
result=1
7
8
9
book_id=172798
2
3
4
5
Array
(
    [total_income] => 2762
    [income] => 2459
    [give_income] => 303
    [buckle_income] => 1078
    [buckle_coefficient] => 0.61
)
Array
(
    [book_id] => 172798
    [book_title] => 武道独尊
    [author_name] => 小妖
    [word_count] => 1785372
    [chapter_count] => 591
    [channel_id] => 0
    [statistics_day] => 2016-12-18
    [total_income] => 2762
    [give_income] => 303
    [income] => 2459
    [buckle_income] => 1078
    [buckle_coefficient] => 0.61
    [createtime] => 2016-12-26 13:57:04
)
6
66
Array
(
    [id] => 250
    [book_id] => 172798
    [book_title] => 武道独尊
    [author_name] => 小妖
    [word_count] => 1785372
    [chapter_count] => 591
    [channel_id] => 0
    [statistics_year] => 2016
    [statistics_month] => 12
    [total_income] => 2762
    [give_income] => 303
    [income] => 2459
    [buckle_income] => 1050
    [createtime] => 2016-12-26 13:53:03
)
661
6611
Array
(
    [sum_total_income] => 2762
    [sum_give_income] => 303
    [sum_income] => 2459
    [sum_buckle_income] => 1078
)
result=1
7
8
9
book_id=173972
2
3
4
5
Array
(
    [total_income] => 7680
    [income] => 6919
    [give_income] => 761
    [buckle_income] => 3380
    [buckle_coefficient] => 0.56
)
Array
(
    [book_id] => 173972
    [book_title] => 我和灵异的不解之缘
    [author_name] => 会跳舞的猫
    [word_count] => 633729
    [chapter_count] => 356
    [channel_id] => 0
    [statistics_day] => 2016-12-18
    [total_income] => 7680
    [give_income] => 761
    [income] => 6919
    [buckle_income] => 3380
    [buckle_coefficient] => 0.56
    [createtime] => 2016-12-26 13:57:04
)
6
66
Array
(
    [id] => 251
    [book_id] => 173972
    [book_title] => 我和灵异的不解之缘
    [author_name] => 会跳舞的猫
    [word_count] => 633729
    [chapter_count] => 356
    [channel_id] => 0
    [statistics_year] => 2016
    [statistics_month] => 12
    [total_income] => 7680
    [give_income] => 761
    [income] => 6919
    [buckle_income] => 2919
    [createtime] => 2016-12-26 13:53:04
)
661
6611
Array
(
    [sum_total_income] => 7680
    [sum_give_income] => 761
    [sum_income] => 6919
    [sum_buckle_income] => 3380
)
result=1
7
8
9
book_id=174301
2
3
4
5
Array
(
    [total_income] => 474
    [income] => 474
    [give_income] => 0
    [buckle_income] => 162
    [buckle_coefficient] => 0.66
)
Array
(
    [book_id] => 174301
    [book_title] => 一宠成婚：楚少的千金娇妻
    [author_name] => 公子小九
    [word_count] => 531810
    [chapter_count] => 251
    [channel_id] => 0
    [statistics_day] => 2016-12-18
    [total_income] => 474
    [give_income] => 0
    [income] => 474
    [buckle_income] => 162
    [buckle_coefficient] => 0.66
    [createtime] => 2016-12-26 13:57:04
)
6
66
Array
(
    [id] => 252
    [book_id] => 174301
    [book_title] => 一宠成婚：楚少的千金娇妻
    [author_name] => 公子小九
    [word_count] => 531810
    [chapter_count] => 251
    [channel_id] => 0
    [statistics_year] => 2016
    [statistics_month] => 12
    [total_income] => 474
    [give_income] => 0
    [income] => 474
    [buckle_income] => 166
    [createtime] => 2016-12-26 13:53:04
)
661
6611
Array
(
    [sum_total_income] => 474
    [sum_give_income] => 0
    [sum_income] => 474
    [sum_buckle_income] => 162
)
result=1
7
8
9
book_id=175244
2
3
4
5
Array
(
    [total_income] => 79
    [income] => 79
    [give_income] => 0
    [buckle_income] => 29
    [buckle_coefficient] => 0.64
)
Array
(
    [book_id] => 175244
    [book_title] => 诡墓谜情
    [author_name] => 诗然君
    [word_count] => 1059939
    [chapter_count] => 506
    [channel_id] => 0
    [statistics_day] => 2016-12-18
    [total_income] => 79
    [give_income] => 0
    [income] => 79
    [buckle_income] => 29
    [buckle_coefficient] => 0.64
    [createtime] => 2016-12-26 13:57:04
)
6
66
Array
(
    [id] => 253
    [book_id] => 175244
    [book_title] => 诡墓谜情
    [author_name] => 诗然君
    [word_count] => 1059939
    [chapter_count] => 506
    [channel_id] => 0
    [statistics_year] => 2016
    [statistics_month] => 12
    [total_income] => 79
    [give_income] => 0
    [income] => 79
    [buckle_income] => 34
    [createtime] => 2016-12-26 13:53:04
)
661
6611
Array
(
    [sum_total_income] => 79
    [sum_give_income] => 0
    [sum_income] => 79
    [sum_buckle_income] => 29
)
result=1
7
8
9
book_id=175447
2
3
4
5
Array
(
    [total_income] => 225
    [income] => 225
    [give_income] => 0
    [buckle_income] => 99
    [buckle_coefficient] => 0.56
)
Array
(
    [book_id] => 175447
    [book_title] => 巨灵神
    [author_name] => 熊猫思竹
    [word_count] => 1505100
    [chapter_count] => 555
    [channel_id] => 0
    [statistics_day] => 2016-12-18
    [total_income] => 225
    [give_income] => 0
    [income] => 225
    [buckle_income] => 99
    [buckle_coefficient] => 0.56
    [createtime] => 2016-12-26 13:57:04
)
6
66
Array
(
    [id] => 254
    [book_id] => 175447
    [book_title] => 巨灵神
    [author_name] => 熊猫思竹
    [word_count] => 1505100
    [chapter_count] => 555
    [channel_id] => 0
    [statistics_year] => 2016
    [statistics_month] => 12
    [total_income] => 225
    [give_income] => 0
    [income] => 225
    [buckle_income] => 97
    [createtime] => 2016-12-26 13:53:04
)
661
6611
Array
(
    [sum_total_income] => 225
    [sum_give_income] => 0
    [sum_income] => 225
    [sum_buckle_income] => 99
)
result=1
7
8
9
book_id=176061
2
3
4
5
Array
(
    [total_income] => 18223
    [income] => 15910
    [give_income] => 2313
    [buckle_income] => 6379
    [buckle_coefficient] => 0.65
)
Array
(
    [book_id] => 176061
    [book_title] => 侠盗神医
    [author_name] => 风雨白鸽
    [word_count] => 2714633
    [chapter_count] => 869
    [channel_id] => 0
    [statistics_day] => 2016-12-18
    [total_income] => 18223
    [give_income] => 2313
    [income] => 15910
    [buckle_income] => 6379
    [buckle_coefficient] => 0.65
    [createtime] => 2016-12-26 13:57:04
)
6
66
Array
(
    [id] => 255
    [book_id] => 176061
    [book_title] => 侠盗神医
    [author_name] => 风雨白鸽
    [word_count] => 2714633
    [chapter_count] => 869
    [channel_id] => 0
    [statistics_year] => 2016
    [statistics_month] => 12
    [total_income] => 18223
    [give_income] => 2313
    [income] => 15910
    [buckle_income] => 8019
    [createtime] => 2016-12-26 13:53:04
)
661
6611
Array
(
    [sum_total_income] => 18223
    [sum_give_income] => 2313
    [sum_income] => 15910
    [sum_buckle_income] => 6379
)
result=1
7
8
9
book_id=176461
2
3
4
5
Array
(
    [total_income] => 5330
    [income] => 4715
    [give_income] => 615
    [buckle_income] => 2399
    [buckle_coefficient] => 0.55
)
Array
(
    [book_id] => 176461
    [book_title] => 前夫追妻路漫漫
    [author_name] => 爱上风的辛夷花
    [word_count] => 1049523
    [chapter_count] => 318
    [channel_id] => 0
    [statistics_day] => 2016-12-18
    [total_income] => 5330
    [give_income] => 615
    [income] => 4715
    [buckle_income] => 2399
    [buckle_coefficient] => 0.55
    [createtime] => 2016-12-26 13:57:04
)
6
66
Array
(
    [id] => 256
    [book_id] => 176461
    [book_title] => 前夫追妻路漫漫
    [author_name] => 爱上风的辛夷花
    [word_count] => 1049523
    [chapter_count] => 318
    [channel_id] => 0
    [statistics_year] => 2016
    [statistics_month] => 12
    [total_income] => 5330
    [give_income] => 615
    [income] => 4715
    [buckle_income] => 1813
    [createtime] => 2016-12-26 13:53:04
)
661
6611
Array
(
    [sum_total_income] => 5330
    [sum_give_income] => 615
    [sum_income] => 4715
    [sum_buckle_income] => 2399
)
result=1
7
8
9
book_id=179132
2
3
4
5
Array
(
    [total_income] => 16052
    [income] => 13852
    [give_income] => 2200
    [buckle_income] => 5619
    [buckle_coefficient] => 0.65
)
Array
(
    [book_id] => 179132
    [book_title] => 骗个老婆好过年
    [author_name] => 手雷斩云
    [word_count] => 997911
    [chapter_count] => 309
    [channel_id] => 0
    [statistics_day] => 2016-12-18
    [total_income] => 16052
    [give_income] => 2200
    [income] => 13852
    [buckle_income] => 5619
    [buckle_coefficient] => 0.65
    [createtime] => 2016-12-26 13:57:04
)
6
66
Array
(
    [id] => 257
    [book_id] => 179132
    [book_title] => 骗个老婆好过年
    [author_name] => 手雷斩云
    [word_count] => 997911
    [chapter_count] => 309
    [channel_id] => 0
    [statistics_year] => 2016
    [statistics_month] => 12
    [total_income] => 16052
    [give_income] => 2200
    [income] => 13852
    [buckle_income] => 7224
    [createtime] => 2016-12-26 13:53:04
)
661
6611
Array
(
    [sum_total_income] => 16052
    [sum_give_income] => 2200
    [sum_income] => 13852
    [sum_buckle_income] => 5619
)
result=1
7
8
9
book_id=179383
2
3
4
5
Array
(
    [total_income] => 2039
    [income] => 1949
    [give_income] => 90
    [buckle_income] => 836
    [buckle_coefficient] => 0.59
)
Array
(
    [book_id] => 179383
    [book_title] => 大叔的甜心
    [author_name] => 残菊
    [word_count] => 459253
    [chapter_count] => 228
    [channel_id] => 0
    [statistics_day] => 2016-12-18
    [total_income] => 2039
    [give_income] => 90
    [income] => 1949
    [buckle_income] => 836
    [buckle_coefficient] => 0.59
    [createtime] => 2016-12-26 13:57:04
)
6
66
Array
(
    [id] => 258
    [book_id] => 179383
    [book_title] => 大叔的甜心
    [author_name] => 残菊
    [word_count] => 459253
    [chapter_count] => 228
    [channel_id] => 0
    [statistics_year] => 2016
    [statistics_month] => 12
    [total_income] => 2039
    [give_income] => 90
    [income] => 1949
    [buckle_income] => 918
    [createtime] => 2016-12-26 13:53:04
)
661
6611
Array
(
    [sum_total_income] => 2039
    [sum_give_income] => 90
    [sum_income] => 1949
    [sum_buckle_income] => 836
)
result=1
7
8
9
book_id=179474
2
3
4
5
Array
(
    [total_income] => 54
    [income] => 54
    [give_income] => 0
    [buckle_income] => 21
    [buckle_coefficient] => 0.62
)
Array
(
    [book_id] => 179474
    [book_title] => 古墓诡事
    [author_name] => 凶唱
    [word_count] => 1442114
    [chapter_count] => 439
    [channel_id] => 0
    [statistics_day] => 2016-12-18
    [total_income] => 54
    [give_income] => 0
    [income] => 54
    [buckle_income] => 21
    [buckle_coefficient] => 0.62
    [createtime] => 2016-12-26 13:57:04
)
6
66
Array
(
    [id] => 259
    [book_id] => 179474
    [book_title] => 古墓诡事
    [author_name] => 凶唱
    [word_count] => 1442114
    [chapter_count] => 439
    [channel_id] => 0
    [statistics_year] => 2016
    [statistics_month] => 12
    [total_income] => 54
    [give_income] => 0
    [income] => 54
    [buckle_income] => 20
    [createtime] => 2016-12-26 13:53:04
)
661
6611
Array
(
    [sum_total_income] => 54
    [sum_give_income] => 0
    [sum_income] => 54
    [sum_buckle_income] => 21
)
result=1
7
8
9
book_id=181997
2
3
4
5
Array
(
    [total_income] => 364
    [income] => 364
    [give_income] => 0
    [buckle_income] => 135
    [buckle_coefficient] => 0.63
)
Array
(
    [book_id] => 181997
    [book_title] => 狼督军
    [author_name] => 懵懂独狼
    [word_count] => 1849422
    [chapter_count] => 490
    [channel_id] => 0
    [statistics_day] => 2016-12-18
    [total_income] => 364
    [give_income] => 0
    [income] => 364
    [buckle_income] => 135
    [buckle_coefficient] => 0.63
    [createtime] => 2016-12-26 13:57:04
)
6
66
Array
(
    [id] => 260
    [book_id] => 181997
    [book_title] => 狼督军
    [author_name] => 懵懂独狼
    [word_count] => 1849422
    [chapter_count] => 490
    [channel_id] => 0
    [statistics_year] => 2016
    [statistics_month] => 12
    [total_income] => 364
    [give_income] => 0
    [income] => 364
    [buckle_income] => 157
    [createtime] => 2016-12-26 13:53:04
)
661
6611
Array
(
    [sum_total_income] => 364
    [sum_give_income] => 0
    [sum_income] => 364
    [sum_buckle_income] => 135
)
result=1
7
8
9
book_id=182402
2
3
4
5
Array
(
    [total_income] => 10004
    [income] => 9111
    [give_income] => 893
    [buckle_income] => 4102
    [buckle_coefficient] => 0.59
)
Array
(
    [book_id] => 182402
    [book_title] => 纨绔教师
    [author_name] => 生花妙笔
    [word_count] => 1301148
    [chapter_count] => 542
    [channel_id] => 0
    [statistics_day] => 2016-12-18
    [total_income] => 10004
    [give_income] => 893
    [income] => 9111
    [buckle_income] => 4102
    [buckle_coefficient] => 0.59
    [createtime] => 2016-12-26 13:57:05
)
6
66
Array
(
    [id] => 3
    [book_id] => 182402
    [book_title] => 纨绔教师
    [author_name] => 生花妙笔
    [word_count] => 1301148
    [chapter_count] => 542
    [channel_id] => 0
    [statistics_year] => 2016
    [statistics_month] => 12
    [total_income] => 10014
    [give_income] => 893
    [income] => 9121
    [buckle_income] => 3812
    [createtime] => 2016-12-26 13:53:05
)
661
6611
Array
(
    [sum_total_income] => 10014
    [sum_give_income] => 893
    [sum_income] => 9121
    [sum_buckle_income] => 4112
)
result=1
7
8
9
book_id=182416
2
3
4
5
Array
(
    [total_income] => 327
    [income] => 22
    [give_income] => 305
    [buckle_income] => 135
    [buckle_coefficient] => 0.59
)
Array
(
    [book_id] => 182416
    [book_title] => 国民老公登堂入室
    [author_name] => 十殿女王
    [word_count] => 999441
    [chapter_count] => 315
    [channel_id] => 0
    [statistics_day] => 2016-12-18
    [total_income] => 327
    [give_income] => 305
    [income] => 22
    [buckle_income] => 135
    [buckle_coefficient] => 0.59
    [createtime] => 2016-12-26 13:57:05
)
6
66
Array
(
    [id] => 261
    [book_id] => 182416
    [book_title] => 国民老公登堂入室
    [author_name] => 十殿女王
    [word_count] => 999441
    [chapter_count] => 315
    [channel_id] => 0
    [statistics_year] => 2016
    [statistics_month] => 12
    [total_income] => 327
    [give_income] => 305
    [income] => 22
    [buckle_income] => 118
    [createtime] => 2016-12-26 13:53:05
)
661
6611
Array
(
    [sum_total_income] => 327
    [sum_give_income] => 305
    [sum_income] => 22
    [sum_buckle_income] => 135
)
result=1
7
8
9
book_id=184006
2
3
4
5
Array
(
    [total_income] => 5935
    [income] => 5227
    [give_income] => 708
    [buckle_income] => 2671
    [buckle_coefficient] => 0.55
)
Array
(
    [book_id] => 184006
    [book_title] => 驭鬼冥妻
    [author_name] => 白骨蔷薇
    [word_count] => 726626
    [chapter_count] => 354
    [channel_id] => 0
    [statistics_day] => 2016-12-18
    [total_income] => 5935
    [give_income] => 708
    [income] => 5227
    [buckle_income] => 2671
    [buckle_coefficient] => 0.55
    [createtime] => 2016-12-26 13:57:05
)
6
66
Array
(
    [id] => 262
    [book_id] => 184006
    [book_title] => 驭鬼冥妻
    [author_name] => 白骨蔷薇
    [word_count] => 726626
    [chapter_count] => 354
    [channel_id] => 0
    [statistics_year] => 2016
    [statistics_month] => 12
    [total_income] => 5935
    [give_income] => 708
    [income] => 5227
    [buckle_income] => 2374
    [createtime] => 2016-12-26 13:53:05
)
661
6611
Array
(
    [sum_total_income] => 5935
    [sum_give_income] => 708
    [sum_income] => 5227
    [sum_buckle_income] => 2671
)
result=1
7
8
9
book_id=184132
2
3
4
5
Array
(
    [total_income] => 15
    [income] => 15
    [give_income] => 0
    [buckle_income] => 10
    [buckle_coefficient] => 0.36
)
Array
(
    [book_id] => 184132
    [book_title] => 画尸怪谈
    [author_name] => 忆珂梦惜
    [word_count] => 722037
    [chapter_count] => 224
    [channel_id] => 0
    [statistics_day] => 2016-12-18
    [total_income] => 15
    [give_income] => 0
    [income] => 15
    [buckle_income] => 10
    [buckle_coefficient] => 0.36
    [createtime] => 2016-12-26 13:57:05
)
6
66
Array
(
    [id] => 263
    [book_id] => 184132
    [book_title] => 画尸怪谈
    [author_name] => 忆珂梦惜
    [word_count] => 722037
    [chapter_count] => 224
    [channel_id] => 0
    [statistics_year] => 2016
    [statistics_month] => 12
    [total_income] => 15
    [give_income] => 0
    [income] => 15
    [buckle_income] => 9
    [createtime] => 2016-12-26 13:53:05
)
661
6611
Array
(
    [sum_total_income] => 15
    [sum_give_income] => 0
    [sum_income] => 15
    [sum_buckle_income] => 10
)
result=1
7
8
9
book_id=184167
2
3
4
5
Array
(
    [total_income] => 178
    [income] => 178
    [give_income] => 0
    [buckle_income] => 77
    [buckle_coefficient] => 0.57
)
Array
(
    [book_id] => 184167
    [book_title] => 毒妃倾城
    [author_name] => 十八学士
    [word_count] => 593086
    [chapter_count] => 179
    [channel_id] => 0
    [statistics_day] => 2016-12-18
    [total_income] => 178
    [give_income] => 0
    [income] => 178
    [buckle_income] => 77
    [buckle_coefficient] => 0.57
    [createtime] => 2016-12-26 13:57:05
)
6
66
Array
(
    [id] => 264
    [book_id] => 184167
    [book_title] => 毒妃倾城
    [author_name] => 十八学士
    [word_count] => 593086
    [chapter_count] => 179
    [channel_id] => 0
    [statistics_year] => 2016
    [statistics_month] => 12
    [total_income] => 178
    [give_income] => 0
    [income] => 178
    [buckle_income] => 72
    [createtime] => 2016-12-26 13:53:05
)
661
6611
Array
(
    [sum_total_income] => 178
    [sum_give_income] => 0
    [sum_income] => 178
    [sum_buckle_income] => 77
)
result=1
7
8
9
book_id=186985
2
3
4
5
Array
(
    [total_income] => 30
    [income] => 30
    [give_income] => 0
    [buckle_income] => 13
    [buckle_coefficient] => 0.58
)
Array
(
    [book_id] => 186985
    [book_title] => 我的极品女友2
    [author_name] => 苦哈哈1
    [word_count] => 988538
    [chapter_count] => 324
    [channel_id] => 0
    [statistics_day] => 2016-12-18
    [total_income] => 30
    [give_income] => 0
    [income] => 30
    [buckle_income] => 13
    [buckle_coefficient] => 0.58
    [createtime] => 2016-12-26 13:57:05
)
6
66
Array
(
    [id] => 265
    [book_id] => 186985
    [book_title] => 我的极品女友2
    [author_name] => 苦哈哈1
    [word_count] => 988538
    [chapter_count] => 324
    [channel_id] => 0
    [statistics_year] => 2016
    [statistics_month] => 12
    [total_income] => 30
    [give_income] => 0
    [income] => 30
    [buckle_income] => 12
    [createtime] => 2016-12-26 13:53:05
)
661
6611
Array
(
    [sum_total_income] => 30
    [sum_give_income] => 0
    [sum_income] => 30
    [sum_buckle_income] => 13
)
result=1
7
8
9
book_id=187062
2
3
4
5
Array
(
    [total_income] => 1013
    [income] => 1013
    [give_income] => 0
    [buckle_income] => 436
    [buckle_coefficient] => 0.57
)
Array
(
    [book_id] => 187062
    [book_title] => 网游之神域传奇
    [author_name] => 玉虚
    [word_count] => 1350091
    [chapter_count] => 448
    [channel_id] => 0
    [statistics_day] => 2016-12-18
    [total_income] => 1013
    [give_income] => 0
    [income] => 1013
    [buckle_income] => 436
    [buckle_coefficient] => 0.57
    [createtime] => 2016-12-26 13:57:05
)
6
66
Array
(
    [id] => 266
    [book_id] => 187062
    [book_title] => 网游之神域传奇
    [author_name] => 玉虚
    [word_count] => 1350091
    [chapter_count] => 448
    [channel_id] => 0
    [statistics_year] => 2016
    [statistics_month] => 12
    [total_income] => 1013
    [give_income] => 0
    [income] => 1013
    [buckle_income] => 456
    [createtime] => 2016-12-26 13:53:05
)
661
6611
Array
(
    [sum_total_income] => 1013
    [sum_give_income] => 0
    [sum_income] => 1013
    [sum_buckle_income] => 436
)
result=1
7
8
9
book_id=187630
2
3
4
5
Array
(
    [total_income] => 75
    [income] => 75
    [give_income] => 0
    [buckle_income] => 30
    [buckle_coefficient] => 0.6
)
Array
(
    [book_id] => 187630
    [book_title] => 我的农家小生活
    [author_name] => 天香书院
    [word_count] => 1313255
    [chapter_count] => 411
    [channel_id] => 0
    [statistics_day] => 2016-12-18
    [total_income] => 75
    [give_income] => 0
    [income] => 75
    [buckle_income] => 30
    [buckle_coefficient] => 0.6
    [createtime] => 2016-12-26 13:57:05
)
6
66
Array
(
    [id] => 267
    [book_id] => 187630
    [book_title] => 我的农家小生活
    [author_name] => 天香书院
    [word_count] => 1313255
    [chapter_count] => 411
    [channel_id] => 0
    [statistics_year] => 2016
    [statistics_month] => 12
    [total_income] => 75
    [give_income] => 0
    [income] => 75
    [buckle_income] => 32
    [createtime] => 2016-12-26 13:53:05
)
661
6611
Array
(
    [sum_total_income] => 75
    [sum_give_income] => 0
    [sum_income] => 75
    [sum_buckle_income] => 30
)
result=1
7
8
9
book_id=188097
2
3
4
5
Array
(
    [total_income] => 31142
    [income] => 26286
    [give_income] => 4856
    [buckle_income] => 13703
    [buckle_coefficient] => 0.56
)
Array
(
    [book_id] => 188097
    [book_title] => 顾少的贴身小辣妻
    [author_name] => 许寒
    [word_count] => 906023
    [chapter_count] => 440
    [channel_id] => 0
    [statistics_day] => 2016-12-18
    [total_income] => 31142
    [give_income] => 4856
    [income] => 26286
    [buckle_income] => 13703
    [buckle_coefficient] => 0.56
    [createtime] => 2016-12-26 13:57:05
)
6
66
Array
(
    [id] => 268
    [book_id] => 188097
    [book_title] => 顾少的贴身小辣妻
    [author_name] => 许寒
    [word_count] => 906023
    [chapter_count] => 440
    [channel_id] => 0
    [statistics_year] => 2016
    [statistics_month] => 12
    [total_income] => 31142
    [give_income] => 4856
    [income] => 26286
    [buckle_income] => 11212
    [createtime] => 2016-12-26 13:53:05
)
661
6611
Array
(
    [sum_total_income] => 31142
    [sum_give_income] => 4856
    [sum_income] => 26286
    [sum_buckle_income] => 13703
)
result=1
7
8
9
book_id=188349
2
3
4
5
Array
(
    [total_income] => 502
    [income] => 392
    [give_income] => 110
    [buckle_income] => 181
    [buckle_coefficient] => 0.64
)
Array
(
    [book_id] => 188349
    [book_title] => 超级透视
    [author_name] => 颜祯
    [word_count] => 1920655
    [chapter_count] => 741
    [channel_id] => 0
    [statistics_day] => 2016-12-18
    [total_income] => 502
    [give_income] => 110
    [income] => 392
    [buckle_income] => 181
    [buckle_coefficient] => 0.64
    [createtime] => 2016-12-26 13:57:06
)
6
66
Array
(
    [id] => 269
    [book_id] => 188349
    [book_title] => 超级透视
    [author_name] => 颜祯
    [word_count] => 1920655
    [chapter_count] => 741
    [channel_id] => 0
    [statistics_year] => 2016
    [statistics_month] => 12
    [total_income] => 502
    [give_income] => 110
    [income] => 392
    [buckle_income] => 201
    [createtime] => 2016-12-26 13:53:05
)
661
6611
Array
(
    [sum_total_income] => 502
    [sum_give_income] => 110
    [sum_income] => 392
    [sum_buckle_income] => 181
)
result=1
7
8
9
book_id=189214
2
3
4
5
Array
(
    [total_income] => 229966
    [income] => 201327
    [give_income] => 28639
    [buckle_income] => 85088
    [buckle_coefficient] => 0.63
)
Array
(
    [book_id] => 189214
    [book_title] => 青春无悔
    [author_name] => 叶妖
    [word_count] => 1026366
    [chapter_count] => 385
    [channel_id] => 0
    [statistics_day] => 2016-12-18
    [total_income] => 229966
    [give_income] => 28639
    [income] => 201327
    [buckle_income] => 85088
    [buckle_coefficient] => 0.63
    [createtime] => 2016-12-26 13:57:09
)
6
66
Array
(
    [id] => 270
    [book_id] => 189214
    [book_title] => 青春无悔
    [author_name] => 叶妖
    [word_count] => 1026366
    [chapter_count] => 385
    [channel_id] => 0
    [statistics_year] => 2016
    [statistics_month] => 12
    [total_income] => 229966
    [give_income] => 28639
    [income] => 201327
    [buckle_income] => 78189
    [createtime] => 2016-12-26 13:53:08
)
661
6611
Array
(
    [sum_total_income] => 229966
    [sum_give_income] => 28639
    [sum_income] => 201327
    [sum_buckle_income] => 85088
)
result=1
7
8
9
book_id=189614
2
3
4
5
Array
(
    [total_income] => 75
    [income] => 75
    [give_income] => 0
    [buckle_income] => 27
    [buckle_coefficient] => 0.65
)
Array
(
    [book_id] => 189614
    [book_title] => 帝少宠妻无度
    [author_name] => 曲潇潇
    [word_count] => 903745
    [chapter_count] => 414
    [channel_id] => 0
    [statistics_day] => 2016-12-18
    [total_income] => 75
    [give_income] => 0
    [income] => 75
    [buckle_income] => 27
    [buckle_coefficient] => 0.65
    [createtime] => 2016-12-26 13:57:09
)
6
66
Array
(
    [id] => 271
    [book_id] => 189614
    [book_title] => 帝少宠妻无度
    [author_name] => 曲潇潇
    [word_count] => 903745
    [chapter_count] => 414
    [channel_id] => 0
    [statistics_year] => 2016
    [statistics_month] => 12
    [total_income] => 75
    [give_income] => 0
    [income] => 75
    [buckle_income] => 28
    [createtime] => 2016-12-26 13:53:08
)
661
6611
Array
(
    [sum_total_income] => 75
    [sum_give_income] => 0
    [sum_income] => 75
    [sum_buckle_income] => 27
)
result=1
7
8
9
book_id=189726
2
3
4
5
Array
(
    [total_income] => 50
    [income] => 50
    [give_income] => 0
    [buckle_income] => 19
    [buckle_coefficient] => 0.63
)
Array
(
    [book_id] => 189726
    [book_title] => 首席的名门天后
    [author_name] => 齐成琨
    [word_count] => 816039
    [chapter_count] => 406
    [channel_id] => 0
    [statistics_day] => 2016-12-18
    [total_income] => 50
    [give_income] => 0
    [income] => 50
    [buckle_income] => 19
    [buckle_coefficient] => 0.63
    [createtime] => 2016-12-26 13:57:09
)
6
66
Array
(
    [id] => 272
    [book_id] => 189726
    [book_title] => 首席的名门天后
    [author_name] => 齐成琨
    [word_count] => 816039
    [chapter_count] => 406
    [channel_id] => 0
    [statistics_year] => 2016
    [statistics_month] => 12
    [total_income] => 50
    [give_income] => 0
    [income] => 50
    [buckle_income] => 22
    [createtime] => 2016-12-26 13:53:08
)
661
6611
Array
(
    [sum_total_income] => 50
    [sum_give_income] => 0
    [sum_income] => 50
    [sum_buckle_income] => 19
)
result=1
7
8
9
book_id=189736
2
3
4
5
Array
(
    [total_income] => 3798
    [income] => 3230
    [give_income] => 568
    [buckle_income] => 1672
    [buckle_coefficient] => 0.56
)
Array
(
    [book_id] => 189736
    [book_title] => 豪门大亨的私有宝贝
    [author_name] => 桃子满园
    [word_count] => 1229398
    [chapter_count] => 374
    [channel_id] => 0
    [statistics_day] => 2016-12-18
    [total_income] => 3798
    [give_income] => 568
    [income] => 3230
    [buckle_income] => 1672
    [buckle_coefficient] => 0.56
    [createtime] => 2016-12-26 13:57:09
)
6
66
Array
(
    [id] => 273
    [book_id] => 189736
    [book_title] => 豪门大亨的私有宝贝
    [author_name] => 桃子满园
    [word_count] => 1229398
    [chapter_count] => 374
    [channel_id] => 0
    [statistics_year] => 2016
    [statistics_month] => 12
    [total_income] => 3798
    [give_income] => 568
    [income] => 3230
    [buckle_income] => 1406
    [createtime] => 2016-12-26 13:53:09
)
661
6611
Array
(
    [sum_total_income] => 3798
    [sum_give_income] => 568
    [sum_income] => 3230
    [sum_buckle_income] => 1672
)
result=1
7
8
9
book_id=192059
2
3
4
5
Array
(
    [total_income] => 1194
    [income] => 953
    [give_income] => 241
    [buckle_income] => 418
    [buckle_coefficient] => 0.65
)
Array
(
    [book_id] => 192059
    [book_title] => 撩火新欢
    [author_name] => 奇葩果果
    [word_count] => 2051741
    [chapter_count] => 624
    [channel_id] => 0
    [statistics_day] => 2016-12-18
    [total_income] => 1194
    [give_income] => 241
    [income] => 953
    [buckle_income] => 418
    [buckle_coefficient] => 0.65
    [createtime] => 2016-12-26 13:57:09
)
6
66
Array
(
    [id] => 274
    [book_id] => 192059
    [book_title] => 撩火新欢
    [author_name] => 奇葩果果
    [word_count] => 2051741
    [chapter_count] => 624
    [channel_id] => 0
    [statistics_year] => 2016
    [statistics_month] => 12
    [total_income] => 1194
    [give_income] => 241
    [income] => 953
    [buckle_income] => 466
    [createtime] => 2016-12-26 13:53:09
)
661
6611
Array
(
    [sum_total_income] => 1194
    [sum_give_income] => 241
    [sum_income] => 953
    [sum_buckle_income] => 418
)
result=1
7
8
9
book_id=192193
2
3
4
5
Array
(
    [total_income] => 180
    [income] => 102
    [give_income] => 78
    [buckle_income] => 76
    [buckle_coefficient] => 0.58
)
Array
(
    [book_id] => 192193
    [book_title] => 婚情难耐
    [author_name] => 公子小九
    [word_count] => 594001
    [chapter_count] => 201
    [channel_id] => 0
    [statistics_day] => 2016-12-18
    [total_income] => 180
    [give_income] => 78
    [income] => 102
    [buckle_income] => 76
    [buckle_coefficient] => 0.58
    [createtime] => 2016-12-26 13:57:09
)
6
66
Array
(
    [id] => 275
    [book_id] => 192193
    [book_title] => 婚情难耐
    [author_name] => 公子小九
    [word_count] => 594001
    [chapter_count] => 201
    [channel_id] => 0
    [statistics_year] => 2016
    [statistics_month] => 12
    [total_income] => 180
    [give_income] => 78
    [income] => 102
    [buckle_income] => 81
    [createtime] => 2016-12-26 13:53:09
)
661
6611
Array
(
    [sum_total_income] => 180
    [sum_give_income] => 78
    [sum_income] => 102
    [sum_buckle_income] => 76
)
result=1
7
8
9
book_id=192454
2
3
4
5
Array
(
    [total_income] => 597
    [income] => 597
    [give_income] => 0
    [buckle_income] => 209
    [buckle_coefficient] => 0.65
)
Array
(
    [book_id] => 192454
    [book_title] => 蜜制婚爱
    [author_name] => 倾世繁华
    [word_count] => 1348257
    [chapter_count] => 427
    [channel_id] => 0
    [statistics_day] => 2016-12-18
    [total_income] => 597
    [give_income] => 0
    [income] => 597
    [buckle_income] => 209
    [buckle_coefficient] => 0.65
    [createtime] => 2016-12-26 13:57:09
)
6
66
Array
(
    [id] => 276
    [book_id] => 192454
    [book_title] => 蜜制婚爱
    [author_name] => 倾世繁华
    [word_count] => 1348257
    [chapter_count] => 427
    [channel_id] => 0
    [statistics_year] => 2016
    [statistics_month] => 12
    [total_income] => 597
    [give_income] => 0
    [income] => 597
    [buckle_income] => 245
    [createtime] => 2016-12-26 13:53:09
)
661
6611
Array
(
    [sum_total_income] => 597
    [sum_give_income] => 0
    [sum_income] => 597
    [sum_buckle_income] => 209
)
result=1
7
8
9
book_id=192805
2
3
4
5
Array
(
    [total_income] => 26484
    [income] => 24406
    [give_income] => 2078
    [buckle_income] => 10594
    [buckle_coefficient] => 0.6
)
Array
(
    [book_id] => 192805
    [book_title] => 迫爱求欢
    [author_name] => 齐成琨
    [word_count] => 1906547
    [chapter_count] => 912
    [channel_id] => 0
    [statistics_day] => 2016-12-18
    [total_income] => 26484
    [give_income] => 2078
    [income] => 24406
    [buckle_income] => 10594
    [buckle_coefficient] => 0.6
    [createtime] => 2016-12-26 13:57:09
)
6
66
Array
(
    [id] => 277
    [book_id] => 192805
    [book_title] => 迫爱求欢
    [author_name] => 齐成琨
    [word_count] => 1906547
    [chapter_count] => 912
    [channel_id] => 0
    [statistics_year] => 2016
    [statistics_month] => 12
    [total_income] => 26484
    [give_income] => 2078
    [income] => 24406
    [buckle_income] => 11918
    [createtime] => 2016-12-26 13:53:09
)
661
6611
Array
(
    [sum_total_income] => 26484
    [sum_give_income] => 2078
    [sum_income] => 24406
    [sum_buckle_income] => 10594
)
result=1
7
8
9
book_id=193164
2
3
4
5
Array
(
    [total_income] => 8704
    [income] => 8272
    [give_income] => 432
    [buckle_income] => 3569
    [buckle_coefficient] => 0.59
)
Array
(
    [book_id] => 193164
    [book_title] => 和小姨子同居的日子
    [author_name] => 苦哈哈1
    [word_count] => 2658487
    [chapter_count] => 936
    [channel_id] => 0
    [statistics_day] => 2016-12-18
    [total_income] => 8704
    [give_income] => 432
    [income] => 8272
    [buckle_income] => 3569
    [buckle_coefficient] => 0.59
    [createtime] => 2016-12-26 13:57:09
)
6
66
Array
(
    [id] => 278
    [book_id] => 193164
    [book_title] => 和小姨子同居的日子
    [author_name] => 苦哈哈1
    [word_count] => 2658487
    [chapter_count] => 936
    [channel_id] => 0
    [statistics_year] => 2016
    [statistics_month] => 12
    [total_income] => 8704
    [give_income] => 432
    [income] => 8272
    [buckle_income] => 3047
    [createtime] => 2016-12-26 13:53:09
)
661
6611
Array
(
    [sum_total_income] => 8704
    [sum_give_income] => 432
    [sum_income] => 8272
    [sum_buckle_income] => 3569
)
result=1
7
8
9
book_id=193690
2
3
4
5
Array
(
    [total_income] => 616
    [income] => 616
    [give_income] => 0
    [buckle_income] => 235
    [buckle_coefficient] => 0.62
)
Array
(
    [book_id] => 193690
    [book_title] => 裴少的私宠娇妻
    [author_name] => 惜纯璐
    [word_count] => 365081
    [chapter_count] => 174
    [channel_id] => 0
    [statistics_day] => 2016-12-18
    [total_income] => 616
    [give_income] => 0
    [income] => 616
    [buckle_income] => 235
    [buckle_coefficient] => 0.62
    [createtime] => 2016-12-26 13:57:10
)
6
66
Array
(
    [id] => 279
    [book_id] => 193690
    [book_title] => 裴少的私宠娇妻
    [author_name] => 惜纯璐
    [word_count] => 365081
    [chapter_count] => 174
    [channel_id] => 0
    [statistics_year] => 2016
    [statistics_month] => 12
    [total_income] => 616
    [give_income] => 0
    [income] => 616
    [buckle_income] => 222
    [createtime] => 2016-12-26 13:53:09
)
661
6611
Array
(
    [sum_total_income] => 616
    [sum_give_income] => 0
    [sum_income] => 616
    [sum_buckle_income] => 235
)
result=1
7
8
9
book_id=2000999
2
3
4
5
Array
(
    [total_income] => 16
    [income] => 0
    [give_income] => 16
    [buckle_income] => 11
    [buckle_coefficient] => 0.33
)
Array
(
    [book_id] => 2000999
    [book_title] => 北派那些事儿
    [author_name] => 北派老四
    [word_count] => 648262
    [chapter_count] => 200
    [channel_id] => 0
    [statistics_day] => 2016-12-18
    [total_income] => 16
    [give_income] => 16
    [income] => 0
    [buckle_income] => 11
    [buckle_coefficient] => 0.33
    [createtime] => 2016-12-26 13:57:10
)
6
66
Array
(
    [id] => 280
    [book_id] => 2000999
    [book_title] => 北派那些事儿
    [author_name] => 北派老四
    [word_count] => 648262
    [chapter_count] => 200
    [channel_id] => 0
    [statistics_year] => 2016
    [statistics_month] => 12
    [total_income] => 16
    [give_income] => 16
    [income] => 0
    [buckle_income] => 10
    [createtime] => 2016-12-26 13:53:09
)
661
6611
Array
(
    [sum_total_income] => 16
    [sum_give_income] => 16
    [sum_income] => 0
    [sum_buckle_income] => 11
)
result=1
7
8
9
book_id=2002389
2
3
4
5
Array
(
    [total_income] => 12144
    [income] => 10381
    [give_income] => 1763
    [buckle_income] => 4858
    [buckle_coefficient] => 0.6
)
Array
(
    [book_id] => 2002389
    [book_title] => 小姐，不见不散
    [author_name] => 饿死宝宝啦
    [word_count] => 439235
    [chapter_count] => 173
    [channel_id] => 0
    [statistics_day] => 2016-12-18
    [total_income] => 12144
    [give_income] => 1763
    [income] => 10381
    [buckle_income] => 4858
    [buckle_coefficient] => 0.6
    [createtime] => 2016-12-26 13:57:10
)
6
66
Array
(
    [id] => 281
    [book_id] => 2002389
    [book_title] => 小姐，不见不散
    [author_name] => 饿死宝宝啦
    [word_count] => 439235
    [chapter_count] => 173
    [channel_id] => 0
    [statistics_year] => 2016
    [statistics_month] => 12
    [total_income] => 12144
    [give_income] => 1763
    [income] => 10381
    [buckle_income] => 4858
    [createtime] => 2016-12-26 13:53:09
)
661
6611
Array
(
    [sum_total_income] => 12144
    [sum_give_income] => 1763
    [sum_income] => 10381
    [sum_buckle_income] => 4858
)
result=1
7
8
9
book_id=2003118
2
3
4
5
Array
(
    [total_income] => 302
    [income] => 302
    [give_income] => 0
    [buckle_income] => 115
    [buckle_coefficient] => 0.62
)
Array
(
    [book_id] => 2003118
    [book_title] => 血奴
    [author_name] => 落笔花生
    [word_count] => 236433
    [chapter_count] => 105
    [channel_id] => 0
    [statistics_day] => 2016-12-18
    [total_income] => 302
    [give_income] => 0
    [income] => 302
    [buckle_income] => 115
    [buckle_coefficient] => 0.62
    [createtime] => 2016-12-26 13:57:10
)
6
66
Array
(
    [id] => 282
    [book_id] => 2003118
    [book_title] => 血奴
    [author_name] => 落笔花生
    [word_count] => 236433
    [chapter_count] => 105
    [channel_id] => 0
    [statistics_year] => 2016
    [statistics_month] => 12
    [total_income] => 302
    [give_income] => 0
    [income] => 302
    [buckle_income] => 112
    [createtime] => 2016-12-26 13:53:09
)
661
6611
Array
(
    [sum_total_income] => 302
    [sum_give_income] => 0
    [sum_income] => 302
    [sum_buckle_income] => 115
)
result=1
7
8
9
book_id=2005547
2
3
4
5
Array
(
    [total_income] => 3165
    [income] => 2687
    [give_income] => 478
    [buckle_income] => 1140
    [buckle_coefficient] => 0.64
)
Array
(
    [book_id] => 2005547
    [book_title] => 纯纯欲动
    [author_name] => 魅猫咪
    [word_count] => 516528
    [chapter_count] => 241
    [channel_id] => 0
    [statistics_day] => 2016-12-18
    [total_income] => 3165
    [give_income] => 478
    [income] => 2687
    [buckle_income] => 1140
    [buckle_coefficient] => 0.64
    [createtime] => 2016-12-26 13:57:10
)
6
66
Array
(
    [id] => 283
    [book_id] => 2005547
    [book_title] => 纯纯欲动
    [author_name] => 魅猫咪
    [word_count] => 516528
    [chapter_count] => 241
    [channel_id] => 0
    [statistics_year] => 2016
    [statistics_month] => 12
    [total_income] => 3165
    [give_income] => 478
    [income] => 2687
    [buckle_income] => 1077
    [createtime] => 2016-12-26 13:53:10
)
661
6611
Array
(
    [sum_total_income] => 3165
    [sum_give_income] => 478
    [sum_income] => 2687
    [sum_buckle_income] => 1140
)
result=1
7
8
9
book_id=2006307
2
3
4
5
Array
(
    [total_income] => 192429
    [income] => 176517
    [give_income] => 15912
    [buckle_income] => 75048
    [buckle_coefficient] => 0.61
)
Array
(
    [book_id] => 2006307
    [book_title] => 致青春
    [author_name] => 一枚祸害
    [word_count] => 712373
    [chapter_count] => 338
    [channel_id] => 0
    [statistics_day] => 2016-12-18
    [total_income] => 192429
    [give_income] => 15912
    [income] => 176517
    [buckle_income] => 75048
    [buckle_coefficient] => 0.61
    [createtime] => 2016-12-26 13:57:12
)
6
66
Array
(
    [id] => 284
    [book_id] => 2006307
    [book_title] => 致青春
    [author_name] => 一枚祸害
    [word_count] => 712373
    [chapter_count] => 338
    [channel_id] => 0
    [statistics_year] => 2016
    [statistics_month] => 12
    [total_income] => 192429
    [give_income] => 15912
    [income] => 176517
    [buckle_income] => 71199
    [createtime] => 2016-12-26 13:53:12
)
661
6611
Array
(
    [sum_total_income] => 192429
    [sum_give_income] => 15912
    [sum_income] => 176517
    [sum_buckle_income] => 75048
)
result=1
7
8
9
book_id=2006764
2
3
4
5
Array
(
    [total_income] => 24046
    [income] => 22006
    [give_income] => 2040
    [buckle_income] => 9619
    [buckle_coefficient] => 0.6
)
Array
(
    [book_id] => 2006764
    [book_title] => 桃花沟
    [author_name] => 闻松听涛
    [word_count] => 1324758
    [chapter_count] => 606
    [channel_id] => 0
    [statistics_day] => 2016-12-18
    [total_income] => 24046
    [give_income] => 2040
    [income] => 22006
    [buckle_income] => 9619
    [buckle_coefficient] => 0.6
    [createtime] => 2016-12-26 13:57:12
)
6
66
Array
(
    [id] => 285
    [book_id] => 2006764
    [book_title] => 桃花沟
    [author_name] => 闻松听涛
    [word_count] => 1324758
    [chapter_count] => 606
    [channel_id] => 0
    [statistics_year] => 2016
    [statistics_month] => 12
    [total_income] => 24046
    [give_income] => 2040
    [income] => 22006
    [buckle_income] => 8657
    [createtime] => 2016-12-26 13:53:12
)
661
6611
Array
(
    [sum_total_income] => 24046
    [sum_give_income] => 2040
    [sum_income] => 22006
    [sum_buckle_income] => 9619
)
result=1
7
8
9
book_id=2007405
2
3
4
5
Array
(
    [total_income] => 1434
    [income] => 1434
    [give_income] => 0
    [buckle_income] => 502
    [buckle_coefficient] => 0.65
)
Array
(
    [book_id] => 2007405
    [book_title] => 大叔，晚上见
    [author_name] => 沐离烟
    [word_count] => 540652
    [chapter_count] => 178
    [channel_id] => 0
    [statistics_day] => 2016-12-18
    [total_income] => 1434
    [give_income] => 0
    [income] => 1434
    [buckle_income] => 502
    [buckle_coefficient] => 0.65
    [createtime] => 2016-12-26 13:57:12
)
6
66
Array
(
    [id] => 286
    [book_id] => 2007405
    [book_title] => 大叔，晚上见
    [author_name] => 沐离烟
    [word_count] => 540652
    [chapter_count] => 178
    [channel_id] => 0
    [statistics_year] => 2016
    [statistics_month] => 12
    [total_income] => 1434
    [give_income] => 0
    [income] => 1434
    [buckle_income] => 502
    [createtime] => 2016-12-26 13:53:13
)
661
6611
Array
(
    [sum_total_income] => 1434
    [sum_give_income] => 0
    [sum_income] => 1434
    [sum_buckle_income] => 502
)
result=1
7
8
9
book_id=2008294
2
3
4
5
Array
(
    [total_income] => 147957
    [income] => 124219
    [give_income] => 23738
    [buckle_income] => 60663
    [buckle_coefficient] => 0.59
)
Array
(
    [book_id] => 2008294
    [book_title] => 亲爱的鬼先生
    [author_name] => 肉丸夫人
    [word_count] => 385380
    [chapter_count] => 135
    [channel_id] => 0
    [statistics_day] => 2016-12-18
    [total_income] => 147957
    [give_income] => 23738
    [income] => 124219
    [buckle_income] => 60663
    [buckle_coefficient] => 0.59
    [createtime] => 2016-12-26 13:57:14
)
6
66
Array
(
    [id] => 287
    [book_id] => 2008294
    [book_title] => 亲爱的鬼先生
    [author_name] => 肉丸夫人
    [word_count] => 385380
    [chapter_count] => 135
    [channel_id] => 0
    [statistics_year] => 2016
    [statistics_month] => 12
    [total_income] => 147957
    [give_income] => 23738
    [income] => 124219
    [buckle_income] => 54745
    [createtime] => 2016-12-26 13:53:14
)
661
6611
Array
(
    [sum_total_income] => 147957
    [sum_give_income] => 23738
    [sum_income] => 124219
    [sum_buckle_income] => 60663
)
result=1
7
8
9
book_id=2008333
2
3
4
5
Array
(
    [total_income] => 426
    [income] => 337
    [give_income] => 89
    [buckle_income] => 150
    [buckle_coefficient] => 0.65
)
Array
(
    [book_id] => 2008333
    [book_title] => 嫡女风采
    [author_name] => 幺蛾子大人
    [word_count] => 1334265
    [chapter_count] => 427
    [channel_id] => 0
    [statistics_day] => 2016-12-18
    [total_income] => 426
    [give_income] => 89
    [income] => 337
    [buckle_income] => 150
    [buckle_coefficient] => 0.65
    [createtime] => 2016-12-26 13:57:14
)
6
66
Array
(
    [id] => 288
    [book_id] => 2008333
    [book_title] => 嫡女风采
    [author_name] => 幺蛾子大人
    [word_count] => 1334265
    [chapter_count] => 427
    [channel_id] => 0
    [statistics_year] => 2016
    [statistics_month] => 12
    [total_income] => 426
    [give_income] => 89
    [income] => 337
    [buckle_income] => 150
    [createtime] => 2016-12-26 13:53:14
)
661
6611
Array
(
    [sum_total_income] => 426
    [sum_give_income] => 89
    [sum_income] => 337
    [sum_buckle_income] => 150
)
result=1
7
8
9
book_id=2008540
2
3
4
5
Array
(
    [total_income] => 2677
    [income] => 2633
    [give_income] => 44
    [buckle_income] => 1071
    [buckle_coefficient] => 0.6
)
Array
(
    [book_id] => 2008540
    [book_title] => 乡村小裁缝
    [author_name] => 薄荷好吃
    [word_count] => 360417
    [chapter_count] => 116
    [channel_id] => 0
    [statistics_day] => 2016-12-18
    [total_income] => 2677
    [give_income] => 44
    [income] => 2633
    [buckle_income] => 1071
    [buckle_coefficient] => 0.6
    [createtime] => 2016-12-26 13:57:14
)
6
66
Array
(
    [id] => 289
    [book_id] => 2008540
    [book_title] => 乡村小裁缝
    [author_name] => 薄荷好吃
    [word_count] => 360417
    [chapter_count] => 116
    [channel_id] => 0
    [statistics_year] => 2016
    [statistics_month] => 12
    [total_income] => 2677
    [give_income] => 44
    [income] => 2633
    [buckle_income] => 991
    [createtime] => 2016-12-26 13:53:14
)
661
6611
Array
(
    [sum_total_income] => 2677
    [sum_give_income] => 44
    [sum_income] => 2633
    [sum_buckle_income] => 1071
)
result=1
7
8
9
book_id=2008963
2
3
4
5
Array
(
    [total_income] => 437
    [income] => 437
    [give_income] => 0
    [buckle_income] => 193
    [buckle_coefficient] => 0.56
)
Array
(
    [book_id] => 2008963
    [book_title] => 谁的青春不热血
    [author_name] => 风南渡
    [word_count] => 347190
    [chapter_count] => 152
    [channel_id] => 0
    [statistics_day] => 2016-12-18
    [total_income] => 437
    [give_income] => 0
    [income] => 437
    [buckle_income] => 193
    [buckle_coefficient] => 0.56
    [createtime] => 2016-12-26 13:57:14
)
6
66
Array
(
    [id] => 290
    [book_id] => 2008963
    [book_title] => 谁的青春不热血
    [author_name] => 风南渡
    [word_count] => 347190
    [chapter_count] => 152
    [channel_id] => 0
    [statistics_year] => 2016
    [statistics_month] => 12
    [total_income] => 437
    [give_income] => 0
    [income] => 437
    [buckle_income] => 153
    [createtime] => 2016-12-26 13:53:14
)
661
6611
Array
(
    [sum_total_income] => 437
    [sum_give_income] => 0
    [sum_income] => 437
    [sum_buckle_income] => 193
)
result=1
7
8
9
book_id=2009288
2
3
4
5
Array
(
    [total_income] => 8708
    [income] => 7706
    [give_income] => 1002
    [buckle_income] => 3658
    [buckle_coefficient] => 0.58
)
Array
(
    [book_id] => 2009288
    [book_title] => 我的青梅竹马是校花
    [author_name] => 辣椒小鱼
    [word_count] => 398454
    [chapter_count] => 186
    [channel_id] => 0
    [statistics_day] => 2016-12-18
    [total_income] => 8708
    [give_income] => 1002
    [income] => 7706
    [buckle_income] => 3658
    [buckle_coefficient] => 0.58
    [createtime] => 2016-12-26 13:57:14
)
6
66
Array
(
    [id] => 291
    [book_id] => 2009288
    [book_title] => 我的青梅竹马是校花
    [author_name] => 辣椒小鱼
    [word_count] => 398454
    [chapter_count] => 186
    [channel_id] => 0
    [statistics_year] => 2016
    [statistics_month] => 12
    [total_income] => 8708
    [give_income] => 1002
    [income] => 7706
    [buckle_income] => 3397
    [createtime] => 2016-12-26 13:53:14
)
661
6611
Array
(
    [sum_total_income] => 8708
    [sum_give_income] => 1002
    [sum_income] => 7706
    [sum_buckle_income] => 3658
)
result=1
7
8
9
book_id=2009291
2
3
4
5
Array
(
    [total_income] => 30
    [income] => 30
    [give_income] => 0
    [buckle_income] => 11
    [buckle_coefficient] => 0.65
)
Array
(
    [book_id] => 2009291
    [book_title] => 逆乱青春
    [author_name] => 三里阳水
    [word_count] => 566288
    [chapter_count] => 195
    [channel_id] => 0
    [statistics_day] => 2016-12-18
    [total_income] => 30
    [give_income] => 0
    [income] => 30
    [buckle_income] => 11
    [buckle_coefficient] => 0.65
    [createtime] => 2016-12-26 13:57:14
)
6
66
Array
(
    [id] => 292
    [book_id] => 2009291
    [book_title] => 逆乱青春
    [author_name] => 三里阳水
    [word_count] => 566288
    [chapter_count] => 195
    [channel_id] => 0
    [statistics_year] => 2016
    [statistics_month] => 12
    [total_income] => 30
    [give_income] => 0
    [income] => 30
    [buckle_income] => 12
    [createtime] => 2016-12-26 13:53:14
)
661
6611
Array
(
    [sum_total_income] => 30
    [sum_give_income] => 0
    [sum_income] => 30
    [sum_buckle_income] => 11
)
result=1
7
8
9
book_id=2009378
2
3
4
5
Array
(
    [total_income] => 15723
    [income] => 13887
    [give_income] => 1836
    [buckle_income] => 6761
    [buckle_coefficient] => 0.57
)
Array
(
    [book_id] => 2009378
    [book_title] => 盛夏的秘密
    [author_name] => 一只纯小白
    [word_count] => 386830
    [chapter_count] => 203
    [channel_id] => 0
    [statistics_day] => 2016-12-18
    [total_income] => 15723
    [give_income] => 1836
    [income] => 13887
    [buckle_income] => 6761
    [buckle_coefficient] => 0.57
    [createtime] => 2016-12-26 13:57:14
)
6
66
Array
(
    [id] => 293
    [book_id] => 2009378
    [book_title] => 盛夏的秘密
    [author_name] => 一只纯小白
    [word_count] => 386830
    [chapter_count] => 203
    [channel_id] => 0
    [statistics_year] => 2016
    [statistics_month] => 12
    [total_income] => 15723
    [give_income] => 1836
    [income] => 13887
    [buckle_income] => 6447
    [createtime] => 2016-12-26 13:53:14
)
661
6611
Array
(
    [sum_total_income] => 15723
    [sum_give_income] => 1836
    [sum_income] => 13887
    [sum_buckle_income] => 6761
)
result=1
7
8
9
book_id=2009954
2
3
4
5
Array
(
    [total_income] => 339
    [income] => 339
    [give_income] => 0
    [buckle_income] => 133
    [buckle_coefficient] => 0.61
)
Array
(
    [book_id] => 2009954
    [book_title] => 凌乱青春
    [author_name] => 御膳可乐
    [word_count] => 208353
    [chapter_count] => 108
    [channel_id] => 0
    [statistics_day] => 2016-12-18
    [total_income] => 339
    [give_income] => 0
    [income] => 339
    [buckle_income] => 133
    [buckle_coefficient] => 0.61
    [createtime] => 2016-12-26 13:57:14
)
6
66
Array
(
    [id] => 294
    [book_id] => 2009954
    [book_title] => 凌乱青春
    [author_name] => 御膳可乐
    [word_count] => 208353
    [chapter_count] => 108
    [channel_id] => 0
    [statistics_year] => 2016
    [statistics_month] => 12
    [total_income] => 339
    [give_income] => 0
    [income] => 339
    [buckle_income] => 139
    [createtime] => 2016-12-26 13:53:14
)
661
6611
Array
(
    [sum_total_income] => 339
    [sum_give_income] => 0
    [sum_income] => 339
    [sum_buckle_income] => 133
)
result=1
7
8
9
book_id=2010697
2
3
4
5
Array
(
    [total_income] => 993
    [income] => 929
    [give_income] => 64
    [buckle_income] => 437
    [buckle_coefficient] => 0.56
)
Array
(
    [book_id] => 2010697
    [book_title] => 水样年华
    [author_name] => 胡大海
    [word_count] => 470063
    [chapter_count] => 154
    [channel_id] => 0
    [statistics_day] => 2016-12-18
    [total_income] => 993
    [give_income] => 64
    [income] => 929
    [buckle_income] => 437
    [buckle_coefficient] => 0.56
    [createtime] => 2016-12-26 13:57:14
)
6
66
Array
(
    [id] => 295
    [book_id] => 2010697
    [book_title] => 水样年华
    [author_name] => 胡大海
    [word_count] => 470063
    [chapter_count] => 154
    [channel_id] => 0
    [statistics_year] => 2016
    [statistics_month] => 12
    [total_income] => 993
    [give_income] => 64
    [income] => 929
    [buckle_income] => 338
    [createtime] => 2016-12-26 13:53:15
)
661
6611
Array
(
    [sum_total_income] => 993
    [sum_give_income] => 64
    [sum_income] => 929
    [sum_buckle_income] => 437
)
result=1
7
8
9
book_id=2010794
2
3
4
5
Array
(
    [total_income] => 8169
    [income] => 6265
    [give_income] => 1904
    [buckle_income] => 3186
    [buckle_coefficient] => 0.61
)
Array
(
    [book_id] => 2010794
    [book_title] => 青春岁月
    [author_name] => 青春岁月
    [word_count] => 304939
    [chapter_count] => 146
    [channel_id] => 0
    [statistics_day] => 2016-12-18
    [total_income] => 8169
    [give_income] => 1904
    [income] => 6265
    [buckle_income] => 3186
    [buckle_coefficient] => 0.61
    [createtime] => 2016-12-26 13:57:14
)
6
66
Array
(
    [id] => 296
    [book_id] => 2010794
    [book_title] => 青春岁月
    [author_name] => 青春岁月
    [word_count] => 304939
    [chapter_count] => 146
    [channel_id] => 0
    [statistics_year] => 2016
    [statistics_month] => 12
    [total_income] => 8169
    [give_income] => 1904
    [income] => 6265
    [buckle_income] => 2860
    [createtime] => 2016-12-26 13:53:15
)
661
6611
Array
(
    [sum_total_income] => 8169
    [sum_give_income] => 1904
    [sum_income] => 6265
    [sum_buckle_income] => 3186
)
result=1
7
8
9
book_id=2010955
2
3
4
5
Array
(
    [total_income] => 1363
    [income] => 1292
    [give_income] => 71
    [buckle_income] => 491
    [buckle_coefficient] => 0.64
)
Array
(
    [book_id] => 2010955
    [book_title] => 青春喂了狗
    [author_name] => 纯爷们儿
    [word_count] => 436068
    [chapter_count] => 201
    [channel_id] => 0
    [statistics_day] => 2016-12-18
    [total_income] => 1363
    [give_income] => 71
    [income] => 1292
    [buckle_income] => 491
    [buckle_coefficient] => 0.64
    [createtime] => 2016-12-26 13:57:15
)
6
66
Array
(
    [id] => 297
    [book_id] => 2010955
    [book_title] => 青春喂了狗
    [author_name] => 纯爷们儿
    [word_count] => 436068
    [chapter_count] => 201
    [channel_id] => 0
    [statistics_year] => 2016
    [statistics_month] => 12
    [total_income] => 1363
    [give_income] => 71
    [income] => 1292
    [buckle_income] => 546
    [createtime] => 2016-12-26 13:53:15
)
661
6611
Array
(
    [sum_total_income] => 1363
    [sum_give_income] => 71
    [sum_income] => 1292
    [sum_buckle_income] => 491
)
result=1
7
8
9
book_id=2011476
2
3
4
5
Array
(
    [total_income] => 40
    [income] => 40
    [give_income] => 0
    [buckle_income] => 16
    [buckle_coefficient] => 0.61
)
Array
(
    [book_id] => 2011476
    [book_title] => 我做男公关的那几年
    [author_name] => 田小鸡
    [word_count] => 50059
    [chapter_count] => 24
    [channel_id] => 0
    [statistics_day] => 2016-12-18
    [total_income] => 40
    [give_income] => 0
    [income] => 40
    [buckle_income] => 16
    [buckle_coefficient] => 0.61
    [createtime] => 2016-12-26 13:57:15
)
6
66
Array
(
    [id] => 298
    [book_id] => 2011476
    [book_title] => 我做男公关的那几年
    [author_name] => 田小鸡
    [word_count] => 50059
    [chapter_count] => 24
    [channel_id] => 0
    [statistics_year] => 2016
    [statistics_month] => 12
    [total_income] => 40
    [give_income] => 0
    [income] => 40
    [buckle_income] => 17
    [createtime] => 2016-12-26 13:53:15
)
661
6611
Array
(
    [sum_total_income] => 40
    [sum_give_income] => 0
    [sum_income] => 40
    [sum_buckle_income] => 16
)
result=1
7
8
9
book_id=2011646
2
3
4
5
Array
(
    [total_income] => 123
    [income] => 123
    [give_income] => 0
    [buckle_income] => 46
    [buckle_coefficient] => 0.63
)
Array
(
    [book_id] => 2011646
    [book_title] => 海城一姐
    [author_name] => 王二丫
    [word_count] => 240587
    [chapter_count] => 88
    [channel_id] => 0
    [statistics_day] => 2016-12-18
    [total_income] => 123
    [give_income] => 0
    [income] => 123
    [buckle_income] => 46
    [buckle_coefficient] => 0.63
    [createtime] => 2016-12-26 13:57:15
)
6
66
Array
(
    [id] => 299
    [book_id] => 2011646
    [book_title] => 海城一姐
    [author_name] => 王二丫
    [word_count] => 240587
    [chapter_count] => 88
    [channel_id] => 0
    [statistics_year] => 2016
    [statistics_month] => 12
    [total_income] => 123
    [give_income] => 0
    [income] => 123
    [buckle_income] => 46
    [createtime] => 2016-12-26 13:53:15
)
661
6611
Array
(
    [sum_total_income] => 123
    [sum_give_income] => 0
    [sum_income] => 123
    [sum_buckle_income] => 46
)
result=1
7
8
9
book_id=2011676
2
3
4
5
Array
(
    [total_income] => 12
    [income] => 12
    [give_income] => 0
    [buckle_income] => 8
    [buckle_coefficient] => 0.4
)
Array
(
    [book_id] => 2011676
    [book_title] => 冥婚极宠:我的鬼帝夫君
    [author_name] => 云七公子
    [word_count] => 32176
    [chapter_count] => 26
    [channel_id] => 0
    [statistics_day] => 2016-12-18
    [total_income] => 12
    [give_income] => 0
    [income] => 12
    [buckle_income] => 8
    [buckle_coefficient] => 0.4
    [createtime] => 2016-12-26 13:57:15
)
6
66
Array
(
    [id] => 300
    [book_id] => 2011676
    [book_title] => 冥婚极宠:我的鬼帝夫君
    [author_name] => 云七公子
    [word_count] => 32176
    [chapter_count] => 26
    [channel_id] => 0
    [statistics_year] => 2016
    [statistics_month] => 12
    [total_income] => 12
    [give_income] => 0
    [income] => 12
    [buckle_income] => 7
    [createtime] => 2016-12-26 13:53:15
)
661
6611
Array
(
    [sum_total_income] => 12
    [sum_give_income] => 0
    [sum_income] => 12
    [sum_buckle_income] => 8
)
result=1
7
8
9
book_id=2013241
2
3
4
5
Array
(
    [total_income] => 249196
    [income] => 179012
    [give_income] => 70184
    [buckle_income] => 104663
    [buckle_coefficient] => 0.58
)
Array
(
    [book_id] => 2013241
    [book_title] => 夜宴
    [author_name] => 鸡大力
    [word_count] => 438208
    [chapter_count] => 202
    [channel_id] => 0
    [statistics_day] => 2016-12-18
    [total_income] => 249196
    [give_income] => 70184
    [income] => 179012
    [buckle_income] => 104663
    [buckle_coefficient] => 0.58
    [createtime] => 2016-12-26 13:57:19
)
6
66
Array
(
    [id] => 4
    [book_id] => 2013241
    [book_title] => 夜宴
    [author_name] => 鸡大力
    [word_count] => 438208
    [chapter_count] => 202
    [channel_id] => 0
    [statistics_year] => 2016
    [statistics_month] => 12
    [total_income] => 249206
    [give_income] => 70184
    [income] => 179022
    [buckle_income] => 104673
    [createtime] => 2016-12-26 13:53:19
)
661
6611
Array
(
    [sum_total_income] => 249206
    [sum_give_income] => 70184
    [sum_income] => 179022
    [sum_buckle_income] => 104673
)
result=1
7
8
9
book_id=2013568
2
3
4
5
Array
(
    [total_income] => 31009
    [income] => 26944
    [give_income] => 4065
    [buckle_income] => 12094
    [buckle_coefficient] => 0.61
)
Array
(
    [book_id] => 2013568
    [book_title] => 鬼娃新娘
    [author_name] => 绮丽儿
    [word_count] => 924701
    [chapter_count] => 244
    [channel_id] => 0
    [statistics_day] => 2016-12-18
    [total_income] => 31009
    [give_income] => 4065
    [income] => 26944
    [buckle_income] => 12094
    [buckle_coefficient] => 0.61
    [createtime] => 2016-12-26 13:57:19
)
6
66
Array
(
    [id] => 301
    [book_id] => 2013568
    [book_title] => 鬼娃新娘
    [author_name] => 绮丽儿
    [word_count] => 924701
    [chapter_count] => 244
    [channel_id] => 0
    [statistics_year] => 2016
    [statistics_month] => 12
    [total_income] => 31009
    [give_income] => 4065
    [income] => 26944
    [buckle_income] => 12714
    [createtime] => 2016-12-26 13:53:19
)
661
6611
Array
(
    [sum_total_income] => 31009
    [sum_give_income] => 4065
    [sum_income] => 26944
    [sum_buckle_income] => 12094
)
result=1
7
8
9
book_id=2014060
2
3
4
5
Array
(
    [total_income] => 103
    [income] => 103
    [give_income] => 0
    [buckle_income] => 44
    [buckle_coefficient] => 0.58
)
Array
(
    [book_id] => 2014060
    [book_title] => 贴身极品狂医
    [author_name] => 醉卧秋霜
    [word_count] => 577405
    [chapter_count] => 217
    [channel_id] => 0
    [statistics_day] => 2016-12-18
    [total_income] => 103
    [give_income] => 0
    [income] => 103
    [buckle_income] => 44
    [buckle_coefficient] => 0.58
    [createtime] => 2016-12-26 13:57:19
)
6
66
Array
(
    [id] => 302
    [book_id] => 2014060
    [book_title] => 贴身极品狂医
    [author_name] => 醉卧秋霜
    [word_count] => 577405
    [chapter_count] => 217
    [channel_id] => 0
    [statistics_year] => 2016
    [statistics_month] => 12
    [total_income] => 103
    [give_income] => 0
    [income] => 103
    [buckle_income] => 46
    [createtime] => 2016-12-26 13:53:19
)
661
6611
Array
(
    [sum_total_income] => 103
    [sum_give_income] => 0
    [sum_income] => 103
    [sum_buckle_income] => 44
)
result=1
7
8
9
book_id=2014210
2
3
4
5
Array
(
    [total_income] => 405
    [income] => 405
    [give_income] => 0
    [buckle_income] => 167
    [buckle_coefficient] => 0.59
)
Array
(
    [book_id] => 2014210
    [book_title] => 金丝雀
    [author_name] => 猫瞳予
    [word_count] => 337236
    [chapter_count] => 110
    [channel_id] => 0
    [statistics_day] => 2016-12-18
    [total_income] => 405
    [give_income] => 0
    [income] => 405
    [buckle_income] => 167
    [buckle_coefficient] => 0.59
    [createtime] => 2016-12-26 13:57:20
)
6
66
Array
(
    [id] => 303
    [book_id] => 2014210
    [book_title] => 金丝雀
    [author_name] => 猫瞳予
    [word_count] => 337236
    [chapter_count] => 110
    [channel_id] => 0
    [statistics_year] => 2016
    [statistics_month] => 12
    [total_income] => 405
    [give_income] => 0
    [income] => 405
    [buckle_income] => 138
    [createtime] => 2016-12-26 13:53:19
)
661
6611
Array
(
    [sum_total_income] => 405
    [sum_give_income] => 0
    [sum_income] => 405
    [sum_buckle_income] => 167
)
result=1
7
8
9
book_id=2015088
2
3
4
5
Array
(
    [total_income] => 21526
    [income] => 20696
    [give_income] => 830
    [buckle_income] => 8611
    [buckle_coefficient] => 0.6
)
Array
(
    [book_id] => 2015088
    [book_title] => 蜜桃成熟时
    [author_name] => 2牛哥
    [word_count] => 772770
    [chapter_count] => 274
    [channel_id] => 0
    [statistics_day] => 2016-12-18
    [total_income] => 21526
    [give_income] => 830
    [income] => 20696
    [buckle_income] => 8611
    [buckle_coefficient] => 0.6
    [createtime] => 2016-12-26 13:57:20
)
6
66
Array
(
    [id] => 304
    [book_id] => 2015088
    [book_title] => 蜜桃成熟时
    [author_name] => 2牛哥
    [word_count] => 772770
    [chapter_count] => 274
    [channel_id] => 0
    [statistics_year] => 2016
    [statistics_month] => 12
    [total_income] => 21526
    [give_income] => 830
    [income] => 20696
    [buckle_income] => 7535
    [createtime] => 2016-12-26 13:53:20
)
661
6611
Array
(
    [sum_total_income] => 21526
    [sum_give_income] => 830
    [sum_income] => 20696
    [sum_buckle_income] => 8611
)
result=1
7
8
9
book_id=2015095
2
3
4
5
Array
(
    [total_income] => 115031
    [income] => 98321
    [give_income] => 16710
    [buckle_income] => 43712
    [buckle_coefficient] => 0.62
)
Array
(
    [book_id] => 2015095
    [book_title] => 活色生香
    [author_name] => 我爱吃葡萄
    [word_count] => 806882
    [chapter_count] => 271
    [channel_id] => 0
    [statistics_day] => 2016-12-18
    [total_income] => 115031
    [give_income] => 16710
    [income] => 98321
    [buckle_income] => 43712
    [buckle_coefficient] => 0.62
    [createtime] => 2016-12-26 13:57:20
)
6
66
Array
(
    [id] => 305
    [book_id] => 2015095
    [book_title] => 活色生香
    [author_name] => 我爱吃葡萄
    [word_count] => 806882
    [chapter_count] => 271
    [channel_id] => 0
    [statistics_year] => 2016
    [statistics_month] => 12
    [total_income] => 115031
    [give_income] => 16710
    [income] => 98321
    [buckle_income] => 49464
    [createtime] => 2016-12-26 13:53:20
)
661
6611
Array
(
    [sum_total_income] => 115031
    [sum_give_income] => 16710
    [sum_income] => 98321
    [sum_buckle_income] => 43712
)
result=1
7
8
9
book_id=2015643
2
3
4
5
Array
(
    [total_income] => 2031
    [income] => 1703
    [give_income] => 328
    [buckle_income] => 874
    [buckle_coefficient] => 0.57
)
Array
(
    [book_id] => 2015643
    [book_title] => 鬼妻出棺
    [author_name] => 红黄蓝绿青紫
    [word_count] => 245173
    [chapter_count] => 78
    [channel_id] => 0
    [statistics_day] => 2016-12-18
    [total_income] => 2031
    [give_income] => 328
    [income] => 1703
    [buckle_income] => 874
    [buckle_coefficient] => 0.57
    [createtime] => 2016-12-26 13:57:21
)
6
66
Array
(
    [id] => 306
    [book_id] => 2015643
    [book_title] => 鬼妻出棺
    [author_name] => 红黄蓝绿青紫
    [word_count] => 245173
    [chapter_count] => 78
    [channel_id] => 0
    [statistics_year] => 2016
    [statistics_month] => 12
    [total_income] => 2031
    [give_income] => 328
    [income] => 1703
    [buckle_income] => 854
    [createtime] => 2016-12-26 13:53:20
)
661
6611
Array
(
    [sum_total_income] => 2031
    [sum_give_income] => 328
    [sum_income] => 1703
    [sum_buckle_income] => 874
)
result=1
7
8
9
book_id=2016694
2
3
4
5
Array
(
    [total_income] => 92797
    [income] => 73555
    [give_income] => 19242
    [buckle_income] => 32479
    [buckle_coefficient] => 0.65
)
Array
(
    [book_id] => 2016694
    [book_title] => 寡嫂
    [author_name] => 喝杯浓茶
    [word_count] => 482461
    [chapter_count] => 219
    [channel_id] => 0
    [statistics_day] => 2016-12-18
    [total_income] => 92797
    [give_income] => 19242
    [income] => 73555
    [buckle_income] => 32479
    [buckle_coefficient] => 0.65
    [createtime] => 2016-12-26 13:57:23
)
6
66
Array
(
    [id] => 307
    [book_id] => 2016694
    [book_title] => 寡嫂
    [author_name] => 喝杯浓茶
    [word_count] => 482461
    [chapter_count] => 219
    [channel_id] => 0
    [statistics_year] => 2016
    [statistics_month] => 12
    [total_income] => 92797
    [give_income] => 19242
    [income] => 73555
    [buckle_income] => 31551
    [createtime] => 2016-12-26 13:53:21
)
661
6611
Array
(
    [sum_total_income] => 92797
    [sum_give_income] => 19242
    [sum_income] => 73555
    [sum_buckle_income] => 32479
)
result=1
7
8
9
book_id=2016857
2
3
4
5
Array
(
    [total_income] => 450
    [income] => 450
    [give_income] => 0
    [buckle_income] => 153
    [buckle_coefficient] => 0.66
)
Array
(
    [book_id] => 2016857
    [book_title] => 邪性鬼夫夜夜撩
    [author_name] => 小肉糕
    [word_count] => 85292
    [chapter_count] => 40
    [channel_id] => 0
    [statistics_day] => 2016-12-18
    [total_income] => 450
    [give_income] => 0
    [income] => 450
    [buckle_income] => 153
    [buckle_coefficient] => 0.66
    [createtime] => 2016-12-26 13:57:25
)
6
66
Array
(
    [id] => 308
    [book_id] => 2016857
    [book_title] => 邪性鬼夫夜夜撩
    [author_name] => 小肉糕
    [word_count] => 85292
    [chapter_count] => 40
    [channel_id] => 0
    [statistics_year] => 2016
    [statistics_month] => 12
    [total_income] => 450
    [give_income] => 0
    [income] => 450
    [buckle_income] => 203
    [createtime] => 2016-12-26 13:53:21
)
661
6611
Array
(
    [sum_total_income] => 450
    [sum_give_income] => 0
    [sum_income] => 450
    [sum_buckle_income] => 153
)
result=1
7
8
9
book_id=2017153
2
3
4
5
Array
(
    [total_income] => 79
    [income] => 79
    [give_income] => 0
    [buckle_income] => 28
    [buckle_coefficient] => 0.65
)
Array
(
    [book_id] => 2017153
    [book_title] => 欲血青春
    [author_name] => 隐桑
    [word_count] => 97986
    [chapter_count] => 46
    [channel_id] => 0
    [statistics_day] => 2016-12-18
    [total_income] => 79
    [give_income] => 0
    [income] => 79
    [buckle_income] => 28
    [buckle_coefficient] => 0.65
    [createtime] => 2016-12-26 13:57:25
)
6
66
Array
(
    [id] => 309
    [book_id] => 2017153
    [book_title] => 欲血青春
    [author_name] => 隐桑
    [word_count] => 97986
    [chapter_count] => 46
    [channel_id] => 0
    [statistics_year] => 2016
    [statistics_month] => 12
    [total_income] => 79
    [give_income] => 0
    [income] => 79
    [buckle_income] => 36
    [createtime] => 2016-12-26 13:53:22
)
661
6611
Array
(
    [sum_total_income] => 79
    [sum_give_income] => 0
    [sum_income] => 79
    [sum_buckle_income] => 28
)
result=1
7
8
9
book_id=2017302
2
3
4
5
Array
(
    [total_income] => 81625
    [income] => 76721
    [give_income] => 4904
    [buckle_income] => 28569
    [buckle_coefficient] => 0.65
)
Array
(
    [book_id] => 2017302
    [book_title] => 一枝红杏
    [author_name] => 云熙堂
    [word_count] => 777000
    [chapter_count] => 243
    [channel_id] => 0
    [statistics_day] => 2016-12-18
    [total_income] => 81625
    [give_income] => 4904
    [income] => 76721
    [buckle_income] => 28569
    [buckle_coefficient] => 0.65
    [createtime] => 2016-12-26 13:57:26
)
6
66
Array
(
    [id] => 310
    [book_id] => 2017302
    [book_title] => 一枝红杏
    [author_name] => 云熙堂
    [word_count] => 777000
    [chapter_count] => 243
    [channel_id] => 0
    [statistics_year] => 2016
    [statistics_month] => 12
    [total_income] => 81625
    [give_income] => 4904
    [income] => 76721
    [buckle_income] => 31018
    [createtime] => 2016-12-26 13:53:22
)
661
6611
Array
(
    [sum_total_income] => 81625
    [sum_give_income] => 4904
    [sum_income] => 76721
    [sum_buckle_income] => 28569
)
result=1
7
8
9
book_id=2018014
2
3
4
5
Array
(
    [total_income] => 10
    [income] => 10
    [give_income] => 0
    [buckle_income] => 10
    [buckle_coefficient] => 
)
Array
(
    [book_id] => 2018014
    [book_title] => 鬼夫缠身：妖灵新娘
    [author_name] => 等疯来
    [word_count] => 86565
    [chapter_count] => 40
    [channel_id] => 0
    [statistics_day] => 2016-12-18
    [total_income] => 10
    [give_income] => 0
    [income] => 10
    [buckle_income] => 10
    [buckle_coefficient] => 
    [createtime] => 2016-12-26 13:57:26
)
6
66
Array
(
    [id] => 311
    [book_id] => 2018014
    [book_title] => 鬼夫缠身：妖灵新娘
    [author_name] => 等疯来
    [word_count] => 86565
    [chapter_count] => 40
    [channel_id] => 0
    [statistics_year] => 2016
    [statistics_month] => 12
    [total_income] => 10
    [give_income] => 0
    [income] => 10
    [buckle_income] => 10
    [createtime] => 2016-12-26 13:53:22
)
661
6611
Array
(
    [sum_total_income] => 10
    [sum_give_income] => 0
    [sum_income] => 10
    [sum_buckle_income] => 10
)
result=1
7
8
9
book_id=2018291
2
3
4
5
Array
(
    [total_income] => 15205
    [income] => 13600
    [give_income] => 1605
    [buckle_income] => 6235
    [buckle_coefficient] => 0.59
)
Array
(
    [book_id] => 2018291
    [book_title] => 我的直播女友
    [author_name] => 欢阅读
    [word_count] => 553139
    [chapter_count] => 182
    [channel_id] => 0
    [statistics_day] => 2016-12-18
    [total_income] => 15205
    [give_income] => 1605
    [income] => 13600
    [buckle_income] => 6235
    [buckle_coefficient] => 0.59
    [createtime] => 2016-12-26 13:57:27
)
6
66
Array
(
    [id] => 312
    [book_id] => 2018291
    [book_title] => 我的直播女友
    [author_name] => 欢阅读
    [word_count] => 553139
    [chapter_count] => 182
    [channel_id] => 0
    [statistics_year] => 2016
    [statistics_month] => 12
    [total_income] => 15205
    [give_income] => 1605
    [income] => 13600
    [buckle_income] => 5930
    [createtime] => 2016-12-26 13:53:23
)
661
6611
Array
(
    [sum_total_income] => 15205
    [sum_give_income] => 1605
    [sum_income] => 13600
    [sum_buckle_income] => 6235
)
result=1
7
8
9
book_id=2018330
2
3
4
5
Array
(
    [total_income] => 291
    [income] => 291
    [give_income] => 0
    [buckle_income] => 117
    [buckle_coefficient] => 0.6
)
Array
(
    [book_id] => 2018330
    [book_title] => 色即是空
    [author_name] => 欢阅读
    [word_count] => 473367
    [chapter_count] => 152
    [channel_id] => 0
    [statistics_day] => 2016-12-18
    [total_income] => 291
    [give_income] => 0
    [income] => 291
    [buckle_income] => 117
    [buckle_coefficient] => 0.6
    [createtime] => 2016-12-26 13:57:27
)
6
66
Array
(
    [id] => 313
    [book_id] => 2018330
    [book_title] => 色即是空
    [author_name] => 欢阅读
    [word_count] => 473367
    [chapter_count] => 152
    [channel_id] => 0
    [statistics_year] => 2016
    [statistics_month] => 12
    [total_income] => 291
    [give_income] => 0
    [income] => 291
    [buckle_income] => 105
    [createtime] => 2016-12-26 13:53:23
)
661
6611
Array
(
    [sum_total_income] => 291
    [sum_give_income] => 0
    [sum_income] => 291
    [sum_buckle_income] => 117
)
result=1
7
8
9
book_id=2018353
2
3
4
5
Array
(
    [total_income] => 44
    [income] => 44
    [give_income] => 0
    [buckle_income] => 17
    [buckle_coefficient] => 0.63
)
Array
(
    [book_id] => 2018353
    [book_title] => 12路公交
    [author_name] => 欢阅读
    [word_count] => 86876
    [chapter_count] => 36
    [channel_id] => 0
    [statistics_day] => 2016-12-18
    [total_income] => 44
    [give_income] => 0
    [income] => 44
    [buckle_income] => 17
    [buckle_coefficient] => 0.63
    [createtime] => 2016-12-26 13:57:27
)
6
66
Array
(
    [id] => 314
    [book_id] => 2018353
    [book_title] => 12路公交
    [author_name] => 欢阅读
    [word_count] => 86876
    [chapter_count] => 36
    [channel_id] => 0
    [statistics_year] => 2016
    [statistics_month] => 12
    [total_income] => 44
    [give_income] => 0
    [income] => 44
    [buckle_income] => 18
    [createtime] => 2016-12-26 13:53:23
)
661
6611
Array
(
    [sum_total_income] => 44
    [sum_give_income] => 0
    [sum_income] => 44
    [sum_buckle_income] => 17
)
result=1
7
8
9
book_id=2018356
2
3
4
5
Array
(
    [total_income] => 204
    [income] => 204
    [give_income] => 0
    [buckle_income] => 72
    [buckle_coefficient] => 0.65
)
Array
(
    [book_id] => 2018356
    [book_title] => 多余的青春
    [author_name] => 欢阅读
    [word_count] => 319325
    [chapter_count] => 143
    [channel_id] => 0
    [statistics_day] => 2016-12-18
    [total_income] => 204
    [give_income] => 0
    [income] => 204
    [buckle_income] => 72
    [buckle_coefficient] => 0.65
    [createtime] => 2016-12-26 13:57:27
)
6
66
Array
(
    [id] => 315
    [book_id] => 2018356
    [book_title] => 多余的青春
    [author_name] => 欢阅读
    [word_count] => 319325
    [chapter_count] => 143
    [channel_id] => 0
    [statistics_year] => 2016
    [statistics_month] => 12
    [total_income] => 204
    [give_income] => 0
    [income] => 204
    [buckle_income] => 88
    [createtime] => 2016-12-26 13:53:23
)
661
6611
Array
(
    [sum_total_income] => 204
    [sum_give_income] => 0
    [sum_income] => 204
    [sum_buckle_income] => 72
)
result=1
7
8
9
book_id=2018365
2
3
4
5
Array
(
    [total_income] => 46
    [income] => 46
    [give_income] => 0
    [buckle_income] => 16
    [buckle_coefficient] => 0.66
)
Array
(
    [book_id] => 2018365
    [book_title] => 国色天枭
    [author_name] => 欢阅读
    [word_count] => 420113
    [chapter_count] => 137
    [channel_id] => 0
    [statistics_day] => 2016-12-18
    [total_income] => 46
    [give_income] => 0
    [income] => 46
    [buckle_income] => 16
    [buckle_coefficient] => 0.66
    [createtime] => 2016-12-26 13:57:27
)
6
66
Array
(
    [id] => 316
    [book_id] => 2018365
    [book_title] => 国色天枭
    [author_name] => 欢阅读
    [word_count] => 420113
    [chapter_count] => 137
    [channel_id] => 0
    [statistics_year] => 2016
    [statistics_month] => 12
    [total_income] => 46
    [give_income] => 0
    [income] => 46
    [buckle_income] => 18
    [createtime] => 2016-12-26 13:53:23
)
661
6611
Array
(
    [sum_total_income] => 46
    [sum_give_income] => 0
    [sum_income] => 46
    [sum_buckle_income] => 16
)
result=1
7
8
9
book_id=2018367
2
3
4
5
Array
(
    [total_income] => 30
    [income] => 30
    [give_income] => 0
    [buckle_income] => 12
    [buckle_coefficient] => 0.61
)
Array
(
    [book_id] => 2018367
    [book_title] => 高跟鞋
    [author_name] => 欢阅读
    [word_count] => 567021
    [chapter_count] => 190
    [channel_id] => 0
    [statistics_day] => 2016-12-18
    [total_income] => 30
    [give_income] => 0
    [income] => 30
    [buckle_income] => 12
    [buckle_coefficient] => 0.61
    [createtime] => 2016-12-26 13:57:27
)
6
66
Array
(
    [id] => 317
    [book_id] => 2018367
    [book_title] => 高跟鞋
    [author_name] => 欢阅读
    [word_count] => 567021
    [chapter_count] => 190
    [channel_id] => 0
    [statistics_year] => 2016
    [statistics_month] => 12
    [total_income] => 30
    [give_income] => 0
    [income] => 30
    [buckle_income] => 12
    [createtime] => 2016-12-26 13:53:23
)
661
6611
Array
(
    [sum_total_income] => 30
    [sum_give_income] => 0
    [sum_income] => 30
    [sum_buckle_income] => 12
)
result=1
7
8
9
book_id=2018368
2
3
4
5
Array
(
    [total_income] => 8
    [income] => 8
    [give_income] => 0
    [buckle_income] => 8
    [buckle_coefficient] => 
)
Array
(
    [book_id] => 2018368
    [book_title] => 前妻归来
    [author_name] => 南国姑娘
    [word_count] => 33687
    [chapter_count] => 21
    [channel_id] => 0
    [statistics_day] => 2016-12-18
    [total_income] => 8
    [give_income] => 0
    [income] => 8
    [buckle_income] => 8
    [buckle_coefficient] => 
    [createtime] => 2016-12-26 13:57:27
)
6
66
Array
(
    [id] => 318
    [book_id] => 2018368
    [book_title] => 前妻归来
    [author_name] => 南国姑娘
    [word_count] => 33687
    [chapter_count] => 21
    [channel_id] => 0
    [statistics_year] => 2016
    [statistics_month] => 12
    [total_income] => 8
    [give_income] => 0
    [income] => 8
    [buckle_income] => 8
    [createtime] => 2016-12-26 13:53:23
)
661
6611
Array
(
    [sum_total_income] => 8
    [sum_give_income] => 0
    [sum_income] => 8
    [sum_buckle_income] => 8
)
result=1
7
8
9
book_id=2018369
2
3
4
5
Array
(
    [total_income] => 625
    [income] => 319
    [give_income] => 306
    [buckle_income] => 263
    [buckle_coefficient] => 0.58
)
Array
(
    [book_id] => 2018369
    [book_title] => 男人不能哭
    [author_name] => 欢阅读
    [word_count] => 208989
    [chapter_count] => 78
    [channel_id] => 0
    [statistics_day] => 2016-12-18
    [total_income] => 625
    [give_income] => 306
    [income] => 319
    [buckle_income] => 263
    [buckle_coefficient] => 0.58
    [createtime] => 2016-12-26 13:57:27
)
6
66
Array
(
    [id] => 319
    [book_id] => 2018369
    [book_title] => 男人不能哭
    [author_name] => 欢阅读
    [word_count] => 208989
    [chapter_count] => 78
    [channel_id] => 0
    [statistics_year] => 2016
    [statistics_month] => 12
    [total_income] => 625
    [give_income] => 306
    [income] => 319
    [buckle_income] => 213
    [createtime] => 2016-12-26 13:53:23
)
661
6611
Array
(
    [sum_total_income] => 625
    [sum_give_income] => 306
    [sum_income] => 319
    [sum_buckle_income] => 263
)
result=1
7
8
9
book_id=2018371
2
3
4
5
Array
(
    [total_income] => 26
    [income] => 26
    [give_income] => 0
    [buckle_income] => 10
    [buckle_coefficient] => 0.64
)
Array
(
    [book_id] => 2018371
    [book_title] => 佳人有约
    [author_name] => 欢阅读
    [word_count] => 133446
    [chapter_count] => 47
    [channel_id] => 0
    [statistics_day] => 2016-12-18
    [total_income] => 26
    [give_income] => 0
    [income] => 26
    [buckle_income] => 10
    [buckle_coefficient] => 0.64
    [createtime] => 2016-12-26 13:57:27
)
6
66
Array
(
    [id] => 320
    [book_id] => 2018371
    [book_title] => 佳人有约
    [author_name] => 欢阅读
    [word_count] => 133446
    [chapter_count] => 47
    [channel_id] => 0
    [statistics_year] => 2016
    [statistics_month] => 12
    [total_income] => 26
    [give_income] => 0
    [income] => 26
    [buckle_income] => 11
    [createtime] => 2016-12-26 13:53:23
)
661
6611
Array
(
    [sum_total_income] => 26
    [sum_give_income] => 0
    [sum_income] => 26
    [sum_buckle_income] => 10
)
result=1
7
8
9
book_id=2018374
2
3
4
5
Array
(
    [total_income] => 55
    [income] => 55
    [give_income] => 0
    [buckle_income] => 25
    [buckle_coefficient] => 0.55
)
Array
(
    [book_id] => 2018374
    [book_title] => （欢）我的青春期
    [author_name] => 欢阅读
    [word_count] => 483603
    [chapter_count] => 151
    [channel_id] => 0
    [statistics_day] => 2016-12-18
    [total_income] => 55
    [give_income] => 0
    [income] => 55
    [buckle_income] => 25
    [buckle_coefficient] => 0.55
    [createtime] => 2016-12-26 13:57:27
)
6
66
Array
(
    [id] => 321
    [book_id] => 2018374
    [book_title] => （欢）我的青春期
    [author_name] => 欢阅读
    [word_count] => 483603
    [chapter_count] => 151
    [channel_id] => 0
    [statistics_year] => 2016
    [statistics_month] => 12
    [total_income] => 55
    [give_income] => 0
    [income] => 55
    [buckle_income] => 25
    [createtime] => 2016-12-26 13:53:23
)
661
6611
Array
(
    [sum_total_income] => 55
    [sum_give_income] => 0
    [sum_income] => 55
    [sum_buckle_income] => 25
)
result=1
7
8
9
book_id=2018428
2
3
4
5
Array
(
    [total_income] => 292
    [income] => 292
    [give_income] => 0
    [buckle_income] => 117
    [buckle_coefficient] => 0.6
)
Array
(
    [book_id] => 2018428
    [book_title] => 迷你裙
    [author_name] => 欢阅读
    [word_count] => 280027
    [chapter_count] => 126
    [channel_id] => 0
    [statistics_day] => 2016-12-18
    [total_income] => 292
    [give_income] => 0
    [income] => 292
    [buckle_income] => 117
    [buckle_coefficient] => 0.6
    [createtime] => 2016-12-26 13:57:27
)
6
66
Array
(
    [id] => 322
    [book_id] => 2018428
    [book_title] => 迷你裙
    [author_name] => 欢阅读
    [word_count] => 280027
    [chapter_count] => 126
    [channel_id] => 0
    [statistics_year] => 2016
    [statistics_month] => 12
    [total_income] => 292
    [give_income] => 0
    [income] => 292
    [buckle_income] => 103
    [createtime] => 2016-12-26 13:53:23
)
661
6611
Array
(
    [sum_total_income] => 292
    [sum_give_income] => 0
    [sum_income] => 292
    [sum_buckle_income] => 117
)
result=1
7
8
9
book_id=2018430
2
3
4
5
Array
(
    [total_income] => 75
    [income] => 30
    [give_income] => 45
    [buckle_income] => 34
    [buckle_coefficient] => 0.55
)
Array
(
    [book_id] => 2018430
    [book_title] => （欢）午夜快递员
    [author_name] => 欢阅读
    [word_count] => 447893
    [chapter_count] => 148
    [channel_id] => 0
    [statistics_day] => 2016-12-18
    [total_income] => 75
    [give_income] => 45
    [income] => 30
    [buckle_income] => 34
    [buckle_coefficient] => 0.55
    [createtime] => 2016-12-26 13:57:27
)
6
66
Array
(
    [id] => 323
    [book_id] => 2018430
    [book_title] => （欢）午夜快递员
    [author_name] => 欢阅读
    [word_count] => 447893
    [chapter_count] => 148
    [channel_id] => 0
    [statistics_year] => 2016
    [statistics_month] => 12
    [total_income] => 75
    [give_income] => 45
    [income] => 30
    [buckle_income] => 27
    [createtime] => 2016-12-26 13:53:23
)
661
6611
Array
(
    [sum_total_income] => 75
    [sum_give_income] => 45
    [sum_income] => 30
    [sum_buckle_income] => 34
)
result=1
7
8
9
book_id=2018468
2
3
4
5
Array
(
    [total_income] => 360
    [income] => 360
    [give_income] => 0
    [buckle_income] => 123
    [buckle_coefficient] => 0.66
)
Array
(
    [book_id] => 2018468
    [book_title] => （欢）青春之殇
    [author_name] => 欢阅读
    [word_count] => 280551
    [chapter_count] => 123
    [channel_id] => 0
    [statistics_day] => 2016-12-18
    [total_income] => 360
    [give_income] => 0
    [income] => 360
    [buckle_income] => 123
    [buckle_coefficient] => 0.66
    [createtime] => 2016-12-26 13:57:27
)
6
66
Array
(
    [id] => 324
    [book_id] => 2018468
    [book_title] => （欢）青春之殇
    [author_name] => 欢阅读
    [word_count] => 280551
    [chapter_count] => 123
    [channel_id] => 0
    [statistics_year] => 2016
    [statistics_month] => 12
    [total_income] => 360
    [give_income] => 0
    [income] => 360
    [buckle_income] => 137
    [createtime] => 2016-12-26 13:53:23
)
661
6611
Array
(
    [sum_total_income] => 360
    [sum_give_income] => 0
    [sum_income] => 360
    [sum_buckle_income] => 123
)
result=1
7
8
9
book_id=2018470
2
3
4
5
Array
(
    [total_income] => 695
    [income] => 695
    [give_income] => 0
    [buckle_income] => 258
    [buckle_coefficient] => 0.63
)
Array
(
    [book_id] => 2018470
    [book_title] => （欢）色戒
    [author_name] => 欢阅读
    [word_count] => 545788
    [chapter_count] => 180
    [channel_id] => 0
    [statistics_day] => 2016-12-18
    [total_income] => 695
    [give_income] => 0
    [income] => 695
    [buckle_income] => 258
    [buckle_coefficient] => 0.63
    [createtime] => 2016-12-26 13:57:27
)
6
66
Array
(
    [id] => 325
    [book_id] => 2018470
    [book_title] => （欢）色戒
    [author_name] => 欢阅读
    [word_count] => 545788
    [chapter_count] => 180
    [channel_id] => 0
    [statistics_year] => 2016
    [statistics_month] => 12
    [total_income] => 695
    [give_income] => 0
    [income] => 695
    [buckle_income] => 299
    [createtime] => 2016-12-26 13:53:23
)
661
6611
Array
(
    [sum_total_income] => 695
    [sum_give_income] => 0
    [sum_income] => 695
    [sum_buckle_income] => 258
)
result=1
7
8
9
book_id=2018540
2
3
4
5
Array
(
    [total_income] => 1039
    [income] => 843
    [give_income] => 196
    [buckle_income] => 395
    [buckle_coefficient] => 0.62
)
Array
(
    [book_id] => 2018540
    [book_title] => 夜色玫瑰
    [author_name] => 阅明
    [word_count] => 401476
    [chapter_count] => 190
    [channel_id] => 0
    [statistics_day] => 2016-12-18
    [total_income] => 1039
    [give_income] => 196
    [income] => 843
    [buckle_income] => 395
    [buckle_coefficient] => 0.62
    [createtime] => 2016-12-26 13:57:27
)
6
66
Array
(
    [id] => 326
    [book_id] => 2018540
    [book_title] => 夜色玫瑰
    [author_name] => 阅明
    [word_count] => 401476
    [chapter_count] => 190
    [channel_id] => 0
    [statistics_year] => 2016
    [statistics_month] => 12
    [total_income] => 1039
    [give_income] => 196
    [income] => 843
    [buckle_income] => 437
    [createtime] => 2016-12-26 13:53:23
)
661
6611
Array
(
    [sum_total_income] => 1039
    [sum_give_income] => 196
    [sum_income] => 843
    [sum_buckle_income] => 395
)
result=1
7
8
9
book_id=2018785
2
3
4
5
Array
(
    [total_income] => 7039
    [income] => 6853
    [give_income] => 186
    [buckle_income] => 3168
    [buckle_coefficient] => 0.55
)
Array
(
    [book_id] => 2018785
    [book_title] => 水鬼的新娘
    [author_name] => 红包女王
    [word_count] => 414863
    [chapter_count] => 117
    [channel_id] => 0
    [statistics_day] => 2016-12-18
    [total_income] => 7039
    [give_income] => 186
    [income] => 6853
    [buckle_income] => 3168
    [buckle_coefficient] => 0.55
    [createtime] => 2016-12-26 13:57:28
)
6
66
Array
(
    [id] => 327
    [book_id] => 2018785
    [book_title] => 水鬼的新娘
    [author_name] => 红包女王
    [word_count] => 414863
    [chapter_count] => 117
    [channel_id] => 0
    [statistics_year] => 2016
    [statistics_month] => 12
    [total_income] => 7039
    [give_income] => 186
    [income] => 6853
    [buckle_income] => 2675
    [createtime] => 2016-12-26 13:53:23
)
661
6611
Array
(
    [sum_total_income] => 7039
    [sum_give_income] => 186
    [sum_income] => 6853
    [sum_buckle_income] => 3168
)
result=1
7
8
9
end 13
